[2026-08-12T04:30:45.320+0000] {processor.py:186} INFO - Started process (PID=72) to work on /home/airflow/.local/lib/python3.12/site-packages/airflow/example_dags/example_dataset_alias_with_no_taskflow.py
[2026-08-12T04:30:45.325+0000] {processor.py:914} INFO - Processing file /home/airflow/.local/lib/python3.12/site-packages/airflow/example_dags/example_dataset_alias_with_no_taskflow.py for tasks to queue
[2026-08-12T04:30:45.334+0000] {logging_mixin.py:190} INFO - [2026-08-12T04:30:45.334+0000] {dagbag.py:587} INFO - Filling up the DagBag from /home/airflow/.local/lib/python3.12/site-packages/airflow/example_dags/example_dataset_alias_with_no_taskflow.py
[2026-08-12T04:30:46.206+0000] {processor.py:925} INFO - DAG(s) 'dataset_s3_bucket_consumer_with_no_taskflow', 'dataset_s3_bucket_producer_with_no_taskflow', 'dataset_alias_example_alias_producer_with_no_taskflow', 'dataset_alias_example_alias_consumer_with_no_taskflow' retrieved from /home/airflow/.local/lib/python3.12/site-packages/airflow/example_dags/example_dataset_alias_with_no_taskflow.py
[2026-08-12T04:30:46.353+0000] {logging_mixin.py:190} INFO - [2026-08-12T04:30:46.351+0000] {override.py:1858} INFO - Created Permission View: can edit on DAG:dataset_s3_bucket_consumer_with_no_taskflow
[2026-08-12T04:30:46.370+0000] {logging_mixin.py:190} INFO - [2026-08-12T04:30:46.370+0000] {override.py:1858} INFO - Created Permission View: can delete on DAG:dataset_s3_bucket_consumer_with_no_taskflow
[2026-08-12T04:30:46.381+0000] {logging_mixin.py:190} INFO - [2026-08-12T04:30:46.380+0000] {override.py:1858} INFO - Created Permission View: can read on DAG:dataset_s3_bucket_consumer_with_no_taskflow
[2026-08-12T04:30:46.407+0000] {logging_mixin.py:190} INFO - [2026-08-12T04:30:46.406+0000] {override.py:1858} INFO - Created Permission View: can edit on DAG:dataset_s3_bucket_producer_with_no_taskflow
[2026-08-12T04:30:46.418+0000] {logging_mixin.py:190} INFO - [2026-08-12T04:30:46.417+0000] {override.py:1858} INFO - Created Permission View: can delete on DAG:dataset_s3_bucket_producer_with_no_taskflow
[2026-08-12T04:30:46.429+0000] {logging_mixin.py:190} INFO - [2026-08-12T04:30:46.428+0000] {override.py:1858} INFO - Created Permission View: can read on DAG:dataset_s3_bucket_producer_with_no_taskflow
[2026-08-12T04:30:46.466+0000] {logging_mixin.py:190} INFO - [2026-08-12T04:30:46.465+0000] {override.py:1858} INFO - Created Permission View: can edit on DAG:dataset_alias_example_alias_producer_with_no_taskflow
[2026-08-12T04:30:46.500+0000] {logging_mixin.py:190} INFO - [2026-08-12T04:30:46.499+0000] {override.py:1858} INFO - Created Permission View: can delete on DAG:dataset_alias_example_alias_producer_with_no_taskflow
[2026-08-12T04:30:46.537+0000] {logging_mixin.py:190} INFO - [2026-08-12T04:30:46.537+0000] {override.py:1858} INFO - Created Permission View: can read on DAG:dataset_alias_example_alias_producer_with_no_taskflow
[2026-08-12T04:30:46.573+0000] {logging_mixin.py:190} INFO - [2026-08-12T04:30:46.572+0000] {override.py:1858} INFO - Created Permission View: can edit on DAG:dataset_alias_example_alias_consumer_with_no_taskflow
[2026-08-12T04:30:46.583+0000] {logging_mixin.py:190} INFO - [2026-08-12T04:30:46.582+0000] {override.py:1858} INFO - Created Permission View: can delete on DAG:dataset_alias_example_alias_consumer_with_no_taskflow
[2026-08-12T04:30:46.593+0000] {logging_mixin.py:190} INFO - [2026-08-12T04:30:46.593+0000] {override.py:1858} INFO - Created Permission View: can read on DAG:dataset_alias_example_alias_consumer_with_no_taskflow
[2026-08-12T04:30:46.595+0000] {logging_mixin.py:190} INFO - [2026-08-12T04:30:46.595+0000] {dag.py:3211} INFO - Sync 4 DAGs
[2026-08-12T04:30:46.615+0000] {logging_mixin.py:190} INFO - [2026-08-12T04:30:46.615+0000] {dag.py:3234} INFO - Creating ORM DAG for dataset_alias_example_alias_consumer_with_no_taskflow
[2026-08-12T04:30:46.618+0000] {logging_mixin.py:190} INFO - [2026-08-12T04:30:46.617+0000] {dag.py:3234} INFO - Creating ORM DAG for dataset_alias_example_alias_producer_with_no_taskflow
[2026-08-12T04:30:46.619+0000] {logging_mixin.py:190} INFO - [2026-08-12T04:30:46.619+0000] {dag.py:3234} INFO - Creating ORM DAG for dataset_s3_bucket_producer_with_no_taskflow
[2026-08-12T04:30:46.621+0000] {logging_mixin.py:190} INFO - [2026-08-12T04:30:46.621+0000] {dag.py:3234} INFO - Creating ORM DAG for dataset_s3_bucket_consumer_with_no_taskflow
[2026-08-12T04:30:46.636+0000] {logging_mixin.py:190} INFO - [2026-08-12T04:30:46.635+0000] {dag.py:4138} INFO - Setting next_dagrun for dataset_alias_example_alias_consumer_with_no_taskflow to None, run_after=None
[2026-08-12T04:30:46.638+0000] {logging_mixin.py:190} INFO - [2026-08-12T04:30:46.638+0000] {dag.py:4138} INFO - Setting next_dagrun for dataset_alias_example_alias_producer_with_no_taskflow to None, run_after=None
[2026-08-12T04:30:46.641+0000] {logging_mixin.py:190} INFO - [2026-08-12T04:30:46.640+0000] {dag.py:4138} INFO - Setting next_dagrun for dataset_s3_bucket_consumer_with_no_taskflow to None, run_after=None
[2026-08-12T04:30:46.643+0000] {logging_mixin.py:190} INFO - [2026-08-12T04:30:46.643+0000] {dag.py:4138} INFO - Setting next_dagrun for dataset_s3_bucket_producer_with_no_taskflow to None, run_after=None
[2026-08-12T04:30:46.701+0000] {processor.py:208} INFO - Processing /home/airflow/.local/lib/python3.12/site-packages/airflow/example_dags/example_dataset_alias_with_no_taskflow.py took 1.396 seconds
[2026-08-12T04:31:16.952+0000] {processor.py:186} INFO - Started process (PID=135) to work on /home/airflow/.local/lib/python3.12/site-packages/airflow/example_dags/example_dataset_alias_with_no_taskflow.py
[2026-08-12T04:31:16.953+0000] {processor.py:914} INFO - Processing file /home/airflow/.local/lib/python3.12/site-packages/airflow/example_dags/example_dataset_alias_with_no_taskflow.py for tasks to queue
[2026-08-12T04:31:16.956+0000] {logging_mixin.py:190} INFO - [2026-08-12T04:31:16.956+0000] {dagbag.py:587} INFO - Filling up the DagBag from /home/airflow/.local/lib/python3.12/site-packages/airflow/example_dags/example_dataset_alias_with_no_taskflow.py
[2026-08-12T04:31:17.115+0000] {processor.py:925} INFO - DAG(s) 'dataset_s3_bucket_consumer_with_no_taskflow', 'dataset_alias_example_alias_consumer_with_no_taskflow', 'dataset_s3_bucket_producer_with_no_taskflow', 'dataset_alias_example_alias_producer_with_no_taskflow' retrieved from /home/airflow/.local/lib/python3.12/site-packages/airflow/example_dags/example_dataset_alias_with_no_taskflow.py
[2026-08-12T04:31:17.139+0000] {logging_mixin.py:190} INFO - [2026-08-12T04:31:17.139+0000] {dag.py:3211} INFO - Sync 4 DAGs
[2026-08-12T04:31:17.160+0000] {logging_mixin.py:190} INFO - [2026-08-12T04:31:17.159+0000] {dag.py:4138} INFO - Setting next_dagrun for dataset_alias_example_alias_consumer_with_no_taskflow to None, run_after=None
[2026-08-12T04:31:17.163+0000] {logging_mixin.py:190} INFO - [2026-08-12T04:31:17.163+0000] {dag.py:4138} INFO - Setting next_dagrun for dataset_alias_example_alias_producer_with_no_taskflow to None, run_after=None
[2026-08-12T04:31:17.166+0000] {logging_mixin.py:190} INFO - [2026-08-12T04:31:17.165+0000] {dag.py:4138} INFO - Setting next_dagrun for dataset_s3_bucket_consumer_with_no_taskflow to None, run_after=None
[2026-08-12T04:31:17.168+0000] {logging_mixin.py:190} INFO - [2026-08-12T04:31:17.168+0000] {dag.py:4138} INFO - Setting next_dagrun for dataset_s3_bucket_producer_with_no_taskflow to None, run_after=None
[2026-08-12T04:31:17.191+0000] {processor.py:208} INFO - Processing /home/airflow/.local/lib/python3.12/site-packages/airflow/example_dags/example_dataset_alias_with_no_taskflow.py took 0.244 seconds
[2026-08-12T04:31:47.293+0000] {processor.py:186} INFO - Started process (PID=198) to work on /home/airflow/.local/lib/python3.12/site-packages/airflow/example_dags/example_dataset_alias_with_no_taskflow.py
[2026-08-12T04:31:47.295+0000] {processor.py:914} INFO - Processing file /home/airflow/.local/lib/python3.12/site-packages/airflow/example_dags/example_dataset_alias_with_no_taskflow.py for tasks to queue
[2026-08-12T04:31:47.298+0000] {logging_mixin.py:190} INFO - [2026-08-12T04:31:47.297+0000] {dagbag.py:587} INFO - Filling up the DagBag from /home/airflow/.local/lib/python3.12/site-packages/airflow/example_dags/example_dataset_alias_with_no_taskflow.py
[2026-08-12T04:31:47.455+0000] {processor.py:925} INFO - DAG(s) 'dataset_s3_bucket_producer_with_no_taskflow', 'dataset_alias_example_alias_producer_with_no_taskflow', 'dataset_alias_example_alias_consumer_with_no_taskflow', 'dataset_s3_bucket_consumer_with_no_taskflow' retrieved from /home/airflow/.local/lib/python3.12/site-packages/airflow/example_dags/example_dataset_alias_with_no_taskflow.py
[2026-08-12T04:31:47.481+0000] {logging_mixin.py:190} INFO - [2026-08-12T04:31:47.480+0000] {dag.py:3211} INFO - Sync 4 DAGs
[2026-08-12T04:31:47.504+0000] {logging_mixin.py:190} INFO - [2026-08-12T04:31:47.504+0000] {dag.py:4138} INFO - Setting next_dagrun for dataset_alias_example_alias_consumer_with_no_taskflow to None, run_after=None
[2026-08-12T04:31:47.508+0000] {logging_mixin.py:190} INFO - [2026-08-12T04:31:47.508+0000] {dag.py:4138} INFO - Setting next_dagrun for dataset_alias_example_alias_producer_with_no_taskflow to None, run_after=None
[2026-08-12T04:31:47.510+0000] {logging_mixin.py:190} INFO - [2026-08-12T04:31:47.510+0000] {dag.py:4138} INFO - Setting next_dagrun for dataset_s3_bucket_consumer_with_no_taskflow to None, run_after=None
[2026-08-12T04:31:47.513+0000] {logging_mixin.py:190} INFO - [2026-08-12T04:31:47.512+0000] {dag.py:4138} INFO - Setting next_dagrun for dataset_s3_bucket_producer_with_no_taskflow to None, run_after=None
[2026-08-12T04:31:47.538+0000] {processor.py:208} INFO - Processing /home/airflow/.local/lib/python3.12/site-packages/airflow/example_dags/example_dataset_alias_with_no_taskflow.py took 0.250 seconds
[2026-08-12T04:33:00.216+0000] {processor.py:186} INFO - Started process (PID=69) to work on /home/airflow/.local/lib/python3.12/site-packages/airflow/example_dags/example_dataset_alias_with_no_taskflow.py
[2026-08-12T04:33:00.220+0000] {processor.py:914} INFO - Processing file /home/airflow/.local/lib/python3.12/site-packages/airflow/example_dags/example_dataset_alias_with_no_taskflow.py for tasks to queue
[2026-08-12T04:33:00.235+0000] {logging_mixin.py:190} INFO - [2026-08-12T04:33:00.228+0000] {dagbag.py:587} INFO - Filling up the DagBag from /home/airflow/.local/lib/python3.12/site-packages/airflow/example_dags/example_dataset_alias_with_no_taskflow.py
[2026-08-12T04:33:00.667+0000] {processor.py:925} INFO - DAG(s) 'dataset_s3_bucket_consumer_with_no_taskflow', 'dataset_alias_example_alias_producer_with_no_taskflow', 'dataset_s3_bucket_producer_with_no_taskflow', 'dataset_alias_example_alias_consumer_with_no_taskflow' retrieved from /home/airflow/.local/lib/python3.12/site-packages/airflow/example_dags/example_dataset_alias_with_no_taskflow.py
[2026-08-12T04:33:00.750+0000] {logging_mixin.py:190} INFO - [2026-08-12T04:33:00.750+0000] {dag.py:3211} INFO - Sync 4 DAGs
[2026-08-12T04:33:00.831+0000] {logging_mixin.py:190} INFO - [2026-08-12T04:33:00.830+0000] {dag.py:4138} INFO - Setting next_dagrun for dataset_alias_example_alias_consumer_with_no_taskflow to None, run_after=None
[2026-08-12T04:33:00.841+0000] {logging_mixin.py:190} INFO - [2026-08-12T04:33:00.841+0000] {dag.py:4138} INFO - Setting next_dagrun for dataset_alias_example_alias_producer_with_no_taskflow to None, run_after=None
[2026-08-12T04:33:00.855+0000] {logging_mixin.py:190} INFO - [2026-08-12T04:33:00.855+0000] {dag.py:4138} INFO - Setting next_dagrun for dataset_s3_bucket_consumer_with_no_taskflow to None, run_after=None
[2026-08-12T04:33:00.869+0000] {logging_mixin.py:190} INFO - [2026-08-12T04:33:00.868+0000] {dag.py:4138} INFO - Setting next_dagrun for dataset_s3_bucket_producer_with_no_taskflow to None, run_after=None
[2026-08-12T04:33:00.936+0000] {processor.py:208} INFO - Processing /home/airflow/.local/lib/python3.12/site-packages/airflow/example_dags/example_dataset_alias_with_no_taskflow.py took 0.732 seconds
[2026-08-12T04:33:31.058+0000] {processor.py:186} INFO - Started process (PID=132) to work on /home/airflow/.local/lib/python3.12/site-packages/airflow/example_dags/example_dataset_alias_with_no_taskflow.py
[2026-08-12T04:33:31.060+0000] {processor.py:914} INFO - Processing file /home/airflow/.local/lib/python3.12/site-packages/airflow/example_dags/example_dataset_alias_with_no_taskflow.py for tasks to queue
[2026-08-12T04:33:31.064+0000] {logging_mixin.py:190} INFO - [2026-08-12T04:33:31.063+0000] {dagbag.py:587} INFO - Filling up the DagBag from /home/airflow/.local/lib/python3.12/site-packages/airflow/example_dags/example_dataset_alias_with_no_taskflow.py
[2026-08-12T04:33:31.220+0000] {processor.py:925} INFO - DAG(s) 'dataset_alias_example_alias_consumer_with_no_taskflow', 'dataset_s3_bucket_consumer_with_no_taskflow', 'dataset_s3_bucket_producer_with_no_taskflow', 'dataset_alias_example_alias_producer_with_no_taskflow' retrieved from /home/airflow/.local/lib/python3.12/site-packages/airflow/example_dags/example_dataset_alias_with_no_taskflow.py
[2026-08-12T04:33:31.250+0000] {logging_mixin.py:190} INFO - [2026-08-12T04:33:31.250+0000] {dag.py:3211} INFO - Sync 4 DAGs
[2026-08-12T04:33:31.275+0000] {logging_mixin.py:190} INFO - [2026-08-12T04:33:31.275+0000] {dag.py:4138} INFO - Setting next_dagrun for dataset_alias_example_alias_consumer_with_no_taskflow to None, run_after=None
[2026-08-12T04:33:31.279+0000] {logging_mixin.py:190} INFO - [2026-08-12T04:33:31.278+0000] {dag.py:4138} INFO - Setting next_dagrun for dataset_alias_example_alias_producer_with_no_taskflow to None, run_after=None
[2026-08-12T04:33:31.281+0000] {logging_mixin.py:190} INFO - [2026-08-12T04:33:31.281+0000] {dag.py:4138} INFO - Setting next_dagrun for dataset_s3_bucket_consumer_with_no_taskflow to None, run_after=None
[2026-08-12T04:33:31.283+0000] {logging_mixin.py:190} INFO - [2026-08-12T04:33:31.283+0000] {dag.py:4138} INFO - Setting next_dagrun for dataset_s3_bucket_producer_with_no_taskflow to None, run_after=None
[2026-08-12T04:33:31.309+0000] {processor.py:208} INFO - Processing /home/airflow/.local/lib/python3.12/site-packages/airflow/example_dags/example_dataset_alias_with_no_taskflow.py took 0.258 seconds
[2026-08-12T04:34:02.265+0000] {processor.py:186} INFO - Started process (PID=195) to work on /home/airflow/.local/lib/python3.12/site-packages/airflow/example_dags/example_dataset_alias_with_no_taskflow.py
[2026-08-12T04:34:02.266+0000] {processor.py:914} INFO - Processing file /home/airflow/.local/lib/python3.12/site-packages/airflow/example_dags/example_dataset_alias_with_no_taskflow.py for tasks to queue
[2026-08-12T04:34:02.270+0000] {logging_mixin.py:190} INFO - [2026-08-12T04:34:02.269+0000] {dagbag.py:587} INFO - Filling up the DagBag from /home/airflow/.local/lib/python3.12/site-packages/airflow/example_dags/example_dataset_alias_with_no_taskflow.py
[2026-08-12T04:34:02.421+0000] {processor.py:925} INFO - DAG(s) 'dataset_s3_bucket_consumer_with_no_taskflow', 'dataset_alias_example_alias_consumer_with_no_taskflow', 'dataset_s3_bucket_producer_with_no_taskflow', 'dataset_alias_example_alias_producer_with_no_taskflow' retrieved from /home/airflow/.local/lib/python3.12/site-packages/airflow/example_dags/example_dataset_alias_with_no_taskflow.py
[2026-08-12T04:34:02.447+0000] {logging_mixin.py:190} INFO - [2026-08-12T04:34:02.447+0000] {dag.py:3211} INFO - Sync 4 DAGs
[2026-08-12T04:34:02.474+0000] {logging_mixin.py:190} INFO - [2026-08-12T04:34:02.473+0000] {dag.py:4138} INFO - Setting next_dagrun for dataset_alias_example_alias_consumer_with_no_taskflow to None, run_after=None
[2026-08-12T04:34:02.478+0000] {logging_mixin.py:190} INFO - [2026-08-12T04:34:02.477+0000] {dag.py:4138} INFO - Setting next_dagrun for dataset_alias_example_alias_producer_with_no_taskflow to None, run_after=None
[2026-08-12T04:34:02.480+0000] {logging_mixin.py:190} INFO - [2026-08-12T04:34:02.480+0000] {dag.py:4138} INFO - Setting next_dagrun for dataset_s3_bucket_consumer_with_no_taskflow to None, run_after=None
[2026-08-12T04:34:02.483+0000] {logging_mixin.py:190} INFO - [2026-08-12T04:34:02.483+0000] {dag.py:4138} INFO - Setting next_dagrun for dataset_s3_bucket_producer_with_no_taskflow to None, run_after=None
[2026-08-12T04:34:02.521+0000] {processor.py:208} INFO - Processing /home/airflow/.local/lib/python3.12/site-packages/airflow/example_dags/example_dataset_alias_with_no_taskflow.py took 0.261 seconds
[2026-08-12T04:34:32.760+0000] {processor.py:186} INFO - Started process (PID=257) to work on /home/airflow/.local/lib/python3.12/site-packages/airflow/example_dags/example_dataset_alias_with_no_taskflow.py
[2026-08-12T04:34:32.762+0000] {processor.py:914} INFO - Processing file /home/airflow/.local/lib/python3.12/site-packages/airflow/example_dags/example_dataset_alias_with_no_taskflow.py for tasks to queue
[2026-08-12T04:34:32.767+0000] {logging_mixin.py:190} INFO - [2026-08-12T04:34:32.767+0000] {dagbag.py:587} INFO - Filling up the DagBag from /home/airflow/.local/lib/python3.12/site-packages/airflow/example_dags/example_dataset_alias_with_no_taskflow.py
[2026-08-12T04:34:32.922+0000] {processor.py:925} INFO - DAG(s) 'dataset_s3_bucket_producer_with_no_taskflow', 'dataset_alias_example_alias_producer_with_no_taskflow', 'dataset_alias_example_alias_consumer_with_no_taskflow', 'dataset_s3_bucket_consumer_with_no_taskflow' retrieved from /home/airflow/.local/lib/python3.12/site-packages/airflow/example_dags/example_dataset_alias_with_no_taskflow.py
[2026-08-12T04:34:32.947+0000] {logging_mixin.py:190} INFO - [2026-08-12T04:34:32.947+0000] {dag.py:3211} INFO - Sync 4 DAGs
[2026-08-12T04:34:32.975+0000] {logging_mixin.py:190} INFO - [2026-08-12T04:34:32.974+0000] {dag.py:4138} INFO - Setting next_dagrun for dataset_alias_example_alias_consumer_with_no_taskflow to None, run_after=None
[2026-08-12T04:34:32.979+0000] {logging_mixin.py:190} INFO - [2026-08-12T04:34:32.978+0000] {dag.py:4138} INFO - Setting next_dagrun for dataset_alias_example_alias_producer_with_no_taskflow to None, run_after=None
[2026-08-12T04:34:32.982+0000] {logging_mixin.py:190} INFO - [2026-08-12T04:34:32.982+0000] {dag.py:4138} INFO - Setting next_dagrun for dataset_s3_bucket_consumer_with_no_taskflow to None, run_after=None
[2026-08-12T04:34:32.986+0000] {logging_mixin.py:190} INFO - [2026-08-12T04:34:32.985+0000] {dag.py:4138} INFO - Setting next_dagrun for dataset_s3_bucket_producer_with_no_taskflow to None, run_after=None
[2026-08-12T04:34:33.014+0000] {processor.py:208} INFO - Processing /home/airflow/.local/lib/python3.12/site-packages/airflow/example_dags/example_dataset_alias_with_no_taskflow.py took 0.261 seconds
[2026-08-12T04:35:03.064+0000] {processor.py:186} INFO - Started process (PID=319) to work on /home/airflow/.local/lib/python3.12/site-packages/airflow/example_dags/example_dataset_alias_with_no_taskflow.py
[2026-08-12T04:35:03.066+0000] {processor.py:914} INFO - Processing file /home/airflow/.local/lib/python3.12/site-packages/airflow/example_dags/example_dataset_alias_with_no_taskflow.py for tasks to queue
[2026-08-12T04:35:03.070+0000] {logging_mixin.py:190} INFO - [2026-08-12T04:35:03.069+0000] {dagbag.py:587} INFO - Filling up the DagBag from /home/airflow/.local/lib/python3.12/site-packages/airflow/example_dags/example_dataset_alias_with_no_taskflow.py
[2026-08-12T04:35:03.243+0000] {processor.py:925} INFO - DAG(s) 'dataset_alias_example_alias_consumer_with_no_taskflow', 'dataset_s3_bucket_producer_with_no_taskflow', 'dataset_s3_bucket_consumer_with_no_taskflow', 'dataset_alias_example_alias_producer_with_no_taskflow' retrieved from /home/airflow/.local/lib/python3.12/site-packages/airflow/example_dags/example_dataset_alias_with_no_taskflow.py
[2026-08-12T04:35:03.274+0000] {logging_mixin.py:190} INFO - [2026-08-12T04:35:03.273+0000] {dag.py:3211} INFO - Sync 4 DAGs
[2026-08-12T04:35:03.298+0000] {logging_mixin.py:190} INFO - [2026-08-12T04:35:03.298+0000] {dag.py:4138} INFO - Setting next_dagrun for dataset_alias_example_alias_consumer_with_no_taskflow to None, run_after=None
[2026-08-12T04:35:03.302+0000] {logging_mixin.py:190} INFO - [2026-08-12T04:35:03.302+0000] {dag.py:4138} INFO - Setting next_dagrun for dataset_alias_example_alias_producer_with_no_taskflow to None, run_after=None
[2026-08-12T04:35:03.305+0000] {logging_mixin.py:190} INFO - [2026-08-12T04:35:03.305+0000] {dag.py:4138} INFO - Setting next_dagrun for dataset_s3_bucket_consumer_with_no_taskflow to None, run_after=None
[2026-08-12T04:35:03.308+0000] {logging_mixin.py:190} INFO - [2026-08-12T04:35:03.308+0000] {dag.py:4138} INFO - Setting next_dagrun for dataset_s3_bucket_producer_with_no_taskflow to None, run_after=None
[2026-08-12T04:35:03.334+0000] {processor.py:208} INFO - Processing /home/airflow/.local/lib/python3.12/site-packages/airflow/example_dags/example_dataset_alias_with_no_taskflow.py took 0.276 seconds
[2026-08-12T04:35:33.396+0000] {processor.py:186} INFO - Started process (PID=381) to work on /home/airflow/.local/lib/python3.12/site-packages/airflow/example_dags/example_dataset_alias_with_no_taskflow.py
[2026-08-12T04:35:33.398+0000] {processor.py:914} INFO - Processing file /home/airflow/.local/lib/python3.12/site-packages/airflow/example_dags/example_dataset_alias_with_no_taskflow.py for tasks to queue
[2026-08-12T04:35:33.401+0000] {logging_mixin.py:190} INFO - [2026-08-12T04:35:33.401+0000] {dagbag.py:587} INFO - Filling up the DagBag from /home/airflow/.local/lib/python3.12/site-packages/airflow/example_dags/example_dataset_alias_with_no_taskflow.py
[2026-08-12T04:35:33.566+0000] {processor.py:925} INFO - DAG(s) 'dataset_s3_bucket_consumer_with_no_taskflow', 'dataset_s3_bucket_producer_with_no_taskflow', 'dataset_alias_example_alias_consumer_with_no_taskflow', 'dataset_alias_example_alias_producer_with_no_taskflow' retrieved from /home/airflow/.local/lib/python3.12/site-packages/airflow/example_dags/example_dataset_alias_with_no_taskflow.py
[2026-08-12T04:35:33.591+0000] {logging_mixin.py:190} INFO - [2026-08-12T04:35:33.591+0000] {dag.py:3211} INFO - Sync 4 DAGs
[2026-08-12T04:35:33.617+0000] {logging_mixin.py:190} INFO - [2026-08-12T04:35:33.616+0000] {dag.py:4138} INFO - Setting next_dagrun for dataset_alias_example_alias_consumer_with_no_taskflow to None, run_after=None
[2026-08-12T04:35:33.622+0000] {logging_mixin.py:190} INFO - [2026-08-12T04:35:33.621+0000] {dag.py:4138} INFO - Setting next_dagrun for dataset_alias_example_alias_producer_with_no_taskflow to None, run_after=None
[2026-08-12T04:35:33.624+0000] {logging_mixin.py:190} INFO - [2026-08-12T04:35:33.624+0000] {dag.py:4138} INFO - Setting next_dagrun for dataset_s3_bucket_consumer_with_no_taskflow to None, run_after=None
[2026-08-12T04:35:33.626+0000] {logging_mixin.py:190} INFO - [2026-08-12T04:35:33.626+0000] {dag.py:4138} INFO - Setting next_dagrun for dataset_s3_bucket_producer_with_no_taskflow to None, run_after=None
[2026-08-12T04:35:33.659+0000] {processor.py:208} INFO - Processing /home/airflow/.local/lib/python3.12/site-packages/airflow/example_dags/example_dataset_alias_with_no_taskflow.py took 0.270 seconds
[2026-08-12T04:36:03.801+0000] {processor.py:186} INFO - Started process (PID=443) to work on /home/airflow/.local/lib/python3.12/site-packages/airflow/example_dags/example_dataset_alias_with_no_taskflow.py
[2026-08-12T04:36:03.803+0000] {processor.py:914} INFO - Processing file /home/airflow/.local/lib/python3.12/site-packages/airflow/example_dags/example_dataset_alias_with_no_taskflow.py for tasks to queue
[2026-08-12T04:36:03.807+0000] {logging_mixin.py:190} INFO - [2026-08-12T04:36:03.806+0000] {dagbag.py:587} INFO - Filling up the DagBag from /home/airflow/.local/lib/python3.12/site-packages/airflow/example_dags/example_dataset_alias_with_no_taskflow.py
[2026-08-12T04:36:03.977+0000] {processor.py:925} INFO - DAG(s) 'dataset_s3_bucket_consumer_with_no_taskflow', 'dataset_s3_bucket_producer_with_no_taskflow', 'dataset_alias_example_alias_producer_with_no_taskflow', 'dataset_alias_example_alias_consumer_with_no_taskflow' retrieved from /home/airflow/.local/lib/python3.12/site-packages/airflow/example_dags/example_dataset_alias_with_no_taskflow.py
[2026-08-12T04:36:04.003+0000] {logging_mixin.py:190} INFO - [2026-08-12T04:36:04.002+0000] {dag.py:3211} INFO - Sync 4 DAGs
[2026-08-12T04:36:04.029+0000] {logging_mixin.py:190} INFO - [2026-08-12T04:36:04.028+0000] {dag.py:4138} INFO - Setting next_dagrun for dataset_alias_example_alias_consumer_with_no_taskflow to None, run_after=None
[2026-08-12T04:36:04.032+0000] {logging_mixin.py:190} INFO - [2026-08-12T04:36:04.032+0000] {dag.py:4138} INFO - Setting next_dagrun for dataset_alias_example_alias_producer_with_no_taskflow to None, run_after=None
[2026-08-12T04:36:04.035+0000] {logging_mixin.py:190} INFO - [2026-08-12T04:36:04.035+0000] {dag.py:4138} INFO - Setting next_dagrun for dataset_s3_bucket_consumer_with_no_taskflow to None, run_after=None
[2026-08-12T04:36:04.037+0000] {logging_mixin.py:190} INFO - [2026-08-12T04:36:04.037+0000] {dag.py:4138} INFO - Setting next_dagrun for dataset_s3_bucket_producer_with_no_taskflow to None, run_after=None
[2026-08-12T04:36:04.063+0000] {processor.py:208} INFO - Processing /home/airflow/.local/lib/python3.12/site-packages/airflow/example_dags/example_dataset_alias_with_no_taskflow.py took 0.268 seconds
[2026-08-12T04:36:34.251+0000] {processor.py:186} INFO - Started process (PID=507) to work on /home/airflow/.local/lib/python3.12/site-packages/airflow/example_dags/example_dataset_alias_with_no_taskflow.py
[2026-08-12T04:36:34.252+0000] {processor.py:914} INFO - Processing file /home/airflow/.local/lib/python3.12/site-packages/airflow/example_dags/example_dataset_alias_with_no_taskflow.py for tasks to queue
[2026-08-12T04:36:34.269+0000] {logging_mixin.py:190} INFO - [2026-08-12T04:36:34.268+0000] {dagbag.py:587} INFO - Filling up the DagBag from /home/airflow/.local/lib/python3.12/site-packages/airflow/example_dags/example_dataset_alias_with_no_taskflow.py
[2026-08-12T04:36:34.413+0000] {processor.py:925} INFO - DAG(s) 'dataset_s3_bucket_producer_with_no_taskflow', 'dataset_alias_example_alias_producer_with_no_taskflow', 'dataset_alias_example_alias_consumer_with_no_taskflow', 'dataset_s3_bucket_consumer_with_no_taskflow' retrieved from /home/airflow/.local/lib/python3.12/site-packages/airflow/example_dags/example_dataset_alias_with_no_taskflow.py
[2026-08-12T04:36:34.448+0000] {logging_mixin.py:190} INFO - [2026-08-12T04:36:34.448+0000] {dag.py:3211} INFO - Sync 4 DAGs
[2026-08-12T04:36:34.470+0000] {logging_mixin.py:190} INFO - [2026-08-12T04:36:34.470+0000] {dag.py:4138} INFO - Setting next_dagrun for dataset_alias_example_alias_consumer_with_no_taskflow to None, run_after=None
[2026-08-12T04:36:34.475+0000] {logging_mixin.py:190} INFO - [2026-08-12T04:36:34.474+0000] {dag.py:4138} INFO - Setting next_dagrun for dataset_alias_example_alias_producer_with_no_taskflow to None, run_after=None
[2026-08-12T04:36:34.477+0000] {logging_mixin.py:190} INFO - [2026-08-12T04:36:34.477+0000] {dag.py:4138} INFO - Setting next_dagrun for dataset_s3_bucket_consumer_with_no_taskflow to None, run_after=None
[2026-08-12T04:36:34.479+0000] {logging_mixin.py:190} INFO - [2026-08-12T04:36:34.479+0000] {dag.py:4138} INFO - Setting next_dagrun for dataset_s3_bucket_producer_with_no_taskflow to None, run_after=None
[2026-08-12T04:36:34.515+0000] {processor.py:208} INFO - Processing /home/airflow/.local/lib/python3.12/site-packages/airflow/example_dags/example_dataset_alias_with_no_taskflow.py took 0.269 seconds
[2026-08-12T04:37:04.684+0000] {processor.py:186} INFO - Started process (PID=569) to work on /home/airflow/.local/lib/python3.12/site-packages/airflow/example_dags/example_dataset_alias_with_no_taskflow.py
[2026-08-12T04:37:04.686+0000] {processor.py:914} INFO - Processing file /home/airflow/.local/lib/python3.12/site-packages/airflow/example_dags/example_dataset_alias_with_no_taskflow.py for tasks to queue
[2026-08-12T04:37:04.689+0000] {logging_mixin.py:190} INFO - [2026-08-12T04:37:04.688+0000] {dagbag.py:587} INFO - Filling up the DagBag from /home/airflow/.local/lib/python3.12/site-packages/airflow/example_dags/example_dataset_alias_with_no_taskflow.py
[2026-08-12T04:37:04.854+0000] {processor.py:925} INFO - DAG(s) 'dataset_s3_bucket_consumer_with_no_taskflow', 'dataset_alias_example_alias_producer_with_no_taskflow', 'dataset_s3_bucket_producer_with_no_taskflow', 'dataset_alias_example_alias_consumer_with_no_taskflow' retrieved from /home/airflow/.local/lib/python3.12/site-packages/airflow/example_dags/example_dataset_alias_with_no_taskflow.py
[2026-08-12T04:37:04.877+0000] {logging_mixin.py:190} INFO - [2026-08-12T04:37:04.877+0000] {dag.py:3211} INFO - Sync 4 DAGs
[2026-08-12T04:37:04.902+0000] {logging_mixin.py:190} INFO - [2026-08-12T04:37:04.902+0000] {dag.py:4138} INFO - Setting next_dagrun for dataset_alias_example_alias_consumer_with_no_taskflow to None, run_after=None
[2026-08-12T04:37:04.907+0000] {logging_mixin.py:190} INFO - [2026-08-12T04:37:04.906+0000] {dag.py:4138} INFO - Setting next_dagrun for dataset_alias_example_alias_producer_with_no_taskflow to None, run_after=None
[2026-08-12T04:37:04.910+0000] {logging_mixin.py:190} INFO - [2026-08-12T04:37:04.910+0000] {dag.py:4138} INFO - Setting next_dagrun for dataset_s3_bucket_consumer_with_no_taskflow to None, run_after=None
[2026-08-12T04:37:04.913+0000] {logging_mixin.py:190} INFO - [2026-08-12T04:37:04.913+0000] {dag.py:4138} INFO - Setting next_dagrun for dataset_s3_bucket_producer_with_no_taskflow to None, run_after=None
[2026-08-12T04:37:04.943+0000] {processor.py:208} INFO - Processing /home/airflow/.local/lib/python3.12/site-packages/airflow/example_dags/example_dataset_alias_with_no_taskflow.py took 0.264 seconds
[2026-08-12T04:37:35.335+0000] {processor.py:186} INFO - Started process (PID=629) to work on /home/airflow/.local/lib/python3.12/site-packages/airflow/example_dags/example_dataset_alias_with_no_taskflow.py
[2026-08-12T04:37:35.337+0000] {processor.py:914} INFO - Processing file /home/airflow/.local/lib/python3.12/site-packages/airflow/example_dags/example_dataset_alias_with_no_taskflow.py for tasks to queue
[2026-08-12T04:37:35.341+0000] {logging_mixin.py:190} INFO - [2026-08-12T04:37:35.340+0000] {dagbag.py:587} INFO - Filling up the DagBag from /home/airflow/.local/lib/python3.12/site-packages/airflow/example_dags/example_dataset_alias_with_no_taskflow.py
[2026-08-12T04:37:35.515+0000] {processor.py:925} INFO - DAG(s) 'dataset_s3_bucket_consumer_with_no_taskflow', 'dataset_alias_example_alias_producer_with_no_taskflow', 'dataset_alias_example_alias_consumer_with_no_taskflow', 'dataset_s3_bucket_producer_with_no_taskflow' retrieved from /home/airflow/.local/lib/python3.12/site-packages/airflow/example_dags/example_dataset_alias_with_no_taskflow.py
[2026-08-12T04:37:35.536+0000] {logging_mixin.py:190} INFO - [2026-08-12T04:37:35.536+0000] {dag.py:3211} INFO - Sync 4 DAGs
[2026-08-12T04:37:35.565+0000] {logging_mixin.py:190} INFO - [2026-08-12T04:37:35.564+0000] {dag.py:4138} INFO - Setting next_dagrun for dataset_alias_example_alias_consumer_with_no_taskflow to None, run_after=None
[2026-08-12T04:37:35.568+0000] {logging_mixin.py:190} INFO - [2026-08-12T04:37:35.568+0000] {dag.py:4138} INFO - Setting next_dagrun for dataset_alias_example_alias_producer_with_no_taskflow to None, run_after=None
[2026-08-12T04:37:35.570+0000] {logging_mixin.py:190} INFO - [2026-08-12T04:37:35.570+0000] {dag.py:4138} INFO - Setting next_dagrun for dataset_s3_bucket_consumer_with_no_taskflow to None, run_after=None
[2026-08-12T04:37:35.572+0000] {logging_mixin.py:190} INFO - [2026-08-12T04:37:35.572+0000] {dag.py:4138} INFO - Setting next_dagrun for dataset_s3_bucket_producer_with_no_taskflow to None, run_after=None
[2026-08-12T04:37:35.596+0000] {processor.py:208} INFO - Processing /home/airflow/.local/lib/python3.12/site-packages/airflow/example_dags/example_dataset_alias_with_no_taskflow.py took 0.270 seconds
[2026-08-12T04:38:05.975+0000] {processor.py:186} INFO - Started process (PID=691) to work on /home/airflow/.local/lib/python3.12/site-packages/airflow/example_dags/example_dataset_alias_with_no_taskflow.py
[2026-08-12T04:38:05.977+0000] {processor.py:914} INFO - Processing file /home/airflow/.local/lib/python3.12/site-packages/airflow/example_dags/example_dataset_alias_with_no_taskflow.py for tasks to queue
[2026-08-12T04:38:05.980+0000] {logging_mixin.py:190} INFO - [2026-08-12T04:38:05.980+0000] {dagbag.py:587} INFO - Filling up the DagBag from /home/airflow/.local/lib/python3.12/site-packages/airflow/example_dags/example_dataset_alias_with_no_taskflow.py
[2026-08-12T04:38:06.130+0000] {processor.py:925} INFO - DAG(s) 'dataset_alias_example_alias_producer_with_no_taskflow', 'dataset_alias_example_alias_consumer_with_no_taskflow', 'dataset_s3_bucket_producer_with_no_taskflow', 'dataset_s3_bucket_consumer_with_no_taskflow' retrieved from /home/airflow/.local/lib/python3.12/site-packages/airflow/example_dags/example_dataset_alias_with_no_taskflow.py
[2026-08-12T04:38:06.152+0000] {logging_mixin.py:190} INFO - [2026-08-12T04:38:06.152+0000] {dag.py:3211} INFO - Sync 4 DAGs
[2026-08-12T04:38:06.174+0000] {logging_mixin.py:190} INFO - [2026-08-12T04:38:06.174+0000] {dag.py:4138} INFO - Setting next_dagrun for dataset_alias_example_alias_consumer_with_no_taskflow to None, run_after=None
[2026-08-12T04:38:06.178+0000] {logging_mixin.py:190} INFO - [2026-08-12T04:38:06.177+0000] {dag.py:4138} INFO - Setting next_dagrun for dataset_alias_example_alias_producer_with_no_taskflow to None, run_after=None
[2026-08-12T04:38:06.180+0000] {logging_mixin.py:190} INFO - [2026-08-12T04:38:06.180+0000] {dag.py:4138} INFO - Setting next_dagrun for dataset_s3_bucket_consumer_with_no_taskflow to None, run_after=None
[2026-08-12T04:38:06.182+0000] {logging_mixin.py:190} INFO - [2026-08-12T04:38:06.182+0000] {dag.py:4138} INFO - Setting next_dagrun for dataset_s3_bucket_producer_with_no_taskflow to None, run_after=None
[2026-08-12T04:38:06.207+0000] {processor.py:208} INFO - Processing /home/airflow/.local/lib/python3.12/site-packages/airflow/example_dags/example_dataset_alias_with_no_taskflow.py took 0.239 seconds
[2026-08-12T04:38:36.257+0000] {processor.py:186} INFO - Started process (PID=754) to work on /home/airflow/.local/lib/python3.12/site-packages/airflow/example_dags/example_dataset_alias_with_no_taskflow.py
[2026-08-12T04:38:36.260+0000] {processor.py:914} INFO - Processing file /home/airflow/.local/lib/python3.12/site-packages/airflow/example_dags/example_dataset_alias_with_no_taskflow.py for tasks to queue
[2026-08-12T04:38:36.264+0000] {logging_mixin.py:190} INFO - [2026-08-12T04:38:36.264+0000] {dagbag.py:587} INFO - Filling up the DagBag from /home/airflow/.local/lib/python3.12/site-packages/airflow/example_dags/example_dataset_alias_with_no_taskflow.py
[2026-08-12T04:38:36.409+0000] {processor.py:925} INFO - DAG(s) 'dataset_s3_bucket_consumer_with_no_taskflow', 'dataset_alias_example_alias_consumer_with_no_taskflow', 'dataset_s3_bucket_producer_with_no_taskflow', 'dataset_alias_example_alias_producer_with_no_taskflow' retrieved from /home/airflow/.local/lib/python3.12/site-packages/airflow/example_dags/example_dataset_alias_with_no_taskflow.py
[2026-08-12T04:38:36.431+0000] {logging_mixin.py:190} INFO - [2026-08-12T04:38:36.430+0000] {dag.py:3211} INFO - Sync 4 DAGs
[2026-08-12T04:38:36.453+0000] {logging_mixin.py:190} INFO - [2026-08-12T04:38:36.452+0000] {dag.py:4138} INFO - Setting next_dagrun for dataset_alias_example_alias_consumer_with_no_taskflow to None, run_after=None
[2026-08-12T04:38:36.457+0000] {logging_mixin.py:190} INFO - [2026-08-12T04:38:36.457+0000] {dag.py:4138} INFO - Setting next_dagrun for dataset_alias_example_alias_producer_with_no_taskflow to None, run_after=None
[2026-08-12T04:38:36.460+0000] {logging_mixin.py:190} INFO - [2026-08-12T04:38:36.459+0000] {dag.py:4138} INFO - Setting next_dagrun for dataset_s3_bucket_consumer_with_no_taskflow to None, run_after=None
[2026-08-12T04:38:36.462+0000] {logging_mixin.py:190} INFO - [2026-08-12T04:38:36.462+0000] {dag.py:4138} INFO - Setting next_dagrun for dataset_s3_bucket_producer_with_no_taskflow to None, run_after=None
[2026-08-12T04:38:36.487+0000] {processor.py:208} INFO - Processing /home/airflow/.local/lib/python3.12/site-packages/airflow/example_dags/example_dataset_alias_with_no_taskflow.py took 0.237 seconds
[2026-08-12T04:39:06.646+0000] {processor.py:186} INFO - Started process (PID=815) to work on /home/airflow/.local/lib/python3.12/site-packages/airflow/example_dags/example_dataset_alias_with_no_taskflow.py
[2026-08-12T04:39:06.648+0000] {processor.py:914} INFO - Processing file /home/airflow/.local/lib/python3.12/site-packages/airflow/example_dags/example_dataset_alias_with_no_taskflow.py for tasks to queue
[2026-08-12T04:39:06.652+0000] {logging_mixin.py:190} INFO - [2026-08-12T04:39:06.651+0000] {dagbag.py:587} INFO - Filling up the DagBag from /home/airflow/.local/lib/python3.12/site-packages/airflow/example_dags/example_dataset_alias_with_no_taskflow.py
[2026-08-12T04:39:06.811+0000] {processor.py:925} INFO - DAG(s) 'dataset_alias_example_alias_producer_with_no_taskflow', 'dataset_s3_bucket_producer_with_no_taskflow', 'dataset_alias_example_alias_consumer_with_no_taskflow', 'dataset_s3_bucket_consumer_with_no_taskflow' retrieved from /home/airflow/.local/lib/python3.12/site-packages/airflow/example_dags/example_dataset_alias_with_no_taskflow.py
[2026-08-12T04:39:06.834+0000] {logging_mixin.py:190} INFO - [2026-08-12T04:39:06.834+0000] {dag.py:3211} INFO - Sync 4 DAGs
[2026-08-12T04:39:06.855+0000] {logging_mixin.py:190} INFO - [2026-08-12T04:39:06.855+0000] {dag.py:4138} INFO - Setting next_dagrun for dataset_alias_example_alias_consumer_with_no_taskflow to None, run_after=None
[2026-08-12T04:39:06.859+0000] {logging_mixin.py:190} INFO - [2026-08-12T04:39:06.859+0000] {dag.py:4138} INFO - Setting next_dagrun for dataset_alias_example_alias_producer_with_no_taskflow to None, run_after=None
[2026-08-12T04:39:06.862+0000] {logging_mixin.py:190} INFO - [2026-08-12T04:39:06.862+0000] {dag.py:4138} INFO - Setting next_dagrun for dataset_s3_bucket_consumer_with_no_taskflow to None, run_after=None
[2026-08-12T04:39:06.864+0000] {logging_mixin.py:190} INFO - [2026-08-12T04:39:06.864+0000] {dag.py:4138} INFO - Setting next_dagrun for dataset_s3_bucket_producer_with_no_taskflow to None, run_after=None
[2026-08-12T04:39:06.889+0000] {processor.py:208} INFO - Processing /home/airflow/.local/lib/python3.12/site-packages/airflow/example_dags/example_dataset_alias_with_no_taskflow.py took 0.250 seconds
[2026-08-12T04:39:37.521+0000] {processor.py:186} INFO - Started process (PID=877) to work on /home/airflow/.local/lib/python3.12/site-packages/airflow/example_dags/example_dataset_alias_with_no_taskflow.py
[2026-08-12T04:39:37.523+0000] {processor.py:914} INFO - Processing file /home/airflow/.local/lib/python3.12/site-packages/airflow/example_dags/example_dataset_alias_with_no_taskflow.py for tasks to queue
[2026-08-12T04:39:37.527+0000] {logging_mixin.py:190} INFO - [2026-08-12T04:39:37.526+0000] {dagbag.py:587} INFO - Filling up the DagBag from /home/airflow/.local/lib/python3.12/site-packages/airflow/example_dags/example_dataset_alias_with_no_taskflow.py
[2026-08-12T04:39:37.691+0000] {processor.py:925} INFO - DAG(s) 'dataset_s3_bucket_producer_with_no_taskflow', 'dataset_alias_example_alias_producer_with_no_taskflow', 'dataset_s3_bucket_consumer_with_no_taskflow', 'dataset_alias_example_alias_consumer_with_no_taskflow' retrieved from /home/airflow/.local/lib/python3.12/site-packages/airflow/example_dags/example_dataset_alias_with_no_taskflow.py
[2026-08-12T04:39:37.714+0000] {logging_mixin.py:190} INFO - [2026-08-12T04:39:37.714+0000] {dag.py:3211} INFO - Sync 4 DAGs
[2026-08-12T04:39:37.737+0000] {logging_mixin.py:190} INFO - [2026-08-12T04:39:37.737+0000] {dag.py:4138} INFO - Setting next_dagrun for dataset_alias_example_alias_consumer_with_no_taskflow to None, run_after=None
[2026-08-12T04:39:37.741+0000] {logging_mixin.py:190} INFO - [2026-08-12T04:39:37.741+0000] {dag.py:4138} INFO - Setting next_dagrun for dataset_alias_example_alias_producer_with_no_taskflow to None, run_after=None
[2026-08-12T04:39:37.745+0000] {logging_mixin.py:190} INFO - [2026-08-12T04:39:37.745+0000] {dag.py:4138} INFO - Setting next_dagrun for dataset_s3_bucket_consumer_with_no_taskflow to None, run_after=None
[2026-08-12T04:39:37.748+0000] {logging_mixin.py:190} INFO - [2026-08-12T04:39:37.748+0000] {dag.py:4138} INFO - Setting next_dagrun for dataset_s3_bucket_producer_with_no_taskflow to None, run_after=None
[2026-08-12T04:39:37.784+0000] {processor.py:208} INFO - Processing /home/airflow/.local/lib/python3.12/site-packages/airflow/example_dags/example_dataset_alias_with_no_taskflow.py took 0.271 seconds
[2026-08-12T04:40:07.926+0000] {processor.py:186} INFO - Started process (PID=941) to work on /home/airflow/.local/lib/python3.12/site-packages/airflow/example_dags/example_dataset_alias_with_no_taskflow.py
[2026-08-12T04:40:07.929+0000] {processor.py:914} INFO - Processing file /home/airflow/.local/lib/python3.12/site-packages/airflow/example_dags/example_dataset_alias_with_no_taskflow.py for tasks to queue
[2026-08-12T04:40:07.932+0000] {logging_mixin.py:190} INFO - [2026-08-12T04:40:07.932+0000] {dagbag.py:587} INFO - Filling up the DagBag from /home/airflow/.local/lib/python3.12/site-packages/airflow/example_dags/example_dataset_alias_with_no_taskflow.py
[2026-08-12T04:40:08.178+0000] {processor.py:925} INFO - DAG(s) 'dataset_s3_bucket_producer_with_no_taskflow', 'dataset_alias_example_alias_producer_with_no_taskflow', 'dataset_alias_example_alias_consumer_with_no_taskflow', 'dataset_s3_bucket_consumer_with_no_taskflow' retrieved from /home/airflow/.local/lib/python3.12/site-packages/airflow/example_dags/example_dataset_alias_with_no_taskflow.py
[2026-08-12T04:40:08.216+0000] {logging_mixin.py:190} INFO - [2026-08-12T04:40:08.216+0000] {dag.py:3211} INFO - Sync 4 DAGs
[2026-08-12T04:40:08.250+0000] {logging_mixin.py:190} INFO - [2026-08-12T04:40:08.249+0000] {dag.py:4138} INFO - Setting next_dagrun for dataset_alias_example_alias_consumer_with_no_taskflow to None, run_after=None
[2026-08-12T04:40:08.254+0000] {logging_mixin.py:190} INFO - [2026-08-12T04:40:08.253+0000] {dag.py:4138} INFO - Setting next_dagrun for dataset_alias_example_alias_producer_with_no_taskflow to None, run_after=None
[2026-08-12T04:40:08.257+0000] {logging_mixin.py:190} INFO - [2026-08-12T04:40:08.256+0000] {dag.py:4138} INFO - Setting next_dagrun for dataset_s3_bucket_consumer_with_no_taskflow to None, run_after=None
[2026-08-12T04:40:08.259+0000] {logging_mixin.py:190} INFO - [2026-08-12T04:40:08.259+0000] {dag.py:4138} INFO - Setting next_dagrun for dataset_s3_bucket_producer_with_no_taskflow to None, run_after=None
[2026-08-12T04:40:08.298+0000] {processor.py:208} INFO - Processing /home/airflow/.local/lib/python3.12/site-packages/airflow/example_dags/example_dataset_alias_with_no_taskflow.py took 0.378 seconds
[2026-08-12T04:40:38.540+0000] {processor.py:186} INFO - Started process (PID=1001) to work on /home/airflow/.local/lib/python3.12/site-packages/airflow/example_dags/example_dataset_alias_with_no_taskflow.py
[2026-08-12T04:40:38.542+0000] {processor.py:914} INFO - Processing file /home/airflow/.local/lib/python3.12/site-packages/airflow/example_dags/example_dataset_alias_with_no_taskflow.py for tasks to queue
[2026-08-12T04:40:38.545+0000] {logging_mixin.py:190} INFO - [2026-08-12T04:40:38.545+0000] {dagbag.py:587} INFO - Filling up the DagBag from /home/airflow/.local/lib/python3.12/site-packages/airflow/example_dags/example_dataset_alias_with_no_taskflow.py
[2026-08-12T04:40:38.692+0000] {processor.py:925} INFO - DAG(s) 'dataset_s3_bucket_producer_with_no_taskflow', 'dataset_alias_example_alias_producer_with_no_taskflow', 'dataset_s3_bucket_consumer_with_no_taskflow', 'dataset_alias_example_alias_consumer_with_no_taskflow' retrieved from /home/airflow/.local/lib/python3.12/site-packages/airflow/example_dags/example_dataset_alias_with_no_taskflow.py
[2026-08-12T04:40:38.718+0000] {logging_mixin.py:190} INFO - [2026-08-12T04:40:38.718+0000] {dag.py:3211} INFO - Sync 4 DAGs
[2026-08-12T04:40:38.742+0000] {logging_mixin.py:190} INFO - [2026-08-12T04:40:38.742+0000] {dag.py:4138} INFO - Setting next_dagrun for dataset_alias_example_alias_consumer_with_no_taskflow to None, run_after=None
[2026-08-12T04:40:38.746+0000] {logging_mixin.py:190} INFO - [2026-08-12T04:40:38.746+0000] {dag.py:4138} INFO - Setting next_dagrun for dataset_alias_example_alias_producer_with_no_taskflow to None, run_after=None
[2026-08-12T04:40:38.748+0000] {logging_mixin.py:190} INFO - [2026-08-12T04:40:38.748+0000] {dag.py:4138} INFO - Setting next_dagrun for dataset_s3_bucket_consumer_with_no_taskflow to None, run_after=None
[2026-08-12T04:40:38.750+0000] {logging_mixin.py:190} INFO - [2026-08-12T04:40:38.750+0000] {dag.py:4138} INFO - Setting next_dagrun for dataset_s3_bucket_producer_with_no_taskflow to None, run_after=None
[2026-08-12T04:40:38.776+0000] {processor.py:208} INFO - Processing /home/airflow/.local/lib/python3.12/site-packages/airflow/example_dags/example_dataset_alias_with_no_taskflow.py took 0.242 seconds
[2026-08-12T04:41:08.988+0000] {processor.py:186} INFO - Started process (PID=1063) to work on /home/airflow/.local/lib/python3.12/site-packages/airflow/example_dags/example_dataset_alias_with_no_taskflow.py
[2026-08-12T04:41:08.990+0000] {processor.py:914} INFO - Processing file /home/airflow/.local/lib/python3.12/site-packages/airflow/example_dags/example_dataset_alias_with_no_taskflow.py for tasks to queue
[2026-08-12T04:41:08.994+0000] {logging_mixin.py:190} INFO - [2026-08-12T04:41:08.993+0000] {dagbag.py:587} INFO - Filling up the DagBag from /home/airflow/.local/lib/python3.12/site-packages/airflow/example_dags/example_dataset_alias_with_no_taskflow.py
[2026-08-12T04:41:09.183+0000] {processor.py:925} INFO - DAG(s) 'dataset_s3_bucket_producer_with_no_taskflow', 'dataset_alias_example_alias_producer_with_no_taskflow', 'dataset_alias_example_alias_consumer_with_no_taskflow', 'dataset_s3_bucket_consumer_with_no_taskflow' retrieved from /home/airflow/.local/lib/python3.12/site-packages/airflow/example_dags/example_dataset_alias_with_no_taskflow.py
[2026-08-12T04:41:09.215+0000] {logging_mixin.py:190} INFO - [2026-08-12T04:41:09.214+0000] {dag.py:3211} INFO - Sync 4 DAGs
[2026-08-12T04:41:09.240+0000] {logging_mixin.py:190} INFO - [2026-08-12T04:41:09.239+0000] {dag.py:4138} INFO - Setting next_dagrun for dataset_alias_example_alias_consumer_with_no_taskflow to None, run_after=None
[2026-08-12T04:41:09.244+0000] {logging_mixin.py:190} INFO - [2026-08-12T04:41:09.243+0000] {dag.py:4138} INFO - Setting next_dagrun for dataset_alias_example_alias_producer_with_no_taskflow to None, run_after=None
[2026-08-12T04:41:09.246+0000] {logging_mixin.py:190} INFO - [2026-08-12T04:41:09.245+0000] {dag.py:4138} INFO - Setting next_dagrun for dataset_s3_bucket_consumer_with_no_taskflow to None, run_after=None
[2026-08-12T04:41:09.248+0000] {logging_mixin.py:190} INFO - [2026-08-12T04:41:09.247+0000] {dag.py:4138} INFO - Setting next_dagrun for dataset_s3_bucket_producer_with_no_taskflow to None, run_after=None
[2026-08-12T04:41:09.272+0000] {processor.py:208} INFO - Processing /home/airflow/.local/lib/python3.12/site-packages/airflow/example_dags/example_dataset_alias_with_no_taskflow.py took 0.294 seconds
[2026-08-12T04:41:39.673+0000] {processor.py:186} INFO - Started process (PID=1125) to work on /home/airflow/.local/lib/python3.12/site-packages/airflow/example_dags/example_dataset_alias_with_no_taskflow.py
[2026-08-12T04:41:39.675+0000] {processor.py:914} INFO - Processing file /home/airflow/.local/lib/python3.12/site-packages/airflow/example_dags/example_dataset_alias_with_no_taskflow.py for tasks to queue
[2026-08-12T04:41:39.678+0000] {logging_mixin.py:190} INFO - [2026-08-12T04:41:39.677+0000] {dagbag.py:587} INFO - Filling up the DagBag from /home/airflow/.local/lib/python3.12/site-packages/airflow/example_dags/example_dataset_alias_with_no_taskflow.py
[2026-08-12T04:41:39.816+0000] {processor.py:925} INFO - DAG(s) 'dataset_s3_bucket_consumer_with_no_taskflow', 'dataset_alias_example_alias_producer_with_no_taskflow', 'dataset_s3_bucket_producer_with_no_taskflow', 'dataset_alias_example_alias_consumer_with_no_taskflow' retrieved from /home/airflow/.local/lib/python3.12/site-packages/airflow/example_dags/example_dataset_alias_with_no_taskflow.py
[2026-08-12T04:41:39.839+0000] {logging_mixin.py:190} INFO - [2026-08-12T04:41:39.839+0000] {dag.py:3211} INFO - Sync 4 DAGs
[2026-08-12T04:41:39.863+0000] {logging_mixin.py:190} INFO - [2026-08-12T04:41:39.863+0000] {dag.py:4138} INFO - Setting next_dagrun for dataset_alias_example_alias_consumer_with_no_taskflow to None, run_after=None
[2026-08-12T04:41:39.867+0000] {logging_mixin.py:190} INFO - [2026-08-12T04:41:39.867+0000] {dag.py:4138} INFO - Setting next_dagrun for dataset_alias_example_alias_producer_with_no_taskflow to None, run_after=None
[2026-08-12T04:41:39.869+0000] {logging_mixin.py:190} INFO - [2026-08-12T04:41:39.869+0000] {dag.py:4138} INFO - Setting next_dagrun for dataset_s3_bucket_consumer_with_no_taskflow to None, run_after=None
[2026-08-12T04:41:39.872+0000] {logging_mixin.py:190} INFO - [2026-08-12T04:41:39.871+0000] {dag.py:4138} INFO - Setting next_dagrun for dataset_s3_bucket_producer_with_no_taskflow to None, run_after=None
[2026-08-12T04:41:39.898+0000] {processor.py:208} INFO - Processing /home/airflow/.local/lib/python3.12/site-packages/airflow/example_dags/example_dataset_alias_with_no_taskflow.py took 0.230 seconds
[2026-08-12T04:42:10.210+0000] {processor.py:186} INFO - Started process (PID=1187) to work on /home/airflow/.local/lib/python3.12/site-packages/airflow/example_dags/example_dataset_alias_with_no_taskflow.py
[2026-08-12T04:42:10.213+0000] {processor.py:914} INFO - Processing file /home/airflow/.local/lib/python3.12/site-packages/airflow/example_dags/example_dataset_alias_with_no_taskflow.py for tasks to queue
[2026-08-12T04:42:10.218+0000] {logging_mixin.py:190} INFO - [2026-08-12T04:42:10.218+0000] {dagbag.py:587} INFO - Filling up the DagBag from /home/airflow/.local/lib/python3.12/site-packages/airflow/example_dags/example_dataset_alias_with_no_taskflow.py
[2026-08-12T04:42:10.398+0000] {processor.py:925} INFO - DAG(s) 'dataset_alias_example_alias_producer_with_no_taskflow', 'dataset_alias_example_alias_consumer_with_no_taskflow', 'dataset_s3_bucket_producer_with_no_taskflow', 'dataset_s3_bucket_consumer_with_no_taskflow' retrieved from /home/airflow/.local/lib/python3.12/site-packages/airflow/example_dags/example_dataset_alias_with_no_taskflow.py
[2026-08-12T04:42:10.421+0000] {logging_mixin.py:190} INFO - [2026-08-12T04:42:10.420+0000] {dag.py:3211} INFO - Sync 4 DAGs
[2026-08-12T04:42:10.446+0000] {logging_mixin.py:190} INFO - [2026-08-12T04:42:10.445+0000] {dag.py:4138} INFO - Setting next_dagrun for dataset_alias_example_alias_consumer_with_no_taskflow to None, run_after=None
[2026-08-12T04:42:10.450+0000] {logging_mixin.py:190} INFO - [2026-08-12T04:42:10.450+0000] {dag.py:4138} INFO - Setting next_dagrun for dataset_alias_example_alias_producer_with_no_taskflow to None, run_after=None
[2026-08-12T04:42:10.452+0000] {logging_mixin.py:190} INFO - [2026-08-12T04:42:10.452+0000] {dag.py:4138} INFO - Setting next_dagrun for dataset_s3_bucket_consumer_with_no_taskflow to None, run_after=None
[2026-08-12T04:42:10.454+0000] {logging_mixin.py:190} INFO - [2026-08-12T04:42:10.454+0000] {dag.py:4138} INFO - Setting next_dagrun for dataset_s3_bucket_producer_with_no_taskflow to None, run_after=None
[2026-08-12T04:42:10.503+0000] {processor.py:208} INFO - Processing /home/airflow/.local/lib/python3.12/site-packages/airflow/example_dags/example_dataset_alias_with_no_taskflow.py took 0.303 seconds
[2026-08-12T04:42:40.649+0000] {processor.py:186} INFO - Started process (PID=1251) to work on /home/airflow/.local/lib/python3.12/site-packages/airflow/example_dags/example_dataset_alias_with_no_taskflow.py
[2026-08-12T04:42:40.650+0000] {processor.py:914} INFO - Processing file /home/airflow/.local/lib/python3.12/site-packages/airflow/example_dags/example_dataset_alias_with_no_taskflow.py for tasks to queue
[2026-08-12T04:42:40.653+0000] {logging_mixin.py:190} INFO - [2026-08-12T04:42:40.653+0000] {dagbag.py:587} INFO - Filling up the DagBag from /home/airflow/.local/lib/python3.12/site-packages/airflow/example_dags/example_dataset_alias_with_no_taskflow.py
[2026-08-12T04:42:40.784+0000] {processor.py:925} INFO - DAG(s) 'dataset_s3_bucket_consumer_with_no_taskflow', 'dataset_s3_bucket_producer_with_no_taskflow', 'dataset_alias_example_alias_consumer_with_no_taskflow', 'dataset_alias_example_alias_producer_with_no_taskflow' retrieved from /home/airflow/.local/lib/python3.12/site-packages/airflow/example_dags/example_dataset_alias_with_no_taskflow.py
[2026-08-12T04:42:40.806+0000] {logging_mixin.py:190} INFO - [2026-08-12T04:42:40.805+0000] {dag.py:3211} INFO - Sync 4 DAGs
[2026-08-12T04:42:40.825+0000] {logging_mixin.py:190} INFO - [2026-08-12T04:42:40.825+0000] {dag.py:4138} INFO - Setting next_dagrun for dataset_alias_example_alias_consumer_with_no_taskflow to None, run_after=None
[2026-08-12T04:42:40.829+0000] {logging_mixin.py:190} INFO - [2026-08-12T04:42:40.829+0000] {dag.py:4138} INFO - Setting next_dagrun for dataset_alias_example_alias_producer_with_no_taskflow to None, run_after=None
[2026-08-12T04:42:40.831+0000] {logging_mixin.py:190} INFO - [2026-08-12T04:42:40.831+0000] {dag.py:4138} INFO - Setting next_dagrun for dataset_s3_bucket_consumer_with_no_taskflow to None, run_after=None
[2026-08-12T04:42:40.833+0000] {logging_mixin.py:190} INFO - [2026-08-12T04:42:40.833+0000] {dag.py:4138} INFO - Setting next_dagrun for dataset_s3_bucket_producer_with_no_taskflow to None, run_after=None
[2026-08-12T04:42:40.854+0000] {processor.py:208} INFO - Processing /home/airflow/.local/lib/python3.12/site-packages/airflow/example_dags/example_dataset_alias_with_no_taskflow.py took 0.210 seconds
[2026-08-12T04:43:10.937+0000] {processor.py:186} INFO - Started process (PID=1311) to work on /home/airflow/.local/lib/python3.12/site-packages/airflow/example_dags/example_dataset_alias_with_no_taskflow.py
[2026-08-12T04:43:10.939+0000] {processor.py:914} INFO - Processing file /home/airflow/.local/lib/python3.12/site-packages/airflow/example_dags/example_dataset_alias_with_no_taskflow.py for tasks to queue
[2026-08-12T04:43:10.943+0000] {logging_mixin.py:190} INFO - [2026-08-12T04:43:10.943+0000] {dagbag.py:587} INFO - Filling up the DagBag from /home/airflow/.local/lib/python3.12/site-packages/airflow/example_dags/example_dataset_alias_with_no_taskflow.py
[2026-08-12T04:43:11.093+0000] {processor.py:925} INFO - DAG(s) 'dataset_alias_example_alias_consumer_with_no_taskflow', 'dataset_s3_bucket_producer_with_no_taskflow', 'dataset_s3_bucket_consumer_with_no_taskflow', 'dataset_alias_example_alias_producer_with_no_taskflow' retrieved from /home/airflow/.local/lib/python3.12/site-packages/airflow/example_dags/example_dataset_alias_with_no_taskflow.py
[2026-08-12T04:43:11.116+0000] {logging_mixin.py:190} INFO - [2026-08-12T04:43:11.116+0000] {dag.py:3211} INFO - Sync 4 DAGs
[2026-08-12T04:43:11.138+0000] {logging_mixin.py:190} INFO - [2026-08-12T04:43:11.137+0000] {dag.py:4138} INFO - Setting next_dagrun for dataset_alias_example_alias_consumer_with_no_taskflow to None, run_after=None
[2026-08-12T04:43:11.142+0000] {logging_mixin.py:190} INFO - [2026-08-12T04:43:11.141+0000] {dag.py:4138} INFO - Setting next_dagrun for dataset_alias_example_alias_producer_with_no_taskflow to None, run_after=None
[2026-08-12T04:43:11.144+0000] {logging_mixin.py:190} INFO - [2026-08-12T04:43:11.144+0000] {dag.py:4138} INFO - Setting next_dagrun for dataset_s3_bucket_consumer_with_no_taskflow to None, run_after=None
[2026-08-12T04:43:11.147+0000] {logging_mixin.py:190} INFO - [2026-08-12T04:43:11.147+0000] {dag.py:4138} INFO - Setting next_dagrun for dataset_s3_bucket_producer_with_no_taskflow to None, run_after=None
[2026-08-12T04:43:11.172+0000] {processor.py:208} INFO - Processing /home/airflow/.local/lib/python3.12/site-packages/airflow/example_dags/example_dataset_alias_with_no_taskflow.py took 0.242 seconds
[2026-08-12T04:43:41.288+0000] {processor.py:186} INFO - Started process (PID=1373) to work on /home/airflow/.local/lib/python3.12/site-packages/airflow/example_dags/example_dataset_alias_with_no_taskflow.py
[2026-08-12T04:43:41.289+0000] {processor.py:914} INFO - Processing file /home/airflow/.local/lib/python3.12/site-packages/airflow/example_dags/example_dataset_alias_with_no_taskflow.py for tasks to queue
[2026-08-12T04:43:41.293+0000] {logging_mixin.py:190} INFO - [2026-08-12T04:43:41.292+0000] {dagbag.py:587} INFO - Filling up the DagBag from /home/airflow/.local/lib/python3.12/site-packages/airflow/example_dags/example_dataset_alias_with_no_taskflow.py
[2026-08-12T04:43:41.440+0000] {processor.py:925} INFO - DAG(s) 'dataset_s3_bucket_producer_with_no_taskflow', 'dataset_alias_example_alias_producer_with_no_taskflow', 'dataset_s3_bucket_consumer_with_no_taskflow', 'dataset_alias_example_alias_consumer_with_no_taskflow' retrieved from /home/airflow/.local/lib/python3.12/site-packages/airflow/example_dags/example_dataset_alias_with_no_taskflow.py
[2026-08-12T04:43:41.462+0000] {logging_mixin.py:190} INFO - [2026-08-12T04:43:41.462+0000] {dag.py:3211} INFO - Sync 4 DAGs
[2026-08-12T04:43:41.484+0000] {logging_mixin.py:190} INFO - [2026-08-12T04:43:41.484+0000] {dag.py:4138} INFO - Setting next_dagrun for dataset_alias_example_alias_consumer_with_no_taskflow to None, run_after=None
[2026-08-12T04:43:41.490+0000] {logging_mixin.py:190} INFO - [2026-08-12T04:43:41.490+0000] {dag.py:4138} INFO - Setting next_dagrun for dataset_alias_example_alias_producer_with_no_taskflow to None, run_after=None
[2026-08-12T04:43:41.494+0000] {logging_mixin.py:190} INFO - [2026-08-12T04:43:41.494+0000] {dag.py:4138} INFO - Setting next_dagrun for dataset_s3_bucket_consumer_with_no_taskflow to None, run_after=None
[2026-08-12T04:43:41.496+0000] {logging_mixin.py:190} INFO - [2026-08-12T04:43:41.496+0000] {dag.py:4138} INFO - Setting next_dagrun for dataset_s3_bucket_producer_with_no_taskflow to None, run_after=None
[2026-08-12T04:43:41.524+0000] {processor.py:208} INFO - Processing /home/airflow/.local/lib/python3.12/site-packages/airflow/example_dags/example_dataset_alias_with_no_taskflow.py took 0.244 seconds
[2026-08-12T04:44:11.909+0000] {processor.py:186} INFO - Started process (PID=1435) to work on /home/airflow/.local/lib/python3.12/site-packages/airflow/example_dags/example_dataset_alias_with_no_taskflow.py
[2026-08-12T04:44:11.911+0000] {processor.py:914} INFO - Processing file /home/airflow/.local/lib/python3.12/site-packages/airflow/example_dags/example_dataset_alias_with_no_taskflow.py for tasks to queue
[2026-08-12T04:44:11.915+0000] {logging_mixin.py:190} INFO - [2026-08-12T04:44:11.915+0000] {dagbag.py:587} INFO - Filling up the DagBag from /home/airflow/.local/lib/python3.12/site-packages/airflow/example_dags/example_dataset_alias_with_no_taskflow.py
[2026-08-12T04:44:12.148+0000] {processor.py:925} INFO - DAG(s) 'dataset_s3_bucket_producer_with_no_taskflow', 'dataset_alias_example_alias_consumer_with_no_taskflow', 'dataset_alias_example_alias_producer_with_no_taskflow', 'dataset_s3_bucket_consumer_with_no_taskflow' retrieved from /home/airflow/.local/lib/python3.12/site-packages/airflow/example_dags/example_dataset_alias_with_no_taskflow.py
[2026-08-12T04:44:12.187+0000] {logging_mixin.py:190} INFO - [2026-08-12T04:44:12.186+0000] {dag.py:3211} INFO - Sync 4 DAGs
[2026-08-12T04:44:12.219+0000] {logging_mixin.py:190} INFO - [2026-08-12T04:44:12.219+0000] {dag.py:4138} INFO - Setting next_dagrun for dataset_alias_example_alias_consumer_with_no_taskflow to None, run_after=None
[2026-08-12T04:44:12.223+0000] {logging_mixin.py:190} INFO - [2026-08-12T04:44:12.223+0000] {dag.py:4138} INFO - Setting next_dagrun for dataset_alias_example_alias_producer_with_no_taskflow to None, run_after=None
[2026-08-12T04:44:12.226+0000] {logging_mixin.py:190} INFO - [2026-08-12T04:44:12.226+0000] {dag.py:4138} INFO - Setting next_dagrun for dataset_s3_bucket_consumer_with_no_taskflow to None, run_after=None
[2026-08-12T04:44:12.229+0000] {logging_mixin.py:190} INFO - [2026-08-12T04:44:12.229+0000] {dag.py:4138} INFO - Setting next_dagrun for dataset_s3_bucket_producer_with_no_taskflow to None, run_after=None
[2026-08-12T04:44:12.271+0000] {processor.py:208} INFO - Processing /home/airflow/.local/lib/python3.12/site-packages/airflow/example_dags/example_dataset_alias_with_no_taskflow.py took 0.369 seconds
[2026-08-12T04:44:42.425+0000] {processor.py:186} INFO - Started process (PID=1498) to work on /home/airflow/.local/lib/python3.12/site-packages/airflow/example_dags/example_dataset_alias_with_no_taskflow.py
[2026-08-12T04:44:42.427+0000] {processor.py:914} INFO - Processing file /home/airflow/.local/lib/python3.12/site-packages/airflow/example_dags/example_dataset_alias_with_no_taskflow.py for tasks to queue
[2026-08-12T04:44:42.431+0000] {logging_mixin.py:190} INFO - [2026-08-12T04:44:42.430+0000] {dagbag.py:587} INFO - Filling up the DagBag from /home/airflow/.local/lib/python3.12/site-packages/airflow/example_dags/example_dataset_alias_with_no_taskflow.py
[2026-08-12T04:44:42.588+0000] {processor.py:925} INFO - DAG(s) 'dataset_s3_bucket_producer_with_no_taskflow', 'dataset_s3_bucket_consumer_with_no_taskflow', 'dataset_alias_example_alias_consumer_with_no_taskflow', 'dataset_alias_example_alias_producer_with_no_taskflow' retrieved from /home/airflow/.local/lib/python3.12/site-packages/airflow/example_dags/example_dataset_alias_with_no_taskflow.py
[2026-08-12T04:44:42.622+0000] {logging_mixin.py:190} INFO - [2026-08-12T04:44:42.622+0000] {dag.py:3211} INFO - Sync 4 DAGs
[2026-08-12T04:44:42.645+0000] {logging_mixin.py:190} INFO - [2026-08-12T04:44:42.645+0000] {dag.py:4138} INFO - Setting next_dagrun for dataset_alias_example_alias_consumer_with_no_taskflow to None, run_after=None
[2026-08-12T04:44:42.649+0000] {logging_mixin.py:190} INFO - [2026-08-12T04:44:42.648+0000] {dag.py:4138} INFO - Setting next_dagrun for dataset_alias_example_alias_producer_with_no_taskflow to None, run_after=None
[2026-08-12T04:44:42.651+0000] {logging_mixin.py:190} INFO - [2026-08-12T04:44:42.651+0000] {dag.py:4138} INFO - Setting next_dagrun for dataset_s3_bucket_consumer_with_no_taskflow to None, run_after=None
[2026-08-12T04:44:42.654+0000] {logging_mixin.py:190} INFO - [2026-08-12T04:44:42.654+0000] {dag.py:4138} INFO - Setting next_dagrun for dataset_s3_bucket_producer_with_no_taskflow to None, run_after=None
[2026-08-12T04:44:42.681+0000] {processor.py:208} INFO - Processing /home/airflow/.local/lib/python3.12/site-packages/airflow/example_dags/example_dataset_alias_with_no_taskflow.py took 0.271 seconds
[2026-08-12T04:45:12.826+0000] {processor.py:186} INFO - Started process (PID=1560) to work on /home/airflow/.local/lib/python3.12/site-packages/airflow/example_dags/example_dataset_alias_with_no_taskflow.py
[2026-08-12T04:45:12.829+0000] {processor.py:914} INFO - Processing file /home/airflow/.local/lib/python3.12/site-packages/airflow/example_dags/example_dataset_alias_with_no_taskflow.py for tasks to queue
[2026-08-12T04:45:12.832+0000] {logging_mixin.py:190} INFO - [2026-08-12T04:45:12.832+0000] {dagbag.py:587} INFO - Filling up the DagBag from /home/airflow/.local/lib/python3.12/site-packages/airflow/example_dags/example_dataset_alias_with_no_taskflow.py
[2026-08-12T04:45:12.975+0000] {processor.py:925} INFO - DAG(s) 'dataset_s3_bucket_producer_with_no_taskflow', 'dataset_s3_bucket_consumer_with_no_taskflow', 'dataset_alias_example_alias_producer_with_no_taskflow', 'dataset_alias_example_alias_consumer_with_no_taskflow' retrieved from /home/airflow/.local/lib/python3.12/site-packages/airflow/example_dags/example_dataset_alias_with_no_taskflow.py
[2026-08-12T04:45:12.998+0000] {logging_mixin.py:190} INFO - [2026-08-12T04:45:12.997+0000] {dag.py:3211} INFO - Sync 4 DAGs
[2026-08-12T04:45:13.020+0000] {logging_mixin.py:190} INFO - [2026-08-12T04:45:13.020+0000] {dag.py:4138} INFO - Setting next_dagrun for dataset_alias_example_alias_consumer_with_no_taskflow to None, run_after=None
[2026-08-12T04:45:13.024+0000] {logging_mixin.py:190} INFO - [2026-08-12T04:45:13.024+0000] {dag.py:4138} INFO - Setting next_dagrun for dataset_alias_example_alias_producer_with_no_taskflow to None, run_after=None
[2026-08-12T04:45:13.027+0000] {logging_mixin.py:190} INFO - [2026-08-12T04:45:13.026+0000] {dag.py:4138} INFO - Setting next_dagrun for dataset_s3_bucket_consumer_with_no_taskflow to None, run_after=None
[2026-08-12T04:45:13.029+0000] {logging_mixin.py:190} INFO - [2026-08-12T04:45:13.029+0000] {dag.py:4138} INFO - Setting next_dagrun for dataset_s3_bucket_producer_with_no_taskflow to None, run_after=None
[2026-08-12T04:45:13.052+0000] {processor.py:208} INFO - Processing /home/airflow/.local/lib/python3.12/site-packages/airflow/example_dags/example_dataset_alias_with_no_taskflow.py took 0.236 seconds
[2026-08-12T04:45:43.360+0000] {processor.py:186} INFO - Started process (PID=1622) to work on /home/airflow/.local/lib/python3.12/site-packages/airflow/example_dags/example_dataset_alias_with_no_taskflow.py
[2026-08-12T04:45:43.362+0000] {processor.py:914} INFO - Processing file /home/airflow/.local/lib/python3.12/site-packages/airflow/example_dags/example_dataset_alias_with_no_taskflow.py for tasks to queue
[2026-08-12T04:45:43.365+0000] {logging_mixin.py:190} INFO - [2026-08-12T04:45:43.364+0000] {dagbag.py:587} INFO - Filling up the DagBag from /home/airflow/.local/lib/python3.12/site-packages/airflow/example_dags/example_dataset_alias_with_no_taskflow.py
[2026-08-12T04:45:43.509+0000] {processor.py:925} INFO - DAG(s) 'dataset_alias_example_alias_producer_with_no_taskflow', 'dataset_alias_example_alias_consumer_with_no_taskflow', 'dataset_s3_bucket_producer_with_no_taskflow', 'dataset_s3_bucket_consumer_with_no_taskflow' retrieved from /home/airflow/.local/lib/python3.12/site-packages/airflow/example_dags/example_dataset_alias_with_no_taskflow.py
[2026-08-12T04:45:43.532+0000] {logging_mixin.py:190} INFO - [2026-08-12T04:45:43.531+0000] {dag.py:3211} INFO - Sync 4 DAGs
[2026-08-12T04:45:43.781+0000] {logging_mixin.py:190} INFO - [2026-08-12T04:45:43.781+0000] {dag.py:4138} INFO - Setting next_dagrun for dataset_alias_example_alias_consumer_with_no_taskflow to None, run_after=None
[2026-08-12T04:45:43.787+0000] {logging_mixin.py:190} INFO - [2026-08-12T04:45:43.786+0000] {dag.py:4138} INFO - Setting next_dagrun for dataset_alias_example_alias_producer_with_no_taskflow to None, run_after=None
[2026-08-12T04:45:43.789+0000] {logging_mixin.py:190} INFO - [2026-08-12T04:45:43.789+0000] {dag.py:4138} INFO - Setting next_dagrun for dataset_s3_bucket_consumer_with_no_taskflow to None, run_after=None
[2026-08-12T04:45:43.793+0000] {logging_mixin.py:190} INFO - [2026-08-12T04:45:43.792+0000] {dag.py:4138} INFO - Setting next_dagrun for dataset_s3_bucket_producer_with_no_taskflow to None, run_after=None
[2026-08-12T04:45:43.817+0000] {processor.py:208} INFO - Processing /home/airflow/.local/lib/python3.12/site-packages/airflow/example_dags/example_dataset_alias_with_no_taskflow.py took 0.462 seconds
[2026-08-12T04:46:14.048+0000] {processor.py:186} INFO - Started process (PID=1684) to work on /home/airflow/.local/lib/python3.12/site-packages/airflow/example_dags/example_dataset_alias_with_no_taskflow.py
[2026-08-12T04:46:14.050+0000] {processor.py:914} INFO - Processing file /home/airflow/.local/lib/python3.12/site-packages/airflow/example_dags/example_dataset_alias_with_no_taskflow.py for tasks to queue
[2026-08-12T04:46:14.053+0000] {logging_mixin.py:190} INFO - [2026-08-12T04:46:14.052+0000] {dagbag.py:587} INFO - Filling up the DagBag from /home/airflow/.local/lib/python3.12/site-packages/airflow/example_dags/example_dataset_alias_with_no_taskflow.py
[2026-08-12T04:46:14.221+0000] {processor.py:925} INFO - DAG(s) 'dataset_s3_bucket_producer_with_no_taskflow', 'dataset_alias_example_alias_consumer_with_no_taskflow', 'dataset_s3_bucket_consumer_with_no_taskflow', 'dataset_alias_example_alias_producer_with_no_taskflow' retrieved from /home/airflow/.local/lib/python3.12/site-packages/airflow/example_dags/example_dataset_alias_with_no_taskflow.py
[2026-08-12T04:46:14.246+0000] {logging_mixin.py:190} INFO - [2026-08-12T04:46:14.246+0000] {dag.py:3211} INFO - Sync 4 DAGs
[2026-08-12T04:46:14.270+0000] {logging_mixin.py:190} INFO - [2026-08-12T04:46:14.270+0000] {dag.py:4138} INFO - Setting next_dagrun for dataset_alias_example_alias_consumer_with_no_taskflow to None, run_after=None
[2026-08-12T04:46:14.273+0000] {logging_mixin.py:190} INFO - [2026-08-12T04:46:14.273+0000] {dag.py:4138} INFO - Setting next_dagrun for dataset_alias_example_alias_producer_with_no_taskflow to None, run_after=None
[2026-08-12T04:46:14.276+0000] {logging_mixin.py:190} INFO - [2026-08-12T04:46:14.276+0000] {dag.py:4138} INFO - Setting next_dagrun for dataset_s3_bucket_consumer_with_no_taskflow to None, run_after=None
[2026-08-12T04:46:14.278+0000] {logging_mixin.py:190} INFO - [2026-08-12T04:46:14.278+0000] {dag.py:4138} INFO - Setting next_dagrun for dataset_s3_bucket_producer_with_no_taskflow to None, run_after=None
[2026-08-12T04:46:14.463+0000] {processor.py:208} INFO - Processing /home/airflow/.local/lib/python3.12/site-packages/airflow/example_dags/example_dataset_alias_with_no_taskflow.py took 0.422 seconds
[2026-08-12T04:46:44.665+0000] {processor.py:186} INFO - Started process (PID=1746) to work on /home/airflow/.local/lib/python3.12/site-packages/airflow/example_dags/example_dataset_alias_with_no_taskflow.py
[2026-08-12T04:46:44.666+0000] {processor.py:914} INFO - Processing file /home/airflow/.local/lib/python3.12/site-packages/airflow/example_dags/example_dataset_alias_with_no_taskflow.py for tasks to queue
[2026-08-12T04:46:44.669+0000] {logging_mixin.py:190} INFO - [2026-08-12T04:46:44.669+0000] {dagbag.py:587} INFO - Filling up the DagBag from /home/airflow/.local/lib/python3.12/site-packages/airflow/example_dags/example_dataset_alias_with_no_taskflow.py
[2026-08-12T04:46:44.807+0000] {processor.py:925} INFO - DAG(s) 'dataset_alias_example_alias_consumer_with_no_taskflow', 'dataset_s3_bucket_consumer_with_no_taskflow', 'dataset_s3_bucket_producer_with_no_taskflow', 'dataset_alias_example_alias_producer_with_no_taskflow' retrieved from /home/airflow/.local/lib/python3.12/site-packages/airflow/example_dags/example_dataset_alias_with_no_taskflow.py
[2026-08-12T04:46:44.833+0000] {logging_mixin.py:190} INFO - [2026-08-12T04:46:44.833+0000] {dag.py:3211} INFO - Sync 4 DAGs
[2026-08-12T04:46:44.855+0000] {logging_mixin.py:190} INFO - [2026-08-12T04:46:44.854+0000] {dag.py:4138} INFO - Setting next_dagrun for dataset_alias_example_alias_consumer_with_no_taskflow to None, run_after=None
[2026-08-12T04:46:44.858+0000] {logging_mixin.py:190} INFO - [2026-08-12T04:46:44.858+0000] {dag.py:4138} INFO - Setting next_dagrun for dataset_alias_example_alias_producer_with_no_taskflow to None, run_after=None
[2026-08-12T04:46:44.861+0000] {logging_mixin.py:190} INFO - [2026-08-12T04:46:44.860+0000] {dag.py:4138} INFO - Setting next_dagrun for dataset_s3_bucket_consumer_with_no_taskflow to None, run_after=None
[2026-08-12T04:46:44.863+0000] {logging_mixin.py:190} INFO - [2026-08-12T04:46:44.863+0000] {dag.py:4138} INFO - Setting next_dagrun for dataset_s3_bucket_producer_with_no_taskflow to None, run_after=None
[2026-08-12T04:46:44.887+0000] {processor.py:208} INFO - Processing /home/airflow/.local/lib/python3.12/site-packages/airflow/example_dags/example_dataset_alias_with_no_taskflow.py took 0.227 seconds
[2026-08-12T04:47:15.108+0000] {processor.py:186} INFO - Started process (PID=1808) to work on /home/airflow/.local/lib/python3.12/site-packages/airflow/example_dags/example_dataset_alias_with_no_taskflow.py
[2026-08-12T04:47:15.110+0000] {processor.py:914} INFO - Processing file /home/airflow/.local/lib/python3.12/site-packages/airflow/example_dags/example_dataset_alias_with_no_taskflow.py for tasks to queue
[2026-08-12T04:47:15.114+0000] {logging_mixin.py:190} INFO - [2026-08-12T04:47:15.113+0000] {dagbag.py:587} INFO - Filling up the DagBag from /home/airflow/.local/lib/python3.12/site-packages/airflow/example_dags/example_dataset_alias_with_no_taskflow.py
[2026-08-12T04:47:15.329+0000] {processor.py:925} INFO - DAG(s) 'dataset_s3_bucket_producer_with_no_taskflow', 'dataset_alias_example_alias_consumer_with_no_taskflow', 'dataset_alias_example_alias_producer_with_no_taskflow', 'dataset_s3_bucket_consumer_with_no_taskflow' retrieved from /home/airflow/.local/lib/python3.12/site-packages/airflow/example_dags/example_dataset_alias_with_no_taskflow.py
[2026-08-12T04:47:15.366+0000] {logging_mixin.py:190} INFO - [2026-08-12T04:47:15.366+0000] {dag.py:3211} INFO - Sync 4 DAGs
[2026-08-12T04:47:15.390+0000] {logging_mixin.py:190} INFO - [2026-08-12T04:47:15.390+0000] {dag.py:4138} INFO - Setting next_dagrun for dataset_alias_example_alias_consumer_with_no_taskflow to None, run_after=None
[2026-08-12T04:47:15.394+0000] {logging_mixin.py:190} INFO - [2026-08-12T04:47:15.394+0000] {dag.py:4138} INFO - Setting next_dagrun for dataset_alias_example_alias_producer_with_no_taskflow to None, run_after=None
[2026-08-12T04:47:15.396+0000] {logging_mixin.py:190} INFO - [2026-08-12T04:47:15.396+0000] {dag.py:4138} INFO - Setting next_dagrun for dataset_s3_bucket_consumer_with_no_taskflow to None, run_after=None
[2026-08-12T04:47:15.399+0000] {logging_mixin.py:190} INFO - [2026-08-12T04:47:15.399+0000] {dag.py:4138} INFO - Setting next_dagrun for dataset_s3_bucket_producer_with_no_taskflow to None, run_after=None
[2026-08-12T04:47:15.427+0000] {processor.py:208} INFO - Processing /home/airflow/.local/lib/python3.12/site-packages/airflow/example_dags/example_dataset_alias_with_no_taskflow.py took 0.326 seconds
[2026-08-12T04:47:45.979+0000] {processor.py:186} INFO - Started process (PID=1870) to work on /home/airflow/.local/lib/python3.12/site-packages/airflow/example_dags/example_dataset_alias_with_no_taskflow.py
[2026-08-12T04:47:45.980+0000] {processor.py:914} INFO - Processing file /home/airflow/.local/lib/python3.12/site-packages/airflow/example_dags/example_dataset_alias_with_no_taskflow.py for tasks to queue
[2026-08-12T04:47:45.984+0000] {logging_mixin.py:190} INFO - [2026-08-12T04:47:45.983+0000] {dagbag.py:587} INFO - Filling up the DagBag from /home/airflow/.local/lib/python3.12/site-packages/airflow/example_dags/example_dataset_alias_with_no_taskflow.py
[2026-08-12T04:47:46.161+0000] {processor.py:925} INFO - DAG(s) 'dataset_alias_example_alias_consumer_with_no_taskflow', 'dataset_alias_example_alias_producer_with_no_taskflow', 'dataset_s3_bucket_consumer_with_no_taskflow', 'dataset_s3_bucket_producer_with_no_taskflow' retrieved from /home/airflow/.local/lib/python3.12/site-packages/airflow/example_dags/example_dataset_alias_with_no_taskflow.py
[2026-08-12T04:47:46.191+0000] {logging_mixin.py:190} INFO - [2026-08-12T04:47:46.191+0000] {dag.py:3211} INFO - Sync 4 DAGs
[2026-08-12T04:47:46.216+0000] {logging_mixin.py:190} INFO - [2026-08-12T04:47:46.216+0000] {dag.py:4138} INFO - Setting next_dagrun for dataset_alias_example_alias_consumer_with_no_taskflow to None, run_after=None
[2026-08-12T04:47:46.220+0000] {logging_mixin.py:190} INFO - [2026-08-12T04:47:46.220+0000] {dag.py:4138} INFO - Setting next_dagrun for dataset_alias_example_alias_producer_with_no_taskflow to None, run_after=None
[2026-08-12T04:47:46.222+0000] {logging_mixin.py:190} INFO - [2026-08-12T04:47:46.222+0000] {dag.py:4138} INFO - Setting next_dagrun for dataset_s3_bucket_consumer_with_no_taskflow to None, run_after=None
[2026-08-12T04:47:46.225+0000] {logging_mixin.py:190} INFO - [2026-08-12T04:47:46.224+0000] {dag.py:4138} INFO - Setting next_dagrun for dataset_s3_bucket_producer_with_no_taskflow to None, run_after=None
[2026-08-12T04:47:46.252+0000] {processor.py:208} INFO - Processing /home/airflow/.local/lib/python3.12/site-packages/airflow/example_dags/example_dataset_alias_with_no_taskflow.py took 0.279 seconds
[2026-08-12T04:48:16.370+0000] {processor.py:186} INFO - Started process (PID=1934) to work on /home/airflow/.local/lib/python3.12/site-packages/airflow/example_dags/example_dataset_alias_with_no_taskflow.py
[2026-08-12T04:48:16.371+0000] {processor.py:914} INFO - Processing file /home/airflow/.local/lib/python3.12/site-packages/airflow/example_dags/example_dataset_alias_with_no_taskflow.py for tasks to queue
[2026-08-12T04:48:16.374+0000] {logging_mixin.py:190} INFO - [2026-08-12T04:48:16.374+0000] {dagbag.py:587} INFO - Filling up the DagBag from /home/airflow/.local/lib/python3.12/site-packages/airflow/example_dags/example_dataset_alias_with_no_taskflow.py
[2026-08-12T04:48:16.527+0000] {processor.py:925} INFO - DAG(s) 'dataset_alias_example_alias_consumer_with_no_taskflow', 'dataset_alias_example_alias_producer_with_no_taskflow', 'dataset_s3_bucket_producer_with_no_taskflow', 'dataset_s3_bucket_consumer_with_no_taskflow' retrieved from /home/airflow/.local/lib/python3.12/site-packages/airflow/example_dags/example_dataset_alias_with_no_taskflow.py
[2026-08-12T04:48:16.553+0000] {logging_mixin.py:190} INFO - [2026-08-12T04:48:16.553+0000] {dag.py:3211} INFO - Sync 4 DAGs
[2026-08-12T04:48:16.822+0000] {logging_mixin.py:190} INFO - [2026-08-12T04:48:16.822+0000] {dag.py:4138} INFO - Setting next_dagrun for dataset_alias_example_alias_consumer_with_no_taskflow to None, run_after=None
[2026-08-12T04:48:16.830+0000] {logging_mixin.py:190} INFO - [2026-08-12T04:48:16.830+0000] {dag.py:4138} INFO - Setting next_dagrun for dataset_alias_example_alias_producer_with_no_taskflow to None, run_after=None
[2026-08-12T04:48:16.833+0000] {logging_mixin.py:190} INFO - [2026-08-12T04:48:16.833+0000] {dag.py:4138} INFO - Setting next_dagrun for dataset_s3_bucket_consumer_with_no_taskflow to None, run_after=None
[2026-08-12T04:48:16.836+0000] {logging_mixin.py:190} INFO - [2026-08-12T04:48:16.836+0000] {dag.py:4138} INFO - Setting next_dagrun for dataset_s3_bucket_producer_with_no_taskflow to None, run_after=None
[2026-08-12T04:48:16.861+0000] {processor.py:208} INFO - Processing /home/airflow/.local/lib/python3.12/site-packages/airflow/example_dags/example_dataset_alias_with_no_taskflow.py took 0.496 seconds
[2026-08-12T04:48:46.929+0000] {processor.py:186} INFO - Started process (PID=2000) to work on /home/airflow/.local/lib/python3.12/site-packages/airflow/example_dags/example_dataset_alias_with_no_taskflow.py
[2026-08-12T04:48:46.930+0000] {processor.py:914} INFO - Processing file /home/airflow/.local/lib/python3.12/site-packages/airflow/example_dags/example_dataset_alias_with_no_taskflow.py for tasks to queue
[2026-08-12T04:48:46.934+0000] {logging_mixin.py:190} INFO - [2026-08-12T04:48:46.933+0000] {dagbag.py:587} INFO - Filling up the DagBag from /home/airflow/.local/lib/python3.12/site-packages/airflow/example_dags/example_dataset_alias_with_no_taskflow.py
[2026-08-12T04:48:47.089+0000] {processor.py:925} INFO - DAG(s) 'dataset_alias_example_alias_producer_with_no_taskflow', 'dataset_alias_example_alias_consumer_with_no_taskflow', 'dataset_s3_bucket_consumer_with_no_taskflow', 'dataset_s3_bucket_producer_with_no_taskflow' retrieved from /home/airflow/.local/lib/python3.12/site-packages/airflow/example_dags/example_dataset_alias_with_no_taskflow.py
[2026-08-12T04:48:47.112+0000] {logging_mixin.py:190} INFO - [2026-08-12T04:48:47.112+0000] {dag.py:3211} INFO - Sync 4 DAGs
[2026-08-12T04:48:47.350+0000] {logging_mixin.py:190} INFO - [2026-08-12T04:48:47.350+0000] {dag.py:4138} INFO - Setting next_dagrun for dataset_alias_example_alias_consumer_with_no_taskflow to None, run_after=None
[2026-08-12T04:48:47.353+0000] {logging_mixin.py:190} INFO - [2026-08-12T04:48:47.353+0000] {dag.py:4138} INFO - Setting next_dagrun for dataset_alias_example_alias_producer_with_no_taskflow to None, run_after=None
[2026-08-12T04:48:47.356+0000] {logging_mixin.py:190} INFO - [2026-08-12T04:48:47.355+0000] {dag.py:4138} INFO - Setting next_dagrun for dataset_s3_bucket_consumer_with_no_taskflow to None, run_after=None
[2026-08-12T04:48:47.358+0000] {logging_mixin.py:190} INFO - [2026-08-12T04:48:47.357+0000] {dag.py:4138} INFO - Setting next_dagrun for dataset_s3_bucket_producer_with_no_taskflow to None, run_after=None
[2026-08-12T04:48:47.380+0000] {processor.py:208} INFO - Processing /home/airflow/.local/lib/python3.12/site-packages/airflow/example_dags/example_dataset_alias_with_no_taskflow.py took 0.457 seconds
