[2026-08-12T04:30:51.425+0000] {processor.py:186} INFO - Started process (PID=98) to work on /home/airflow/.local/lib/python3.12/site-packages/airflow/example_dags/example_subdag_operator.py
[2026-08-12T04:30:51.427+0000] {processor.py:914} INFO - Processing file /home/airflow/.local/lib/python3.12/site-packages/airflow/example_dags/example_subdag_operator.py for tasks to queue
[2026-08-12T04:30:51.432+0000] {logging_mixin.py:190} INFO - [2026-08-12T04:30:51.432+0000] {dagbag.py:587} INFO - Filling up the DagBag from /home/airflow/.local/lib/python3.12/site-packages/airflow/example_dags/example_subdag_operator.py
[2026-08-12T04:30:51.478+0000] {processor.py:925} INFO - DAG(s) 'example_subdag_operator.section-1', 'example_subdag_operator.section-2', 'example_subdag_operator' retrieved from /home/airflow/.local/lib/python3.12/site-packages/airflow/example_dags/example_subdag_operator.py
[2026-08-12T04:30:51.687+0000] {logging_mixin.py:190} INFO - [2026-08-12T04:30:51.686+0000] {override.py:1858} INFO - Created Permission View: can edit on DAG:example_subdag_operator
[2026-08-12T04:30:51.702+0000] {logging_mixin.py:190} INFO - [2026-08-12T04:30:51.701+0000] {override.py:1858} INFO - Created Permission View: can delete on DAG:example_subdag_operator
[2026-08-12T04:30:51.712+0000] {logging_mixin.py:190} INFO - [2026-08-12T04:30:51.711+0000] {override.py:1858} INFO - Created Permission View: can read on DAG:example_subdag_operator
[2026-08-12T04:30:51.714+0000] {logging_mixin.py:190} INFO - [2026-08-12T04:30:51.713+0000] {dag.py:3211} INFO - Sync 3 DAGs
[2026-08-12T04:30:51.735+0000] {logging_mixin.py:190} INFO - [2026-08-12T04:30:51.735+0000] {dag.py:3234} INFO - Creating ORM DAG for example_subdag_operator.section-1
[2026-08-12T04:30:51.737+0000] {logging_mixin.py:190} INFO - [2026-08-12T04:30:51.737+0000] {dag.py:3234} INFO - Creating ORM DAG for example_subdag_operator
[2026-08-12T04:30:51.740+0000] {logging_mixin.py:190} INFO - [2026-08-12T04:30:51.739+0000] {dag.py:3234} INFO - Creating ORM DAG for example_subdag_operator.section-2
[2026-08-12T04:30:51.753+0000] {logging_mixin.py:190} INFO - [2026-08-12T04:30:51.753+0000] {dag.py:4138} INFO - Setting next_dagrun for example_subdag_operator to 2022-01-01 00:00:00+00:00, run_after=2022-01-01 00:00:00+00:00
[2026-08-12T04:30:51.755+0000] {logging_mixin.py:190} INFO - [2026-08-12T04:30:51.755+0000] {dag.py:4138} INFO - Setting next_dagrun for example_subdag_operator.section-1 to None, run_after=None
[2026-08-12T04:30:51.757+0000] {logging_mixin.py:190} INFO - [2026-08-12T04:30:51.756+0000] {dag.py:4138} INFO - Setting next_dagrun for example_subdag_operator.section-2 to None, run_after=None
[2026-08-12T04:30:51.769+0000] {logging_mixin.py:190} INFO - [2026-08-12T04:30:51.769+0000] {dag.py:3211} INFO - Sync 2 DAGs
[2026-08-12T04:30:51.779+0000] {logging_mixin.py:190} INFO - [2026-08-12T04:30:51.779+0000] {dag.py:4138} INFO - Setting next_dagrun for example_subdag_operator.section-1 to None, run_after=None
[2026-08-12T04:30:51.788+0000] {logging_mixin.py:190} INFO - [2026-08-12T04:30:51.787+0000] {dag.py:4138} INFO - Setting next_dagrun for example_subdag_operator.section-2 to None, run_after=None
[2026-08-12T04:30:51.809+0000] {processor.py:208} INFO - Processing /home/airflow/.local/lib/python3.12/site-packages/airflow/example_dags/example_subdag_operator.py took 0.393 seconds
[2026-08-12T04:31:21.927+0000] {processor.py:186} INFO - Started process (PID=160) to work on /home/airflow/.local/lib/python3.12/site-packages/airflow/example_dags/example_subdag_operator.py
[2026-08-12T04:31:21.929+0000] {processor.py:914} INFO - Processing file /home/airflow/.local/lib/python3.12/site-packages/airflow/example_dags/example_subdag_operator.py for tasks to queue
[2026-08-12T04:31:21.932+0000] {logging_mixin.py:190} INFO - [2026-08-12T04:31:21.932+0000] {dagbag.py:587} INFO - Filling up the DagBag from /home/airflow/.local/lib/python3.12/site-packages/airflow/example_dags/example_subdag_operator.py
[2026-08-12T04:31:21.958+0000] {processor.py:925} INFO - DAG(s) 'example_subdag_operator.section-1', 'example_subdag_operator.section-2', 'example_subdag_operator' retrieved from /home/airflow/.local/lib/python3.12/site-packages/airflow/example_dags/example_subdag_operator.py
[2026-08-12T04:31:21.976+0000] {logging_mixin.py:190} INFO - [2026-08-12T04:31:21.976+0000] {dag.py:3211} INFO - Sync 3 DAGs
[2026-08-12T04:31:21.999+0000] {logging_mixin.py:190} INFO - [2026-08-12T04:31:21.998+0000] {dag.py:4138} INFO - Setting next_dagrun for example_subdag_operator to 2022-01-01 00:00:00+00:00, run_after=2022-01-01 00:00:00+00:00
[2026-08-12T04:31:22.004+0000] {logging_mixin.py:190} INFO - [2026-08-12T04:31:22.003+0000] {dag.py:4138} INFO - Setting next_dagrun for example_subdag_operator.section-1 to None, run_after=None
[2026-08-12T04:31:22.007+0000] {logging_mixin.py:190} INFO - [2026-08-12T04:31:22.007+0000] {dag.py:4138} INFO - Setting next_dagrun for example_subdag_operator.section-2 to None, run_after=None
[2026-08-12T04:31:22.015+0000] {logging_mixin.py:190} INFO - [2026-08-12T04:31:22.015+0000] {dag.py:3211} INFO - Sync 2 DAGs
[2026-08-12T04:31:22.024+0000] {logging_mixin.py:190} INFO - [2026-08-12T04:31:22.024+0000] {dag.py:4138} INFO - Setting next_dagrun for example_subdag_operator.section-1 to None, run_after=None
[2026-08-12T04:31:22.026+0000] {logging_mixin.py:190} INFO - [2026-08-12T04:31:22.025+0000] {dag.py:4138} INFO - Setting next_dagrun for example_subdag_operator.section-2 to None, run_after=None
[2026-08-12T04:31:22.040+0000] {processor.py:208} INFO - Processing /home/airflow/.local/lib/python3.12/site-packages/airflow/example_dags/example_subdag_operator.py took 0.118 seconds
[2026-08-12T04:31:52.122+0000] {processor.py:186} INFO - Started process (PID=222) to work on /home/airflow/.local/lib/python3.12/site-packages/airflow/example_dags/example_subdag_operator.py
[2026-08-12T04:31:52.124+0000] {processor.py:914} INFO - Processing file /home/airflow/.local/lib/python3.12/site-packages/airflow/example_dags/example_subdag_operator.py for tasks to queue
[2026-08-12T04:31:52.127+0000] {logging_mixin.py:190} INFO - [2026-08-12T04:31:52.127+0000] {dagbag.py:587} INFO - Filling up the DagBag from /home/airflow/.local/lib/python3.12/site-packages/airflow/example_dags/example_subdag_operator.py
[2026-08-12T04:31:52.150+0000] {processor.py:925} INFO - DAG(s) 'example_subdag_operator.section-1', 'example_subdag_operator.section-2', 'example_subdag_operator' retrieved from /home/airflow/.local/lib/python3.12/site-packages/airflow/example_dags/example_subdag_operator.py
[2026-08-12T04:31:52.164+0000] {logging_mixin.py:190} INFO - [2026-08-12T04:31:52.164+0000] {dag.py:3211} INFO - Sync 3 DAGs
[2026-08-12T04:31:52.183+0000] {logging_mixin.py:190} INFO - [2026-08-12T04:31:52.182+0000] {dag.py:4138} INFO - Setting next_dagrun for example_subdag_operator to 2022-01-01 00:00:00+00:00, run_after=2022-01-01 00:00:00+00:00
[2026-08-12T04:31:52.187+0000] {logging_mixin.py:190} INFO - [2026-08-12T04:31:52.187+0000] {dag.py:4138} INFO - Setting next_dagrun for example_subdag_operator.section-1 to None, run_after=None
[2026-08-12T04:31:52.189+0000] {logging_mixin.py:190} INFO - [2026-08-12T04:31:52.189+0000] {dag.py:4138} INFO - Setting next_dagrun for example_subdag_operator.section-2 to None, run_after=None
[2026-08-12T04:31:52.196+0000] {logging_mixin.py:190} INFO - [2026-08-12T04:31:52.196+0000] {dag.py:3211} INFO - Sync 2 DAGs
[2026-08-12T04:31:52.202+0000] {logging_mixin.py:190} INFO - [2026-08-12T04:31:52.201+0000] {dag.py:4138} INFO - Setting next_dagrun for example_subdag_operator.section-1 to None, run_after=None
[2026-08-12T04:31:52.203+0000] {logging_mixin.py:190} INFO - [2026-08-12T04:31:52.203+0000] {dag.py:4138} INFO - Setting next_dagrun for example_subdag_operator.section-2 to None, run_after=None
[2026-08-12T04:31:52.214+0000] {processor.py:208} INFO - Processing /home/airflow/.local/lib/python3.12/site-packages/airflow/example_dags/example_subdag_operator.py took 0.099 seconds
[2026-08-12T04:33:04.733+0000] {processor.py:186} INFO - Started process (PID=95) to work on /home/airflow/.local/lib/python3.12/site-packages/airflow/example_dags/example_subdag_operator.py
[2026-08-12T04:33:04.736+0000] {processor.py:914} INFO - Processing file /home/airflow/.local/lib/python3.12/site-packages/airflow/example_dags/example_subdag_operator.py for tasks to queue
[2026-08-12T04:33:04.753+0000] {logging_mixin.py:190} INFO - [2026-08-12T04:33:04.753+0000] {dagbag.py:587} INFO - Filling up the DagBag from /home/airflow/.local/lib/python3.12/site-packages/airflow/example_dags/example_subdag_operator.py
[2026-08-12T04:33:04.791+0000] {processor.py:925} INFO - DAG(s) 'example_subdag_operator.section-1', 'example_subdag_operator.section-2', 'example_subdag_operator' retrieved from /home/airflow/.local/lib/python3.12/site-packages/airflow/example_dags/example_subdag_operator.py
[2026-08-12T04:33:04.817+0000] {logging_mixin.py:190} INFO - [2026-08-12T04:33:04.817+0000] {dag.py:3211} INFO - Sync 3 DAGs
[2026-08-12T04:33:04.871+0000] {logging_mixin.py:190} INFO - [2026-08-12T04:33:04.871+0000] {dag.py:4138} INFO - Setting next_dagrun for example_subdag_operator to 2022-01-01 00:00:00+00:00, run_after=2022-01-01 00:00:00+00:00
[2026-08-12T04:33:04.877+0000] {logging_mixin.py:190} INFO - [2026-08-12T04:33:04.877+0000] {dag.py:4138} INFO - Setting next_dagrun for example_subdag_operator.section-1 to None, run_after=None
[2026-08-12T04:33:04.879+0000] {logging_mixin.py:190} INFO - [2026-08-12T04:33:04.879+0000] {dag.py:4138} INFO - Setting next_dagrun for example_subdag_operator.section-2 to None, run_after=None
[2026-08-12T04:33:04.889+0000] {logging_mixin.py:190} INFO - [2026-08-12T04:33:04.889+0000] {dag.py:3211} INFO - Sync 2 DAGs
[2026-08-12T04:33:04.897+0000] {logging_mixin.py:190} INFO - [2026-08-12T04:33:04.896+0000] {dag.py:4138} INFO - Setting next_dagrun for example_subdag_operator.section-1 to None, run_after=None
[2026-08-12T04:33:04.898+0000] {logging_mixin.py:190} INFO - [2026-08-12T04:33:04.898+0000] {dag.py:4138} INFO - Setting next_dagrun for example_subdag_operator.section-2 to None, run_after=None
[2026-08-12T04:33:04.920+0000] {processor.py:208} INFO - Processing /home/airflow/.local/lib/python3.12/site-packages/airflow/example_dags/example_subdag_operator.py took 0.194 seconds
[2026-08-12T04:33:35.535+0000] {processor.py:186} INFO - Started process (PID=157) to work on /home/airflow/.local/lib/python3.12/site-packages/airflow/example_dags/example_subdag_operator.py
[2026-08-12T04:33:35.537+0000] {processor.py:914} INFO - Processing file /home/airflow/.local/lib/python3.12/site-packages/airflow/example_dags/example_subdag_operator.py for tasks to queue
[2026-08-12T04:33:35.540+0000] {logging_mixin.py:190} INFO - [2026-08-12T04:33:35.540+0000] {dagbag.py:587} INFO - Filling up the DagBag from /home/airflow/.local/lib/python3.12/site-packages/airflow/example_dags/example_subdag_operator.py
[2026-08-12T04:33:35.574+0000] {processor.py:925} INFO - DAG(s) 'example_subdag_operator.section-1', 'example_subdag_operator.section-2', 'example_subdag_operator' retrieved from /home/airflow/.local/lib/python3.12/site-packages/airflow/example_dags/example_subdag_operator.py
[2026-08-12T04:33:35.596+0000] {logging_mixin.py:190} INFO - [2026-08-12T04:33:35.596+0000] {dag.py:3211} INFO - Sync 3 DAGs
[2026-08-12T04:33:35.629+0000] {logging_mixin.py:190} INFO - [2026-08-12T04:33:35.629+0000] {dag.py:4138} INFO - Setting next_dagrun for example_subdag_operator to 2022-01-01 00:00:00+00:00, run_after=2022-01-01 00:00:00+00:00
[2026-08-12T04:33:35.636+0000] {logging_mixin.py:190} INFO - [2026-08-12T04:33:35.635+0000] {dag.py:4138} INFO - Setting next_dagrun for example_subdag_operator.section-1 to None, run_after=None
[2026-08-12T04:33:35.640+0000] {logging_mixin.py:190} INFO - [2026-08-12T04:33:35.639+0000] {dag.py:4138} INFO - Setting next_dagrun for example_subdag_operator.section-2 to None, run_after=None
[2026-08-12T04:33:35.648+0000] {logging_mixin.py:190} INFO - [2026-08-12T04:33:35.648+0000] {dag.py:3211} INFO - Sync 2 DAGs
[2026-08-12T04:33:35.655+0000] {logging_mixin.py:190} INFO - [2026-08-12T04:33:35.655+0000] {dag.py:4138} INFO - Setting next_dagrun for example_subdag_operator.section-1 to None, run_after=None
[2026-08-12T04:33:35.657+0000] {logging_mixin.py:190} INFO - [2026-08-12T04:33:35.657+0000] {dag.py:4138} INFO - Setting next_dagrun for example_subdag_operator.section-2 to None, run_after=None
[2026-08-12T04:33:35.673+0000] {processor.py:208} INFO - Processing /home/airflow/.local/lib/python3.12/site-packages/airflow/example_dags/example_subdag_operator.py took 0.146 seconds
[2026-08-12T04:34:06.059+0000] {processor.py:186} INFO - Started process (PID=219) to work on /home/airflow/.local/lib/python3.12/site-packages/airflow/example_dags/example_subdag_operator.py
[2026-08-12T04:34:06.061+0000] {processor.py:914} INFO - Processing file /home/airflow/.local/lib/python3.12/site-packages/airflow/example_dags/example_subdag_operator.py for tasks to queue
[2026-08-12T04:34:06.064+0000] {logging_mixin.py:190} INFO - [2026-08-12T04:34:06.064+0000] {dagbag.py:587} INFO - Filling up the DagBag from /home/airflow/.local/lib/python3.12/site-packages/airflow/example_dags/example_subdag_operator.py
[2026-08-12T04:34:06.094+0000] {processor.py:925} INFO - DAG(s) 'example_subdag_operator.section-1', 'example_subdag_operator.section-2', 'example_subdag_operator' retrieved from /home/airflow/.local/lib/python3.12/site-packages/airflow/example_dags/example_subdag_operator.py
[2026-08-12T04:34:06.110+0000] {logging_mixin.py:190} INFO - [2026-08-12T04:34:06.110+0000] {dag.py:3211} INFO - Sync 3 DAGs
[2026-08-12T04:34:06.135+0000] {logging_mixin.py:190} INFO - [2026-08-12T04:34:06.135+0000] {dag.py:4138} INFO - Setting next_dagrun for example_subdag_operator to 2022-01-01 00:00:00+00:00, run_after=2022-01-01 00:00:00+00:00
[2026-08-12T04:34:06.141+0000] {logging_mixin.py:190} INFO - [2026-08-12T04:34:06.140+0000] {dag.py:4138} INFO - Setting next_dagrun for example_subdag_operator.section-1 to None, run_after=None
[2026-08-12T04:34:06.143+0000] {logging_mixin.py:190} INFO - [2026-08-12T04:34:06.143+0000] {dag.py:4138} INFO - Setting next_dagrun for example_subdag_operator.section-2 to None, run_after=None
[2026-08-12T04:34:06.153+0000] {logging_mixin.py:190} INFO - [2026-08-12T04:34:06.152+0000] {dag.py:3211} INFO - Sync 2 DAGs
[2026-08-12T04:34:06.159+0000] {logging_mixin.py:190} INFO - [2026-08-12T04:34:06.159+0000] {dag.py:4138} INFO - Setting next_dagrun for example_subdag_operator.section-1 to None, run_after=None
[2026-08-12T04:34:06.162+0000] {logging_mixin.py:190} INFO - [2026-08-12T04:34:06.162+0000] {dag.py:4138} INFO - Setting next_dagrun for example_subdag_operator.section-2 to None, run_after=None
[2026-08-12T04:34:06.175+0000] {processor.py:208} INFO - Processing /home/airflow/.local/lib/python3.12/site-packages/airflow/example_dags/example_subdag_operator.py took 0.124 seconds
[2026-08-12T04:34:36.586+0000] {processor.py:186} INFO - Started process (PID=281) to work on /home/airflow/.local/lib/python3.12/site-packages/airflow/example_dags/example_subdag_operator.py
[2026-08-12T04:34:36.588+0000] {processor.py:914} INFO - Processing file /home/airflow/.local/lib/python3.12/site-packages/airflow/example_dags/example_subdag_operator.py for tasks to queue
[2026-08-12T04:34:36.592+0000] {logging_mixin.py:190} INFO - [2026-08-12T04:34:36.591+0000] {dagbag.py:587} INFO - Filling up the DagBag from /home/airflow/.local/lib/python3.12/site-packages/airflow/example_dags/example_subdag_operator.py
[2026-08-12T04:34:36.617+0000] {processor.py:925} INFO - DAG(s) 'example_subdag_operator.section-1', 'example_subdag_operator.section-2', 'example_subdag_operator' retrieved from /home/airflow/.local/lib/python3.12/site-packages/airflow/example_dags/example_subdag_operator.py
[2026-08-12T04:34:36.634+0000] {logging_mixin.py:190} INFO - [2026-08-12T04:34:36.634+0000] {dag.py:3211} INFO - Sync 3 DAGs
[2026-08-12T04:34:36.661+0000] {logging_mixin.py:190} INFO - [2026-08-12T04:34:36.661+0000] {dag.py:4138} INFO - Setting next_dagrun for example_subdag_operator to 2022-01-01 00:00:00+00:00, run_after=2022-01-01 00:00:00+00:00
[2026-08-12T04:34:36.665+0000] {logging_mixin.py:190} INFO - [2026-08-12T04:34:36.665+0000] {dag.py:4138} INFO - Setting next_dagrun for example_subdag_operator.section-1 to None, run_after=None
[2026-08-12T04:34:36.667+0000] {logging_mixin.py:190} INFO - [2026-08-12T04:34:36.667+0000] {dag.py:4138} INFO - Setting next_dagrun for example_subdag_operator.section-2 to None, run_after=None
[2026-08-12T04:34:36.676+0000] {logging_mixin.py:190} INFO - [2026-08-12T04:34:36.675+0000] {dag.py:3211} INFO - Sync 2 DAGs
[2026-08-12T04:34:36.681+0000] {logging_mixin.py:190} INFO - [2026-08-12T04:34:36.681+0000] {dag.py:4138} INFO - Setting next_dagrun for example_subdag_operator.section-1 to None, run_after=None
[2026-08-12T04:34:36.683+0000] {logging_mixin.py:190} INFO - [2026-08-12T04:34:36.683+0000] {dag.py:4138} INFO - Setting next_dagrun for example_subdag_operator.section-2 to None, run_after=None
[2026-08-12T04:34:36.695+0000] {processor.py:208} INFO - Processing /home/airflow/.local/lib/python3.12/site-packages/airflow/example_dags/example_subdag_operator.py took 0.115 seconds
[2026-08-12T04:35:06.880+0000] {processor.py:186} INFO - Started process (PID=343) to work on /home/airflow/.local/lib/python3.12/site-packages/airflow/example_dags/example_subdag_operator.py
[2026-08-12T04:35:06.882+0000] {processor.py:914} INFO - Processing file /home/airflow/.local/lib/python3.12/site-packages/airflow/example_dags/example_subdag_operator.py for tasks to queue
[2026-08-12T04:35:06.886+0000] {logging_mixin.py:190} INFO - [2026-08-12T04:35:06.886+0000] {dagbag.py:587} INFO - Filling up the DagBag from /home/airflow/.local/lib/python3.12/site-packages/airflow/example_dags/example_subdag_operator.py
[2026-08-12T04:35:06.917+0000] {processor.py:925} INFO - DAG(s) 'example_subdag_operator.section-1', 'example_subdag_operator.section-2', 'example_subdag_operator' retrieved from /home/airflow/.local/lib/python3.12/site-packages/airflow/example_dags/example_subdag_operator.py
[2026-08-12T04:35:06.934+0000] {logging_mixin.py:190} INFO - [2026-08-12T04:35:06.934+0000] {dag.py:3211} INFO - Sync 3 DAGs
[2026-08-12T04:35:06.965+0000] {logging_mixin.py:190} INFO - [2026-08-12T04:35:06.964+0000] {dag.py:4138} INFO - Setting next_dagrun for example_subdag_operator to 2022-01-01 00:00:00+00:00, run_after=2022-01-01 00:00:00+00:00
[2026-08-12T04:35:06.973+0000] {logging_mixin.py:190} INFO - [2026-08-12T04:35:06.973+0000] {dag.py:4138} INFO - Setting next_dagrun for example_subdag_operator.section-1 to None, run_after=None
[2026-08-12T04:35:06.975+0000] {logging_mixin.py:190} INFO - [2026-08-12T04:35:06.975+0000] {dag.py:4138} INFO - Setting next_dagrun for example_subdag_operator.section-2 to None, run_after=None
[2026-08-12T04:35:06.983+0000] {logging_mixin.py:190} INFO - [2026-08-12T04:35:06.983+0000] {dag.py:3211} INFO - Sync 2 DAGs
[2026-08-12T04:35:06.992+0000] {logging_mixin.py:190} INFO - [2026-08-12T04:35:06.991+0000] {dag.py:4138} INFO - Setting next_dagrun for example_subdag_operator.section-1 to None, run_after=None
[2026-08-12T04:35:06.993+0000] {logging_mixin.py:190} INFO - [2026-08-12T04:35:06.993+0000] {dag.py:4138} INFO - Setting next_dagrun for example_subdag_operator.section-2 to None, run_after=None
[2026-08-12T04:35:07.011+0000] {processor.py:208} INFO - Processing /home/airflow/.local/lib/python3.12/site-packages/airflow/example_dags/example_subdag_operator.py took 0.137 seconds
[2026-08-12T04:35:37.263+0000] {processor.py:186} INFO - Started process (PID=405) to work on /home/airflow/.local/lib/python3.12/site-packages/airflow/example_dags/example_subdag_operator.py
[2026-08-12T04:35:37.265+0000] {processor.py:914} INFO - Processing file /home/airflow/.local/lib/python3.12/site-packages/airflow/example_dags/example_subdag_operator.py for tasks to queue
[2026-08-12T04:35:37.269+0000] {logging_mixin.py:190} INFO - [2026-08-12T04:35:37.269+0000] {dagbag.py:587} INFO - Filling up the DagBag from /home/airflow/.local/lib/python3.12/site-packages/airflow/example_dags/example_subdag_operator.py
[2026-08-12T04:35:37.300+0000] {processor.py:925} INFO - DAG(s) 'example_subdag_operator.section-1', 'example_subdag_operator.section-2', 'example_subdag_operator' retrieved from /home/airflow/.local/lib/python3.12/site-packages/airflow/example_dags/example_subdag_operator.py
[2026-08-12T04:35:37.317+0000] {logging_mixin.py:190} INFO - [2026-08-12T04:35:37.317+0000] {dag.py:3211} INFO - Sync 3 DAGs
[2026-08-12T04:35:37.348+0000] {logging_mixin.py:190} INFO - [2026-08-12T04:35:37.348+0000] {dag.py:4138} INFO - Setting next_dagrun for example_subdag_operator to 2022-01-01 00:00:00+00:00, run_after=2022-01-01 00:00:00+00:00
[2026-08-12T04:35:37.353+0000] {logging_mixin.py:190} INFO - [2026-08-12T04:35:37.353+0000] {dag.py:4138} INFO - Setting next_dagrun for example_subdag_operator.section-1 to None, run_after=None
[2026-08-12T04:35:37.356+0000] {logging_mixin.py:190} INFO - [2026-08-12T04:35:37.356+0000] {dag.py:4138} INFO - Setting next_dagrun for example_subdag_operator.section-2 to None, run_after=None
[2026-08-12T04:35:37.365+0000] {logging_mixin.py:190} INFO - [2026-08-12T04:35:37.365+0000] {dag.py:3211} INFO - Sync 2 DAGs
[2026-08-12T04:35:37.373+0000] {logging_mixin.py:190} INFO - [2026-08-12T04:35:37.373+0000] {dag.py:4138} INFO - Setting next_dagrun for example_subdag_operator.section-1 to None, run_after=None
[2026-08-12T04:35:37.375+0000] {logging_mixin.py:190} INFO - [2026-08-12T04:35:37.375+0000] {dag.py:4138} INFO - Setting next_dagrun for example_subdag_operator.section-2 to None, run_after=None
[2026-08-12T04:35:37.390+0000] {processor.py:208} INFO - Processing /home/airflow/.local/lib/python3.12/site-packages/airflow/example_dags/example_subdag_operator.py took 0.134 seconds
[2026-08-12T04:36:07.662+0000] {processor.py:186} INFO - Started process (PID=467) to work on /home/airflow/.local/lib/python3.12/site-packages/airflow/example_dags/example_subdag_operator.py
[2026-08-12T04:36:07.664+0000] {processor.py:914} INFO - Processing file /home/airflow/.local/lib/python3.12/site-packages/airflow/example_dags/example_subdag_operator.py for tasks to queue
[2026-08-12T04:36:07.667+0000] {logging_mixin.py:190} INFO - [2026-08-12T04:36:07.666+0000] {dagbag.py:587} INFO - Filling up the DagBag from /home/airflow/.local/lib/python3.12/site-packages/airflow/example_dags/example_subdag_operator.py
[2026-08-12T04:36:07.694+0000] {processor.py:925} INFO - DAG(s) 'example_subdag_operator.section-1', 'example_subdag_operator.section-2', 'example_subdag_operator' retrieved from /home/airflow/.local/lib/python3.12/site-packages/airflow/example_dags/example_subdag_operator.py
[2026-08-12T04:36:07.711+0000] {logging_mixin.py:190} INFO - [2026-08-12T04:36:07.711+0000] {dag.py:3211} INFO - Sync 3 DAGs
[2026-08-12T04:36:07.736+0000] {logging_mixin.py:190} INFO - [2026-08-12T04:36:07.736+0000] {dag.py:4138} INFO - Setting next_dagrun for example_subdag_operator to 2022-01-01 00:00:00+00:00, run_after=2022-01-01 00:00:00+00:00
[2026-08-12T04:36:07.741+0000] {logging_mixin.py:190} INFO - [2026-08-12T04:36:07.740+0000] {dag.py:4138} INFO - Setting next_dagrun for example_subdag_operator.section-1 to None, run_after=None
[2026-08-12T04:36:07.743+0000] {logging_mixin.py:190} INFO - [2026-08-12T04:36:07.743+0000] {dag.py:4138} INFO - Setting next_dagrun for example_subdag_operator.section-2 to None, run_after=None
[2026-08-12T04:36:07.751+0000] {logging_mixin.py:190} INFO - [2026-08-12T04:36:07.751+0000] {dag.py:3211} INFO - Sync 2 DAGs
[2026-08-12T04:36:07.758+0000] {logging_mixin.py:190} INFO - [2026-08-12T04:36:07.757+0000] {dag.py:4138} INFO - Setting next_dagrun for example_subdag_operator.section-1 to None, run_after=None
[2026-08-12T04:36:07.759+0000] {logging_mixin.py:190} INFO - [2026-08-12T04:36:07.759+0000] {dag.py:4138} INFO - Setting next_dagrun for example_subdag_operator.section-2 to None, run_after=None
[2026-08-12T04:36:07.772+0000] {processor.py:208} INFO - Processing /home/airflow/.local/lib/python3.12/site-packages/airflow/example_dags/example_subdag_operator.py took 0.117 seconds
[2026-08-12T04:36:38.219+0000] {processor.py:186} INFO - Started process (PID=529) to work on /home/airflow/.local/lib/python3.12/site-packages/airflow/example_dags/example_subdag_operator.py
[2026-08-12T04:36:38.220+0000] {processor.py:914} INFO - Processing file /home/airflow/.local/lib/python3.12/site-packages/airflow/example_dags/example_subdag_operator.py for tasks to queue
[2026-08-12T04:36:38.225+0000] {logging_mixin.py:190} INFO - [2026-08-12T04:36:38.225+0000] {dagbag.py:587} INFO - Filling up the DagBag from /home/airflow/.local/lib/python3.12/site-packages/airflow/example_dags/example_subdag_operator.py
[2026-08-12T04:36:38.256+0000] {processor.py:925} INFO - DAG(s) 'example_subdag_operator.section-1', 'example_subdag_operator.section-2', 'example_subdag_operator' retrieved from /home/airflow/.local/lib/python3.12/site-packages/airflow/example_dags/example_subdag_operator.py
[2026-08-12T04:36:38.281+0000] {logging_mixin.py:190} INFO - [2026-08-12T04:36:38.281+0000] {dag.py:3211} INFO - Sync 3 DAGs
[2026-08-12T04:36:38.330+0000] {logging_mixin.py:190} INFO - [2026-08-12T04:36:38.329+0000] {dag.py:4138} INFO - Setting next_dagrun for example_subdag_operator to 2022-01-01 00:00:00+00:00, run_after=2022-01-01 00:00:00+00:00
[2026-08-12T04:36:38.345+0000] {logging_mixin.py:190} INFO - [2026-08-12T04:36:38.344+0000] {dag.py:4138} INFO - Setting next_dagrun for example_subdag_operator.section-1 to None, run_after=None
[2026-08-12T04:36:38.348+0000] {logging_mixin.py:190} INFO - [2026-08-12T04:36:38.348+0000] {dag.py:4138} INFO - Setting next_dagrun for example_subdag_operator.section-2 to None, run_after=None
[2026-08-12T04:36:38.362+0000] {logging_mixin.py:190} INFO - [2026-08-12T04:36:38.361+0000] {dag.py:3211} INFO - Sync 2 DAGs
[2026-08-12T04:36:38.371+0000] {logging_mixin.py:190} INFO - [2026-08-12T04:36:38.370+0000] {dag.py:4138} INFO - Setting next_dagrun for example_subdag_operator.section-1 to None, run_after=None
[2026-08-12T04:36:38.374+0000] {logging_mixin.py:190} INFO - [2026-08-12T04:36:38.373+0000] {dag.py:4138} INFO - Setting next_dagrun for example_subdag_operator.section-2 to None, run_after=None
[2026-08-12T04:36:38.393+0000] {processor.py:208} INFO - Processing /home/airflow/.local/lib/python3.12/site-packages/airflow/example_dags/example_subdag_operator.py took 0.180 seconds
[2026-08-12T04:37:08.601+0000] {processor.py:186} INFO - Started process (PID=591) to work on /home/airflow/.local/lib/python3.12/site-packages/airflow/example_dags/example_subdag_operator.py
[2026-08-12T04:37:08.602+0000] {processor.py:914} INFO - Processing file /home/airflow/.local/lib/python3.12/site-packages/airflow/example_dags/example_subdag_operator.py for tasks to queue
[2026-08-12T04:37:08.606+0000] {logging_mixin.py:190} INFO - [2026-08-12T04:37:08.605+0000] {dagbag.py:587} INFO - Filling up the DagBag from /home/airflow/.local/lib/python3.12/site-packages/airflow/example_dags/example_subdag_operator.py
[2026-08-12T04:37:08.633+0000] {processor.py:925} INFO - DAG(s) 'example_subdag_operator.section-1', 'example_subdag_operator.section-2', 'example_subdag_operator' retrieved from /home/airflow/.local/lib/python3.12/site-packages/airflow/example_dags/example_subdag_operator.py
[2026-08-12T04:37:08.650+0000] {logging_mixin.py:190} INFO - [2026-08-12T04:37:08.650+0000] {dag.py:3211} INFO - Sync 3 DAGs
[2026-08-12T04:37:08.680+0000] {logging_mixin.py:190} INFO - [2026-08-12T04:37:08.680+0000] {dag.py:4138} INFO - Setting next_dagrun for example_subdag_operator to 2022-01-01 00:00:00+00:00, run_after=2022-01-01 00:00:00+00:00
[2026-08-12T04:37:08.685+0000] {logging_mixin.py:190} INFO - [2026-08-12T04:37:08.685+0000] {dag.py:4138} INFO - Setting next_dagrun for example_subdag_operator.section-1 to None, run_after=None
[2026-08-12T04:37:08.688+0000] {logging_mixin.py:190} INFO - [2026-08-12T04:37:08.687+0000] {dag.py:4138} INFO - Setting next_dagrun for example_subdag_operator.section-2 to None, run_after=None
[2026-08-12T04:37:08.700+0000] {logging_mixin.py:190} INFO - [2026-08-12T04:37:08.699+0000] {dag.py:3211} INFO - Sync 2 DAGs
[2026-08-12T04:37:08.710+0000] {logging_mixin.py:190} INFO - [2026-08-12T04:37:08.709+0000] {dag.py:4138} INFO - Setting next_dagrun for example_subdag_operator.section-1 to None, run_after=None
[2026-08-12T04:37:08.712+0000] {logging_mixin.py:190} INFO - [2026-08-12T04:37:08.711+0000] {dag.py:4138} INFO - Setting next_dagrun for example_subdag_operator.section-2 to None, run_after=None
[2026-08-12T04:37:08.728+0000] {processor.py:208} INFO - Processing /home/airflow/.local/lib/python3.12/site-packages/airflow/example_dags/example_subdag_operator.py took 0.133 seconds
[2026-08-12T04:37:39.425+0000] {processor.py:186} INFO - Started process (PID=653) to work on /home/airflow/.local/lib/python3.12/site-packages/airflow/example_dags/example_subdag_operator.py
[2026-08-12T04:37:39.428+0000] {processor.py:914} INFO - Processing file /home/airflow/.local/lib/python3.12/site-packages/airflow/example_dags/example_subdag_operator.py for tasks to queue
[2026-08-12T04:37:39.433+0000] {logging_mixin.py:190} INFO - [2026-08-12T04:37:39.432+0000] {dagbag.py:587} INFO - Filling up the DagBag from /home/airflow/.local/lib/python3.12/site-packages/airflow/example_dags/example_subdag_operator.py
[2026-08-12T04:37:39.500+0000] {processor.py:925} INFO - DAG(s) 'example_subdag_operator.section-1', 'example_subdag_operator.section-2', 'example_subdag_operator' retrieved from /home/airflow/.local/lib/python3.12/site-packages/airflow/example_dags/example_subdag_operator.py
[2026-08-12T04:37:39.520+0000] {logging_mixin.py:190} INFO - [2026-08-12T04:37:39.520+0000] {dag.py:3211} INFO - Sync 3 DAGs
[2026-08-12T04:37:39.551+0000] {logging_mixin.py:190} INFO - [2026-08-12T04:37:39.551+0000] {dag.py:4138} INFO - Setting next_dagrun for example_subdag_operator to 2022-01-01 00:00:00+00:00, run_after=2022-01-01 00:00:00+00:00
[2026-08-12T04:37:39.556+0000] {logging_mixin.py:190} INFO - [2026-08-12T04:37:39.555+0000] {dag.py:4138} INFO - Setting next_dagrun for example_subdag_operator.section-1 to None, run_after=None
[2026-08-12T04:37:39.560+0000] {logging_mixin.py:190} INFO - [2026-08-12T04:37:39.559+0000] {dag.py:4138} INFO - Setting next_dagrun for example_subdag_operator.section-2 to None, run_after=None
[2026-08-12T04:37:39.570+0000] {logging_mixin.py:190} INFO - [2026-08-12T04:37:39.570+0000] {dag.py:3211} INFO - Sync 2 DAGs
[2026-08-12T04:37:39.581+0000] {logging_mixin.py:190} INFO - [2026-08-12T04:37:39.581+0000] {dag.py:4138} INFO - Setting next_dagrun for example_subdag_operator.section-1 to None, run_after=None
[2026-08-12T04:37:39.583+0000] {logging_mixin.py:190} INFO - [2026-08-12T04:37:39.583+0000] {dag.py:4138} INFO - Setting next_dagrun for example_subdag_operator.section-2 to None, run_after=None
[2026-08-12T04:37:39.600+0000] {processor.py:208} INFO - Processing /home/airflow/.local/lib/python3.12/site-packages/airflow/example_dags/example_subdag_operator.py took 0.185 seconds
[2026-08-12T04:38:09.651+0000] {processor.py:186} INFO - Started process (PID=716) to work on /home/airflow/.local/lib/python3.12/site-packages/airflow/example_dags/example_subdag_operator.py
[2026-08-12T04:38:09.653+0000] {processor.py:914} INFO - Processing file /home/airflow/.local/lib/python3.12/site-packages/airflow/example_dags/example_subdag_operator.py for tasks to queue
[2026-08-12T04:38:09.656+0000] {logging_mixin.py:190} INFO - [2026-08-12T04:38:09.656+0000] {dagbag.py:587} INFO - Filling up the DagBag from /home/airflow/.local/lib/python3.12/site-packages/airflow/example_dags/example_subdag_operator.py
[2026-08-12T04:38:09.688+0000] {processor.py:925} INFO - DAG(s) 'example_subdag_operator.section-1', 'example_subdag_operator.section-2', 'example_subdag_operator' retrieved from /home/airflow/.local/lib/python3.12/site-packages/airflow/example_dags/example_subdag_operator.py
[2026-08-12T04:38:09.704+0000] {logging_mixin.py:190} INFO - [2026-08-12T04:38:09.704+0000] {dag.py:3211} INFO - Sync 3 DAGs
[2026-08-12T04:38:09.728+0000] {logging_mixin.py:190} INFO - [2026-08-12T04:38:09.728+0000] {dag.py:4138} INFO - Setting next_dagrun for example_subdag_operator to 2022-01-01 00:00:00+00:00, run_after=2022-01-01 00:00:00+00:00
[2026-08-12T04:38:09.733+0000] {logging_mixin.py:190} INFO - [2026-08-12T04:38:09.733+0000] {dag.py:4138} INFO - Setting next_dagrun for example_subdag_operator.section-1 to None, run_after=None
[2026-08-12T04:38:09.735+0000] {logging_mixin.py:190} INFO - [2026-08-12T04:38:09.735+0000] {dag.py:4138} INFO - Setting next_dagrun for example_subdag_operator.section-2 to None, run_after=None
[2026-08-12T04:38:09.743+0000] {logging_mixin.py:190} INFO - [2026-08-12T04:38:09.743+0000] {dag.py:3211} INFO - Sync 2 DAGs
[2026-08-12T04:38:09.749+0000] {logging_mixin.py:190} INFO - [2026-08-12T04:38:09.749+0000] {dag.py:4138} INFO - Setting next_dagrun for example_subdag_operator.section-1 to None, run_after=None
[2026-08-12T04:38:09.750+0000] {logging_mixin.py:190} INFO - [2026-08-12T04:38:09.750+0000] {dag.py:4138} INFO - Setting next_dagrun for example_subdag_operator.section-2 to None, run_after=None
[2026-08-12T04:38:09.762+0000] {processor.py:208} INFO - Processing /home/airflow/.local/lib/python3.12/site-packages/airflow/example_dags/example_subdag_operator.py took 0.116 seconds
[2026-08-12T04:38:40.013+0000] {processor.py:186} INFO - Started process (PID=778) to work on /home/airflow/.local/lib/python3.12/site-packages/airflow/example_dags/example_subdag_operator.py
[2026-08-12T04:38:40.015+0000] {processor.py:914} INFO - Processing file /home/airflow/.local/lib/python3.12/site-packages/airflow/example_dags/example_subdag_operator.py for tasks to queue
[2026-08-12T04:38:40.018+0000] {logging_mixin.py:190} INFO - [2026-08-12T04:38:40.018+0000] {dagbag.py:587} INFO - Filling up the DagBag from /home/airflow/.local/lib/python3.12/site-packages/airflow/example_dags/example_subdag_operator.py
[2026-08-12T04:38:40.048+0000] {processor.py:925} INFO - DAG(s) 'example_subdag_operator.section-1', 'example_subdag_operator.section-2', 'example_subdag_operator' retrieved from /home/airflow/.local/lib/python3.12/site-packages/airflow/example_dags/example_subdag_operator.py
[2026-08-12T04:38:40.065+0000] {logging_mixin.py:190} INFO - [2026-08-12T04:38:40.065+0000] {dag.py:3211} INFO - Sync 3 DAGs
[2026-08-12T04:38:40.102+0000] {logging_mixin.py:190} INFO - [2026-08-12T04:38:40.101+0000] {dag.py:4138} INFO - Setting next_dagrun for example_subdag_operator to 2022-01-01 00:00:00+00:00, run_after=2022-01-01 00:00:00+00:00
[2026-08-12T04:38:40.112+0000] {logging_mixin.py:190} INFO - [2026-08-12T04:38:40.112+0000] {dag.py:4138} INFO - Setting next_dagrun for example_subdag_operator.section-1 to None, run_after=None
[2026-08-12T04:38:40.119+0000] {logging_mixin.py:190} INFO - [2026-08-12T04:38:40.119+0000] {dag.py:4138} INFO - Setting next_dagrun for example_subdag_operator.section-2 to None, run_after=None
[2026-08-12T04:38:40.133+0000] {logging_mixin.py:190} INFO - [2026-08-12T04:38:40.132+0000] {dag.py:3211} INFO - Sync 2 DAGs
[2026-08-12T04:38:40.142+0000] {logging_mixin.py:190} INFO - [2026-08-12T04:38:40.142+0000] {dag.py:4138} INFO - Setting next_dagrun for example_subdag_operator.section-1 to None, run_after=None
[2026-08-12T04:38:40.144+0000] {logging_mixin.py:190} INFO - [2026-08-12T04:38:40.143+0000] {dag.py:4138} INFO - Setting next_dagrun for example_subdag_operator.section-2 to None, run_after=None
[2026-08-12T04:38:40.159+0000] {processor.py:208} INFO - Processing /home/airflow/.local/lib/python3.12/site-packages/airflow/example_dags/example_subdag_operator.py took 0.153 seconds
[2026-08-12T04:39:10.666+0000] {processor.py:186} INFO - Started process (PID=839) to work on /home/airflow/.local/lib/python3.12/site-packages/airflow/example_dags/example_subdag_operator.py
[2026-08-12T04:39:10.668+0000] {processor.py:914} INFO - Processing file /home/airflow/.local/lib/python3.12/site-packages/airflow/example_dags/example_subdag_operator.py for tasks to queue
[2026-08-12T04:39:10.672+0000] {logging_mixin.py:190} INFO - [2026-08-12T04:39:10.671+0000] {dagbag.py:587} INFO - Filling up the DagBag from /home/airflow/.local/lib/python3.12/site-packages/airflow/example_dags/example_subdag_operator.py
[2026-08-12T04:39:10.701+0000] {processor.py:925} INFO - DAG(s) 'example_subdag_operator.section-1', 'example_subdag_operator.section-2', 'example_subdag_operator' retrieved from /home/airflow/.local/lib/python3.12/site-packages/airflow/example_dags/example_subdag_operator.py
[2026-08-12T04:39:10.722+0000] {logging_mixin.py:190} INFO - [2026-08-12T04:39:10.722+0000] {dag.py:3211} INFO - Sync 3 DAGs
[2026-08-12T04:39:10.750+0000] {logging_mixin.py:190} INFO - [2026-08-12T04:39:10.750+0000] {dag.py:4138} INFO - Setting next_dagrun for example_subdag_operator to 2022-01-01 00:00:00+00:00, run_after=2022-01-01 00:00:00+00:00
[2026-08-12T04:39:10.755+0000] {logging_mixin.py:190} INFO - [2026-08-12T04:39:10.755+0000] {dag.py:4138} INFO - Setting next_dagrun for example_subdag_operator.section-1 to None, run_after=None
[2026-08-12T04:39:10.758+0000] {logging_mixin.py:190} INFO - [2026-08-12T04:39:10.758+0000] {dag.py:4138} INFO - Setting next_dagrun for example_subdag_operator.section-2 to None, run_after=None
[2026-08-12T04:39:10.770+0000] {logging_mixin.py:190} INFO - [2026-08-12T04:39:10.769+0000] {dag.py:3211} INFO - Sync 2 DAGs
[2026-08-12T04:39:10.778+0000] {logging_mixin.py:190} INFO - [2026-08-12T04:39:10.778+0000] {dag.py:4138} INFO - Setting next_dagrun for example_subdag_operator.section-1 to None, run_after=None
[2026-08-12T04:39:10.781+0000] {logging_mixin.py:190} INFO - [2026-08-12T04:39:10.780+0000] {dag.py:4138} INFO - Setting next_dagrun for example_subdag_operator.section-2 to None, run_after=None
[2026-08-12T04:39:10.799+0000] {processor.py:208} INFO - Processing /home/airflow/.local/lib/python3.12/site-packages/airflow/example_dags/example_subdag_operator.py took 0.140 seconds
[2026-08-12T04:39:41.382+0000] {processor.py:186} INFO - Started process (PID=901) to work on /home/airflow/.local/lib/python3.12/site-packages/airflow/example_dags/example_subdag_operator.py
[2026-08-12T04:39:41.384+0000] {processor.py:914} INFO - Processing file /home/airflow/.local/lib/python3.12/site-packages/airflow/example_dags/example_subdag_operator.py for tasks to queue
[2026-08-12T04:39:41.387+0000] {logging_mixin.py:190} INFO - [2026-08-12T04:39:41.387+0000] {dagbag.py:587} INFO - Filling up the DagBag from /home/airflow/.local/lib/python3.12/site-packages/airflow/example_dags/example_subdag_operator.py
[2026-08-12T04:39:41.422+0000] {processor.py:925} INFO - DAG(s) 'example_subdag_operator.section-1', 'example_subdag_operator.section-2', 'example_subdag_operator' retrieved from /home/airflow/.local/lib/python3.12/site-packages/airflow/example_dags/example_subdag_operator.py
[2026-08-12T04:39:41.446+0000] {logging_mixin.py:190} INFO - [2026-08-12T04:39:41.445+0000] {dag.py:3211} INFO - Sync 3 DAGs
[2026-08-12T04:39:41.470+0000] {logging_mixin.py:190} INFO - [2026-08-12T04:39:41.470+0000] {dag.py:4138} INFO - Setting next_dagrun for example_subdag_operator to 2022-01-01 00:00:00+00:00, run_after=2022-01-01 00:00:00+00:00
[2026-08-12T04:39:41.476+0000] {logging_mixin.py:190} INFO - [2026-08-12T04:39:41.476+0000] {dag.py:4138} INFO - Setting next_dagrun for example_subdag_operator.section-1 to None, run_after=None
[2026-08-12T04:39:41.479+0000] {logging_mixin.py:190} INFO - [2026-08-12T04:39:41.478+0000] {dag.py:4138} INFO - Setting next_dagrun for example_subdag_operator.section-2 to None, run_after=None
[2026-08-12T04:39:41.487+0000] {logging_mixin.py:190} INFO - [2026-08-12T04:39:41.487+0000] {dag.py:3211} INFO - Sync 2 DAGs
[2026-08-12T04:39:41.495+0000] {logging_mixin.py:190} INFO - [2026-08-12T04:39:41.494+0000] {dag.py:4138} INFO - Setting next_dagrun for example_subdag_operator.section-1 to None, run_after=None
[2026-08-12T04:39:41.497+0000] {logging_mixin.py:190} INFO - [2026-08-12T04:39:41.497+0000] {dag.py:4138} INFO - Setting next_dagrun for example_subdag_operator.section-2 to None, run_after=None
[2026-08-12T04:39:41.515+0000] {processor.py:208} INFO - Processing /home/airflow/.local/lib/python3.12/site-packages/airflow/example_dags/example_subdag_operator.py took 0.139 seconds
[2026-08-12T04:40:11.893+0000] {processor.py:186} INFO - Started process (PID=963) to work on /home/airflow/.local/lib/python3.12/site-packages/airflow/example_dags/example_subdag_operator.py
[2026-08-12T04:40:11.895+0000] {processor.py:914} INFO - Processing file /home/airflow/.local/lib/python3.12/site-packages/airflow/example_dags/example_subdag_operator.py for tasks to queue
[2026-08-12T04:40:11.900+0000] {logging_mixin.py:190} INFO - [2026-08-12T04:40:11.900+0000] {dagbag.py:587} INFO - Filling up the DagBag from /home/airflow/.local/lib/python3.12/site-packages/airflow/example_dags/example_subdag_operator.py
[2026-08-12T04:40:11.928+0000] {processor.py:925} INFO - DAG(s) 'example_subdag_operator.section-1', 'example_subdag_operator.section-2', 'example_subdag_operator' retrieved from /home/airflow/.local/lib/python3.12/site-packages/airflow/example_dags/example_subdag_operator.py
[2026-08-12T04:40:11.943+0000] {logging_mixin.py:190} INFO - [2026-08-12T04:40:11.943+0000] {dag.py:3211} INFO - Sync 3 DAGs
[2026-08-12T04:40:11.967+0000] {logging_mixin.py:190} INFO - [2026-08-12T04:40:11.966+0000] {dag.py:4138} INFO - Setting next_dagrun for example_subdag_operator to 2022-01-01 00:00:00+00:00, run_after=2022-01-01 00:00:00+00:00
[2026-08-12T04:40:11.971+0000] {logging_mixin.py:190} INFO - [2026-08-12T04:40:11.971+0000] {dag.py:4138} INFO - Setting next_dagrun for example_subdag_operator.section-1 to None, run_after=None
[2026-08-12T04:40:11.974+0000] {logging_mixin.py:190} INFO - [2026-08-12T04:40:11.974+0000] {dag.py:4138} INFO - Setting next_dagrun for example_subdag_operator.section-2 to None, run_after=None
[2026-08-12T04:40:11.984+0000] {logging_mixin.py:190} INFO - [2026-08-12T04:40:11.984+0000] {dag.py:3211} INFO - Sync 2 DAGs
[2026-08-12T04:40:11.992+0000] {logging_mixin.py:190} INFO - [2026-08-12T04:40:11.992+0000] {dag.py:4138} INFO - Setting next_dagrun for example_subdag_operator.section-1 to None, run_after=None
[2026-08-12T04:40:11.994+0000] {logging_mixin.py:190} INFO - [2026-08-12T04:40:11.994+0000] {dag.py:4138} INFO - Setting next_dagrun for example_subdag_operator.section-2 to None, run_after=None
[2026-08-12T04:40:12.010+0000] {processor.py:208} INFO - Processing /home/airflow/.local/lib/python3.12/site-packages/airflow/example_dags/example_subdag_operator.py took 0.123 seconds
[2026-08-12T04:40:42.390+0000] {processor.py:186} INFO - Started process (PID=1025) to work on /home/airflow/.local/lib/python3.12/site-packages/airflow/example_dags/example_subdag_operator.py
[2026-08-12T04:40:42.392+0000] {processor.py:914} INFO - Processing file /home/airflow/.local/lib/python3.12/site-packages/airflow/example_dags/example_subdag_operator.py for tasks to queue
[2026-08-12T04:40:42.396+0000] {logging_mixin.py:190} INFO - [2026-08-12T04:40:42.395+0000] {dagbag.py:587} INFO - Filling up the DagBag from /home/airflow/.local/lib/python3.12/site-packages/airflow/example_dags/example_subdag_operator.py
[2026-08-12T04:40:42.429+0000] {processor.py:925} INFO - DAG(s) 'example_subdag_operator.section-1', 'example_subdag_operator.section-2', 'example_subdag_operator' retrieved from /home/airflow/.local/lib/python3.12/site-packages/airflow/example_dags/example_subdag_operator.py
[2026-08-12T04:40:42.449+0000] {logging_mixin.py:190} INFO - [2026-08-12T04:40:42.449+0000] {dag.py:3211} INFO - Sync 3 DAGs
[2026-08-12T04:40:42.477+0000] {logging_mixin.py:190} INFO - [2026-08-12T04:40:42.476+0000] {dag.py:4138} INFO - Setting next_dagrun for example_subdag_operator to 2022-01-01 00:00:00+00:00, run_after=2022-01-01 00:00:00+00:00
[2026-08-12T04:40:42.482+0000] {logging_mixin.py:190} INFO - [2026-08-12T04:40:42.482+0000] {dag.py:4138} INFO - Setting next_dagrun for example_subdag_operator.section-1 to None, run_after=None
[2026-08-12T04:40:42.485+0000] {logging_mixin.py:190} INFO - [2026-08-12T04:40:42.484+0000] {dag.py:4138} INFO - Setting next_dagrun for example_subdag_operator.section-2 to None, run_after=None
[2026-08-12T04:40:42.495+0000] {logging_mixin.py:190} INFO - [2026-08-12T04:40:42.495+0000] {dag.py:3211} INFO - Sync 2 DAGs
[2026-08-12T04:40:42.505+0000] {logging_mixin.py:190} INFO - [2026-08-12T04:40:42.504+0000] {dag.py:4138} INFO - Setting next_dagrun for example_subdag_operator.section-1 to None, run_after=None
[2026-08-12T04:40:42.507+0000] {logging_mixin.py:190} INFO - [2026-08-12T04:40:42.506+0000] {dag.py:4138} INFO - Setting next_dagrun for example_subdag_operator.section-2 to None, run_after=None
[2026-08-12T04:40:42.526+0000] {processor.py:208} INFO - Processing /home/airflow/.local/lib/python3.12/site-packages/airflow/example_dags/example_subdag_operator.py took 0.144 seconds
[2026-08-12T04:41:12.669+0000] {processor.py:186} INFO - Started process (PID=1087) to work on /home/airflow/.local/lib/python3.12/site-packages/airflow/example_dags/example_subdag_operator.py
[2026-08-12T04:41:12.671+0000] {processor.py:914} INFO - Processing file /home/airflow/.local/lib/python3.12/site-packages/airflow/example_dags/example_subdag_operator.py for tasks to queue
[2026-08-12T04:41:12.675+0000] {logging_mixin.py:190} INFO - [2026-08-12T04:41:12.675+0000] {dagbag.py:587} INFO - Filling up the DagBag from /home/airflow/.local/lib/python3.12/site-packages/airflow/example_dags/example_subdag_operator.py
[2026-08-12T04:41:12.703+0000] {processor.py:925} INFO - DAG(s) 'example_subdag_operator.section-1', 'example_subdag_operator.section-2', 'example_subdag_operator' retrieved from /home/airflow/.local/lib/python3.12/site-packages/airflow/example_dags/example_subdag_operator.py
[2026-08-12T04:41:12.723+0000] {logging_mixin.py:190} INFO - [2026-08-12T04:41:12.723+0000] {dag.py:3211} INFO - Sync 3 DAGs
[2026-08-12T04:41:12.752+0000] {logging_mixin.py:190} INFO - [2026-08-12T04:41:12.752+0000] {dag.py:4138} INFO - Setting next_dagrun for example_subdag_operator to 2022-01-01 00:00:00+00:00, run_after=2022-01-01 00:00:00+00:00
[2026-08-12T04:41:12.758+0000] {logging_mixin.py:190} INFO - [2026-08-12T04:41:12.758+0000] {dag.py:4138} INFO - Setting next_dagrun for example_subdag_operator.section-1 to None, run_after=None
[2026-08-12T04:41:12.762+0000] {logging_mixin.py:190} INFO - [2026-08-12T04:41:12.762+0000] {dag.py:4138} INFO - Setting next_dagrun for example_subdag_operator.section-2 to None, run_after=None
[2026-08-12T04:41:12.772+0000] {logging_mixin.py:190} INFO - [2026-08-12T04:41:12.772+0000] {dag.py:3211} INFO - Sync 2 DAGs
[2026-08-12T04:41:12.782+0000] {logging_mixin.py:190} INFO - [2026-08-12T04:41:12.782+0000] {dag.py:4138} INFO - Setting next_dagrun for example_subdag_operator.section-1 to None, run_after=None
[2026-08-12T04:41:12.783+0000] {logging_mixin.py:190} INFO - [2026-08-12T04:41:12.783+0000] {dag.py:4138} INFO - Setting next_dagrun for example_subdag_operator.section-2 to None, run_after=None
[2026-08-12T04:41:12.798+0000] {processor.py:208} INFO - Processing /home/airflow/.local/lib/python3.12/site-packages/airflow/example_dags/example_subdag_operator.py took 0.135 seconds
[2026-08-12T04:41:43.545+0000] {processor.py:186} INFO - Started process (PID=1149) to work on /home/airflow/.local/lib/python3.12/site-packages/airflow/example_dags/example_subdag_operator.py
[2026-08-12T04:41:43.546+0000] {processor.py:914} INFO - Processing file /home/airflow/.local/lib/python3.12/site-packages/airflow/example_dags/example_subdag_operator.py for tasks to queue
[2026-08-12T04:41:43.550+0000] {logging_mixin.py:190} INFO - [2026-08-12T04:41:43.549+0000] {dagbag.py:587} INFO - Filling up the DagBag from /home/airflow/.local/lib/python3.12/site-packages/airflow/example_dags/example_subdag_operator.py
[2026-08-12T04:41:43.592+0000] {processor.py:925} INFO - DAG(s) 'example_subdag_operator.section-1', 'example_subdag_operator.section-2', 'example_subdag_operator' retrieved from /home/airflow/.local/lib/python3.12/site-packages/airflow/example_dags/example_subdag_operator.py
[2026-08-12T04:41:43.608+0000] {logging_mixin.py:190} INFO - [2026-08-12T04:41:43.608+0000] {dag.py:3211} INFO - Sync 3 DAGs
[2026-08-12T04:41:43.632+0000] {logging_mixin.py:190} INFO - [2026-08-12T04:41:43.632+0000] {dag.py:4138} INFO - Setting next_dagrun for example_subdag_operator to 2022-01-01 00:00:00+00:00, run_after=2022-01-01 00:00:00+00:00
[2026-08-12T04:41:43.637+0000] {logging_mixin.py:190} INFO - [2026-08-12T04:41:43.637+0000] {dag.py:4138} INFO - Setting next_dagrun for example_subdag_operator.section-1 to None, run_after=None
[2026-08-12T04:41:43.641+0000] {logging_mixin.py:190} INFO - [2026-08-12T04:41:43.640+0000] {dag.py:4138} INFO - Setting next_dagrun for example_subdag_operator.section-2 to None, run_after=None
[2026-08-12T04:41:43.649+0000] {logging_mixin.py:190} INFO - [2026-08-12T04:41:43.649+0000] {dag.py:3211} INFO - Sync 2 DAGs
[2026-08-12T04:41:43.656+0000] {logging_mixin.py:190} INFO - [2026-08-12T04:41:43.656+0000] {dag.py:4138} INFO - Setting next_dagrun for example_subdag_operator.section-1 to None, run_after=None
[2026-08-12T04:41:43.657+0000] {logging_mixin.py:190} INFO - [2026-08-12T04:41:43.657+0000] {dag.py:4138} INFO - Setting next_dagrun for example_subdag_operator.section-2 to None, run_after=None
[2026-08-12T04:41:43.672+0000] {processor.py:208} INFO - Processing /home/airflow/.local/lib/python3.12/site-packages/airflow/example_dags/example_subdag_operator.py took 0.134 seconds
[2026-08-12T04:42:13.944+0000] {processor.py:186} INFO - Started process (PID=1211) to work on /home/airflow/.local/lib/python3.12/site-packages/airflow/example_dags/example_subdag_operator.py
[2026-08-12T04:42:13.946+0000] {processor.py:914} INFO - Processing file /home/airflow/.local/lib/python3.12/site-packages/airflow/example_dags/example_subdag_operator.py for tasks to queue
[2026-08-12T04:42:13.950+0000] {logging_mixin.py:190} INFO - [2026-08-12T04:42:13.949+0000] {dagbag.py:587} INFO - Filling up the DagBag from /home/airflow/.local/lib/python3.12/site-packages/airflow/example_dags/example_subdag_operator.py
[2026-08-12T04:42:13.980+0000] {processor.py:925} INFO - DAG(s) 'example_subdag_operator.section-1', 'example_subdag_operator.section-2', 'example_subdag_operator' retrieved from /home/airflow/.local/lib/python3.12/site-packages/airflow/example_dags/example_subdag_operator.py
[2026-08-12T04:42:14.000+0000] {logging_mixin.py:190} INFO - [2026-08-12T04:42:14.000+0000] {dag.py:3211} INFO - Sync 3 DAGs
[2026-08-12T04:42:14.029+0000] {logging_mixin.py:190} INFO - [2026-08-12T04:42:14.029+0000] {dag.py:4138} INFO - Setting next_dagrun for example_subdag_operator to 2022-01-01 00:00:00+00:00, run_after=2022-01-01 00:00:00+00:00
[2026-08-12T04:42:14.035+0000] {logging_mixin.py:190} INFO - [2026-08-12T04:42:14.035+0000] {dag.py:4138} INFO - Setting next_dagrun for example_subdag_operator.section-1 to None, run_after=None
[2026-08-12T04:42:14.038+0000] {logging_mixin.py:190} INFO - [2026-08-12T04:42:14.038+0000] {dag.py:4138} INFO - Setting next_dagrun for example_subdag_operator.section-2 to None, run_after=None
[2026-08-12T04:42:14.048+0000] {logging_mixin.py:190} INFO - [2026-08-12T04:42:14.048+0000] {dag.py:3211} INFO - Sync 2 DAGs
[2026-08-12T04:42:14.056+0000] {logging_mixin.py:190} INFO - [2026-08-12T04:42:14.055+0000] {dag.py:4138} INFO - Setting next_dagrun for example_subdag_operator.section-1 to None, run_after=None
[2026-08-12T04:42:14.057+0000] {logging_mixin.py:190} INFO - [2026-08-12T04:42:14.057+0000] {dag.py:4138} INFO - Setting next_dagrun for example_subdag_operator.section-2 to None, run_after=None
[2026-08-12T04:42:14.072+0000] {processor.py:208} INFO - Processing /home/airflow/.local/lib/python3.12/site-packages/airflow/example_dags/example_subdag_operator.py took 0.136 seconds
[2026-08-12T04:42:44.315+0000] {processor.py:186} INFO - Started process (PID=1273) to work on /home/airflow/.local/lib/python3.12/site-packages/airflow/example_dags/example_subdag_operator.py
[2026-08-12T04:42:44.316+0000] {processor.py:914} INFO - Processing file /home/airflow/.local/lib/python3.12/site-packages/airflow/example_dags/example_subdag_operator.py for tasks to queue
[2026-08-12T04:42:44.319+0000] {logging_mixin.py:190} INFO - [2026-08-12T04:42:44.318+0000] {dagbag.py:587} INFO - Filling up the DagBag from /home/airflow/.local/lib/python3.12/site-packages/airflow/example_dags/example_subdag_operator.py
[2026-08-12T04:42:44.345+0000] {processor.py:925} INFO - DAG(s) 'example_subdag_operator.section-1', 'example_subdag_operator.section-2', 'example_subdag_operator' retrieved from /home/airflow/.local/lib/python3.12/site-packages/airflow/example_dags/example_subdag_operator.py
[2026-08-12T04:42:44.368+0000] {logging_mixin.py:190} INFO - [2026-08-12T04:42:44.367+0000] {dag.py:3211} INFO - Sync 3 DAGs
[2026-08-12T04:42:44.396+0000] {logging_mixin.py:190} INFO - [2026-08-12T04:42:44.395+0000] {dag.py:4138} INFO - Setting next_dagrun for example_subdag_operator to 2022-01-01 00:00:00+00:00, run_after=2022-01-01 00:00:00+00:00
[2026-08-12T04:42:44.401+0000] {logging_mixin.py:190} INFO - [2026-08-12T04:42:44.401+0000] {dag.py:4138} INFO - Setting next_dagrun for example_subdag_operator.section-1 to None, run_after=None
[2026-08-12T04:42:44.404+0000] {logging_mixin.py:190} INFO - [2026-08-12T04:42:44.404+0000] {dag.py:4138} INFO - Setting next_dagrun for example_subdag_operator.section-2 to None, run_after=None
[2026-08-12T04:42:44.414+0000] {logging_mixin.py:190} INFO - [2026-08-12T04:42:44.414+0000] {dag.py:3211} INFO - Sync 2 DAGs
[2026-08-12T04:42:44.423+0000] {logging_mixin.py:190} INFO - [2026-08-12T04:42:44.423+0000] {dag.py:4138} INFO - Setting next_dagrun for example_subdag_operator.section-1 to None, run_after=None
[2026-08-12T04:42:44.425+0000] {logging_mixin.py:190} INFO - [2026-08-12T04:42:44.424+0000] {dag.py:4138} INFO - Setting next_dagrun for example_subdag_operator.section-2 to None, run_after=None
[2026-08-12T04:42:44.442+0000] {processor.py:208} INFO - Processing /home/airflow/.local/lib/python3.12/site-packages/airflow/example_dags/example_subdag_operator.py took 0.132 seconds
[2026-08-12T04:43:14.779+0000] {processor.py:186} INFO - Started process (PID=1335) to work on /home/airflow/.local/lib/python3.12/site-packages/airflow/example_dags/example_subdag_operator.py
[2026-08-12T04:43:14.781+0000] {processor.py:914} INFO - Processing file /home/airflow/.local/lib/python3.12/site-packages/airflow/example_dags/example_subdag_operator.py for tasks to queue
[2026-08-12T04:43:14.785+0000] {logging_mixin.py:190} INFO - [2026-08-12T04:43:14.784+0000] {dagbag.py:587} INFO - Filling up the DagBag from /home/airflow/.local/lib/python3.12/site-packages/airflow/example_dags/example_subdag_operator.py
[2026-08-12T04:43:14.814+0000] {processor.py:925} INFO - DAG(s) 'example_subdag_operator.section-1', 'example_subdag_operator.section-2', 'example_subdag_operator' retrieved from /home/airflow/.local/lib/python3.12/site-packages/airflow/example_dags/example_subdag_operator.py
[2026-08-12T04:43:14.828+0000] {logging_mixin.py:190} INFO - [2026-08-12T04:43:14.828+0000] {dag.py:3211} INFO - Sync 3 DAGs
[2026-08-12T04:43:14.851+0000] {logging_mixin.py:190} INFO - [2026-08-12T04:43:14.851+0000] {dag.py:4138} INFO - Setting next_dagrun for example_subdag_operator to 2022-01-01 00:00:00+00:00, run_after=2022-01-01 00:00:00+00:00
[2026-08-12T04:43:14.856+0000] {logging_mixin.py:190} INFO - [2026-08-12T04:43:14.856+0000] {dag.py:4138} INFO - Setting next_dagrun for example_subdag_operator.section-1 to None, run_after=None
[2026-08-12T04:43:14.859+0000] {logging_mixin.py:190} INFO - [2026-08-12T04:43:14.858+0000] {dag.py:4138} INFO - Setting next_dagrun for example_subdag_operator.section-2 to None, run_after=None
[2026-08-12T04:43:14.868+0000] {logging_mixin.py:190} INFO - [2026-08-12T04:43:14.867+0000] {dag.py:3211} INFO - Sync 2 DAGs
[2026-08-12T04:43:14.875+0000] {logging_mixin.py:190} INFO - [2026-08-12T04:43:14.874+0000] {dag.py:4138} INFO - Setting next_dagrun for example_subdag_operator.section-1 to None, run_after=None
[2026-08-12T04:43:14.876+0000] {logging_mixin.py:190} INFO - [2026-08-12T04:43:14.876+0000] {dag.py:4138} INFO - Setting next_dagrun for example_subdag_operator.section-2 to None, run_after=None
[2026-08-12T04:43:14.890+0000] {processor.py:208} INFO - Processing /home/airflow/.local/lib/python3.12/site-packages/airflow/example_dags/example_subdag_operator.py took 0.118 seconds
[2026-08-12T04:43:45.167+0000] {processor.py:186} INFO - Started process (PID=1397) to work on /home/airflow/.local/lib/python3.12/site-packages/airflow/example_dags/example_subdag_operator.py
[2026-08-12T04:43:45.169+0000] {processor.py:914} INFO - Processing file /home/airflow/.local/lib/python3.12/site-packages/airflow/example_dags/example_subdag_operator.py for tasks to queue
[2026-08-12T04:43:45.174+0000] {logging_mixin.py:190} INFO - [2026-08-12T04:43:45.173+0000] {dagbag.py:587} INFO - Filling up the DagBag from /home/airflow/.local/lib/python3.12/site-packages/airflow/example_dags/example_subdag_operator.py
[2026-08-12T04:43:45.204+0000] {processor.py:925} INFO - DAG(s) 'example_subdag_operator.section-1', 'example_subdag_operator.section-2', 'example_subdag_operator' retrieved from /home/airflow/.local/lib/python3.12/site-packages/airflow/example_dags/example_subdag_operator.py
[2026-08-12T04:43:45.224+0000] {logging_mixin.py:190} INFO - [2026-08-12T04:43:45.223+0000] {dag.py:3211} INFO - Sync 3 DAGs
[2026-08-12T04:43:45.253+0000] {logging_mixin.py:190} INFO - [2026-08-12T04:43:45.253+0000] {dag.py:4138} INFO - Setting next_dagrun for example_subdag_operator to 2022-01-01 00:00:00+00:00, run_after=2022-01-01 00:00:00+00:00
[2026-08-12T04:43:45.259+0000] {logging_mixin.py:190} INFO - [2026-08-12T04:43:45.258+0000] {dag.py:4138} INFO - Setting next_dagrun for example_subdag_operator.section-1 to None, run_after=None
[2026-08-12T04:43:45.262+0000] {logging_mixin.py:190} INFO - [2026-08-12T04:43:45.261+0000] {dag.py:4138} INFO - Setting next_dagrun for example_subdag_operator.section-2 to None, run_after=None
[2026-08-12T04:43:45.272+0000] {logging_mixin.py:190} INFO - [2026-08-12T04:43:45.271+0000] {dag.py:3211} INFO - Sync 2 DAGs
[2026-08-12T04:43:45.280+0000] {logging_mixin.py:190} INFO - [2026-08-12T04:43:45.280+0000] {dag.py:4138} INFO - Setting next_dagrun for example_subdag_operator.section-1 to None, run_after=None
[2026-08-12T04:43:45.281+0000] {logging_mixin.py:190} INFO - [2026-08-12T04:43:45.281+0000] {dag.py:4138} INFO - Setting next_dagrun for example_subdag_operator.section-2 to None, run_after=None
[2026-08-12T04:43:45.297+0000] {processor.py:208} INFO - Processing /home/airflow/.local/lib/python3.12/site-packages/airflow/example_dags/example_subdag_operator.py took 0.139 seconds
[2026-08-12T04:44:15.840+0000] {processor.py:186} INFO - Started process (PID=1459) to work on /home/airflow/.local/lib/python3.12/site-packages/airflow/example_dags/example_subdag_operator.py
[2026-08-12T04:44:15.841+0000] {processor.py:914} INFO - Processing file /home/airflow/.local/lib/python3.12/site-packages/airflow/example_dags/example_subdag_operator.py for tasks to queue
[2026-08-12T04:44:15.845+0000] {logging_mixin.py:190} INFO - [2026-08-12T04:44:15.844+0000] {dagbag.py:587} INFO - Filling up the DagBag from /home/airflow/.local/lib/python3.12/site-packages/airflow/example_dags/example_subdag_operator.py
[2026-08-12T04:44:15.874+0000] {processor.py:925} INFO - DAG(s) 'example_subdag_operator.section-1', 'example_subdag_operator.section-2', 'example_subdag_operator' retrieved from /home/airflow/.local/lib/python3.12/site-packages/airflow/example_dags/example_subdag_operator.py
[2026-08-12T04:44:15.891+0000] {logging_mixin.py:190} INFO - [2026-08-12T04:44:15.891+0000] {dag.py:3211} INFO - Sync 3 DAGs
[2026-08-12T04:44:15.918+0000] {logging_mixin.py:190} INFO - [2026-08-12T04:44:15.918+0000] {dag.py:4138} INFO - Setting next_dagrun for example_subdag_operator to 2022-01-01 00:00:00+00:00, run_after=2022-01-01 00:00:00+00:00
[2026-08-12T04:44:15.925+0000] {logging_mixin.py:190} INFO - [2026-08-12T04:44:15.924+0000] {dag.py:4138} INFO - Setting next_dagrun for example_subdag_operator.section-1 to None, run_after=None
[2026-08-12T04:44:15.927+0000] {logging_mixin.py:190} INFO - [2026-08-12T04:44:15.927+0000] {dag.py:4138} INFO - Setting next_dagrun for example_subdag_operator.section-2 to None, run_after=None
[2026-08-12T04:44:15.936+0000] {logging_mixin.py:190} INFO - [2026-08-12T04:44:15.935+0000] {dag.py:3211} INFO - Sync 2 DAGs
[2026-08-12T04:44:15.942+0000] {logging_mixin.py:190} INFO - [2026-08-12T04:44:15.942+0000] {dag.py:4138} INFO - Setting next_dagrun for example_subdag_operator.section-1 to None, run_after=None
[2026-08-12T04:44:15.943+0000] {logging_mixin.py:190} INFO - [2026-08-12T04:44:15.943+0000] {dag.py:4138} INFO - Setting next_dagrun for example_subdag_operator.section-2 to None, run_after=None
[2026-08-12T04:44:15.957+0000] {processor.py:208} INFO - Processing /home/airflow/.local/lib/python3.12/site-packages/airflow/example_dags/example_subdag_operator.py took 0.124 seconds
[2026-08-12T04:44:46.154+0000] {processor.py:186} INFO - Started process (PID=1522) to work on /home/airflow/.local/lib/python3.12/site-packages/airflow/example_dags/example_subdag_operator.py
[2026-08-12T04:44:46.156+0000] {processor.py:914} INFO - Processing file /home/airflow/.local/lib/python3.12/site-packages/airflow/example_dags/example_subdag_operator.py for tasks to queue
[2026-08-12T04:44:46.160+0000] {logging_mixin.py:190} INFO - [2026-08-12T04:44:46.160+0000] {dagbag.py:587} INFO - Filling up the DagBag from /home/airflow/.local/lib/python3.12/site-packages/airflow/example_dags/example_subdag_operator.py
[2026-08-12T04:44:46.191+0000] {processor.py:925} INFO - DAG(s) 'example_subdag_operator.section-1', 'example_subdag_operator.section-2', 'example_subdag_operator' retrieved from /home/airflow/.local/lib/python3.12/site-packages/airflow/example_dags/example_subdag_operator.py
[2026-08-12T04:44:46.210+0000] {logging_mixin.py:190} INFO - [2026-08-12T04:44:46.210+0000] {dag.py:3211} INFO - Sync 3 DAGs
[2026-08-12T04:44:46.240+0000] {logging_mixin.py:190} INFO - [2026-08-12T04:44:46.239+0000] {dag.py:4138} INFO - Setting next_dagrun for example_subdag_operator to 2022-01-01 00:00:00+00:00, run_after=2022-01-01 00:00:00+00:00
[2026-08-12T04:44:46.245+0000] {logging_mixin.py:190} INFO - [2026-08-12T04:44:46.245+0000] {dag.py:4138} INFO - Setting next_dagrun for example_subdag_operator.section-1 to None, run_after=None
[2026-08-12T04:44:46.247+0000] {logging_mixin.py:190} INFO - [2026-08-12T04:44:46.247+0000] {dag.py:4138} INFO - Setting next_dagrun for example_subdag_operator.section-2 to None, run_after=None
[2026-08-12T04:44:46.259+0000] {logging_mixin.py:190} INFO - [2026-08-12T04:44:46.259+0000] {dag.py:3211} INFO - Sync 2 DAGs
[2026-08-12T04:44:46.266+0000] {logging_mixin.py:190} INFO - [2026-08-12T04:44:46.266+0000] {dag.py:4138} INFO - Setting next_dagrun for example_subdag_operator.section-1 to None, run_after=None
[2026-08-12T04:44:46.268+0000] {logging_mixin.py:190} INFO - [2026-08-12T04:44:46.267+0000] {dag.py:4138} INFO - Setting next_dagrun for example_subdag_operator.section-2 to None, run_after=None
[2026-08-12T04:44:46.282+0000] {processor.py:208} INFO - Processing /home/airflow/.local/lib/python3.12/site-packages/airflow/example_dags/example_subdag_operator.py took 0.135 seconds
[2026-08-12T04:45:16.638+0000] {processor.py:186} INFO - Started process (PID=1584) to work on /home/airflow/.local/lib/python3.12/site-packages/airflow/example_dags/example_subdag_operator.py
[2026-08-12T04:45:16.640+0000] {processor.py:914} INFO - Processing file /home/airflow/.local/lib/python3.12/site-packages/airflow/example_dags/example_subdag_operator.py for tasks to queue
[2026-08-12T04:45:16.644+0000] {logging_mixin.py:190} INFO - [2026-08-12T04:45:16.644+0000] {dagbag.py:587} INFO - Filling up the DagBag from /home/airflow/.local/lib/python3.12/site-packages/airflow/example_dags/example_subdag_operator.py
[2026-08-12T04:45:16.675+0000] {processor.py:925} INFO - DAG(s) 'example_subdag_operator.section-1', 'example_subdag_operator.section-2', 'example_subdag_operator' retrieved from /home/airflow/.local/lib/python3.12/site-packages/airflow/example_dags/example_subdag_operator.py
[2026-08-12T04:45:16.697+0000] {logging_mixin.py:190} INFO - [2026-08-12T04:45:16.696+0000] {dag.py:3211} INFO - Sync 3 DAGs
[2026-08-12T04:45:16.720+0000] {logging_mixin.py:190} INFO - [2026-08-12T04:45:16.719+0000] {dag.py:4138} INFO - Setting next_dagrun for example_subdag_operator to 2022-01-01 00:00:00+00:00, run_after=2022-01-01 00:00:00+00:00
[2026-08-12T04:45:16.724+0000] {logging_mixin.py:190} INFO - [2026-08-12T04:45:16.724+0000] {dag.py:4138} INFO - Setting next_dagrun for example_subdag_operator.section-1 to None, run_after=None
[2026-08-12T04:45:16.726+0000] {logging_mixin.py:190} INFO - [2026-08-12T04:45:16.726+0000] {dag.py:4138} INFO - Setting next_dagrun for example_subdag_operator.section-2 to None, run_after=None
[2026-08-12T04:45:16.734+0000] {logging_mixin.py:190} INFO - [2026-08-12T04:45:16.734+0000] {dag.py:3211} INFO - Sync 2 DAGs
[2026-08-12T04:45:16.740+0000] {logging_mixin.py:190} INFO - [2026-08-12T04:45:16.740+0000] {dag.py:4138} INFO - Setting next_dagrun for example_subdag_operator.section-1 to None, run_after=None
[2026-08-12T04:45:16.741+0000] {logging_mixin.py:190} INFO - [2026-08-12T04:45:16.741+0000] {dag.py:4138} INFO - Setting next_dagrun for example_subdag_operator.section-2 to None, run_after=None
[2026-08-12T04:45:16.753+0000] {processor.py:208} INFO - Processing /home/airflow/.local/lib/python3.12/site-packages/airflow/example_dags/example_subdag_operator.py took 0.121 seconds
[2026-08-12T04:45:47.304+0000] {processor.py:186} INFO - Started process (PID=1646) to work on /home/airflow/.local/lib/python3.12/site-packages/airflow/example_dags/example_subdag_operator.py
[2026-08-12T04:45:47.306+0000] {processor.py:914} INFO - Processing file /home/airflow/.local/lib/python3.12/site-packages/airflow/example_dags/example_subdag_operator.py for tasks to queue
[2026-08-12T04:45:47.310+0000] {logging_mixin.py:190} INFO - [2026-08-12T04:45:47.309+0000] {dagbag.py:587} INFO - Filling up the DagBag from /home/airflow/.local/lib/python3.12/site-packages/airflow/example_dags/example_subdag_operator.py
[2026-08-12T04:45:47.345+0000] {processor.py:925} INFO - DAG(s) 'example_subdag_operator.section-1', 'example_subdag_operator.section-2', 'example_subdag_operator' retrieved from /home/airflow/.local/lib/python3.12/site-packages/airflow/example_dags/example_subdag_operator.py
[2026-08-12T04:45:47.371+0000] {logging_mixin.py:190} INFO - [2026-08-12T04:45:47.371+0000] {dag.py:3211} INFO - Sync 3 DAGs
[2026-08-12T04:45:47.407+0000] {logging_mixin.py:190} INFO - [2026-08-12T04:45:47.406+0000] {dag.py:4138} INFO - Setting next_dagrun for example_subdag_operator to 2022-01-01 00:00:00+00:00, run_after=2022-01-01 00:00:00+00:00
[2026-08-12T04:45:47.413+0000] {logging_mixin.py:190} INFO - [2026-08-12T04:45:47.413+0000] {dag.py:4138} INFO - Setting next_dagrun for example_subdag_operator.section-1 to None, run_after=None
[2026-08-12T04:45:47.417+0000] {logging_mixin.py:190} INFO - [2026-08-12T04:45:47.416+0000] {dag.py:4138} INFO - Setting next_dagrun for example_subdag_operator.section-2 to None, run_after=None
[2026-08-12T04:45:47.435+0000] {logging_mixin.py:190} INFO - [2026-08-12T04:45:47.435+0000] {dag.py:3211} INFO - Sync 2 DAGs
[2026-08-12T04:45:47.444+0000] {logging_mixin.py:190} INFO - [2026-08-12T04:45:47.443+0000] {dag.py:4138} INFO - Setting next_dagrun for example_subdag_operator.section-1 to None, run_after=None
[2026-08-12T04:45:47.445+0000] {logging_mixin.py:190} INFO - [2026-08-12T04:45:47.445+0000] {dag.py:4138} INFO - Setting next_dagrun for example_subdag_operator.section-2 to None, run_after=None
[2026-08-12T04:45:47.464+0000] {processor.py:208} INFO - Processing /home/airflow/.local/lib/python3.12/site-packages/airflow/example_dags/example_subdag_operator.py took 0.166 seconds
[2026-08-12T04:46:17.962+0000] {processor.py:186} INFO - Started process (PID=1708) to work on /home/airflow/.local/lib/python3.12/site-packages/airflow/example_dags/example_subdag_operator.py
[2026-08-12T04:46:17.963+0000] {processor.py:914} INFO - Processing file /home/airflow/.local/lib/python3.12/site-packages/airflow/example_dags/example_subdag_operator.py for tasks to queue
[2026-08-12T04:46:17.967+0000] {logging_mixin.py:190} INFO - [2026-08-12T04:46:17.966+0000] {dagbag.py:587} INFO - Filling up the DagBag from /home/airflow/.local/lib/python3.12/site-packages/airflow/example_dags/example_subdag_operator.py
[2026-08-12T04:46:18.011+0000] {processor.py:925} INFO - DAG(s) 'example_subdag_operator.section-1', 'example_subdag_operator.section-2', 'example_subdag_operator' retrieved from /home/airflow/.local/lib/python3.12/site-packages/airflow/example_dags/example_subdag_operator.py
[2026-08-12T04:46:18.032+0000] {logging_mixin.py:190} INFO - [2026-08-12T04:46:18.031+0000] {dag.py:3211} INFO - Sync 3 DAGs
[2026-08-12T04:46:18.062+0000] {logging_mixin.py:190} INFO - [2026-08-12T04:46:18.062+0000] {dag.py:4138} INFO - Setting next_dagrun for example_subdag_operator to 2022-01-01 00:00:00+00:00, run_after=2022-01-01 00:00:00+00:00
[2026-08-12T04:46:18.071+0000] {logging_mixin.py:190} INFO - [2026-08-12T04:46:18.070+0000] {dag.py:4138} INFO - Setting next_dagrun for example_subdag_operator.section-1 to None, run_after=None
[2026-08-12T04:46:18.075+0000] {logging_mixin.py:190} INFO - [2026-08-12T04:46:18.074+0000] {dag.py:4138} INFO - Setting next_dagrun for example_subdag_operator.section-2 to None, run_after=None
[2026-08-12T04:46:18.087+0000] {logging_mixin.py:190} INFO - [2026-08-12T04:46:18.087+0000] {dag.py:3211} INFO - Sync 2 DAGs
[2026-08-12T04:46:18.097+0000] {logging_mixin.py:190} INFO - [2026-08-12T04:46:18.097+0000] {dag.py:4138} INFO - Setting next_dagrun for example_subdag_operator.section-1 to None, run_after=None
[2026-08-12T04:46:18.098+0000] {logging_mixin.py:190} INFO - [2026-08-12T04:46:18.098+0000] {dag.py:4138} INFO - Setting next_dagrun for example_subdag_operator.section-2 to None, run_after=None
[2026-08-12T04:46:18.113+0000] {processor.py:208} INFO - Processing /home/airflow/.local/lib/python3.12/site-packages/airflow/example_dags/example_subdag_operator.py took 0.158 seconds
[2026-08-12T04:46:48.537+0000] {processor.py:186} INFO - Started process (PID=1770) to work on /home/airflow/.local/lib/python3.12/site-packages/airflow/example_dags/example_subdag_operator.py
[2026-08-12T04:46:48.538+0000] {processor.py:914} INFO - Processing file /home/airflow/.local/lib/python3.12/site-packages/airflow/example_dags/example_subdag_operator.py for tasks to queue
[2026-08-12T04:46:48.541+0000] {logging_mixin.py:190} INFO - [2026-08-12T04:46:48.540+0000] {dagbag.py:587} INFO - Filling up the DagBag from /home/airflow/.local/lib/python3.12/site-packages/airflow/example_dags/example_subdag_operator.py
[2026-08-12T04:46:48.566+0000] {processor.py:925} INFO - DAG(s) 'example_subdag_operator.section-1', 'example_subdag_operator.section-2', 'example_subdag_operator' retrieved from /home/airflow/.local/lib/python3.12/site-packages/airflow/example_dags/example_subdag_operator.py
[2026-08-12T04:46:48.581+0000] {logging_mixin.py:190} INFO - [2026-08-12T04:46:48.581+0000] {dag.py:3211} INFO - Sync 3 DAGs
[2026-08-12T04:46:48.603+0000] {logging_mixin.py:190} INFO - [2026-08-12T04:46:48.603+0000] {dag.py:4138} INFO - Setting next_dagrun for example_subdag_operator to 2022-01-01 00:00:00+00:00, run_after=2022-01-01 00:00:00+00:00
[2026-08-12T04:46:48.608+0000] {logging_mixin.py:190} INFO - [2026-08-12T04:46:48.608+0000] {dag.py:4138} INFO - Setting next_dagrun for example_subdag_operator.section-1 to None, run_after=None
[2026-08-12T04:46:48.610+0000] {logging_mixin.py:190} INFO - [2026-08-12T04:46:48.610+0000] {dag.py:4138} INFO - Setting next_dagrun for example_subdag_operator.section-2 to None, run_after=None
[2026-08-12T04:46:48.618+0000] {logging_mixin.py:190} INFO - [2026-08-12T04:46:48.618+0000] {dag.py:3211} INFO - Sync 2 DAGs
[2026-08-12T04:46:48.623+0000] {logging_mixin.py:190} INFO - [2026-08-12T04:46:48.623+0000] {dag.py:4138} INFO - Setting next_dagrun for example_subdag_operator.section-1 to None, run_after=None
[2026-08-12T04:46:48.625+0000] {logging_mixin.py:190} INFO - [2026-08-12T04:46:48.625+0000] {dag.py:4138} INFO - Setting next_dagrun for example_subdag_operator.section-2 to None, run_after=None
[2026-08-12T04:46:48.639+0000] {processor.py:208} INFO - Processing /home/airflow/.local/lib/python3.12/site-packages/airflow/example_dags/example_subdag_operator.py took 0.107 seconds
[2026-08-12T04:47:19.117+0000] {processor.py:186} INFO - Started process (PID=1832) to work on /home/airflow/.local/lib/python3.12/site-packages/airflow/example_dags/example_subdag_operator.py
[2026-08-12T04:47:19.119+0000] {processor.py:914} INFO - Processing file /home/airflow/.local/lib/python3.12/site-packages/airflow/example_dags/example_subdag_operator.py for tasks to queue
[2026-08-12T04:47:19.123+0000] {logging_mixin.py:190} INFO - [2026-08-12T04:47:19.122+0000] {dagbag.py:587} INFO - Filling up the DagBag from /home/airflow/.local/lib/python3.12/site-packages/airflow/example_dags/example_subdag_operator.py
[2026-08-12T04:47:19.147+0000] {processor.py:925} INFO - DAG(s) 'example_subdag_operator.section-1', 'example_subdag_operator.section-2', 'example_subdag_operator' retrieved from /home/airflow/.local/lib/python3.12/site-packages/airflow/example_dags/example_subdag_operator.py
[2026-08-12T04:47:19.161+0000] {logging_mixin.py:190} INFO - [2026-08-12T04:47:19.161+0000] {dag.py:3211} INFO - Sync 3 DAGs
[2026-08-12T04:47:19.183+0000] {logging_mixin.py:190} INFO - [2026-08-12T04:47:19.183+0000] {dag.py:4138} INFO - Setting next_dagrun for example_subdag_operator to 2022-01-01 00:00:00+00:00, run_after=2022-01-01 00:00:00+00:00
[2026-08-12T04:47:19.188+0000] {logging_mixin.py:190} INFO - [2026-08-12T04:47:19.187+0000] {dag.py:4138} INFO - Setting next_dagrun for example_subdag_operator.section-1 to None, run_after=None
[2026-08-12T04:47:19.190+0000] {logging_mixin.py:190} INFO - [2026-08-12T04:47:19.190+0000] {dag.py:4138} INFO - Setting next_dagrun for example_subdag_operator.section-2 to None, run_after=None
[2026-08-12T04:47:19.197+0000] {logging_mixin.py:190} INFO - [2026-08-12T04:47:19.197+0000] {dag.py:3211} INFO - Sync 2 DAGs
[2026-08-12T04:47:19.202+0000] {logging_mixin.py:190} INFO - [2026-08-12T04:47:19.202+0000] {dag.py:4138} INFO - Setting next_dagrun for example_subdag_operator.section-1 to None, run_after=None
[2026-08-12T04:47:19.204+0000] {logging_mixin.py:190} INFO - [2026-08-12T04:47:19.203+0000] {dag.py:4138} INFO - Setting next_dagrun for example_subdag_operator.section-2 to None, run_after=None
[2026-08-12T04:47:19.216+0000] {processor.py:208} INFO - Processing /home/airflow/.local/lib/python3.12/site-packages/airflow/example_dags/example_subdag_operator.py took 0.104 seconds
[2026-08-12T04:47:50.046+0000] {processor.py:186} INFO - Started process (PID=1894) to work on /home/airflow/.local/lib/python3.12/site-packages/airflow/example_dags/example_subdag_operator.py
[2026-08-12T04:47:50.047+0000] {processor.py:914} INFO - Processing file /home/airflow/.local/lib/python3.12/site-packages/airflow/example_dags/example_subdag_operator.py for tasks to queue
[2026-08-12T04:47:50.050+0000] {logging_mixin.py:190} INFO - [2026-08-12T04:47:50.050+0000] {dagbag.py:587} INFO - Filling up the DagBag from /home/airflow/.local/lib/python3.12/site-packages/airflow/example_dags/example_subdag_operator.py
[2026-08-12T04:47:50.075+0000] {processor.py:925} INFO - DAG(s) 'example_subdag_operator.section-1', 'example_subdag_operator.section-2', 'example_subdag_operator' retrieved from /home/airflow/.local/lib/python3.12/site-packages/airflow/example_dags/example_subdag_operator.py
[2026-08-12T04:47:50.089+0000] {logging_mixin.py:190} INFO - [2026-08-12T04:47:50.089+0000] {dag.py:3211} INFO - Sync 3 DAGs
[2026-08-12T04:47:50.111+0000] {logging_mixin.py:190} INFO - [2026-08-12T04:47:50.111+0000] {dag.py:4138} INFO - Setting next_dagrun for example_subdag_operator to 2022-01-01 00:00:00+00:00, run_after=2022-01-01 00:00:00+00:00
[2026-08-12T04:47:50.116+0000] {logging_mixin.py:190} INFO - [2026-08-12T04:47:50.116+0000] {dag.py:4138} INFO - Setting next_dagrun for example_subdag_operator.section-1 to None, run_after=None
[2026-08-12T04:47:50.119+0000] {logging_mixin.py:190} INFO - [2026-08-12T04:47:50.119+0000] {dag.py:4138} INFO - Setting next_dagrun for example_subdag_operator.section-2 to None, run_after=None
[2026-08-12T04:47:50.127+0000] {logging_mixin.py:190} INFO - [2026-08-12T04:47:50.127+0000] {dag.py:3211} INFO - Sync 2 DAGs
[2026-08-12T04:47:50.134+0000] {logging_mixin.py:190} INFO - [2026-08-12T04:47:50.134+0000] {dag.py:4138} INFO - Setting next_dagrun for example_subdag_operator.section-1 to None, run_after=None
[2026-08-12T04:47:50.136+0000] {logging_mixin.py:190} INFO - [2026-08-12T04:47:50.135+0000] {dag.py:4138} INFO - Setting next_dagrun for example_subdag_operator.section-2 to None, run_after=None
[2026-08-12T04:47:50.149+0000] {processor.py:208} INFO - Processing /home/airflow/.local/lib/python3.12/site-packages/airflow/example_dags/example_subdag_operator.py took 0.108 seconds
[2026-08-12T04:48:21.123+0000] {processor.py:186} INFO - Started process (PID=1957) to work on /home/airflow/.local/lib/python3.12/site-packages/airflow/example_dags/example_subdag_operator.py
[2026-08-12T04:48:21.132+0000] {processor.py:914} INFO - Processing file /home/airflow/.local/lib/python3.12/site-packages/airflow/example_dags/example_subdag_operator.py for tasks to queue
[2026-08-12T04:48:21.137+0000] {logging_mixin.py:190} INFO - [2026-08-12T04:48:21.136+0000] {dagbag.py:587} INFO - Filling up the DagBag from /home/airflow/.local/lib/python3.12/site-packages/airflow/example_dags/example_subdag_operator.py
[2026-08-12T04:48:21.207+0000] {processor.py:925} INFO - DAG(s) 'example_subdag_operator.section-1', 'example_subdag_operator.section-2', 'example_subdag_operator' retrieved from /home/airflow/.local/lib/python3.12/site-packages/airflow/example_dags/example_subdag_operator.py
[2026-08-12T04:48:21.259+0000] {logging_mixin.py:190} INFO - [2026-08-12T04:48:21.259+0000] {dag.py:3211} INFO - Sync 3 DAGs
[2026-08-12T04:48:21.328+0000] {logging_mixin.py:190} INFO - [2026-08-12T04:48:21.328+0000] {dag.py:4138} INFO - Setting next_dagrun for example_subdag_operator to 2022-01-01 00:00:00+00:00, run_after=2022-01-01 00:00:00+00:00
[2026-08-12T04:48:21.359+0000] {logging_mixin.py:190} INFO - [2026-08-12T04:48:21.359+0000] {dag.py:4138} INFO - Setting next_dagrun for example_subdag_operator.section-1 to None, run_after=None
[2026-08-12T04:48:21.375+0000] {logging_mixin.py:190} INFO - [2026-08-12T04:48:21.374+0000] {dag.py:4138} INFO - Setting next_dagrun for example_subdag_operator.section-2 to None, run_after=None
[2026-08-12T04:48:21.399+0000] {logging_mixin.py:190} INFO - [2026-08-12T04:48:21.398+0000] {dag.py:3211} INFO - Sync 2 DAGs
[2026-08-12T04:48:21.414+0000] {logging_mixin.py:190} INFO - [2026-08-12T04:48:21.413+0000] {dag.py:4138} INFO - Setting next_dagrun for example_subdag_operator.section-1 to None, run_after=None
[2026-08-12T04:48:21.424+0000] {logging_mixin.py:190} INFO - [2026-08-12T04:48:21.423+0000] {dag.py:4138} INFO - Setting next_dagrun for example_subdag_operator.section-2 to None, run_after=None
[2026-08-12T04:48:21.456+0000] {processor.py:208} INFO - Processing /home/airflow/.local/lib/python3.12/site-packages/airflow/example_dags/example_subdag_operator.py took 0.342 seconds
[2026-08-12T04:48:51.530+0000] {processor.py:186} INFO - Started process (PID=2020) to work on /home/airflow/.local/lib/python3.12/site-packages/airflow/example_dags/example_subdag_operator.py
[2026-08-12T04:48:51.532+0000] {processor.py:914} INFO - Processing file /home/airflow/.local/lib/python3.12/site-packages/airflow/example_dags/example_subdag_operator.py for tasks to queue
[2026-08-12T04:48:51.535+0000] {logging_mixin.py:190} INFO - [2026-08-12T04:48:51.534+0000] {dagbag.py:587} INFO - Filling up the DagBag from /home/airflow/.local/lib/python3.12/site-packages/airflow/example_dags/example_subdag_operator.py
[2026-08-12T04:48:51.561+0000] {processor.py:925} INFO - DAG(s) 'example_subdag_operator.section-1', 'example_subdag_operator.section-2', 'example_subdag_operator' retrieved from /home/airflow/.local/lib/python3.12/site-packages/airflow/example_dags/example_subdag_operator.py
[2026-08-12T04:48:51.575+0000] {logging_mixin.py:190} INFO - [2026-08-12T04:48:51.575+0000] {dag.py:3211} INFO - Sync 3 DAGs
[2026-08-12T04:48:51.610+0000] {logging_mixin.py:190} INFO - [2026-08-12T04:48:51.609+0000] {dag.py:4138} INFO - Setting next_dagrun for example_subdag_operator to 2022-01-01 00:00:00+00:00, run_after=2022-01-01 00:00:00+00:00
[2026-08-12T04:48:51.614+0000] {logging_mixin.py:190} INFO - [2026-08-12T04:48:51.614+0000] {dag.py:4138} INFO - Setting next_dagrun for example_subdag_operator.section-1 to None, run_after=None
[2026-08-12T04:48:51.616+0000] {logging_mixin.py:190} INFO - [2026-08-12T04:48:51.616+0000] {dag.py:4138} INFO - Setting next_dagrun for example_subdag_operator.section-2 to None, run_after=None
[2026-08-12T04:48:51.623+0000] {logging_mixin.py:190} INFO - [2026-08-12T04:48:51.623+0000] {dag.py:3211} INFO - Sync 2 DAGs
[2026-08-12T04:48:51.629+0000] {logging_mixin.py:190} INFO - [2026-08-12T04:48:51.628+0000] {dag.py:4138} INFO - Setting next_dagrun for example_subdag_operator.section-1 to None, run_after=None
[2026-08-12T04:48:51.630+0000] {logging_mixin.py:190} INFO - [2026-08-12T04:48:51.630+0000] {dag.py:4138} INFO - Setting next_dagrun for example_subdag_operator.section-2 to None, run_after=None
[2026-08-12T04:48:51.642+0000] {processor.py:208} INFO - Processing /home/airflow/.local/lib/python3.12/site-packages/airflow/example_dags/example_subdag_operator.py took 0.118 seconds
