[2026-08-12T04:30:43.658+0000] {processor.py:186} INFO - Started process (PID=66) to work on /home/airflow/.local/lib/python3.12/site-packages/airflow/example_dags/example_xcom.py
[2026-08-12T04:30:43.662+0000] {processor.py:914} INFO - Processing file /home/airflow/.local/lib/python3.12/site-packages/airflow/example_dags/example_xcom.py for tasks to queue
[2026-08-12T04:30:43.670+0000] {logging_mixin.py:190} INFO - [2026-08-12T04:30:43.669+0000] {dagbag.py:587} INFO - Filling up the DagBag from /home/airflow/.local/lib/python3.12/site-packages/airflow/example_dags/example_xcom.py
[2026-08-12T04:30:43.708+0000] {processor.py:925} INFO - DAG(s) 'example_xcom' retrieved from /home/airflow/.local/lib/python3.12/site-packages/airflow/example_dags/example_xcom.py
[2026-08-12T04:30:44.253+0000] {logging_mixin.py:190} INFO - [2026-08-12T04:30:44.251+0000] {override.py:1858} INFO - Created Permission View: can edit on DAG:example_xcom
[2026-08-12T04:30:44.277+0000] {logging_mixin.py:190} INFO - [2026-08-12T04:30:44.276+0000] {override.py:1858} INFO - Created Permission View: can delete on DAG:example_xcom
[2026-08-12T04:30:44.289+0000] {logging_mixin.py:190} INFO - [2026-08-12T04:30:44.288+0000] {override.py:1858} INFO - Created Permission View: can read on DAG:example_xcom
[2026-08-12T04:30:44.292+0000] {logging_mixin.py:190} INFO - [2026-08-12T04:30:44.291+0000] {dag.py:3211} INFO - Sync 1 DAGs
[2026-08-12T04:30:44.316+0000] {logging_mixin.py:190} INFO - [2026-08-12T04:30:44.316+0000] {dag.py:3234} INFO - Creating ORM DAG for example_xcom
[2026-08-12T04:30:44.336+0000] {logging_mixin.py:190} INFO - [2026-08-12T04:30:44.335+0000] {dag.py:4138} INFO - Setting next_dagrun for example_xcom to 2021-01-01 00:00:00+00:00, run_after=2021-01-01 00:00:00+00:00
[2026-08-12T04:30:44.367+0000] {processor.py:208} INFO - Processing /home/airflow/.local/lib/python3.12/site-packages/airflow/example_dags/example_xcom.py took 0.727 seconds
[2026-08-12T04:31:14.455+0000] {processor.py:186} INFO - Started process (PID=129) to work on /home/airflow/.local/lib/python3.12/site-packages/airflow/example_dags/example_xcom.py
[2026-08-12T04:31:14.457+0000] {processor.py:914} INFO - Processing file /home/airflow/.local/lib/python3.12/site-packages/airflow/example_dags/example_xcom.py for tasks to queue
[2026-08-12T04:31:14.462+0000] {logging_mixin.py:190} INFO - [2026-08-12T04:31:14.461+0000] {dagbag.py:587} INFO - Filling up the DagBag from /home/airflow/.local/lib/python3.12/site-packages/airflow/example_dags/example_xcom.py
[2026-08-12T04:31:14.476+0000] {processor.py:925} INFO - DAG(s) 'example_xcom' retrieved from /home/airflow/.local/lib/python3.12/site-packages/airflow/example_dags/example_xcom.py
[2026-08-12T04:31:14.514+0000] {logging_mixin.py:190} INFO - [2026-08-12T04:31:14.514+0000] {dag.py:3211} INFO - Sync 1 DAGs
[2026-08-12T04:31:14.559+0000] {logging_mixin.py:190} INFO - [2026-08-12T04:31:14.559+0000] {dag.py:4138} INFO - Setting next_dagrun for example_xcom to 2021-01-01 00:00:00+00:00, run_after=2021-01-01 00:00:00+00:00
[2026-08-12T04:31:14.588+0000] {processor.py:208} INFO - Processing /home/airflow/.local/lib/python3.12/site-packages/airflow/example_dags/example_xcom.py took 0.142 seconds
[2026-08-12T04:31:44.621+0000] {processor.py:186} INFO - Started process (PID=191) to work on /home/airflow/.local/lib/python3.12/site-packages/airflow/example_dags/example_xcom.py
[2026-08-12T04:31:44.623+0000] {processor.py:914} INFO - Processing file /home/airflow/.local/lib/python3.12/site-packages/airflow/example_dags/example_xcom.py for tasks to queue
[2026-08-12T04:31:44.625+0000] {logging_mixin.py:190} INFO - [2026-08-12T04:31:44.625+0000] {dagbag.py:587} INFO - Filling up the DagBag from /home/airflow/.local/lib/python3.12/site-packages/airflow/example_dags/example_xcom.py
[2026-08-12T04:31:44.634+0000] {processor.py:925} INFO - DAG(s) 'example_xcom' retrieved from /home/airflow/.local/lib/python3.12/site-packages/airflow/example_dags/example_xcom.py
[2026-08-12T04:31:44.659+0000] {logging_mixin.py:190} INFO - [2026-08-12T04:31:44.658+0000] {dag.py:3211} INFO - Sync 1 DAGs
[2026-08-12T04:31:44.684+0000] {logging_mixin.py:190} INFO - [2026-08-12T04:31:44.684+0000] {dag.py:4138} INFO - Setting next_dagrun for example_xcom to 2021-01-01 00:00:00+00:00, run_after=2021-01-01 00:00:00+00:00
[2026-08-12T04:31:44.707+0000] {processor.py:208} INFO - Processing /home/airflow/.local/lib/python3.12/site-packages/airflow/example_dags/example_xcom.py took 0.091 seconds
[2026-08-12T04:32:59.112+0000] {processor.py:186} INFO - Started process (PID=56) to work on /home/airflow/.local/lib/python3.12/site-packages/airflow/example_dags/example_xcom.py
[2026-08-12T04:32:59.115+0000] {processor.py:914} INFO - Processing file /home/airflow/.local/lib/python3.12/site-packages/airflow/example_dags/example_xcom.py for tasks to queue
[2026-08-12T04:32:59.123+0000] {logging_mixin.py:190} INFO - [2026-08-12T04:32:59.122+0000] {dagbag.py:587} INFO - Filling up the DagBag from /home/airflow/.local/lib/python3.12/site-packages/airflow/example_dags/example_xcom.py
[2026-08-12T04:32:59.151+0000] {processor.py:925} INFO - DAG(s) 'example_xcom' retrieved from /home/airflow/.local/lib/python3.12/site-packages/airflow/example_dags/example_xcom.py
[2026-08-12T04:32:59.248+0000] {logging_mixin.py:190} INFO - [2026-08-12T04:32:59.247+0000] {dag.py:3211} INFO - Sync 1 DAGs
[2026-08-12T04:32:59.290+0000] {logging_mixin.py:190} INFO - [2026-08-12T04:32:59.290+0000] {dag.py:4138} INFO - Setting next_dagrun for example_xcom to 2021-01-01 00:00:00+00:00, run_after=2021-01-01 00:00:00+00:00
[2026-08-12T04:32:59.331+0000] {processor.py:208} INFO - Processing /home/airflow/.local/lib/python3.12/site-packages/airflow/example_dags/example_xcom.py took 0.233 seconds
[2026-08-12T04:33:29.533+0000] {processor.py:186} INFO - Started process (PID=120) to work on /home/airflow/.local/lib/python3.12/site-packages/airflow/example_dags/example_xcom.py
[2026-08-12T04:33:29.535+0000] {processor.py:914} INFO - Processing file /home/airflow/.local/lib/python3.12/site-packages/airflow/example_dags/example_xcom.py for tasks to queue
[2026-08-12T04:33:29.539+0000] {logging_mixin.py:190} INFO - [2026-08-12T04:33:29.538+0000] {dagbag.py:587} INFO - Filling up the DagBag from /home/airflow/.local/lib/python3.12/site-packages/airflow/example_dags/example_xcom.py
[2026-08-12T04:33:29.550+0000] {processor.py:925} INFO - DAG(s) 'example_xcom' retrieved from /home/airflow/.local/lib/python3.12/site-packages/airflow/example_dags/example_xcom.py
[2026-08-12T04:33:29.576+0000] {logging_mixin.py:190} INFO - [2026-08-12T04:33:29.576+0000] {dag.py:3211} INFO - Sync 1 DAGs
[2026-08-12T04:33:29.600+0000] {logging_mixin.py:190} INFO - [2026-08-12T04:33:29.600+0000] {dag.py:4138} INFO - Setting next_dagrun for example_xcom to 2021-01-01 00:00:00+00:00, run_after=2021-01-01 00:00:00+00:00
[2026-08-12T04:33:29.635+0000] {processor.py:208} INFO - Processing /home/airflow/.local/lib/python3.12/site-packages/airflow/example_dags/example_xcom.py took 0.109 seconds
[2026-08-12T04:33:59.729+0000] {processor.py:186} INFO - Started process (PID=181) to work on /home/airflow/.local/lib/python3.12/site-packages/airflow/example_dags/example_xcom.py
[2026-08-12T04:33:59.733+0000] {processor.py:914} INFO - Processing file /home/airflow/.local/lib/python3.12/site-packages/airflow/example_dags/example_xcom.py for tasks to queue
[2026-08-12T04:33:59.752+0000] {logging_mixin.py:190} INFO - [2026-08-12T04:33:59.752+0000] {dagbag.py:587} INFO - Filling up the DagBag from /home/airflow/.local/lib/python3.12/site-packages/airflow/example_dags/example_xcom.py
[2026-08-12T04:33:59.777+0000] {processor.py:925} INFO - DAG(s) 'example_xcom' retrieved from /home/airflow/.local/lib/python3.12/site-packages/airflow/example_dags/example_xcom.py
[2026-08-12T04:33:59.818+0000] {logging_mixin.py:190} INFO - [2026-08-12T04:33:59.817+0000] {dag.py:3211} INFO - Sync 1 DAGs
[2026-08-12T04:33:59.861+0000] {logging_mixin.py:190} INFO - [2026-08-12T04:33:59.861+0000] {dag.py:4138} INFO - Setting next_dagrun for example_xcom to 2021-01-01 00:00:00+00:00, run_after=2021-01-01 00:00:00+00:00
[2026-08-12T04:33:59.892+0000] {processor.py:208} INFO - Processing /home/airflow/.local/lib/python3.12/site-packages/airflow/example_dags/example_xcom.py took 0.176 seconds
[2026-08-12T04:34:30.324+0000] {processor.py:186} INFO - Started process (PID=249) to work on /home/airflow/.local/lib/python3.12/site-packages/airflow/example_dags/example_xcom.py
[2026-08-12T04:34:30.327+0000] {processor.py:914} INFO - Processing file /home/airflow/.local/lib/python3.12/site-packages/airflow/example_dags/example_xcom.py for tasks to queue
[2026-08-12T04:34:30.332+0000] {logging_mixin.py:190} INFO - [2026-08-12T04:34:30.332+0000] {dagbag.py:587} INFO - Filling up the DagBag from /home/airflow/.local/lib/python3.12/site-packages/airflow/example_dags/example_xcom.py
[2026-08-12T04:34:30.348+0000] {processor.py:925} INFO - DAG(s) 'example_xcom' retrieved from /home/airflow/.local/lib/python3.12/site-packages/airflow/example_dags/example_xcom.py
[2026-08-12T04:34:30.379+0000] {logging_mixin.py:190} INFO - [2026-08-12T04:34:30.379+0000] {dag.py:3211} INFO - Sync 1 DAGs
[2026-08-12T04:34:30.411+0000] {logging_mixin.py:190} INFO - [2026-08-12T04:34:30.411+0000] {dag.py:4138} INFO - Setting next_dagrun for example_xcom to 2021-01-01 00:00:00+00:00, run_after=2021-01-01 00:00:00+00:00
[2026-08-12T04:34:30.435+0000] {processor.py:208} INFO - Processing /home/airflow/.local/lib/python3.12/site-packages/airflow/example_dags/example_xcom.py took 0.123 seconds
[2026-08-12T04:35:00.563+0000] {processor.py:186} INFO - Started process (PID=311) to work on /home/airflow/.local/lib/python3.12/site-packages/airflow/example_dags/example_xcom.py
[2026-08-12T04:35:00.565+0000] {processor.py:914} INFO - Processing file /home/airflow/.local/lib/python3.12/site-packages/airflow/example_dags/example_xcom.py for tasks to queue
[2026-08-12T04:35:00.570+0000] {logging_mixin.py:190} INFO - [2026-08-12T04:35:00.569+0000] {dagbag.py:587} INFO - Filling up the DagBag from /home/airflow/.local/lib/python3.12/site-packages/airflow/example_dags/example_xcom.py
[2026-08-12T04:35:00.581+0000] {processor.py:925} INFO - DAG(s) 'example_xcom' retrieved from /home/airflow/.local/lib/python3.12/site-packages/airflow/example_dags/example_xcom.py
[2026-08-12T04:35:00.603+0000] {logging_mixin.py:190} INFO - [2026-08-12T04:35:00.603+0000] {dag.py:3211} INFO - Sync 1 DAGs
[2026-08-12T04:35:00.626+0000] {logging_mixin.py:190} INFO - [2026-08-12T04:35:00.626+0000] {dag.py:4138} INFO - Setting next_dagrun for example_xcom to 2021-01-01 00:00:00+00:00, run_after=2021-01-01 00:00:00+00:00
[2026-08-12T04:35:00.653+0000] {processor.py:208} INFO - Processing /home/airflow/.local/lib/python3.12/site-packages/airflow/example_dags/example_xcom.py took 0.098 seconds
[2026-08-12T04:35:30.981+0000] {processor.py:186} INFO - Started process (PID=373) to work on /home/airflow/.local/lib/python3.12/site-packages/airflow/example_dags/example_xcom.py
[2026-08-12T04:35:30.984+0000] {processor.py:914} INFO - Processing file /home/airflow/.local/lib/python3.12/site-packages/airflow/example_dags/example_xcom.py for tasks to queue
[2026-08-12T04:35:30.988+0000] {logging_mixin.py:190} INFO - [2026-08-12T04:35:30.988+0000] {dagbag.py:587} INFO - Filling up the DagBag from /home/airflow/.local/lib/python3.12/site-packages/airflow/example_dags/example_xcom.py
[2026-08-12T04:35:31.003+0000] {processor.py:925} INFO - DAG(s) 'example_xcom' retrieved from /home/airflow/.local/lib/python3.12/site-packages/airflow/example_dags/example_xcom.py
[2026-08-12T04:35:31.027+0000] {logging_mixin.py:190} INFO - [2026-08-12T04:35:31.027+0000] {dag.py:3211} INFO - Sync 1 DAGs
[2026-08-12T04:35:31.052+0000] {logging_mixin.py:190} INFO - [2026-08-12T04:35:31.052+0000] {dag.py:4138} INFO - Setting next_dagrun for example_xcom to 2021-01-01 00:00:00+00:00, run_after=2021-01-01 00:00:00+00:00
[2026-08-12T04:35:31.077+0000] {processor.py:208} INFO - Processing /home/airflow/.local/lib/python3.12/site-packages/airflow/example_dags/example_xcom.py took 0.105 seconds
[2026-08-12T04:36:01.381+0000] {processor.py:186} INFO - Started process (PID=435) to work on /home/airflow/.local/lib/python3.12/site-packages/airflow/example_dags/example_xcom.py
[2026-08-12T04:36:01.383+0000] {processor.py:914} INFO - Processing file /home/airflow/.local/lib/python3.12/site-packages/airflow/example_dags/example_xcom.py for tasks to queue
[2026-08-12T04:36:01.387+0000] {logging_mixin.py:190} INFO - [2026-08-12T04:36:01.386+0000] {dagbag.py:587} INFO - Filling up the DagBag from /home/airflow/.local/lib/python3.12/site-packages/airflow/example_dags/example_xcom.py
[2026-08-12T04:36:01.399+0000] {processor.py:925} INFO - DAG(s) 'example_xcom' retrieved from /home/airflow/.local/lib/python3.12/site-packages/airflow/example_dags/example_xcom.py
[2026-08-12T04:36:01.426+0000] {logging_mixin.py:190} INFO - [2026-08-12T04:36:01.425+0000] {dag.py:3211} INFO - Sync 1 DAGs
[2026-08-12T04:36:01.456+0000] {logging_mixin.py:190} INFO - [2026-08-12T04:36:01.456+0000] {dag.py:4138} INFO - Setting next_dagrun for example_xcom to 2021-01-01 00:00:00+00:00, run_after=2021-01-01 00:00:00+00:00
[2026-08-12T04:36:01.481+0000] {processor.py:208} INFO - Processing /home/airflow/.local/lib/python3.12/site-packages/airflow/example_dags/example_xcom.py took 0.111 seconds
[2026-08-12T04:36:31.670+0000] {processor.py:186} INFO - Started process (PID=497) to work on /home/airflow/.local/lib/python3.12/site-packages/airflow/example_dags/example_xcom.py
[2026-08-12T04:36:31.672+0000] {processor.py:914} INFO - Processing file /home/airflow/.local/lib/python3.12/site-packages/airflow/example_dags/example_xcom.py for tasks to queue
[2026-08-12T04:36:31.675+0000] {logging_mixin.py:190} INFO - [2026-08-12T04:36:31.675+0000] {dagbag.py:587} INFO - Filling up the DagBag from /home/airflow/.local/lib/python3.12/site-packages/airflow/example_dags/example_xcom.py
[2026-08-12T04:36:31.684+0000] {processor.py:925} INFO - DAG(s) 'example_xcom' retrieved from /home/airflow/.local/lib/python3.12/site-packages/airflow/example_dags/example_xcom.py
[2026-08-12T04:36:31.707+0000] {logging_mixin.py:190} INFO - [2026-08-12T04:36:31.707+0000] {dag.py:3211} INFO - Sync 1 DAGs
[2026-08-12T04:36:31.729+0000] {logging_mixin.py:190} INFO - [2026-08-12T04:36:31.729+0000] {dag.py:4138} INFO - Setting next_dagrun for example_xcom to 2021-01-01 00:00:00+00:00, run_after=2021-01-01 00:00:00+00:00
[2026-08-12T04:36:31.757+0000] {processor.py:208} INFO - Processing /home/airflow/.local/lib/python3.12/site-packages/airflow/example_dags/example_xcom.py took 0.093 seconds
[2026-08-12T04:37:02.052+0000] {processor.py:186} INFO - Started process (PID=559) to work on /home/airflow/.local/lib/python3.12/site-packages/airflow/example_dags/example_xcom.py
[2026-08-12T04:37:02.055+0000] {processor.py:914} INFO - Processing file /home/airflow/.local/lib/python3.12/site-packages/airflow/example_dags/example_xcom.py for tasks to queue
[2026-08-12T04:37:02.059+0000] {logging_mixin.py:190} INFO - [2026-08-12T04:37:02.059+0000] {dagbag.py:587} INFO - Filling up the DagBag from /home/airflow/.local/lib/python3.12/site-packages/airflow/example_dags/example_xcom.py
[2026-08-12T04:37:02.071+0000] {processor.py:925} INFO - DAG(s) 'example_xcom' retrieved from /home/airflow/.local/lib/python3.12/site-packages/airflow/example_dags/example_xcom.py
[2026-08-12T04:37:02.094+0000] {logging_mixin.py:190} INFO - [2026-08-12T04:37:02.094+0000] {dag.py:3211} INFO - Sync 1 DAGs
[2026-08-12T04:37:02.119+0000] {logging_mixin.py:190} INFO - [2026-08-12T04:37:02.119+0000] {dag.py:4138} INFO - Setting next_dagrun for example_xcom to 2021-01-01 00:00:00+00:00, run_after=2021-01-01 00:00:00+00:00
[2026-08-12T04:37:02.141+0000] {processor.py:208} INFO - Processing /home/airflow/.local/lib/python3.12/site-packages/airflow/example_dags/example_xcom.py took 0.096 seconds
[2026-08-12T04:37:32.859+0000] {processor.py:186} INFO - Started process (PID=621) to work on /home/airflow/.local/lib/python3.12/site-packages/airflow/example_dags/example_xcom.py
[2026-08-12T04:37:32.862+0000] {processor.py:914} INFO - Processing file /home/airflow/.local/lib/python3.12/site-packages/airflow/example_dags/example_xcom.py for tasks to queue
[2026-08-12T04:37:32.866+0000] {logging_mixin.py:190} INFO - [2026-08-12T04:37:32.866+0000] {dagbag.py:587} INFO - Filling up the DagBag from /home/airflow/.local/lib/python3.12/site-packages/airflow/example_dags/example_xcom.py
[2026-08-12T04:37:32.879+0000] {processor.py:925} INFO - DAG(s) 'example_xcom' retrieved from /home/airflow/.local/lib/python3.12/site-packages/airflow/example_dags/example_xcom.py
[2026-08-12T04:37:32.902+0000] {logging_mixin.py:190} INFO - [2026-08-12T04:37:32.902+0000] {dag.py:3211} INFO - Sync 1 DAGs
[2026-08-12T04:37:32.926+0000] {logging_mixin.py:190} INFO - [2026-08-12T04:37:32.926+0000] {dag.py:4138} INFO - Setting next_dagrun for example_xcom to 2021-01-01 00:00:00+00:00, run_after=2021-01-01 00:00:00+00:00
[2026-08-12T04:37:32.951+0000] {processor.py:208} INFO - Processing /home/airflow/.local/lib/python3.12/site-packages/airflow/example_dags/example_xcom.py took 0.100 seconds
[2026-08-12T04:38:03.566+0000] {processor.py:186} INFO - Started process (PID=683) to work on /home/airflow/.local/lib/python3.12/site-packages/airflow/example_dags/example_xcom.py
[2026-08-12T04:38:03.568+0000] {processor.py:914} INFO - Processing file /home/airflow/.local/lib/python3.12/site-packages/airflow/example_dags/example_xcom.py for tasks to queue
[2026-08-12T04:38:03.572+0000] {logging_mixin.py:190} INFO - [2026-08-12T04:38:03.572+0000] {dagbag.py:587} INFO - Filling up the DagBag from /home/airflow/.local/lib/python3.12/site-packages/airflow/example_dags/example_xcom.py
[2026-08-12T04:38:03.584+0000] {processor.py:925} INFO - DAG(s) 'example_xcom' retrieved from /home/airflow/.local/lib/python3.12/site-packages/airflow/example_dags/example_xcom.py
[2026-08-12T04:38:03.609+0000] {logging_mixin.py:190} INFO - [2026-08-12T04:38:03.609+0000] {dag.py:3211} INFO - Sync 1 DAGs
[2026-08-12T04:38:03.633+0000] {logging_mixin.py:190} INFO - [2026-08-12T04:38:03.633+0000] {dag.py:4138} INFO - Setting next_dagrun for example_xcom to 2021-01-01 00:00:00+00:00, run_after=2021-01-01 00:00:00+00:00
[2026-08-12T04:38:03.657+0000] {processor.py:208} INFO - Processing /home/airflow/.local/lib/python3.12/site-packages/airflow/example_dags/example_xcom.py took 0.099 seconds
[2026-08-12T04:38:34.599+0000] {processor.py:186} INFO - Started process (PID=745) to work on /home/airflow/.local/lib/python3.12/site-packages/airflow/example_dags/example_xcom.py
[2026-08-12T04:38:34.601+0000] {processor.py:914} INFO - Processing file /home/airflow/.local/lib/python3.12/site-packages/airflow/example_dags/example_xcom.py for tasks to queue
[2026-08-12T04:38:34.604+0000] {logging_mixin.py:190} INFO - [2026-08-12T04:38:34.604+0000] {dagbag.py:587} INFO - Filling up the DagBag from /home/airflow/.local/lib/python3.12/site-packages/airflow/example_dags/example_xcom.py
[2026-08-12T04:38:34.615+0000] {processor.py:925} INFO - DAG(s) 'example_xcom' retrieved from /home/airflow/.local/lib/python3.12/site-packages/airflow/example_dags/example_xcom.py
[2026-08-12T04:38:34.640+0000] {logging_mixin.py:190} INFO - [2026-08-12T04:38:34.639+0000] {dag.py:3211} INFO - Sync 1 DAGs
[2026-08-12T04:38:34.670+0000] {logging_mixin.py:190} INFO - [2026-08-12T04:38:34.670+0000] {dag.py:4138} INFO - Setting next_dagrun for example_xcom to 2021-01-01 00:00:00+00:00, run_after=2021-01-01 00:00:00+00:00
[2026-08-12T04:38:34.700+0000] {processor.py:208} INFO - Processing /home/airflow/.local/lib/python3.12/site-packages/airflow/example_dags/example_xcom.py took 0.107 seconds
[2026-08-12T04:39:05.129+0000] {processor.py:186} INFO - Started process (PID=807) to work on /home/airflow/.local/lib/python3.12/site-packages/airflow/example_dags/example_xcom.py
[2026-08-12T04:39:05.131+0000] {processor.py:914} INFO - Processing file /home/airflow/.local/lib/python3.12/site-packages/airflow/example_dags/example_xcom.py for tasks to queue
[2026-08-12T04:39:05.135+0000] {logging_mixin.py:190} INFO - [2026-08-12T04:39:05.134+0000] {dagbag.py:587} INFO - Filling up the DagBag from /home/airflow/.local/lib/python3.12/site-packages/airflow/example_dags/example_xcom.py
[2026-08-12T04:39:05.146+0000] {processor.py:925} INFO - DAG(s) 'example_xcom' retrieved from /home/airflow/.local/lib/python3.12/site-packages/airflow/example_dags/example_xcom.py
[2026-08-12T04:39:05.166+0000] {logging_mixin.py:190} INFO - [2026-08-12T04:39:05.166+0000] {dag.py:3211} INFO - Sync 1 DAGs
[2026-08-12T04:39:05.195+0000] {logging_mixin.py:190} INFO - [2026-08-12T04:39:05.194+0000] {dag.py:4138} INFO - Setting next_dagrun for example_xcom to 2021-01-01 00:00:00+00:00, run_after=2021-01-01 00:00:00+00:00
[2026-08-12T04:39:05.220+0000] {processor.py:208} INFO - Processing /home/airflow/.local/lib/python3.12/site-packages/airflow/example_dags/example_xcom.py took 0.098 seconds
[2026-08-12T04:39:35.916+0000] {processor.py:186} INFO - Started process (PID=869) to work on /home/airflow/.local/lib/python3.12/site-packages/airflow/example_dags/example_xcom.py
[2026-08-12T04:39:35.918+0000] {processor.py:914} INFO - Processing file /home/airflow/.local/lib/python3.12/site-packages/airflow/example_dags/example_xcom.py for tasks to queue
[2026-08-12T04:39:35.923+0000] {logging_mixin.py:190} INFO - [2026-08-12T04:39:35.922+0000] {dagbag.py:587} INFO - Filling up the DagBag from /home/airflow/.local/lib/python3.12/site-packages/airflow/example_dags/example_xcom.py
[2026-08-12T04:39:35.940+0000] {processor.py:925} INFO - DAG(s) 'example_xcom' retrieved from /home/airflow/.local/lib/python3.12/site-packages/airflow/example_dags/example_xcom.py
[2026-08-12T04:39:35.965+0000] {logging_mixin.py:190} INFO - [2026-08-12T04:39:35.964+0000] {dag.py:3211} INFO - Sync 1 DAGs
[2026-08-12T04:39:35.998+0000] {logging_mixin.py:190} INFO - [2026-08-12T04:39:35.997+0000] {dag.py:4138} INFO - Setting next_dagrun for example_xcom to 2021-01-01 00:00:00+00:00, run_after=2021-01-01 00:00:00+00:00
[2026-08-12T04:39:36.026+0000] {processor.py:208} INFO - Processing /home/airflow/.local/lib/python3.12/site-packages/airflow/example_dags/example_xcom.py took 0.117 seconds
[2026-08-12T04:40:06.269+0000] {processor.py:186} INFO - Started process (PID=931) to work on /home/airflow/.local/lib/python3.12/site-packages/airflow/example_dags/example_xcom.py
[2026-08-12T04:40:06.270+0000] {processor.py:914} INFO - Processing file /home/airflow/.local/lib/python3.12/site-packages/airflow/example_dags/example_xcom.py for tasks to queue
[2026-08-12T04:40:06.274+0000] {logging_mixin.py:190} INFO - [2026-08-12T04:40:06.273+0000] {dagbag.py:587} INFO - Filling up the DagBag from /home/airflow/.local/lib/python3.12/site-packages/airflow/example_dags/example_xcom.py
[2026-08-12T04:40:06.283+0000] {processor.py:925} INFO - DAG(s) 'example_xcom' retrieved from /home/airflow/.local/lib/python3.12/site-packages/airflow/example_dags/example_xcom.py
[2026-08-12T04:40:06.303+0000] {logging_mixin.py:190} INFO - [2026-08-12T04:40:06.303+0000] {dag.py:3211} INFO - Sync 1 DAGs
[2026-08-12T04:40:06.325+0000] {logging_mixin.py:190} INFO - [2026-08-12T04:40:06.324+0000] {dag.py:4138} INFO - Setting next_dagrun for example_xcom to 2021-01-01 00:00:00+00:00, run_after=2021-01-01 00:00:00+00:00
[2026-08-12T04:40:06.352+0000] {processor.py:208} INFO - Processing /home/airflow/.local/lib/python3.12/site-packages/airflow/example_dags/example_xcom.py took 0.089 seconds
[2026-08-12T04:40:36.899+0000] {processor.py:186} INFO - Started process (PID=993) to work on /home/airflow/.local/lib/python3.12/site-packages/airflow/example_dags/example_xcom.py
[2026-08-12T04:40:36.904+0000] {processor.py:914} INFO - Processing file /home/airflow/.local/lib/python3.12/site-packages/airflow/example_dags/example_xcom.py for tasks to queue
[2026-08-12T04:40:36.907+0000] {logging_mixin.py:190} INFO - [2026-08-12T04:40:36.906+0000] {dagbag.py:587} INFO - Filling up the DagBag from /home/airflow/.local/lib/python3.12/site-packages/airflow/example_dags/example_xcom.py
[2026-08-12T04:40:36.915+0000] {processor.py:925} INFO - DAG(s) 'example_xcom' retrieved from /home/airflow/.local/lib/python3.12/site-packages/airflow/example_dags/example_xcom.py
[2026-08-12T04:40:36.943+0000] {logging_mixin.py:190} INFO - [2026-08-12T04:40:36.943+0000] {dag.py:3211} INFO - Sync 1 DAGs
[2026-08-12T04:40:36.973+0000] {logging_mixin.py:190} INFO - [2026-08-12T04:40:36.973+0000] {dag.py:4138} INFO - Setting next_dagrun for example_xcom to 2021-01-01 00:00:00+00:00, run_after=2021-01-01 00:00:00+00:00
[2026-08-12T04:40:37.041+0000] {processor.py:208} INFO - Processing /home/airflow/.local/lib/python3.12/site-packages/airflow/example_dags/example_xcom.py took 0.148 seconds
[2026-08-12T04:41:07.435+0000] {processor.py:186} INFO - Started process (PID=1055) to work on /home/airflow/.local/lib/python3.12/site-packages/airflow/example_dags/example_xcom.py
[2026-08-12T04:41:07.437+0000] {processor.py:914} INFO - Processing file /home/airflow/.local/lib/python3.12/site-packages/airflow/example_dags/example_xcom.py for tasks to queue
[2026-08-12T04:41:07.440+0000] {logging_mixin.py:190} INFO - [2026-08-12T04:41:07.440+0000] {dagbag.py:587} INFO - Filling up the DagBag from /home/airflow/.local/lib/python3.12/site-packages/airflow/example_dags/example_xcom.py
[2026-08-12T04:41:07.450+0000] {processor.py:925} INFO - DAG(s) 'example_xcom' retrieved from /home/airflow/.local/lib/python3.12/site-packages/airflow/example_dags/example_xcom.py
[2026-08-12T04:41:07.473+0000] {logging_mixin.py:190} INFO - [2026-08-12T04:41:07.473+0000] {dag.py:3211} INFO - Sync 1 DAGs
[2026-08-12T04:41:07.498+0000] {logging_mixin.py:190} INFO - [2026-08-12T04:41:07.498+0000] {dag.py:4138} INFO - Setting next_dagrun for example_xcom to 2021-01-01 00:00:00+00:00, run_after=2021-01-01 00:00:00+00:00
[2026-08-12T04:41:07.519+0000] {processor.py:208} INFO - Processing /home/airflow/.local/lib/python3.12/site-packages/airflow/example_dags/example_xcom.py took 0.090 seconds
[2026-08-12T04:41:37.833+0000] {processor.py:186} INFO - Started process (PID=1117) to work on /home/airflow/.local/lib/python3.12/site-packages/airflow/example_dags/example_xcom.py
[2026-08-12T04:41:37.835+0000] {processor.py:914} INFO - Processing file /home/airflow/.local/lib/python3.12/site-packages/airflow/example_dags/example_xcom.py for tasks to queue
[2026-08-12T04:41:37.838+0000] {logging_mixin.py:190} INFO - [2026-08-12T04:41:37.838+0000] {dagbag.py:587} INFO - Filling up the DagBag from /home/airflow/.local/lib/python3.12/site-packages/airflow/example_dags/example_xcom.py
[2026-08-12T04:41:37.849+0000] {processor.py:925} INFO - DAG(s) 'example_xcom' retrieved from /home/airflow/.local/lib/python3.12/site-packages/airflow/example_dags/example_xcom.py
[2026-08-12T04:41:37.872+0000] {logging_mixin.py:190} INFO - [2026-08-12T04:41:37.871+0000] {dag.py:3211} INFO - Sync 1 DAGs
[2026-08-12T04:41:37.897+0000] {logging_mixin.py:190} INFO - [2026-08-12T04:41:37.897+0000] {dag.py:4138} INFO - Setting next_dagrun for example_xcom to 2021-01-01 00:00:00+00:00, run_after=2021-01-01 00:00:00+00:00
[2026-08-12T04:41:37.931+0000] {processor.py:208} INFO - Processing /home/airflow/.local/lib/python3.12/site-packages/airflow/example_dags/example_xcom.py took 0.103 seconds
[2026-08-12T04:42:08.533+0000] {processor.py:186} INFO - Started process (PID=1179) to work on /home/airflow/.local/lib/python3.12/site-packages/airflow/example_dags/example_xcom.py
[2026-08-12T04:42:08.535+0000] {processor.py:914} INFO - Processing file /home/airflow/.local/lib/python3.12/site-packages/airflow/example_dags/example_xcom.py for tasks to queue
[2026-08-12T04:42:08.538+0000] {logging_mixin.py:190} INFO - [2026-08-12T04:42:08.537+0000] {dagbag.py:587} INFO - Filling up the DagBag from /home/airflow/.local/lib/python3.12/site-packages/airflow/example_dags/example_xcom.py
[2026-08-12T04:42:08.547+0000] {processor.py:925} INFO - DAG(s) 'example_xcom' retrieved from /home/airflow/.local/lib/python3.12/site-packages/airflow/example_dags/example_xcom.py
[2026-08-12T04:42:08.568+0000] {logging_mixin.py:190} INFO - [2026-08-12T04:42:08.568+0000] {dag.py:3211} INFO - Sync 1 DAGs
[2026-08-12T04:42:08.590+0000] {logging_mixin.py:190} INFO - [2026-08-12T04:42:08.590+0000] {dag.py:4138} INFO - Setting next_dagrun for example_xcom to 2021-01-01 00:00:00+00:00, run_after=2021-01-01 00:00:00+00:00
[2026-08-12T04:42:08.619+0000] {processor.py:208} INFO - Processing /home/airflow/.local/lib/python3.12/site-packages/airflow/example_dags/example_xcom.py took 0.092 seconds
[2026-08-12T04:42:38.933+0000] {processor.py:186} INFO - Started process (PID=1241) to work on /home/airflow/.local/lib/python3.12/site-packages/airflow/example_dags/example_xcom.py
[2026-08-12T04:42:38.935+0000] {processor.py:914} INFO - Processing file /home/airflow/.local/lib/python3.12/site-packages/airflow/example_dags/example_xcom.py for tasks to queue
[2026-08-12T04:42:38.939+0000] {logging_mixin.py:190} INFO - [2026-08-12T04:42:38.939+0000] {dagbag.py:587} INFO - Filling up the DagBag from /home/airflow/.local/lib/python3.12/site-packages/airflow/example_dags/example_xcom.py
[2026-08-12T04:42:38.950+0000] {processor.py:925} INFO - DAG(s) 'example_xcom' retrieved from /home/airflow/.local/lib/python3.12/site-packages/airflow/example_dags/example_xcom.py
[2026-08-12T04:42:38.970+0000] {logging_mixin.py:190} INFO - [2026-08-12T04:42:38.970+0000] {dag.py:3211} INFO - Sync 1 DAGs
[2026-08-12T04:42:38.993+0000] {logging_mixin.py:190} INFO - [2026-08-12T04:42:38.992+0000] {dag.py:4138} INFO - Setting next_dagrun for example_xcom to 2021-01-01 00:00:00+00:00, run_after=2021-01-01 00:00:00+00:00
[2026-08-12T04:42:39.019+0000] {processor.py:208} INFO - Processing /home/airflow/.local/lib/python3.12/site-packages/airflow/example_dags/example_xcom.py took 0.092 seconds
[2026-08-12T04:43:09.424+0000] {processor.py:186} INFO - Started process (PID=1303) to work on /home/airflow/.local/lib/python3.12/site-packages/airflow/example_dags/example_xcom.py
[2026-08-12T04:43:09.426+0000] {processor.py:914} INFO - Processing file /home/airflow/.local/lib/python3.12/site-packages/airflow/example_dags/example_xcom.py for tasks to queue
[2026-08-12T04:43:09.430+0000] {logging_mixin.py:190} INFO - [2026-08-12T04:43:09.430+0000] {dagbag.py:587} INFO - Filling up the DagBag from /home/airflow/.local/lib/python3.12/site-packages/airflow/example_dags/example_xcom.py
[2026-08-12T04:43:09.442+0000] {processor.py:925} INFO - DAG(s) 'example_xcom' retrieved from /home/airflow/.local/lib/python3.12/site-packages/airflow/example_dags/example_xcom.py
[2026-08-12T04:43:09.466+0000] {logging_mixin.py:190} INFO - [2026-08-12T04:43:09.465+0000] {dag.py:3211} INFO - Sync 1 DAGs
[2026-08-12T04:43:09.487+0000] {logging_mixin.py:190} INFO - [2026-08-12T04:43:09.486+0000] {dag.py:4138} INFO - Setting next_dagrun for example_xcom to 2021-01-01 00:00:00+00:00, run_after=2021-01-01 00:00:00+00:00
[2026-08-12T04:43:09.511+0000] {processor.py:208} INFO - Processing /home/airflow/.local/lib/python3.12/site-packages/airflow/example_dags/example_xcom.py took 0.094 seconds
[2026-08-12T04:43:39.729+0000] {processor.py:186} INFO - Started process (PID=1365) to work on /home/airflow/.local/lib/python3.12/site-packages/airflow/example_dags/example_xcom.py
[2026-08-12T04:43:39.731+0000] {processor.py:914} INFO - Processing file /home/airflow/.local/lib/python3.12/site-packages/airflow/example_dags/example_xcom.py for tasks to queue
[2026-08-12T04:43:39.735+0000] {logging_mixin.py:190} INFO - [2026-08-12T04:43:39.735+0000] {dagbag.py:587} INFO - Filling up the DagBag from /home/airflow/.local/lib/python3.12/site-packages/airflow/example_dags/example_xcom.py
[2026-08-12T04:43:39.747+0000] {processor.py:925} INFO - DAG(s) 'example_xcom' retrieved from /home/airflow/.local/lib/python3.12/site-packages/airflow/example_dags/example_xcom.py
[2026-08-12T04:43:39.769+0000] {logging_mixin.py:190} INFO - [2026-08-12T04:43:39.769+0000] {dag.py:3211} INFO - Sync 1 DAGs
[2026-08-12T04:43:39.800+0000] {logging_mixin.py:190} INFO - [2026-08-12T04:43:39.800+0000] {dag.py:4138} INFO - Setting next_dagrun for example_xcom to 2021-01-01 00:00:00+00:00, run_after=2021-01-01 00:00:00+00:00
[2026-08-12T04:43:39.835+0000] {processor.py:208} INFO - Processing /home/airflow/.local/lib/python3.12/site-packages/airflow/example_dags/example_xcom.py took 0.113 seconds
[2026-08-12T04:44:10.253+0000] {processor.py:186} INFO - Started process (PID=1427) to work on /home/airflow/.local/lib/python3.12/site-packages/airflow/example_dags/example_xcom.py
[2026-08-12T04:44:10.255+0000] {processor.py:914} INFO - Processing file /home/airflow/.local/lib/python3.12/site-packages/airflow/example_dags/example_xcom.py for tasks to queue
[2026-08-12T04:44:10.258+0000] {logging_mixin.py:190} INFO - [2026-08-12T04:44:10.258+0000] {dagbag.py:587} INFO - Filling up the DagBag from /home/airflow/.local/lib/python3.12/site-packages/airflow/example_dags/example_xcom.py
[2026-08-12T04:44:10.268+0000] {processor.py:925} INFO - DAG(s) 'example_xcom' retrieved from /home/airflow/.local/lib/python3.12/site-packages/airflow/example_dags/example_xcom.py
[2026-08-12T04:44:10.292+0000] {logging_mixin.py:190} INFO - [2026-08-12T04:44:10.291+0000] {dag.py:3211} INFO - Sync 1 DAGs
[2026-08-12T04:44:10.319+0000] {logging_mixin.py:190} INFO - [2026-08-12T04:44:10.318+0000] {dag.py:4138} INFO - Setting next_dagrun for example_xcom to 2021-01-01 00:00:00+00:00, run_after=2021-01-01 00:00:00+00:00
[2026-08-12T04:44:10.348+0000] {processor.py:208} INFO - Processing /home/airflow/.local/lib/python3.12/site-packages/airflow/example_dags/example_xcom.py took 0.100 seconds
[2026-08-12T04:44:40.831+0000] {processor.py:186} INFO - Started process (PID=1490) to work on /home/airflow/.local/lib/python3.12/site-packages/airflow/example_dags/example_xcom.py
[2026-08-12T04:44:40.832+0000] {processor.py:914} INFO - Processing file /home/airflow/.local/lib/python3.12/site-packages/airflow/example_dags/example_xcom.py for tasks to queue
[2026-08-12T04:44:40.836+0000] {logging_mixin.py:190} INFO - [2026-08-12T04:44:40.836+0000] {dagbag.py:587} INFO - Filling up the DagBag from /home/airflow/.local/lib/python3.12/site-packages/airflow/example_dags/example_xcom.py
[2026-08-12T04:44:40.845+0000] {processor.py:925} INFO - DAG(s) 'example_xcom' retrieved from /home/airflow/.local/lib/python3.12/site-packages/airflow/example_dags/example_xcom.py
[2026-08-12T04:44:40.866+0000] {logging_mixin.py:190} INFO - [2026-08-12T04:44:40.866+0000] {dag.py:3211} INFO - Sync 1 DAGs
[2026-08-12T04:44:40.890+0000] {logging_mixin.py:190} INFO - [2026-08-12T04:44:40.890+0000] {dag.py:4138} INFO - Setting next_dagrun for example_xcom to 2021-01-01 00:00:00+00:00, run_after=2021-01-01 00:00:00+00:00
[2026-08-12T04:44:40.917+0000] {processor.py:208} INFO - Processing /home/airflow/.local/lib/python3.12/site-packages/airflow/example_dags/example_xcom.py took 0.093 seconds
[2026-08-12T04:45:11.187+0000] {processor.py:186} INFO - Started process (PID=1552) to work on /home/airflow/.local/lib/python3.12/site-packages/airflow/example_dags/example_xcom.py
[2026-08-12T04:45:11.189+0000] {processor.py:914} INFO - Processing file /home/airflow/.local/lib/python3.12/site-packages/airflow/example_dags/example_xcom.py for tasks to queue
[2026-08-12T04:45:11.192+0000] {logging_mixin.py:190} INFO - [2026-08-12T04:45:11.192+0000] {dagbag.py:587} INFO - Filling up the DagBag from /home/airflow/.local/lib/python3.12/site-packages/airflow/example_dags/example_xcom.py
[2026-08-12T04:45:11.201+0000] {processor.py:925} INFO - DAG(s) 'example_xcom' retrieved from /home/airflow/.local/lib/python3.12/site-packages/airflow/example_dags/example_xcom.py
[2026-08-12T04:45:11.222+0000] {logging_mixin.py:190} INFO - [2026-08-12T04:45:11.221+0000] {dag.py:3211} INFO - Sync 1 DAGs
[2026-08-12T04:45:11.245+0000] {logging_mixin.py:190} INFO - [2026-08-12T04:45:11.244+0000] {dag.py:4138} INFO - Setting next_dagrun for example_xcom to 2021-01-01 00:00:00+00:00, run_after=2021-01-01 00:00:00+00:00
[2026-08-12T04:45:11.273+0000] {processor.py:208} INFO - Processing /home/airflow/.local/lib/python3.12/site-packages/airflow/example_dags/example_xcom.py took 0.092 seconds
[2026-08-12T04:45:41.767+0000] {processor.py:186} INFO - Started process (PID=1614) to work on /home/airflow/.local/lib/python3.12/site-packages/airflow/example_dags/example_xcom.py
[2026-08-12T04:45:41.769+0000] {processor.py:914} INFO - Processing file /home/airflow/.local/lib/python3.12/site-packages/airflow/example_dags/example_xcom.py for tasks to queue
[2026-08-12T04:45:41.773+0000] {logging_mixin.py:190} INFO - [2026-08-12T04:45:41.772+0000] {dagbag.py:587} INFO - Filling up the DagBag from /home/airflow/.local/lib/python3.12/site-packages/airflow/example_dags/example_xcom.py
[2026-08-12T04:45:41.786+0000] {processor.py:925} INFO - DAG(s) 'example_xcom' retrieved from /home/airflow/.local/lib/python3.12/site-packages/airflow/example_dags/example_xcom.py
[2026-08-12T04:45:41.814+0000] {logging_mixin.py:190} INFO - [2026-08-12T04:45:41.814+0000] {dag.py:3211} INFO - Sync 1 DAGs
[2026-08-12T04:45:41.842+0000] {logging_mixin.py:190} INFO - [2026-08-12T04:45:41.841+0000] {dag.py:4138} INFO - Setting next_dagrun for example_xcom to 2021-01-01 00:00:00+00:00, run_after=2021-01-01 00:00:00+00:00
[2026-08-12T04:45:41.864+0000] {processor.py:208} INFO - Processing /home/airflow/.local/lib/python3.12/site-packages/airflow/example_dags/example_xcom.py took 0.105 seconds
[2026-08-12T04:46:12.381+0000] {processor.py:186} INFO - Started process (PID=1676) to work on /home/airflow/.local/lib/python3.12/site-packages/airflow/example_dags/example_xcom.py
[2026-08-12T04:46:12.383+0000] {processor.py:914} INFO - Processing file /home/airflow/.local/lib/python3.12/site-packages/airflow/example_dags/example_xcom.py for tasks to queue
[2026-08-12T04:46:12.387+0000] {logging_mixin.py:190} INFO - [2026-08-12T04:46:12.387+0000] {dagbag.py:587} INFO - Filling up the DagBag from /home/airflow/.local/lib/python3.12/site-packages/airflow/example_dags/example_xcom.py
[2026-08-12T04:46:12.396+0000] {processor.py:925} INFO - DAG(s) 'example_xcom' retrieved from /home/airflow/.local/lib/python3.12/site-packages/airflow/example_dags/example_xcom.py
[2026-08-12T04:46:12.417+0000] {logging_mixin.py:190} INFO - [2026-08-12T04:46:12.417+0000] {dag.py:3211} INFO - Sync 1 DAGs
[2026-08-12T04:46:12.440+0000] {logging_mixin.py:190} INFO - [2026-08-12T04:46:12.440+0000] {dag.py:4138} INFO - Setting next_dagrun for example_xcom to 2021-01-01 00:00:00+00:00, run_after=2021-01-01 00:00:00+00:00
[2026-08-12T04:46:12.482+0000] {processor.py:208} INFO - Processing /home/airflow/.local/lib/python3.12/site-packages/airflow/example_dags/example_xcom.py took 0.107 seconds
[2026-08-12T04:46:43.088+0000] {processor.py:186} INFO - Started process (PID=1738) to work on /home/airflow/.local/lib/python3.12/site-packages/airflow/example_dags/example_xcom.py
[2026-08-12T04:46:43.090+0000] {processor.py:914} INFO - Processing file /home/airflow/.local/lib/python3.12/site-packages/airflow/example_dags/example_xcom.py for tasks to queue
[2026-08-12T04:46:43.094+0000] {logging_mixin.py:190} INFO - [2026-08-12T04:46:43.094+0000] {dagbag.py:587} INFO - Filling up the DagBag from /home/airflow/.local/lib/python3.12/site-packages/airflow/example_dags/example_xcom.py
[2026-08-12T04:46:43.107+0000] {processor.py:925} INFO - DAG(s) 'example_xcom' retrieved from /home/airflow/.local/lib/python3.12/site-packages/airflow/example_dags/example_xcom.py
[2026-08-12T04:46:43.127+0000] {logging_mixin.py:190} INFO - [2026-08-12T04:46:43.127+0000] {dag.py:3211} INFO - Sync 1 DAGs
[2026-08-12T04:46:43.150+0000] {logging_mixin.py:190} INFO - [2026-08-12T04:46:43.150+0000] {dag.py:4138} INFO - Setting next_dagrun for example_xcom to 2021-01-01 00:00:00+00:00, run_after=2021-01-01 00:00:00+00:00
[2026-08-12T04:46:43.172+0000] {processor.py:208} INFO - Processing /home/airflow/.local/lib/python3.12/site-packages/airflow/example_dags/example_xcom.py took 0.092 seconds
[2026-08-12T04:47:13.520+0000] {processor.py:186} INFO - Started process (PID=1800) to work on /home/airflow/.local/lib/python3.12/site-packages/airflow/example_dags/example_xcom.py
[2026-08-12T04:47:13.522+0000] {processor.py:914} INFO - Processing file /home/airflow/.local/lib/python3.12/site-packages/airflow/example_dags/example_xcom.py for tasks to queue
[2026-08-12T04:47:13.527+0000] {logging_mixin.py:190} INFO - [2026-08-12T04:47:13.526+0000] {dagbag.py:587} INFO - Filling up the DagBag from /home/airflow/.local/lib/python3.12/site-packages/airflow/example_dags/example_xcom.py
[2026-08-12T04:47:13.542+0000] {processor.py:925} INFO - DAG(s) 'example_xcom' retrieved from /home/airflow/.local/lib/python3.12/site-packages/airflow/example_dags/example_xcom.py
[2026-08-12T04:47:13.569+0000] {logging_mixin.py:190} INFO - [2026-08-12T04:47:13.568+0000] {dag.py:3211} INFO - Sync 1 DAGs
[2026-08-12T04:47:13.600+0000] {logging_mixin.py:190} INFO - [2026-08-12T04:47:13.599+0000] {dag.py:4138} INFO - Setting next_dagrun for example_xcom to 2021-01-01 00:00:00+00:00, run_after=2021-01-01 00:00:00+00:00
[2026-08-12T04:47:13.642+0000] {processor.py:208} INFO - Processing /home/airflow/.local/lib/python3.12/site-packages/airflow/example_dags/example_xcom.py took 0.130 seconds
[2026-08-12T04:47:44.456+0000] {processor.py:186} INFO - Started process (PID=1862) to work on /home/airflow/.local/lib/python3.12/site-packages/airflow/example_dags/example_xcom.py
[2026-08-12T04:47:44.458+0000] {processor.py:914} INFO - Processing file /home/airflow/.local/lib/python3.12/site-packages/airflow/example_dags/example_xcom.py for tasks to queue
[2026-08-12T04:47:44.463+0000] {logging_mixin.py:190} INFO - [2026-08-12T04:47:44.463+0000] {dagbag.py:587} INFO - Filling up the DagBag from /home/airflow/.local/lib/python3.12/site-packages/airflow/example_dags/example_xcom.py
[2026-08-12T04:47:44.477+0000] {processor.py:925} INFO - DAG(s) 'example_xcom' retrieved from /home/airflow/.local/lib/python3.12/site-packages/airflow/example_dags/example_xcom.py
[2026-08-12T04:47:44.500+0000] {logging_mixin.py:190} INFO - [2026-08-12T04:47:44.500+0000] {dag.py:3211} INFO - Sync 1 DAGs
[2026-08-12T04:47:44.524+0000] {logging_mixin.py:190} INFO - [2026-08-12T04:47:44.524+0000] {dag.py:4138} INFO - Setting next_dagrun for example_xcom to 2021-01-01 00:00:00+00:00, run_after=2021-01-01 00:00:00+00:00
[2026-08-12T04:47:44.553+0000] {processor.py:208} INFO - Processing /home/airflow/.local/lib/python3.12/site-packages/airflow/example_dags/example_xcom.py took 0.106 seconds
[2026-08-12T04:48:14.615+0000] {processor.py:186} INFO - Started process (PID=1925) to work on /home/airflow/.local/lib/python3.12/site-packages/airflow/example_dags/example_xcom.py
[2026-08-12T04:48:14.617+0000] {processor.py:914} INFO - Processing file /home/airflow/.local/lib/python3.12/site-packages/airflow/example_dags/example_xcom.py for tasks to queue
[2026-08-12T04:48:14.622+0000] {logging_mixin.py:190} INFO - [2026-08-12T04:48:14.621+0000] {dagbag.py:587} INFO - Filling up the DagBag from /home/airflow/.local/lib/python3.12/site-packages/airflow/example_dags/example_xcom.py
[2026-08-12T04:48:14.636+0000] {processor.py:925} INFO - DAG(s) 'example_xcom' retrieved from /home/airflow/.local/lib/python3.12/site-packages/airflow/example_dags/example_xcom.py
[2026-08-12T04:48:14.668+0000] {logging_mixin.py:190} INFO - [2026-08-12T04:48:14.667+0000] {dag.py:3211} INFO - Sync 1 DAGs
[2026-08-12T04:48:14.699+0000] {logging_mixin.py:190} INFO - [2026-08-12T04:48:14.698+0000] {dag.py:4138} INFO - Setting next_dagrun for example_xcom to 2021-01-01 00:00:00+00:00, run_after=2021-01-01 00:00:00+00:00
[2026-08-12T04:48:14.723+0000] {processor.py:208} INFO - Processing /home/airflow/.local/lib/python3.12/site-packages/airflow/example_dags/example_xcom.py took 0.116 seconds
