[2026-08-12T04:30:50.066+0000] {processor.py:186} INFO - Started process (PID=90) to work on /home/airflow/.local/lib/python3.12/site-packages/airflow/example_dags/example_params_ui_tutorial.py
[2026-08-12T04:30:50.068+0000] {processor.py:914} INFO - Processing file /home/airflow/.local/lib/python3.12/site-packages/airflow/example_dags/example_params_ui_tutorial.py for tasks to queue
[2026-08-12T04:30:50.071+0000] {logging_mixin.py:190} INFO - [2026-08-12T04:30:50.071+0000] {dagbag.py:587} INFO - Filling up the DagBag from /home/airflow/.local/lib/python3.12/site-packages/airflow/example_dags/example_params_ui_tutorial.py
[2026-08-12T04:30:50.083+0000] {processor.py:925} INFO - DAG(s) 'example_params_ui_tutorial' retrieved from /home/airflow/.local/lib/python3.12/site-packages/airflow/example_dags/example_params_ui_tutorial.py
[2026-08-12T04:30:50.270+0000] {logging_mixin.py:190} INFO - [2026-08-12T04:30:50.269+0000] {override.py:1858} INFO - Created Permission View: can edit on DAG:example_params_ui_tutorial
[2026-08-12T04:30:50.290+0000] {logging_mixin.py:190} INFO - [2026-08-12T04:30:50.289+0000] {override.py:1858} INFO - Created Permission View: can delete on DAG:example_params_ui_tutorial
[2026-08-12T04:30:50.301+0000] {logging_mixin.py:190} INFO - [2026-08-12T04:30:50.301+0000] {override.py:1858} INFO - Created Permission View: can read on DAG:example_params_ui_tutorial
[2026-08-12T04:30:50.303+0000] {logging_mixin.py:190} INFO - [2026-08-12T04:30:50.303+0000] {dag.py:3211} INFO - Sync 1 DAGs
[2026-08-12T04:30:50.326+0000] {logging_mixin.py:190} INFO - [2026-08-12T04:30:50.326+0000] {dag.py:3234} INFO - Creating ORM DAG for example_params_ui_tutorial
[2026-08-12T04:30:50.328+0000] {logging_mixin.py:190} INFO - [2026-08-12T04:30:50.328+0000] {dag.py:4138} INFO - Setting next_dagrun for example_params_ui_tutorial to None, run_after=None
[2026-08-12T04:30:50.353+0000] {processor.py:208} INFO - Processing /home/airflow/.local/lib/python3.12/site-packages/airflow/example_dags/example_params_ui_tutorial.py took 0.294 seconds
[2026-08-12T04:31:21.342+0000] {processor.py:186} INFO - Started process (PID=152) to work on /home/airflow/.local/lib/python3.12/site-packages/airflow/example_dags/example_params_ui_tutorial.py
[2026-08-12T04:31:21.344+0000] {processor.py:914} INFO - Processing file /home/airflow/.local/lib/python3.12/site-packages/airflow/example_dags/example_params_ui_tutorial.py for tasks to queue
[2026-08-12T04:31:21.348+0000] {logging_mixin.py:190} INFO - [2026-08-12T04:31:21.347+0000] {dagbag.py:587} INFO - Filling up the DagBag from /home/airflow/.local/lib/python3.12/site-packages/airflow/example_dags/example_params_ui_tutorial.py
[2026-08-12T04:31:21.358+0000] {processor.py:925} INFO - DAG(s) 'example_params_ui_tutorial' retrieved from /home/airflow/.local/lib/python3.12/site-packages/airflow/example_dags/example_params_ui_tutorial.py
[2026-08-12T04:31:21.418+0000] {logging_mixin.py:190} INFO - [2026-08-12T04:31:21.417+0000] {dag.py:3211} INFO - Sync 1 DAGs
[2026-08-12T04:31:21.438+0000] {logging_mixin.py:190} INFO - [2026-08-12T04:31:21.438+0000] {dag.py:4138} INFO - Setting next_dagrun for example_params_ui_tutorial to None, run_after=None
[2026-08-12T04:31:21.459+0000] {processor.py:208} INFO - Processing /home/airflow/.local/lib/python3.12/site-packages/airflow/example_dags/example_params_ui_tutorial.py took 0.126 seconds
[2026-08-12T04:31:51.530+0000] {processor.py:186} INFO - Started process (PID=214) to work on /home/airflow/.local/lib/python3.12/site-packages/airflow/example_dags/example_params_ui_tutorial.py
[2026-08-12T04:31:51.532+0000] {processor.py:914} INFO - Processing file /home/airflow/.local/lib/python3.12/site-packages/airflow/example_dags/example_params_ui_tutorial.py for tasks to queue
[2026-08-12T04:31:51.535+0000] {logging_mixin.py:190} INFO - [2026-08-12T04:31:51.535+0000] {dagbag.py:587} INFO - Filling up the DagBag from /home/airflow/.local/lib/python3.12/site-packages/airflow/example_dags/example_params_ui_tutorial.py
[2026-08-12T04:31:51.545+0000] {processor.py:925} INFO - DAG(s) 'example_params_ui_tutorial' retrieved from /home/airflow/.local/lib/python3.12/site-packages/airflow/example_dags/example_params_ui_tutorial.py
[2026-08-12T04:31:51.586+0000] {logging_mixin.py:190} INFO - [2026-08-12T04:31:51.586+0000] {dag.py:3211} INFO - Sync 1 DAGs
[2026-08-12T04:31:51.600+0000] {logging_mixin.py:190} INFO - [2026-08-12T04:31:51.600+0000] {dag.py:4138} INFO - Setting next_dagrun for example_params_ui_tutorial to None, run_after=None
[2026-08-12T04:31:51.618+0000] {processor.py:208} INFO - Processing /home/airflow/.local/lib/python3.12/site-packages/airflow/example_dags/example_params_ui_tutorial.py took 0.094 seconds
[2026-08-12T04:33:03.967+0000] {processor.py:186} INFO - Started process (PID=87) to work on /home/airflow/.local/lib/python3.12/site-packages/airflow/example_dags/example_params_ui_tutorial.py
[2026-08-12T04:33:03.970+0000] {processor.py:914} INFO - Processing file /home/airflow/.local/lib/python3.12/site-packages/airflow/example_dags/example_params_ui_tutorial.py for tasks to queue
[2026-08-12T04:33:03.976+0000] {logging_mixin.py:190} INFO - [2026-08-12T04:33:03.976+0000] {dagbag.py:587} INFO - Filling up the DagBag from /home/airflow/.local/lib/python3.12/site-packages/airflow/example_dags/example_params_ui_tutorial.py
[2026-08-12T04:33:03.995+0000] {processor.py:925} INFO - DAG(s) 'example_params_ui_tutorial' retrieved from /home/airflow/.local/lib/python3.12/site-packages/airflow/example_dags/example_params_ui_tutorial.py
[2026-08-12T04:33:04.103+0000] {logging_mixin.py:190} INFO - [2026-08-12T04:33:04.103+0000] {dag.py:3211} INFO - Sync 1 DAGs
[2026-08-12T04:33:04.133+0000] {logging_mixin.py:190} INFO - [2026-08-12T04:33:04.133+0000] {dag.py:4138} INFO - Setting next_dagrun for example_params_ui_tutorial to None, run_after=None
[2026-08-12T04:33:04.164+0000] {processor.py:208} INFO - Processing /home/airflow/.local/lib/python3.12/site-packages/airflow/example_dags/example_params_ui_tutorial.py took 0.216 seconds
[2026-08-12T04:33:34.813+0000] {processor.py:186} INFO - Started process (PID=149) to work on /home/airflow/.local/lib/python3.12/site-packages/airflow/example_dags/example_params_ui_tutorial.py
[2026-08-12T04:33:34.815+0000] {processor.py:914} INFO - Processing file /home/airflow/.local/lib/python3.12/site-packages/airflow/example_dags/example_params_ui_tutorial.py for tasks to queue
[2026-08-12T04:33:34.818+0000] {logging_mixin.py:190} INFO - [2026-08-12T04:33:34.818+0000] {dagbag.py:587} INFO - Filling up the DagBag from /home/airflow/.local/lib/python3.12/site-packages/airflow/example_dags/example_params_ui_tutorial.py
[2026-08-12T04:33:34.829+0000] {processor.py:925} INFO - DAG(s) 'example_params_ui_tutorial' retrieved from /home/airflow/.local/lib/python3.12/site-packages/airflow/example_dags/example_params_ui_tutorial.py
[2026-08-12T04:33:34.877+0000] {logging_mixin.py:190} INFO - [2026-08-12T04:33:34.877+0000] {dag.py:3211} INFO - Sync 1 DAGs
[2026-08-12T04:33:34.894+0000] {logging_mixin.py:190} INFO - [2026-08-12T04:33:34.893+0000] {dag.py:4138} INFO - Setting next_dagrun for example_params_ui_tutorial to None, run_after=None
[2026-08-12T04:33:34.917+0000] {processor.py:208} INFO - Processing /home/airflow/.local/lib/python3.12/site-packages/airflow/example_dags/example_params_ui_tutorial.py took 0.110 seconds
[2026-08-12T04:34:04.998+0000] {processor.py:186} INFO - Started process (PID=210) to work on /home/airflow/.local/lib/python3.12/site-packages/airflow/example_dags/example_params_ui_tutorial.py
[2026-08-12T04:34:05.001+0000] {processor.py:914} INFO - Processing file /home/airflow/.local/lib/python3.12/site-packages/airflow/example_dags/example_params_ui_tutorial.py for tasks to queue
[2026-08-12T04:34:05.006+0000] {logging_mixin.py:190} INFO - [2026-08-12T04:34:05.005+0000] {dagbag.py:587} INFO - Filling up the DagBag from /home/airflow/.local/lib/python3.12/site-packages/airflow/example_dags/example_params_ui_tutorial.py
[2026-08-12T04:34:05.017+0000] {processor.py:925} INFO - DAG(s) 'example_params_ui_tutorial' retrieved from /home/airflow/.local/lib/python3.12/site-packages/airflow/example_dags/example_params_ui_tutorial.py
[2026-08-12T04:34:05.071+0000] {logging_mixin.py:190} INFO - [2026-08-12T04:34:05.070+0000] {dag.py:3211} INFO - Sync 1 DAGs
[2026-08-12T04:34:05.086+0000] {logging_mixin.py:190} INFO - [2026-08-12T04:34:05.086+0000] {dag.py:4138} INFO - Setting next_dagrun for example_params_ui_tutorial to None, run_after=None
[2026-08-12T04:34:05.108+0000] {processor.py:208} INFO - Processing /home/airflow/.local/lib/python3.12/site-packages/airflow/example_dags/example_params_ui_tutorial.py took 0.120 seconds
[2026-08-12T04:34:36.036+0000] {processor.py:186} INFO - Started process (PID=273) to work on /home/airflow/.local/lib/python3.12/site-packages/airflow/example_dags/example_params_ui_tutorial.py
[2026-08-12T04:34:36.039+0000] {processor.py:914} INFO - Processing file /home/airflow/.local/lib/python3.12/site-packages/airflow/example_dags/example_params_ui_tutorial.py for tasks to queue
[2026-08-12T04:34:36.042+0000] {logging_mixin.py:190} INFO - [2026-08-12T04:34:36.042+0000] {dagbag.py:587} INFO - Filling up the DagBag from /home/airflow/.local/lib/python3.12/site-packages/airflow/example_dags/example_params_ui_tutorial.py
[2026-08-12T04:34:36.053+0000] {processor.py:925} INFO - DAG(s) 'example_params_ui_tutorial' retrieved from /home/airflow/.local/lib/python3.12/site-packages/airflow/example_dags/example_params_ui_tutorial.py
[2026-08-12T04:34:36.111+0000] {logging_mixin.py:190} INFO - [2026-08-12T04:34:36.110+0000] {dag.py:3211} INFO - Sync 1 DAGs
[2026-08-12T04:34:36.131+0000] {logging_mixin.py:190} INFO - [2026-08-12T04:34:36.130+0000] {dag.py:4138} INFO - Setting next_dagrun for example_params_ui_tutorial to None, run_after=None
[2026-08-12T04:34:36.153+0000] {processor.py:208} INFO - Processing /home/airflow/.local/lib/python3.12/site-packages/airflow/example_dags/example_params_ui_tutorial.py took 0.123 seconds
[2026-08-12T04:35:06.197+0000] {processor.py:186} INFO - Started process (PID=334) to work on /home/airflow/.local/lib/python3.12/site-packages/airflow/example_dags/example_params_ui_tutorial.py
[2026-08-12T04:35:06.200+0000] {processor.py:914} INFO - Processing file /home/airflow/.local/lib/python3.12/site-packages/airflow/example_dags/example_params_ui_tutorial.py for tasks to queue
[2026-08-12T04:35:06.204+0000] {logging_mixin.py:190} INFO - [2026-08-12T04:35:06.204+0000] {dagbag.py:587} INFO - Filling up the DagBag from /home/airflow/.local/lib/python3.12/site-packages/airflow/example_dags/example_params_ui_tutorial.py
[2026-08-12T04:35:06.217+0000] {processor.py:925} INFO - DAG(s) 'example_params_ui_tutorial' retrieved from /home/airflow/.local/lib/python3.12/site-packages/airflow/example_dags/example_params_ui_tutorial.py
[2026-08-12T04:35:06.264+0000] {logging_mixin.py:190} INFO - [2026-08-12T04:35:06.264+0000] {dag.py:3211} INFO - Sync 1 DAGs
[2026-08-12T04:35:06.280+0000] {logging_mixin.py:190} INFO - [2026-08-12T04:35:06.280+0000] {dag.py:4138} INFO - Setting next_dagrun for example_params_ui_tutorial to None, run_after=None
[2026-08-12T04:35:06.301+0000] {processor.py:208} INFO - Processing /home/airflow/.local/lib/python3.12/site-packages/airflow/example_dags/example_params_ui_tutorial.py took 0.109 seconds
[2026-08-12T04:35:36.508+0000] {processor.py:186} INFO - Started process (PID=396) to work on /home/airflow/.local/lib/python3.12/site-packages/airflow/example_dags/example_params_ui_tutorial.py
[2026-08-12T04:35:36.510+0000] {processor.py:914} INFO - Processing file /home/airflow/.local/lib/python3.12/site-packages/airflow/example_dags/example_params_ui_tutorial.py for tasks to queue
[2026-08-12T04:35:36.515+0000] {logging_mixin.py:190} INFO - [2026-08-12T04:35:36.514+0000] {dagbag.py:587} INFO - Filling up the DagBag from /home/airflow/.local/lib/python3.12/site-packages/airflow/example_dags/example_params_ui_tutorial.py
[2026-08-12T04:35:36.527+0000] {processor.py:925} INFO - DAG(s) 'example_params_ui_tutorial' retrieved from /home/airflow/.local/lib/python3.12/site-packages/airflow/example_dags/example_params_ui_tutorial.py
[2026-08-12T04:35:36.572+0000] {logging_mixin.py:190} INFO - [2026-08-12T04:35:36.572+0000] {dag.py:3211} INFO - Sync 1 DAGs
[2026-08-12T04:35:36.588+0000] {logging_mixin.py:190} INFO - [2026-08-12T04:35:36.588+0000] {dag.py:4138} INFO - Setting next_dagrun for example_params_ui_tutorial to None, run_after=None
[2026-08-12T04:35:36.619+0000] {processor.py:208} INFO - Processing /home/airflow/.local/lib/python3.12/site-packages/airflow/example_dags/example_params_ui_tutorial.py took 0.118 seconds
[2026-08-12T04:36:06.933+0000] {processor.py:186} INFO - Started process (PID=458) to work on /home/airflow/.local/lib/python3.12/site-packages/airflow/example_dags/example_params_ui_tutorial.py
[2026-08-12T04:36:06.934+0000] {processor.py:914} INFO - Processing file /home/airflow/.local/lib/python3.12/site-packages/airflow/example_dags/example_params_ui_tutorial.py for tasks to queue
[2026-08-12T04:36:06.937+0000] {logging_mixin.py:190} INFO - [2026-08-12T04:36:06.937+0000] {dagbag.py:587} INFO - Filling up the DagBag from /home/airflow/.local/lib/python3.12/site-packages/airflow/example_dags/example_params_ui_tutorial.py
[2026-08-12T04:36:06.948+0000] {processor.py:925} INFO - DAG(s) 'example_params_ui_tutorial' retrieved from /home/airflow/.local/lib/python3.12/site-packages/airflow/example_dags/example_params_ui_tutorial.py
[2026-08-12T04:36:06.986+0000] {logging_mixin.py:190} INFO - [2026-08-12T04:36:06.986+0000] {dag.py:3211} INFO - Sync 1 DAGs
[2026-08-12T04:36:07.003+0000] {logging_mixin.py:190} INFO - [2026-08-12T04:36:07.003+0000] {dag.py:4138} INFO - Setting next_dagrun for example_params_ui_tutorial to None, run_after=None
[2026-08-12T04:36:07.031+0000] {processor.py:208} INFO - Processing /home/airflow/.local/lib/python3.12/site-packages/airflow/example_dags/example_params_ui_tutorial.py took 0.104 seconds
[2026-08-12T04:36:37.215+0000] {processor.py:186} INFO - Started process (PID=520) to work on /home/airflow/.local/lib/python3.12/site-packages/airflow/example_dags/example_params_ui_tutorial.py
[2026-08-12T04:36:37.217+0000] {processor.py:914} INFO - Processing file /home/airflow/.local/lib/python3.12/site-packages/airflow/example_dags/example_params_ui_tutorial.py for tasks to queue
[2026-08-12T04:36:37.220+0000] {logging_mixin.py:190} INFO - [2026-08-12T04:36:37.220+0000] {dagbag.py:587} INFO - Filling up the DagBag from /home/airflow/.local/lib/python3.12/site-packages/airflow/example_dags/example_params_ui_tutorial.py
[2026-08-12T04:36:37.230+0000] {processor.py:925} INFO - DAG(s) 'example_params_ui_tutorial' retrieved from /home/airflow/.local/lib/python3.12/site-packages/airflow/example_dags/example_params_ui_tutorial.py
[2026-08-12T04:36:37.278+0000] {logging_mixin.py:190} INFO - [2026-08-12T04:36:37.278+0000] {dag.py:3211} INFO - Sync 1 DAGs
[2026-08-12T04:36:37.293+0000] {logging_mixin.py:190} INFO - [2026-08-12T04:36:37.293+0000] {dag.py:4138} INFO - Setting next_dagrun for example_params_ui_tutorial to None, run_after=None
[2026-08-12T04:36:37.314+0000] {processor.py:208} INFO - Processing /home/airflow/.local/lib/python3.12/site-packages/airflow/example_dags/example_params_ui_tutorial.py took 0.104 seconds
[2026-08-12T04:37:07.681+0000] {processor.py:186} INFO - Started process (PID=582) to work on /home/airflow/.local/lib/python3.12/site-packages/airflow/example_dags/example_params_ui_tutorial.py
[2026-08-12T04:37:07.682+0000] {processor.py:914} INFO - Processing file /home/airflow/.local/lib/python3.12/site-packages/airflow/example_dags/example_params_ui_tutorial.py for tasks to queue
[2026-08-12T04:37:07.685+0000] {logging_mixin.py:190} INFO - [2026-08-12T04:37:07.685+0000] {dagbag.py:587} INFO - Filling up the DagBag from /home/airflow/.local/lib/python3.12/site-packages/airflow/example_dags/example_params_ui_tutorial.py
[2026-08-12T04:37:07.694+0000] {processor.py:925} INFO - DAG(s) 'example_params_ui_tutorial' retrieved from /home/airflow/.local/lib/python3.12/site-packages/airflow/example_dags/example_params_ui_tutorial.py
[2026-08-12T04:37:07.732+0000] {logging_mixin.py:190} INFO - [2026-08-12T04:37:07.732+0000] {dag.py:3211} INFO - Sync 1 DAGs
[2026-08-12T04:37:07.747+0000] {logging_mixin.py:190} INFO - [2026-08-12T04:37:07.747+0000] {dag.py:4138} INFO - Setting next_dagrun for example_params_ui_tutorial to None, run_after=None
[2026-08-12T04:37:07.769+0000] {processor.py:208} INFO - Processing /home/airflow/.local/lib/python3.12/site-packages/airflow/example_dags/example_params_ui_tutorial.py took 0.093 seconds
[2026-08-12T04:37:38.290+0000] {processor.py:186} INFO - Started process (PID=644) to work on /home/airflow/.local/lib/python3.12/site-packages/airflow/example_dags/example_params_ui_tutorial.py
[2026-08-12T04:37:38.292+0000] {processor.py:914} INFO - Processing file /home/airflow/.local/lib/python3.12/site-packages/airflow/example_dags/example_params_ui_tutorial.py for tasks to queue
[2026-08-12T04:37:38.296+0000] {logging_mixin.py:190} INFO - [2026-08-12T04:37:38.295+0000] {dagbag.py:587} INFO - Filling up the DagBag from /home/airflow/.local/lib/python3.12/site-packages/airflow/example_dags/example_params_ui_tutorial.py
[2026-08-12T04:37:38.307+0000] {processor.py:925} INFO - DAG(s) 'example_params_ui_tutorial' retrieved from /home/airflow/.local/lib/python3.12/site-packages/airflow/example_dags/example_params_ui_tutorial.py
[2026-08-12T04:37:38.350+0000] {logging_mixin.py:190} INFO - [2026-08-12T04:37:38.350+0000] {dag.py:3211} INFO - Sync 1 DAGs
[2026-08-12T04:37:38.367+0000] {logging_mixin.py:190} INFO - [2026-08-12T04:37:38.367+0000] {dag.py:4138} INFO - Setting next_dagrun for example_params_ui_tutorial to None, run_after=None
[2026-08-12T04:37:38.400+0000] {processor.py:208} INFO - Processing /home/airflow/.local/lib/python3.12/site-packages/airflow/example_dags/example_params_ui_tutorial.py took 0.116 seconds
[2026-08-12T04:38:08.862+0000] {processor.py:186} INFO - Started process (PID=706) to work on /home/airflow/.local/lib/python3.12/site-packages/airflow/example_dags/example_params_ui_tutorial.py
[2026-08-12T04:38:08.863+0000] {processor.py:914} INFO - Processing file /home/airflow/.local/lib/python3.12/site-packages/airflow/example_dags/example_params_ui_tutorial.py for tasks to queue
[2026-08-12T04:38:08.866+0000] {logging_mixin.py:190} INFO - [2026-08-12T04:38:08.866+0000] {dagbag.py:587} INFO - Filling up the DagBag from /home/airflow/.local/lib/python3.12/site-packages/airflow/example_dags/example_params_ui_tutorial.py
[2026-08-12T04:38:08.874+0000] {processor.py:925} INFO - DAG(s) 'example_params_ui_tutorial' retrieved from /home/airflow/.local/lib/python3.12/site-packages/airflow/example_dags/example_params_ui_tutorial.py
[2026-08-12T04:38:08.913+0000] {logging_mixin.py:190} INFO - [2026-08-12T04:38:08.912+0000] {dag.py:3211} INFO - Sync 1 DAGs
[2026-08-12T04:38:08.927+0000] {logging_mixin.py:190} INFO - [2026-08-12T04:38:08.927+0000] {dag.py:4138} INFO - Setting next_dagrun for example_params_ui_tutorial to None, run_after=None
[2026-08-12T04:38:08.949+0000] {processor.py:208} INFO - Processing /home/airflow/.local/lib/python3.12/site-packages/airflow/example_dags/example_params_ui_tutorial.py took 0.092 seconds
[2026-08-12T04:38:39.247+0000] {processor.py:186} INFO - Started process (PID=768) to work on /home/airflow/.local/lib/python3.12/site-packages/airflow/example_dags/example_params_ui_tutorial.py
[2026-08-12T04:38:39.249+0000] {processor.py:914} INFO - Processing file /home/airflow/.local/lib/python3.12/site-packages/airflow/example_dags/example_params_ui_tutorial.py for tasks to queue
[2026-08-12T04:38:39.253+0000] {logging_mixin.py:190} INFO - [2026-08-12T04:38:39.252+0000] {dagbag.py:587} INFO - Filling up the DagBag from /home/airflow/.local/lib/python3.12/site-packages/airflow/example_dags/example_params_ui_tutorial.py
[2026-08-12T04:38:39.264+0000] {processor.py:925} INFO - DAG(s) 'example_params_ui_tutorial' retrieved from /home/airflow/.local/lib/python3.12/site-packages/airflow/example_dags/example_params_ui_tutorial.py
[2026-08-12T04:38:39.306+0000] {logging_mixin.py:190} INFO - [2026-08-12T04:38:39.306+0000] {dag.py:3211} INFO - Sync 1 DAGs
[2026-08-12T04:38:39.322+0000] {logging_mixin.py:190} INFO - [2026-08-12T04:38:39.321+0000] {dag.py:4138} INFO - Setting next_dagrun for example_params_ui_tutorial to None, run_after=None
[2026-08-12T04:38:39.351+0000] {processor.py:208} INFO - Processing /home/airflow/.local/lib/python3.12/site-packages/airflow/example_dags/example_params_ui_tutorial.py took 0.110 seconds
[2026-08-12T04:39:09.674+0000] {processor.py:186} INFO - Started process (PID=830) to work on /home/airflow/.local/lib/python3.12/site-packages/airflow/example_dags/example_params_ui_tutorial.py
[2026-08-12T04:39:09.675+0000] {processor.py:914} INFO - Processing file /home/airflow/.local/lib/python3.12/site-packages/airflow/example_dags/example_params_ui_tutorial.py for tasks to queue
[2026-08-12T04:39:09.679+0000] {logging_mixin.py:190} INFO - [2026-08-12T04:39:09.679+0000] {dagbag.py:587} INFO - Filling up the DagBag from /home/airflow/.local/lib/python3.12/site-packages/airflow/example_dags/example_params_ui_tutorial.py
[2026-08-12T04:39:09.689+0000] {processor.py:925} INFO - DAG(s) 'example_params_ui_tutorial' retrieved from /home/airflow/.local/lib/python3.12/site-packages/airflow/example_dags/example_params_ui_tutorial.py
[2026-08-12T04:39:09.731+0000] {logging_mixin.py:190} INFO - [2026-08-12T04:39:09.730+0000] {dag.py:3211} INFO - Sync 1 DAGs
[2026-08-12T04:39:09.745+0000] {logging_mixin.py:190} INFO - [2026-08-12T04:39:09.744+0000] {dag.py:4138} INFO - Setting next_dagrun for example_params_ui_tutorial to None, run_after=None
[2026-08-12T04:39:09.775+0000] {processor.py:208} INFO - Processing /home/airflow/.local/lib/python3.12/site-packages/airflow/example_dags/example_params_ui_tutorial.py took 0.107 seconds
[2026-08-12T04:39:40.764+0000] {processor.py:186} INFO - Started process (PID=893) to work on /home/airflow/.local/lib/python3.12/site-packages/airflow/example_dags/example_params_ui_tutorial.py
[2026-08-12T04:39:40.766+0000] {processor.py:914} INFO - Processing file /home/airflow/.local/lib/python3.12/site-packages/airflow/example_dags/example_params_ui_tutorial.py for tasks to queue
[2026-08-12T04:39:40.769+0000] {logging_mixin.py:190} INFO - [2026-08-12T04:39:40.769+0000] {dagbag.py:587} INFO - Filling up the DagBag from /home/airflow/.local/lib/python3.12/site-packages/airflow/example_dags/example_params_ui_tutorial.py
[2026-08-12T04:39:40.778+0000] {processor.py:925} INFO - DAG(s) 'example_params_ui_tutorial' retrieved from /home/airflow/.local/lib/python3.12/site-packages/airflow/example_dags/example_params_ui_tutorial.py
[2026-08-12T04:39:40.817+0000] {logging_mixin.py:190} INFO - [2026-08-12T04:39:40.817+0000] {dag.py:3211} INFO - Sync 1 DAGs
[2026-08-12T04:39:40.833+0000] {logging_mixin.py:190} INFO - [2026-08-12T04:39:40.832+0000] {dag.py:4138} INFO - Setting next_dagrun for example_params_ui_tutorial to None, run_after=None
[2026-08-12T04:39:40.854+0000] {processor.py:208} INFO - Processing /home/airflow/.local/lib/python3.12/site-packages/airflow/example_dags/example_params_ui_tutorial.py took 0.096 seconds
[2026-08-12T04:40:11.315+0000] {processor.py:186} INFO - Started process (PID=955) to work on /home/airflow/.local/lib/python3.12/site-packages/airflow/example_dags/example_params_ui_tutorial.py
[2026-08-12T04:40:11.317+0000] {processor.py:914} INFO - Processing file /home/airflow/.local/lib/python3.12/site-packages/airflow/example_dags/example_params_ui_tutorial.py for tasks to queue
[2026-08-12T04:40:11.320+0000] {logging_mixin.py:190} INFO - [2026-08-12T04:40:11.320+0000] {dagbag.py:587} INFO - Filling up the DagBag from /home/airflow/.local/lib/python3.12/site-packages/airflow/example_dags/example_params_ui_tutorial.py
[2026-08-12T04:40:11.329+0000] {processor.py:925} INFO - DAG(s) 'example_params_ui_tutorial' retrieved from /home/airflow/.local/lib/python3.12/site-packages/airflow/example_dags/example_params_ui_tutorial.py
[2026-08-12T04:40:11.368+0000] {logging_mixin.py:190} INFO - [2026-08-12T04:40:11.368+0000] {dag.py:3211} INFO - Sync 1 DAGs
[2026-08-12T04:40:11.383+0000] {logging_mixin.py:190} INFO - [2026-08-12T04:40:11.383+0000] {dag.py:4138} INFO - Setting next_dagrun for example_params_ui_tutorial to None, run_after=None
[2026-08-12T04:40:11.404+0000] {processor.py:208} INFO - Processing /home/airflow/.local/lib/python3.12/site-packages/airflow/example_dags/example_params_ui_tutorial.py took 0.094 seconds
[2026-08-12T04:40:41.713+0000] {processor.py:186} INFO - Started process (PID=1017) to work on /home/airflow/.local/lib/python3.12/site-packages/airflow/example_dags/example_params_ui_tutorial.py
[2026-08-12T04:40:41.715+0000] {processor.py:914} INFO - Processing file /home/airflow/.local/lib/python3.12/site-packages/airflow/example_dags/example_params_ui_tutorial.py for tasks to queue
[2026-08-12T04:40:41.718+0000] {logging_mixin.py:190} INFO - [2026-08-12T04:40:41.717+0000] {dagbag.py:587} INFO - Filling up the DagBag from /home/airflow/.local/lib/python3.12/site-packages/airflow/example_dags/example_params_ui_tutorial.py
[2026-08-12T04:40:41.728+0000] {processor.py:925} INFO - DAG(s) 'example_params_ui_tutorial' retrieved from /home/airflow/.local/lib/python3.12/site-packages/airflow/example_dags/example_params_ui_tutorial.py
[2026-08-12T04:40:41.777+0000] {logging_mixin.py:190} INFO - [2026-08-12T04:40:41.777+0000] {dag.py:3211} INFO - Sync 1 DAGs
[2026-08-12T04:40:41.792+0000] {logging_mixin.py:190} INFO - [2026-08-12T04:40:41.792+0000] {dag.py:4138} INFO - Setting next_dagrun for example_params_ui_tutorial to None, run_after=None
[2026-08-12T04:40:41.813+0000] {processor.py:208} INFO - Processing /home/airflow/.local/lib/python3.12/site-packages/airflow/example_dags/example_params_ui_tutorial.py took 0.106 seconds
[2026-08-12T04:41:12.078+0000] {processor.py:186} INFO - Started process (PID=1079) to work on /home/airflow/.local/lib/python3.12/site-packages/airflow/example_dags/example_params_ui_tutorial.py
[2026-08-12T04:41:12.080+0000] {processor.py:914} INFO - Processing file /home/airflow/.local/lib/python3.12/site-packages/airflow/example_dags/example_params_ui_tutorial.py for tasks to queue
[2026-08-12T04:41:12.082+0000] {logging_mixin.py:190} INFO - [2026-08-12T04:41:12.082+0000] {dagbag.py:587} INFO - Filling up the DagBag from /home/airflow/.local/lib/python3.12/site-packages/airflow/example_dags/example_params_ui_tutorial.py
[2026-08-12T04:41:12.091+0000] {processor.py:925} INFO - DAG(s) 'example_params_ui_tutorial' retrieved from /home/airflow/.local/lib/python3.12/site-packages/airflow/example_dags/example_params_ui_tutorial.py
[2026-08-12T04:41:12.127+0000] {logging_mixin.py:190} INFO - [2026-08-12T04:41:12.127+0000] {dag.py:3211} INFO - Sync 1 DAGs
[2026-08-12T04:41:12.145+0000] {logging_mixin.py:190} INFO - [2026-08-12T04:41:12.144+0000] {dag.py:4138} INFO - Setting next_dagrun for example_params_ui_tutorial to None, run_after=None
[2026-08-12T04:41:12.165+0000] {processor.py:208} INFO - Processing /home/airflow/.local/lib/python3.12/site-packages/airflow/example_dags/example_params_ui_tutorial.py took 0.092 seconds
[2026-08-12T04:41:42.811+0000] {processor.py:186} INFO - Started process (PID=1141) to work on /home/airflow/.local/lib/python3.12/site-packages/airflow/example_dags/example_params_ui_tutorial.py
[2026-08-12T04:41:42.813+0000] {processor.py:914} INFO - Processing file /home/airflow/.local/lib/python3.12/site-packages/airflow/example_dags/example_params_ui_tutorial.py for tasks to queue
[2026-08-12T04:41:42.816+0000] {logging_mixin.py:190} INFO - [2026-08-12T04:41:42.816+0000] {dagbag.py:587} INFO - Filling up the DagBag from /home/airflow/.local/lib/python3.12/site-packages/airflow/example_dags/example_params_ui_tutorial.py
[2026-08-12T04:41:42.825+0000] {processor.py:925} INFO - DAG(s) 'example_params_ui_tutorial' retrieved from /home/airflow/.local/lib/python3.12/site-packages/airflow/example_dags/example_params_ui_tutorial.py
[2026-08-12T04:41:42.873+0000] {logging_mixin.py:190} INFO - [2026-08-12T04:41:42.872+0000] {dag.py:3211} INFO - Sync 1 DAGs
[2026-08-12T04:41:42.895+0000] {logging_mixin.py:190} INFO - [2026-08-12T04:41:42.894+0000] {dag.py:4138} INFO - Setting next_dagrun for example_params_ui_tutorial to None, run_after=None
[2026-08-12T04:41:42.932+0000] {processor.py:208} INFO - Processing /home/airflow/.local/lib/python3.12/site-packages/airflow/example_dags/example_params_ui_tutorial.py took 0.126 seconds
[2026-08-12T04:42:13.328+0000] {processor.py:186} INFO - Started process (PID=1203) to work on /home/airflow/.local/lib/python3.12/site-packages/airflow/example_dags/example_params_ui_tutorial.py
[2026-08-12T04:42:13.330+0000] {processor.py:914} INFO - Processing file /home/airflow/.local/lib/python3.12/site-packages/airflow/example_dags/example_params_ui_tutorial.py for tasks to queue
[2026-08-12T04:42:13.332+0000] {logging_mixin.py:190} INFO - [2026-08-12T04:42:13.332+0000] {dagbag.py:587} INFO - Filling up the DagBag from /home/airflow/.local/lib/python3.12/site-packages/airflow/example_dags/example_params_ui_tutorial.py
[2026-08-12T04:42:13.340+0000] {processor.py:925} INFO - DAG(s) 'example_params_ui_tutorial' retrieved from /home/airflow/.local/lib/python3.12/site-packages/airflow/example_dags/example_params_ui_tutorial.py
[2026-08-12T04:42:13.379+0000] {logging_mixin.py:190} INFO - [2026-08-12T04:42:13.379+0000] {dag.py:3211} INFO - Sync 1 DAGs
[2026-08-12T04:42:13.392+0000] {logging_mixin.py:190} INFO - [2026-08-12T04:42:13.392+0000] {dag.py:4138} INFO - Setting next_dagrun for example_params_ui_tutorial to None, run_after=None
[2026-08-12T04:42:13.412+0000] {processor.py:208} INFO - Processing /home/airflow/.local/lib/python3.12/site-packages/airflow/example_dags/example_params_ui_tutorial.py took 0.089 seconds
[2026-08-12T04:42:43.711+0000] {processor.py:186} INFO - Started process (PID=1265) to work on /home/airflow/.local/lib/python3.12/site-packages/airflow/example_dags/example_params_ui_tutorial.py
[2026-08-12T04:42:43.712+0000] {processor.py:914} INFO - Processing file /home/airflow/.local/lib/python3.12/site-packages/airflow/example_dags/example_params_ui_tutorial.py for tasks to queue
[2026-08-12T04:42:43.716+0000] {logging_mixin.py:190} INFO - [2026-08-12T04:42:43.715+0000] {dagbag.py:587} INFO - Filling up the DagBag from /home/airflow/.local/lib/python3.12/site-packages/airflow/example_dags/example_params_ui_tutorial.py
[2026-08-12T04:42:43.725+0000] {processor.py:925} INFO - DAG(s) 'example_params_ui_tutorial' retrieved from /home/airflow/.local/lib/python3.12/site-packages/airflow/example_dags/example_params_ui_tutorial.py
[2026-08-12T04:42:43.761+0000] {logging_mixin.py:190} INFO - [2026-08-12T04:42:43.761+0000] {dag.py:3211} INFO - Sync 1 DAGs
[2026-08-12T04:42:43.775+0000] {logging_mixin.py:190} INFO - [2026-08-12T04:42:43.775+0000] {dag.py:4138} INFO - Setting next_dagrun for example_params_ui_tutorial to None, run_after=None
[2026-08-12T04:42:43.794+0000] {processor.py:208} INFO - Processing /home/airflow/.local/lib/python3.12/site-packages/airflow/example_dags/example_params_ui_tutorial.py took 0.089 seconds
[2026-08-12T04:43:14.069+0000] {processor.py:186} INFO - Started process (PID=1327) to work on /home/airflow/.local/lib/python3.12/site-packages/airflow/example_dags/example_params_ui_tutorial.py
[2026-08-12T04:43:14.070+0000] {processor.py:914} INFO - Processing file /home/airflow/.local/lib/python3.12/site-packages/airflow/example_dags/example_params_ui_tutorial.py for tasks to queue
[2026-08-12T04:43:14.073+0000] {logging_mixin.py:190} INFO - [2026-08-12T04:43:14.073+0000] {dagbag.py:587} INFO - Filling up the DagBag from /home/airflow/.local/lib/python3.12/site-packages/airflow/example_dags/example_params_ui_tutorial.py
[2026-08-12T04:43:14.084+0000] {processor.py:925} INFO - DAG(s) 'example_params_ui_tutorial' retrieved from /home/airflow/.local/lib/python3.12/site-packages/airflow/example_dags/example_params_ui_tutorial.py
[2026-08-12T04:43:14.128+0000] {logging_mixin.py:190} INFO - [2026-08-12T04:43:14.128+0000] {dag.py:3211} INFO - Sync 1 DAGs
[2026-08-12T04:43:14.145+0000] {logging_mixin.py:190} INFO - [2026-08-12T04:43:14.145+0000] {dag.py:4138} INFO - Setting next_dagrun for example_params_ui_tutorial to None, run_after=None
[2026-08-12T04:43:14.165+0000] {processor.py:208} INFO - Processing /home/airflow/.local/lib/python3.12/site-packages/airflow/example_dags/example_params_ui_tutorial.py took 0.102 seconds
[2026-08-12T04:43:44.457+0000] {processor.py:186} INFO - Started process (PID=1389) to work on /home/airflow/.local/lib/python3.12/site-packages/airflow/example_dags/example_params_ui_tutorial.py
[2026-08-12T04:43:44.459+0000] {processor.py:914} INFO - Processing file /home/airflow/.local/lib/python3.12/site-packages/airflow/example_dags/example_params_ui_tutorial.py for tasks to queue
[2026-08-12T04:43:44.463+0000] {logging_mixin.py:190} INFO - [2026-08-12T04:43:44.462+0000] {dagbag.py:587} INFO - Filling up the DagBag from /home/airflow/.local/lib/python3.12/site-packages/airflow/example_dags/example_params_ui_tutorial.py
[2026-08-12T04:43:44.476+0000] {processor.py:925} INFO - DAG(s) 'example_params_ui_tutorial' retrieved from /home/airflow/.local/lib/python3.12/site-packages/airflow/example_dags/example_params_ui_tutorial.py
[2026-08-12T04:43:44.529+0000] {logging_mixin.py:190} INFO - [2026-08-12T04:43:44.528+0000] {dag.py:3211} INFO - Sync 1 DAGs
[2026-08-12T04:43:44.545+0000] {logging_mixin.py:190} INFO - [2026-08-12T04:43:44.545+0000] {dag.py:4138} INFO - Setting next_dagrun for example_params_ui_tutorial to None, run_after=None
[2026-08-12T04:43:44.566+0000] {processor.py:208} INFO - Processing /home/airflow/.local/lib/python3.12/site-packages/airflow/example_dags/example_params_ui_tutorial.py took 0.116 seconds
[2026-08-12T04:44:15.347+0000] {processor.py:186} INFO - Started process (PID=1451) to work on /home/airflow/.local/lib/python3.12/site-packages/airflow/example_dags/example_params_ui_tutorial.py
[2026-08-12T04:44:15.349+0000] {processor.py:914} INFO - Processing file /home/airflow/.local/lib/python3.12/site-packages/airflow/example_dags/example_params_ui_tutorial.py for tasks to queue
[2026-08-12T04:44:15.352+0000] {logging_mixin.py:190} INFO - [2026-08-12T04:44:15.352+0000] {dagbag.py:587} INFO - Filling up the DagBag from /home/airflow/.local/lib/python3.12/site-packages/airflow/example_dags/example_params_ui_tutorial.py
[2026-08-12T04:44:15.363+0000] {processor.py:925} INFO - DAG(s) 'example_params_ui_tutorial' retrieved from /home/airflow/.local/lib/python3.12/site-packages/airflow/example_dags/example_params_ui_tutorial.py
[2026-08-12T04:44:15.405+0000] {logging_mixin.py:190} INFO - [2026-08-12T04:44:15.405+0000] {dag.py:3211} INFO - Sync 1 DAGs
[2026-08-12T04:44:15.420+0000] {logging_mixin.py:190} INFO - [2026-08-12T04:44:15.419+0000] {dag.py:4138} INFO - Setting next_dagrun for example_params_ui_tutorial to None, run_after=None
[2026-08-12T04:44:15.442+0000] {processor.py:208} INFO - Processing /home/airflow/.local/lib/python3.12/site-packages/airflow/example_dags/example_params_ui_tutorial.py took 0.103 seconds
[2026-08-12T04:44:45.638+0000] {processor.py:186} INFO - Started process (PID=1514) to work on /home/airflow/.local/lib/python3.12/site-packages/airflow/example_dags/example_params_ui_tutorial.py
[2026-08-12T04:44:45.640+0000] {processor.py:914} INFO - Processing file /home/airflow/.local/lib/python3.12/site-packages/airflow/example_dags/example_params_ui_tutorial.py for tasks to queue
[2026-08-12T04:44:45.643+0000] {logging_mixin.py:190} INFO - [2026-08-12T04:44:45.642+0000] {dagbag.py:587} INFO - Filling up the DagBag from /home/airflow/.local/lib/python3.12/site-packages/airflow/example_dags/example_params_ui_tutorial.py
[2026-08-12T04:44:45.651+0000] {processor.py:925} INFO - DAG(s) 'example_params_ui_tutorial' retrieved from /home/airflow/.local/lib/python3.12/site-packages/airflow/example_dags/example_params_ui_tutorial.py
[2026-08-12T04:44:45.698+0000] {logging_mixin.py:190} INFO - [2026-08-12T04:44:45.698+0000] {dag.py:3211} INFO - Sync 1 DAGs
[2026-08-12T04:44:45.712+0000] {logging_mixin.py:190} INFO - [2026-08-12T04:44:45.712+0000] {dag.py:4138} INFO - Setting next_dagrun for example_params_ui_tutorial to None, run_after=None
[2026-08-12T04:44:45.733+0000] {processor.py:208} INFO - Processing /home/airflow/.local/lib/python3.12/site-packages/airflow/example_dags/example_params_ui_tutorial.py took 0.100 seconds
[2026-08-12T04:45:16.095+0000] {processor.py:186} INFO - Started process (PID=1576) to work on /home/airflow/.local/lib/python3.12/site-packages/airflow/example_dags/example_params_ui_tutorial.py
[2026-08-12T04:45:16.097+0000] {processor.py:914} INFO - Processing file /home/airflow/.local/lib/python3.12/site-packages/airflow/example_dags/example_params_ui_tutorial.py for tasks to queue
[2026-08-12T04:45:16.100+0000] {logging_mixin.py:190} INFO - [2026-08-12T04:45:16.099+0000] {dagbag.py:587} INFO - Filling up the DagBag from /home/airflow/.local/lib/python3.12/site-packages/airflow/example_dags/example_params_ui_tutorial.py
[2026-08-12T04:45:16.108+0000] {processor.py:925} INFO - DAG(s) 'example_params_ui_tutorial' retrieved from /home/airflow/.local/lib/python3.12/site-packages/airflow/example_dags/example_params_ui_tutorial.py
[2026-08-12T04:45:16.149+0000] {logging_mixin.py:190} INFO - [2026-08-12T04:45:16.149+0000] {dag.py:3211} INFO - Sync 1 DAGs
[2026-08-12T04:45:16.162+0000] {logging_mixin.py:190} INFO - [2026-08-12T04:45:16.161+0000] {dag.py:4138} INFO - Setting next_dagrun for example_params_ui_tutorial to None, run_after=None
[2026-08-12T04:45:16.182+0000] {processor.py:208} INFO - Processing /home/airflow/.local/lib/python3.12/site-packages/airflow/example_dags/example_params_ui_tutorial.py took 0.092 seconds
[2026-08-12T04:45:46.552+0000] {processor.py:186} INFO - Started process (PID=1638) to work on /home/airflow/.local/lib/python3.12/site-packages/airflow/example_dags/example_params_ui_tutorial.py
[2026-08-12T04:45:46.555+0000] {processor.py:914} INFO - Processing file /home/airflow/.local/lib/python3.12/site-packages/airflow/example_dags/example_params_ui_tutorial.py for tasks to queue
[2026-08-12T04:45:46.559+0000] {logging_mixin.py:190} INFO - [2026-08-12T04:45:46.559+0000] {dagbag.py:587} INFO - Filling up the DagBag from /home/airflow/.local/lib/python3.12/site-packages/airflow/example_dags/example_params_ui_tutorial.py
[2026-08-12T04:45:46.571+0000] {processor.py:925} INFO - DAG(s) 'example_params_ui_tutorial' retrieved from /home/airflow/.local/lib/python3.12/site-packages/airflow/example_dags/example_params_ui_tutorial.py
[2026-08-12T04:45:46.611+0000] {logging_mixin.py:190} INFO - [2026-08-12T04:45:46.611+0000] {dag.py:3211} INFO - Sync 1 DAGs
[2026-08-12T04:45:46.626+0000] {logging_mixin.py:190} INFO - [2026-08-12T04:45:46.625+0000] {dag.py:4138} INFO - Setting next_dagrun for example_params_ui_tutorial to None, run_after=None
[2026-08-12T04:45:46.648+0000] {processor.py:208} INFO - Processing /home/airflow/.local/lib/python3.12/site-packages/airflow/example_dags/example_params_ui_tutorial.py took 0.102 seconds
[2026-08-12T04:46:17.206+0000] {processor.py:186} INFO - Started process (PID=1700) to work on /home/airflow/.local/lib/python3.12/site-packages/airflow/example_dags/example_params_ui_tutorial.py
[2026-08-12T04:46:17.209+0000] {processor.py:914} INFO - Processing file /home/airflow/.local/lib/python3.12/site-packages/airflow/example_dags/example_params_ui_tutorial.py for tasks to queue
[2026-08-12T04:46:17.213+0000] {logging_mixin.py:190} INFO - [2026-08-12T04:46:17.213+0000] {dagbag.py:587} INFO - Filling up the DagBag from /home/airflow/.local/lib/python3.12/site-packages/airflow/example_dags/example_params_ui_tutorial.py
[2026-08-12T04:46:17.229+0000] {processor.py:925} INFO - DAG(s) 'example_params_ui_tutorial' retrieved from /home/airflow/.local/lib/python3.12/site-packages/airflow/example_dags/example_params_ui_tutorial.py
[2026-08-12T04:46:17.288+0000] {logging_mixin.py:190} INFO - [2026-08-12T04:46:17.287+0000] {dag.py:3211} INFO - Sync 1 DAGs
[2026-08-12T04:46:17.307+0000] {logging_mixin.py:190} INFO - [2026-08-12T04:46:17.307+0000] {dag.py:4138} INFO - Setting next_dagrun for example_params_ui_tutorial to None, run_after=None
[2026-08-12T04:46:17.332+0000] {processor.py:208} INFO - Processing /home/airflow/.local/lib/python3.12/site-packages/airflow/example_dags/example_params_ui_tutorial.py took 0.132 seconds
[2026-08-12T04:46:47.798+0000] {processor.py:186} INFO - Started process (PID=1762) to work on /home/airflow/.local/lib/python3.12/site-packages/airflow/example_dags/example_params_ui_tutorial.py
[2026-08-12T04:46:47.800+0000] {processor.py:914} INFO - Processing file /home/airflow/.local/lib/python3.12/site-packages/airflow/example_dags/example_params_ui_tutorial.py for tasks to queue
[2026-08-12T04:46:47.803+0000] {logging_mixin.py:190} INFO - [2026-08-12T04:46:47.802+0000] {dagbag.py:587} INFO - Filling up the DagBag from /home/airflow/.local/lib/python3.12/site-packages/airflow/example_dags/example_params_ui_tutorial.py
[2026-08-12T04:46:47.811+0000] {processor.py:925} INFO - DAG(s) 'example_params_ui_tutorial' retrieved from /home/airflow/.local/lib/python3.12/site-packages/airflow/example_dags/example_params_ui_tutorial.py
[2026-08-12T04:46:47.848+0000] {logging_mixin.py:190} INFO - [2026-08-12T04:46:47.848+0000] {dag.py:3211} INFO - Sync 1 DAGs
[2026-08-12T04:46:47.865+0000] {logging_mixin.py:190} INFO - [2026-08-12T04:46:47.865+0000] {dag.py:4138} INFO - Setting next_dagrun for example_params_ui_tutorial to None, run_after=None
[2026-08-12T04:46:47.886+0000] {processor.py:208} INFO - Processing /home/airflow/.local/lib/python3.12/site-packages/airflow/example_dags/example_params_ui_tutorial.py took 0.093 seconds
[2026-08-12T04:47:18.478+0000] {processor.py:186} INFO - Started process (PID=1824) to work on /home/airflow/.local/lib/python3.12/site-packages/airflow/example_dags/example_params_ui_tutorial.py
[2026-08-12T04:47:18.481+0000] {processor.py:914} INFO - Processing file /home/airflow/.local/lib/python3.12/site-packages/airflow/example_dags/example_params_ui_tutorial.py for tasks to queue
[2026-08-12T04:47:18.486+0000] {logging_mixin.py:190} INFO - [2026-08-12T04:47:18.485+0000] {dagbag.py:587} INFO - Filling up the DagBag from /home/airflow/.local/lib/python3.12/site-packages/airflow/example_dags/example_params_ui_tutorial.py
[2026-08-12T04:47:18.505+0000] {processor.py:925} INFO - DAG(s) 'example_params_ui_tutorial' retrieved from /home/airflow/.local/lib/python3.12/site-packages/airflow/example_dags/example_params_ui_tutorial.py
[2026-08-12T04:47:18.568+0000] {logging_mixin.py:190} INFO - [2026-08-12T04:47:18.568+0000] {dag.py:3211} INFO - Sync 1 DAGs
[2026-08-12T04:47:18.585+0000] {logging_mixin.py:190} INFO - [2026-08-12T04:47:18.585+0000] {dag.py:4138} INFO - Setting next_dagrun for example_params_ui_tutorial to None, run_after=None
[2026-08-12T04:47:18.605+0000] {processor.py:208} INFO - Processing /home/airflow/.local/lib/python3.12/site-packages/airflow/example_dags/example_params_ui_tutorial.py took 0.146 seconds
[2026-08-12T04:47:49.335+0000] {processor.py:186} INFO - Started process (PID=1886) to work on /home/airflow/.local/lib/python3.12/site-packages/airflow/example_dags/example_params_ui_tutorial.py
[2026-08-12T04:47:49.337+0000] {processor.py:914} INFO - Processing file /home/airflow/.local/lib/python3.12/site-packages/airflow/example_dags/example_params_ui_tutorial.py for tasks to queue
[2026-08-12T04:47:49.340+0000] {logging_mixin.py:190} INFO - [2026-08-12T04:47:49.339+0000] {dagbag.py:587} INFO - Filling up the DagBag from /home/airflow/.local/lib/python3.12/site-packages/airflow/example_dags/example_params_ui_tutorial.py
[2026-08-12T04:47:49.349+0000] {processor.py:925} INFO - DAG(s) 'example_params_ui_tutorial' retrieved from /home/airflow/.local/lib/python3.12/site-packages/airflow/example_dags/example_params_ui_tutorial.py
[2026-08-12T04:47:49.387+0000] {logging_mixin.py:190} INFO - [2026-08-12T04:47:49.387+0000] {dag.py:3211} INFO - Sync 1 DAGs
[2026-08-12T04:47:49.406+0000] {logging_mixin.py:190} INFO - [2026-08-12T04:47:49.406+0000] {dag.py:4138} INFO - Setting next_dagrun for example_params_ui_tutorial to None, run_after=None
[2026-08-12T04:47:49.431+0000] {processor.py:208} INFO - Processing /home/airflow/.local/lib/python3.12/site-packages/airflow/example_dags/example_params_ui_tutorial.py took 0.102 seconds
[2026-08-12T04:48:19.632+0000] {processor.py:186} INFO - Started process (PID=1949) to work on /home/airflow/.local/lib/python3.12/site-packages/airflow/example_dags/example_params_ui_tutorial.py
[2026-08-12T04:48:19.634+0000] {processor.py:914} INFO - Processing file /home/airflow/.local/lib/python3.12/site-packages/airflow/example_dags/example_params_ui_tutorial.py for tasks to queue
[2026-08-12T04:48:19.638+0000] {logging_mixin.py:190} INFO - [2026-08-12T04:48:19.638+0000] {dagbag.py:587} INFO - Filling up the DagBag from /home/airflow/.local/lib/python3.12/site-packages/airflow/example_dags/example_params_ui_tutorial.py
[2026-08-12T04:48:19.653+0000] {processor.py:925} INFO - DAG(s) 'example_params_ui_tutorial' retrieved from /home/airflow/.local/lib/python3.12/site-packages/airflow/example_dags/example_params_ui_tutorial.py
[2026-08-12T04:48:19.727+0000] {logging_mixin.py:190} INFO - [2026-08-12T04:48:19.727+0000] {dag.py:3211} INFO - Sync 1 DAGs
[2026-08-12T04:48:19.750+0000] {logging_mixin.py:190} INFO - [2026-08-12T04:48:19.750+0000] {dag.py:4138} INFO - Setting next_dagrun for example_params_ui_tutorial to None, run_after=None
[2026-08-12T04:48:19.784+0000] {processor.py:208} INFO - Processing /home/airflow/.local/lib/python3.12/site-packages/airflow/example_dags/example_params_ui_tutorial.py took 0.165 seconds
[2026-08-12T04:48:50.746+0000] {processor.py:186} INFO - Started process (PID=2012) to work on /home/airflow/.local/lib/python3.12/site-packages/airflow/example_dags/example_params_ui_tutorial.py
[2026-08-12T04:48:50.748+0000] {processor.py:914} INFO - Processing file /home/airflow/.local/lib/python3.12/site-packages/airflow/example_dags/example_params_ui_tutorial.py for tasks to queue
[2026-08-12T04:48:50.751+0000] {logging_mixin.py:190} INFO - [2026-08-12T04:48:50.751+0000] {dagbag.py:587} INFO - Filling up the DagBag from /home/airflow/.local/lib/python3.12/site-packages/airflow/example_dags/example_params_ui_tutorial.py
[2026-08-12T04:48:50.761+0000] {processor.py:925} INFO - DAG(s) 'example_params_ui_tutorial' retrieved from /home/airflow/.local/lib/python3.12/site-packages/airflow/example_dags/example_params_ui_tutorial.py
[2026-08-12T04:48:50.808+0000] {logging_mixin.py:190} INFO - [2026-08-12T04:48:50.808+0000] {dag.py:3211} INFO - Sync 1 DAGs
[2026-08-12T04:48:50.823+0000] {logging_mixin.py:190} INFO - [2026-08-12T04:48:50.822+0000] {dag.py:4138} INFO - Setting next_dagrun for example_params_ui_tutorial to None, run_after=None
[2026-08-12T04:48:50.864+0000] {processor.py:208} INFO - Processing /home/airflow/.local/lib/python3.12/site-packages/airflow/example_dags/example_params_ui_tutorial.py took 0.125 seconds
