[2026-08-12T04:30:54.757+0000] {processor.py:186} INFO - Started process (PID=111) to work on /home/airflow/.local/lib/python3.12/site-packages/airflow/example_dags/example_python_decorator.py
[2026-08-12T04:30:54.760+0000] {processor.py:914} INFO - Processing file /home/airflow/.local/lib/python3.12/site-packages/airflow/example_dags/example_python_decorator.py for tasks to queue
[2026-08-12T04:30:54.766+0000] {logging_mixin.py:190} INFO - [2026-08-12T04:30:54.765+0000] {dagbag.py:587} INFO - Filling up the DagBag from /home/airflow/.local/lib/python3.12/site-packages/airflow/example_dags/example_python_decorator.py
[2026-08-12T04:30:54.793+0000] {processor.py:925} INFO - DAG(s) 'example_python_decorator' retrieved from /home/airflow/.local/lib/python3.12/site-packages/airflow/example_dags/example_python_decorator.py
[2026-08-12T04:30:54.951+0000] {logging_mixin.py:190} INFO - [2026-08-12T04:30:54.950+0000] {override.py:1858} INFO - Created Permission View: can edit on DAG:example_python_decorator
[2026-08-12T04:30:54.968+0000] {logging_mixin.py:190} INFO - [2026-08-12T04:30:54.967+0000] {override.py:1858} INFO - Created Permission View: can delete on DAG:example_python_decorator
[2026-08-12T04:30:54.978+0000] {logging_mixin.py:190} INFO - [2026-08-12T04:30:54.978+0000] {override.py:1858} INFO - Created Permission View: can read on DAG:example_python_decorator
[2026-08-12T04:30:54.980+0000] {logging_mixin.py:190} INFO - [2026-08-12T04:30:54.980+0000] {dag.py:3211} INFO - Sync 1 DAGs
[2026-08-12T04:30:55.002+0000] {logging_mixin.py:190} INFO - [2026-08-12T04:30:55.001+0000] {dag.py:3234} INFO - Creating ORM DAG for example_python_decorator
[2026-08-12T04:30:55.004+0000] {logging_mixin.py:190} INFO - [2026-08-12T04:30:55.004+0000] {dag.py:4138} INFO - Setting next_dagrun for example_python_decorator to None, run_after=None
[2026-08-12T04:30:55.031+0000] {processor.py:208} INFO - Processing /home/airflow/.local/lib/python3.12/site-packages/airflow/example_dags/example_python_decorator.py took 0.286 seconds
[2026-08-12T04:31:25.809+0000] {processor.py:186} INFO - Started process (PID=173) to work on /home/airflow/.local/lib/python3.12/site-packages/airflow/example_dags/example_python_decorator.py
[2026-08-12T04:31:25.811+0000] {processor.py:914} INFO - Processing file /home/airflow/.local/lib/python3.12/site-packages/airflow/example_dags/example_python_decorator.py for tasks to queue
[2026-08-12T04:31:25.815+0000] {logging_mixin.py:190} INFO - [2026-08-12T04:31:25.815+0000] {dagbag.py:587} INFO - Filling up the DagBag from /home/airflow/.local/lib/python3.12/site-packages/airflow/example_dags/example_python_decorator.py
[2026-08-12T04:31:25.832+0000] {processor.py:925} INFO - DAG(s) 'example_python_decorator' retrieved from /home/airflow/.local/lib/python3.12/site-packages/airflow/example_dags/example_python_decorator.py
[2026-08-12T04:31:25.857+0000] {logging_mixin.py:190} INFO - [2026-08-12T04:31:25.857+0000] {dag.py:3211} INFO - Sync 1 DAGs
[2026-08-12T04:31:25.873+0000] {logging_mixin.py:190} INFO - [2026-08-12T04:31:25.872+0000] {dag.py:4138} INFO - Setting next_dagrun for example_python_decorator to None, run_after=None
[2026-08-12T04:31:25.894+0000] {processor.py:208} INFO - Processing /home/airflow/.local/lib/python3.12/site-packages/airflow/example_dags/example_python_decorator.py took 0.092 seconds
[2026-08-12T04:31:56.089+0000] {processor.py:186} INFO - Started process (PID=235) to work on /home/airflow/.local/lib/python3.12/site-packages/airflow/example_dags/example_python_decorator.py
[2026-08-12T04:31:56.090+0000] {processor.py:914} INFO - Processing file /home/airflow/.local/lib/python3.12/site-packages/airflow/example_dags/example_python_decorator.py for tasks to queue
[2026-08-12T04:31:56.093+0000] {logging_mixin.py:190} INFO - [2026-08-12T04:31:56.093+0000] {dagbag.py:587} INFO - Filling up the DagBag from /home/airflow/.local/lib/python3.12/site-packages/airflow/example_dags/example_python_decorator.py
[2026-08-12T04:31:56.105+0000] {processor.py:925} INFO - DAG(s) 'example_python_decorator' retrieved from /home/airflow/.local/lib/python3.12/site-packages/airflow/example_dags/example_python_decorator.py
[2026-08-12T04:31:56.128+0000] {logging_mixin.py:190} INFO - [2026-08-12T04:31:56.127+0000] {dag.py:3211} INFO - Sync 1 DAGs
[2026-08-12T04:31:56.142+0000] {logging_mixin.py:190} INFO - [2026-08-12T04:31:56.141+0000] {dag.py:4138} INFO - Setting next_dagrun for example_python_decorator to None, run_after=None
[2026-08-12T04:31:56.161+0000] {processor.py:208} INFO - Processing /home/airflow/.local/lib/python3.12/site-packages/airflow/example_dags/example_python_decorator.py took 0.078 seconds
[2026-08-12T04:33:06.333+0000] {processor.py:186} INFO - Started process (PID=108) to work on /home/airflow/.local/lib/python3.12/site-packages/airflow/example_dags/example_python_decorator.py
[2026-08-12T04:33:06.336+0000] {processor.py:914} INFO - Processing file /home/airflow/.local/lib/python3.12/site-packages/airflow/example_dags/example_python_decorator.py for tasks to queue
[2026-08-12T04:33:06.341+0000] {logging_mixin.py:190} INFO - [2026-08-12T04:33:06.341+0000] {dagbag.py:587} INFO - Filling up the DagBag from /home/airflow/.local/lib/python3.12/site-packages/airflow/example_dags/example_python_decorator.py
[2026-08-12T04:33:06.362+0000] {processor.py:925} INFO - DAG(s) 'example_python_decorator' retrieved from /home/airflow/.local/lib/python3.12/site-packages/airflow/example_dags/example_python_decorator.py
[2026-08-12T04:33:06.490+0000] {logging_mixin.py:190} INFO - [2026-08-12T04:33:06.490+0000] {dag.py:3211} INFO - Sync 1 DAGs
[2026-08-12T04:33:06.503+0000] {logging_mixin.py:190} INFO - [2026-08-12T04:33:06.503+0000] {dag.py:4138} INFO - Setting next_dagrun for example_python_decorator to None, run_after=None
[2026-08-12T04:33:06.525+0000] {processor.py:208} INFO - Processing /home/airflow/.local/lib/python3.12/site-packages/airflow/example_dags/example_python_decorator.py took 0.200 seconds
[2026-08-12T04:33:36.813+0000] {processor.py:186} INFO - Started process (PID=170) to work on /home/airflow/.local/lib/python3.12/site-packages/airflow/example_dags/example_python_decorator.py
[2026-08-12T04:33:36.815+0000] {processor.py:914} INFO - Processing file /home/airflow/.local/lib/python3.12/site-packages/airflow/example_dags/example_python_decorator.py for tasks to queue
[2026-08-12T04:33:36.818+0000] {logging_mixin.py:190} INFO - [2026-08-12T04:33:36.817+0000] {dagbag.py:587} INFO - Filling up the DagBag from /home/airflow/.local/lib/python3.12/site-packages/airflow/example_dags/example_python_decorator.py
[2026-08-12T04:33:36.833+0000] {processor.py:925} INFO - DAG(s) 'example_python_decorator' retrieved from /home/airflow/.local/lib/python3.12/site-packages/airflow/example_dags/example_python_decorator.py
[2026-08-12T04:33:36.863+0000] {logging_mixin.py:190} INFO - [2026-08-12T04:33:36.862+0000] {dag.py:3211} INFO - Sync 1 DAGs
[2026-08-12T04:33:36.882+0000] {logging_mixin.py:190} INFO - [2026-08-12T04:33:36.881+0000] {dag.py:4138} INFO - Setting next_dagrun for example_python_decorator to None, run_after=None
[2026-08-12T04:33:36.906+0000] {processor.py:208} INFO - Processing /home/airflow/.local/lib/python3.12/site-packages/airflow/example_dags/example_python_decorator.py took 0.100 seconds
[2026-08-12T04:34:07.093+0000] {processor.py:186} INFO - Started process (PID=232) to work on /home/airflow/.local/lib/python3.12/site-packages/airflow/example_dags/example_python_decorator.py
[2026-08-12T04:34:07.094+0000] {processor.py:914} INFO - Processing file /home/airflow/.local/lib/python3.12/site-packages/airflow/example_dags/example_python_decorator.py for tasks to queue
[2026-08-12T04:34:07.098+0000] {logging_mixin.py:190} INFO - [2026-08-12T04:34:07.097+0000] {dagbag.py:587} INFO - Filling up the DagBag from /home/airflow/.local/lib/python3.12/site-packages/airflow/example_dags/example_python_decorator.py
[2026-08-12T04:34:07.112+0000] {processor.py:925} INFO - DAG(s) 'example_python_decorator' retrieved from /home/airflow/.local/lib/python3.12/site-packages/airflow/example_dags/example_python_decorator.py
[2026-08-12T04:34:07.134+0000] {logging_mixin.py:190} INFO - [2026-08-12T04:34:07.133+0000] {dag.py:3211} INFO - Sync 1 DAGs
[2026-08-12T04:34:07.149+0000] {logging_mixin.py:190} INFO - [2026-08-12T04:34:07.149+0000] {dag.py:4138} INFO - Setting next_dagrun for example_python_decorator to None, run_after=None
[2026-08-12T04:34:07.173+0000] {processor.py:208} INFO - Processing /home/airflow/.local/lib/python3.12/site-packages/airflow/example_dags/example_python_decorator.py took 0.086 seconds
[2026-08-12T04:34:37.545+0000] {processor.py:186} INFO - Started process (PID=293) to work on /home/airflow/.local/lib/python3.12/site-packages/airflow/example_dags/example_python_decorator.py
[2026-08-12T04:34:37.547+0000] {processor.py:914} INFO - Processing file /home/airflow/.local/lib/python3.12/site-packages/airflow/example_dags/example_python_decorator.py for tasks to queue
[2026-08-12T04:34:37.549+0000] {logging_mixin.py:190} INFO - [2026-08-12T04:34:37.549+0000] {dagbag.py:587} INFO - Filling up the DagBag from /home/airflow/.local/lib/python3.12/site-packages/airflow/example_dags/example_python_decorator.py
[2026-08-12T04:34:37.561+0000] {processor.py:925} INFO - DAG(s) 'example_python_decorator' retrieved from /home/airflow/.local/lib/python3.12/site-packages/airflow/example_dags/example_python_decorator.py
[2026-08-12T04:34:37.581+0000] {logging_mixin.py:190} INFO - [2026-08-12T04:34:37.581+0000] {dag.py:3211} INFO - Sync 1 DAGs
[2026-08-12T04:34:37.594+0000] {logging_mixin.py:190} INFO - [2026-08-12T04:34:37.594+0000] {dag.py:4138} INFO - Setting next_dagrun for example_python_decorator to None, run_after=None
[2026-08-12T04:34:37.612+0000] {processor.py:208} INFO - Processing /home/airflow/.local/lib/python3.12/site-packages/airflow/example_dags/example_python_decorator.py took 0.072 seconds
[2026-08-12T04:35:07.814+0000] {processor.py:186} INFO - Started process (PID=355) to work on /home/airflow/.local/lib/python3.12/site-packages/airflow/example_dags/example_python_decorator.py
[2026-08-12T04:35:07.818+0000] {processor.py:914} INFO - Processing file /home/airflow/.local/lib/python3.12/site-packages/airflow/example_dags/example_python_decorator.py for tasks to queue
[2026-08-12T04:35:07.824+0000] {logging_mixin.py:190} INFO - [2026-08-12T04:35:07.823+0000] {dagbag.py:587} INFO - Filling up the DagBag from /home/airflow/.local/lib/python3.12/site-packages/airflow/example_dags/example_python_decorator.py
[2026-08-12T04:35:07.858+0000] {processor.py:925} INFO - DAG(s) 'example_python_decorator' retrieved from /home/airflow/.local/lib/python3.12/site-packages/airflow/example_dags/example_python_decorator.py
[2026-08-12T04:35:07.900+0000] {logging_mixin.py:190} INFO - [2026-08-12T04:35:07.899+0000] {dag.py:3211} INFO - Sync 1 DAGs
[2026-08-12T04:35:07.926+0000] {logging_mixin.py:190} INFO - [2026-08-12T04:35:07.926+0000] {dag.py:4138} INFO - Setting next_dagrun for example_python_decorator to None, run_after=None
[2026-08-12T04:35:07.961+0000] {processor.py:208} INFO - Processing /home/airflow/.local/lib/python3.12/site-packages/airflow/example_dags/example_python_decorator.py took 0.157 seconds
[2026-08-12T04:35:38.214+0000] {processor.py:186} INFO - Started process (PID=416) to work on /home/airflow/.local/lib/python3.12/site-packages/airflow/example_dags/example_python_decorator.py
[2026-08-12T04:35:38.217+0000] {processor.py:914} INFO - Processing file /home/airflow/.local/lib/python3.12/site-packages/airflow/example_dags/example_python_decorator.py for tasks to queue
[2026-08-12T04:35:38.220+0000] {logging_mixin.py:190} INFO - [2026-08-12T04:35:38.219+0000] {dagbag.py:587} INFO - Filling up the DagBag from /home/airflow/.local/lib/python3.12/site-packages/airflow/example_dags/example_python_decorator.py
[2026-08-12T04:35:38.236+0000] {processor.py:925} INFO - DAG(s) 'example_python_decorator' retrieved from /home/airflow/.local/lib/python3.12/site-packages/airflow/example_dags/example_python_decorator.py
[2026-08-12T04:35:38.261+0000] {logging_mixin.py:190} INFO - [2026-08-12T04:35:38.260+0000] {dag.py:3211} INFO - Sync 1 DAGs
[2026-08-12T04:35:38.277+0000] {logging_mixin.py:190} INFO - [2026-08-12T04:35:38.276+0000] {dag.py:4138} INFO - Setting next_dagrun for example_python_decorator to None, run_after=None
[2026-08-12T04:35:38.295+0000] {processor.py:208} INFO - Processing /home/airflow/.local/lib/python3.12/site-packages/airflow/example_dags/example_python_decorator.py took 0.087 seconds
[2026-08-12T04:36:08.525+0000] {processor.py:186} INFO - Started process (PID=478) to work on /home/airflow/.local/lib/python3.12/site-packages/airflow/example_dags/example_python_decorator.py
[2026-08-12T04:36:08.527+0000] {processor.py:914} INFO - Processing file /home/airflow/.local/lib/python3.12/site-packages/airflow/example_dags/example_python_decorator.py for tasks to queue
[2026-08-12T04:36:08.530+0000] {logging_mixin.py:190} INFO - [2026-08-12T04:36:08.529+0000] {dagbag.py:587} INFO - Filling up the DagBag from /home/airflow/.local/lib/python3.12/site-packages/airflow/example_dags/example_python_decorator.py
[2026-08-12T04:36:08.543+0000] {processor.py:925} INFO - DAG(s) 'example_python_decorator' retrieved from /home/airflow/.local/lib/python3.12/site-packages/airflow/example_dags/example_python_decorator.py
[2026-08-12T04:36:08.566+0000] {logging_mixin.py:190} INFO - [2026-08-12T04:36:08.566+0000] {dag.py:3211} INFO - Sync 1 DAGs
[2026-08-12T04:36:08.579+0000] {logging_mixin.py:190} INFO - [2026-08-12T04:36:08.579+0000] {dag.py:4138} INFO - Setting next_dagrun for example_python_decorator to None, run_after=None
[2026-08-12T04:36:08.597+0000] {processor.py:208} INFO - Processing /home/airflow/.local/lib/python3.12/site-packages/airflow/example_dags/example_python_decorator.py took 0.077 seconds
[2026-08-12T04:36:39.484+0000] {processor.py:186} INFO - Started process (PID=540) to work on /home/airflow/.local/lib/python3.12/site-packages/airflow/example_dags/example_python_decorator.py
[2026-08-12T04:36:39.495+0000] {processor.py:914} INFO - Processing file /home/airflow/.local/lib/python3.12/site-packages/airflow/example_dags/example_python_decorator.py for tasks to queue
[2026-08-12T04:36:39.502+0000] {logging_mixin.py:190} INFO - [2026-08-12T04:36:39.501+0000] {dagbag.py:587} INFO - Filling up the DagBag from /home/airflow/.local/lib/python3.12/site-packages/airflow/example_dags/example_python_decorator.py
[2026-08-12T04:36:39.549+0000] {processor.py:925} INFO - DAG(s) 'example_python_decorator' retrieved from /home/airflow/.local/lib/python3.12/site-packages/airflow/example_dags/example_python_decorator.py
[2026-08-12T04:36:39.600+0000] {logging_mixin.py:190} INFO - [2026-08-12T04:36:39.599+0000] {dag.py:3211} INFO - Sync 1 DAGs
[2026-08-12T04:36:39.625+0000] {logging_mixin.py:190} INFO - [2026-08-12T04:36:39.625+0000] {dag.py:4138} INFO - Setting next_dagrun for example_python_decorator to None, run_after=None
[2026-08-12T04:36:39.666+0000] {processor.py:208} INFO - Processing /home/airflow/.local/lib/python3.12/site-packages/airflow/example_dags/example_python_decorator.py took 0.194 seconds
[2026-08-12T04:37:09.721+0000] {processor.py:186} INFO - Started process (PID=602) to work on /home/airflow/.local/lib/python3.12/site-packages/airflow/example_dags/example_python_decorator.py
[2026-08-12T04:37:09.724+0000] {processor.py:914} INFO - Processing file /home/airflow/.local/lib/python3.12/site-packages/airflow/example_dags/example_python_decorator.py for tasks to queue
[2026-08-12T04:37:09.727+0000] {logging_mixin.py:190} INFO - [2026-08-12T04:37:09.726+0000] {dagbag.py:587} INFO - Filling up the DagBag from /home/airflow/.local/lib/python3.12/site-packages/airflow/example_dags/example_python_decorator.py
[2026-08-12T04:37:09.741+0000] {processor.py:925} INFO - DAG(s) 'example_python_decorator' retrieved from /home/airflow/.local/lib/python3.12/site-packages/airflow/example_dags/example_python_decorator.py
[2026-08-12T04:37:09.768+0000] {logging_mixin.py:190} INFO - [2026-08-12T04:37:09.768+0000] {dag.py:3211} INFO - Sync 1 DAGs
[2026-08-12T04:37:09.782+0000] {logging_mixin.py:190} INFO - [2026-08-12T04:37:09.782+0000] {dag.py:4138} INFO - Setting next_dagrun for example_python_decorator to None, run_after=None
[2026-08-12T04:37:09.805+0000] {processor.py:208} INFO - Processing /home/airflow/.local/lib/python3.12/site-packages/airflow/example_dags/example_python_decorator.py took 0.088 seconds
[2026-08-12T04:37:40.355+0000] {processor.py:186} INFO - Started process (PID=664) to work on /home/airflow/.local/lib/python3.12/site-packages/airflow/example_dags/example_python_decorator.py
[2026-08-12T04:37:40.358+0000] {processor.py:914} INFO - Processing file /home/airflow/.local/lib/python3.12/site-packages/airflow/example_dags/example_python_decorator.py for tasks to queue
[2026-08-12T04:37:40.364+0000] {logging_mixin.py:190} INFO - [2026-08-12T04:37:40.363+0000] {dagbag.py:587} INFO - Filling up the DagBag from /home/airflow/.local/lib/python3.12/site-packages/airflow/example_dags/example_python_decorator.py
[2026-08-12T04:37:40.389+0000] {processor.py:925} INFO - DAG(s) 'example_python_decorator' retrieved from /home/airflow/.local/lib/python3.12/site-packages/airflow/example_dags/example_python_decorator.py
[2026-08-12T04:37:40.431+0000] {logging_mixin.py:190} INFO - [2026-08-12T04:37:40.431+0000] {dag.py:3211} INFO - Sync 1 DAGs
[2026-08-12T04:37:40.454+0000] {logging_mixin.py:190} INFO - [2026-08-12T04:37:40.454+0000] {dag.py:4138} INFO - Setting next_dagrun for example_python_decorator to None, run_after=None
[2026-08-12T04:37:40.493+0000] {processor.py:208} INFO - Processing /home/airflow/.local/lib/python3.12/site-packages/airflow/example_dags/example_python_decorator.py took 0.151 seconds
[2026-08-12T04:38:10.559+0000] {processor.py:186} INFO - Started process (PID=726) to work on /home/airflow/.local/lib/python3.12/site-packages/airflow/example_dags/example_python_decorator.py
[2026-08-12T04:38:10.561+0000] {processor.py:914} INFO - Processing file /home/airflow/.local/lib/python3.12/site-packages/airflow/example_dags/example_python_decorator.py for tasks to queue
[2026-08-12T04:38:10.565+0000] {logging_mixin.py:190} INFO - [2026-08-12T04:38:10.564+0000] {dagbag.py:587} INFO - Filling up the DagBag from /home/airflow/.local/lib/python3.12/site-packages/airflow/example_dags/example_python_decorator.py
[2026-08-12T04:38:10.579+0000] {processor.py:925} INFO - DAG(s) 'example_python_decorator' retrieved from /home/airflow/.local/lib/python3.12/site-packages/airflow/example_dags/example_python_decorator.py
[2026-08-12T04:38:10.602+0000] {logging_mixin.py:190} INFO - [2026-08-12T04:38:10.601+0000] {dag.py:3211} INFO - Sync 1 DAGs
[2026-08-12T04:38:10.616+0000] {logging_mixin.py:190} INFO - [2026-08-12T04:38:10.615+0000] {dag.py:4138} INFO - Setting next_dagrun for example_python_decorator to None, run_after=None
[2026-08-12T04:38:10.635+0000] {processor.py:208} INFO - Processing /home/airflow/.local/lib/python3.12/site-packages/airflow/example_dags/example_python_decorator.py took 0.082 seconds
[2026-08-12T04:38:40.779+0000] {processor.py:186} INFO - Started process (PID=788) to work on /home/airflow/.local/lib/python3.12/site-packages/airflow/example_dags/example_python_decorator.py
[2026-08-12T04:38:40.781+0000] {processor.py:914} INFO - Processing file /home/airflow/.local/lib/python3.12/site-packages/airflow/example_dags/example_python_decorator.py for tasks to queue
[2026-08-12T04:38:40.785+0000] {logging_mixin.py:190} INFO - [2026-08-12T04:38:40.784+0000] {dagbag.py:587} INFO - Filling up the DagBag from /home/airflow/.local/lib/python3.12/site-packages/airflow/example_dags/example_python_decorator.py
[2026-08-12T04:38:40.802+0000] {processor.py:925} INFO - DAG(s) 'example_python_decorator' retrieved from /home/airflow/.local/lib/python3.12/site-packages/airflow/example_dags/example_python_decorator.py
[2026-08-12T04:38:40.825+0000] {logging_mixin.py:190} INFO - [2026-08-12T04:38:40.824+0000] {dag.py:3211} INFO - Sync 1 DAGs
[2026-08-12T04:38:40.851+0000] {logging_mixin.py:190} INFO - [2026-08-12T04:38:40.851+0000] {dag.py:4138} INFO - Setting next_dagrun for example_python_decorator to None, run_after=None
[2026-08-12T04:38:40.876+0000] {processor.py:208} INFO - Processing /home/airflow/.local/lib/python3.12/site-packages/airflow/example_dags/example_python_decorator.py took 0.104 seconds
[2026-08-12T04:39:11.684+0000] {processor.py:186} INFO - Started process (PID=850) to work on /home/airflow/.local/lib/python3.12/site-packages/airflow/example_dags/example_python_decorator.py
[2026-08-12T04:39:11.685+0000] {processor.py:914} INFO - Processing file /home/airflow/.local/lib/python3.12/site-packages/airflow/example_dags/example_python_decorator.py for tasks to queue
[2026-08-12T04:39:11.688+0000] {logging_mixin.py:190} INFO - [2026-08-12T04:39:11.688+0000] {dagbag.py:587} INFO - Filling up the DagBag from /home/airflow/.local/lib/python3.12/site-packages/airflow/example_dags/example_python_decorator.py
[2026-08-12T04:39:11.701+0000] {processor.py:925} INFO - DAG(s) 'example_python_decorator' retrieved from /home/airflow/.local/lib/python3.12/site-packages/airflow/example_dags/example_python_decorator.py
[2026-08-12T04:39:11.726+0000] {logging_mixin.py:190} INFO - [2026-08-12T04:39:11.726+0000] {dag.py:3211} INFO - Sync 1 DAGs
[2026-08-12T04:39:11.739+0000] {logging_mixin.py:190} INFO - [2026-08-12T04:39:11.739+0000] {dag.py:4138} INFO - Setting next_dagrun for example_python_decorator to None, run_after=None
[2026-08-12T04:39:11.760+0000] {processor.py:208} INFO - Processing /home/airflow/.local/lib/python3.12/site-packages/airflow/example_dags/example_python_decorator.py took 0.081 seconds
[2026-08-12T04:39:42.181+0000] {processor.py:186} INFO - Started process (PID=912) to work on /home/airflow/.local/lib/python3.12/site-packages/airflow/example_dags/example_python_decorator.py
[2026-08-12T04:39:42.183+0000] {processor.py:914} INFO - Processing file /home/airflow/.local/lib/python3.12/site-packages/airflow/example_dags/example_python_decorator.py for tasks to queue
[2026-08-12T04:39:42.187+0000] {logging_mixin.py:190} INFO - [2026-08-12T04:39:42.186+0000] {dagbag.py:587} INFO - Filling up the DagBag from /home/airflow/.local/lib/python3.12/site-packages/airflow/example_dags/example_python_decorator.py
[2026-08-12T04:39:42.200+0000] {processor.py:925} INFO - DAG(s) 'example_python_decorator' retrieved from /home/airflow/.local/lib/python3.12/site-packages/airflow/example_dags/example_python_decorator.py
[2026-08-12T04:39:42.229+0000] {logging_mixin.py:190} INFO - [2026-08-12T04:39:42.229+0000] {dag.py:3211} INFO - Sync 1 DAGs
[2026-08-12T04:39:42.244+0000] {logging_mixin.py:190} INFO - [2026-08-12T04:39:42.244+0000] {dag.py:4138} INFO - Setting next_dagrun for example_python_decorator to None, run_after=None
[2026-08-12T04:39:42.266+0000] {processor.py:208} INFO - Processing /home/airflow/.local/lib/python3.12/site-packages/airflow/example_dags/example_python_decorator.py took 0.090 seconds
[2026-08-12T04:40:12.868+0000] {processor.py:186} INFO - Started process (PID=974) to work on /home/airflow/.local/lib/python3.12/site-packages/airflow/example_dags/example_python_decorator.py
[2026-08-12T04:40:12.870+0000] {processor.py:914} INFO - Processing file /home/airflow/.local/lib/python3.12/site-packages/airflow/example_dags/example_python_decorator.py for tasks to queue
[2026-08-12T04:40:12.873+0000] {logging_mixin.py:190} INFO - [2026-08-12T04:40:12.873+0000] {dagbag.py:587} INFO - Filling up the DagBag from /home/airflow/.local/lib/python3.12/site-packages/airflow/example_dags/example_python_decorator.py
[2026-08-12T04:40:12.890+0000] {processor.py:925} INFO - DAG(s) 'example_python_decorator' retrieved from /home/airflow/.local/lib/python3.12/site-packages/airflow/example_dags/example_python_decorator.py
[2026-08-12T04:40:12.914+0000] {logging_mixin.py:190} INFO - [2026-08-12T04:40:12.914+0000] {dag.py:3211} INFO - Sync 1 DAGs
[2026-08-12T04:40:12.928+0000] {logging_mixin.py:190} INFO - [2026-08-12T04:40:12.927+0000] {dag.py:4138} INFO - Setting next_dagrun for example_python_decorator to None, run_after=None
[2026-08-12T04:40:12.949+0000] {processor.py:208} INFO - Processing /home/airflow/.local/lib/python3.12/site-packages/airflow/example_dags/example_python_decorator.py took 0.088 seconds
[2026-08-12T04:40:43.243+0000] {processor.py:186} INFO - Started process (PID=1036) to work on /home/airflow/.local/lib/python3.12/site-packages/airflow/example_dags/example_python_decorator.py
[2026-08-12T04:40:43.245+0000] {processor.py:914} INFO - Processing file /home/airflow/.local/lib/python3.12/site-packages/airflow/example_dags/example_python_decorator.py for tasks to queue
[2026-08-12T04:40:43.249+0000] {logging_mixin.py:190} INFO - [2026-08-12T04:40:43.249+0000] {dagbag.py:587} INFO - Filling up the DagBag from /home/airflow/.local/lib/python3.12/site-packages/airflow/example_dags/example_python_decorator.py
[2026-08-12T04:40:43.264+0000] {processor.py:925} INFO - DAG(s) 'example_python_decorator' retrieved from /home/airflow/.local/lib/python3.12/site-packages/airflow/example_dags/example_python_decorator.py
[2026-08-12T04:40:43.287+0000] {logging_mixin.py:190} INFO - [2026-08-12T04:40:43.287+0000] {dag.py:3211} INFO - Sync 1 DAGs
[2026-08-12T04:40:43.301+0000] {logging_mixin.py:190} INFO - [2026-08-12T04:40:43.301+0000] {dag.py:4138} INFO - Setting next_dagrun for example_python_decorator to None, run_after=None
[2026-08-12T04:40:43.318+0000] {processor.py:208} INFO - Processing /home/airflow/.local/lib/python3.12/site-packages/airflow/example_dags/example_python_decorator.py took 0.081 seconds
[2026-08-12T04:41:13.594+0000] {processor.py:186} INFO - Started process (PID=1098) to work on /home/airflow/.local/lib/python3.12/site-packages/airflow/example_dags/example_python_decorator.py
[2026-08-12T04:41:13.595+0000] {processor.py:914} INFO - Processing file /home/airflow/.local/lib/python3.12/site-packages/airflow/example_dags/example_python_decorator.py for tasks to queue
[2026-08-12T04:41:13.599+0000] {logging_mixin.py:190} INFO - [2026-08-12T04:41:13.598+0000] {dagbag.py:587} INFO - Filling up the DagBag from /home/airflow/.local/lib/python3.12/site-packages/airflow/example_dags/example_python_decorator.py
[2026-08-12T04:41:13.618+0000] {processor.py:925} INFO - DAG(s) 'example_python_decorator' retrieved from /home/airflow/.local/lib/python3.12/site-packages/airflow/example_dags/example_python_decorator.py
[2026-08-12T04:41:13.650+0000] {logging_mixin.py:190} INFO - [2026-08-12T04:41:13.650+0000] {dag.py:3211} INFO - Sync 1 DAGs
[2026-08-12T04:41:13.672+0000] {logging_mixin.py:190} INFO - [2026-08-12T04:41:13.671+0000] {dag.py:4138} INFO - Setting next_dagrun for example_python_decorator to None, run_after=None
[2026-08-12T04:41:13.699+0000] {processor.py:208} INFO - Processing /home/airflow/.local/lib/python3.12/site-packages/airflow/example_dags/example_python_decorator.py took 0.112 seconds
[2026-08-12T04:41:44.398+0000] {processor.py:186} INFO - Started process (PID=1160) to work on /home/airflow/.local/lib/python3.12/site-packages/airflow/example_dags/example_python_decorator.py
[2026-08-12T04:41:44.399+0000] {processor.py:914} INFO - Processing file /home/airflow/.local/lib/python3.12/site-packages/airflow/example_dags/example_python_decorator.py for tasks to queue
[2026-08-12T04:41:44.403+0000] {logging_mixin.py:190} INFO - [2026-08-12T04:41:44.402+0000] {dagbag.py:587} INFO - Filling up the DagBag from /home/airflow/.local/lib/python3.12/site-packages/airflow/example_dags/example_python_decorator.py
[2026-08-12T04:41:44.416+0000] {processor.py:925} INFO - DAG(s) 'example_python_decorator' retrieved from /home/airflow/.local/lib/python3.12/site-packages/airflow/example_dags/example_python_decorator.py
[2026-08-12T04:41:44.436+0000] {logging_mixin.py:190} INFO - [2026-08-12T04:41:44.436+0000] {dag.py:3211} INFO - Sync 1 DAGs
[2026-08-12T04:41:44.448+0000] {logging_mixin.py:190} INFO - [2026-08-12T04:41:44.448+0000] {dag.py:4138} INFO - Setting next_dagrun for example_python_decorator to None, run_after=None
[2026-08-12T04:41:44.464+0000] {processor.py:208} INFO - Processing /home/airflow/.local/lib/python3.12/site-packages/airflow/example_dags/example_python_decorator.py took 0.072 seconds
[2026-08-12T04:42:14.802+0000] {processor.py:186} INFO - Started process (PID=1222) to work on /home/airflow/.local/lib/python3.12/site-packages/airflow/example_dags/example_python_decorator.py
[2026-08-12T04:42:14.804+0000] {processor.py:914} INFO - Processing file /home/airflow/.local/lib/python3.12/site-packages/airflow/example_dags/example_python_decorator.py for tasks to queue
[2026-08-12T04:42:14.807+0000] {logging_mixin.py:190} INFO - [2026-08-12T04:42:14.807+0000] {dagbag.py:587} INFO - Filling up the DagBag from /home/airflow/.local/lib/python3.12/site-packages/airflow/example_dags/example_python_decorator.py
[2026-08-12T04:42:14.825+0000] {processor.py:925} INFO - DAG(s) 'example_python_decorator' retrieved from /home/airflow/.local/lib/python3.12/site-packages/airflow/example_dags/example_python_decorator.py
[2026-08-12T04:42:14.860+0000] {logging_mixin.py:190} INFO - [2026-08-12T04:42:14.859+0000] {dag.py:3211} INFO - Sync 1 DAGs
[2026-08-12T04:42:14.921+0000] {logging_mixin.py:190} INFO - [2026-08-12T04:42:14.921+0000] {dag.py:4138} INFO - Setting next_dagrun for example_python_decorator to None, run_after=None
[2026-08-12T04:42:14.976+0000] {processor.py:208} INFO - Processing /home/airflow/.local/lib/python3.12/site-packages/airflow/example_dags/example_python_decorator.py took 0.183 seconds
[2026-08-12T04:42:45.122+0000] {processor.py:186} INFO - Started process (PID=1284) to work on /home/airflow/.local/lib/python3.12/site-packages/airflow/example_dags/example_python_decorator.py
[2026-08-12T04:42:45.124+0000] {processor.py:914} INFO - Processing file /home/airflow/.local/lib/python3.12/site-packages/airflow/example_dags/example_python_decorator.py for tasks to queue
[2026-08-12T04:42:45.127+0000] {logging_mixin.py:190} INFO - [2026-08-12T04:42:45.127+0000] {dagbag.py:587} INFO - Filling up the DagBag from /home/airflow/.local/lib/python3.12/site-packages/airflow/example_dags/example_python_decorator.py
[2026-08-12T04:42:45.142+0000] {processor.py:925} INFO - DAG(s) 'example_python_decorator' retrieved from /home/airflow/.local/lib/python3.12/site-packages/airflow/example_dags/example_python_decorator.py
[2026-08-12T04:42:45.164+0000] {logging_mixin.py:190} INFO - [2026-08-12T04:42:45.163+0000] {dag.py:3211} INFO - Sync 1 DAGs
[2026-08-12T04:42:45.177+0000] {logging_mixin.py:190} INFO - [2026-08-12T04:42:45.177+0000] {dag.py:4138} INFO - Setting next_dagrun for example_python_decorator to None, run_after=None
[2026-08-12T04:42:45.194+0000] {processor.py:208} INFO - Processing /home/airflow/.local/lib/python3.12/site-packages/airflow/example_dags/example_python_decorator.py took 0.078 seconds
[2026-08-12T04:43:15.614+0000] {processor.py:186} INFO - Started process (PID=1346) to work on /home/airflow/.local/lib/python3.12/site-packages/airflow/example_dags/example_python_decorator.py
[2026-08-12T04:43:15.616+0000] {processor.py:914} INFO - Processing file /home/airflow/.local/lib/python3.12/site-packages/airflow/example_dags/example_python_decorator.py for tasks to queue
[2026-08-12T04:43:15.620+0000] {logging_mixin.py:190} INFO - [2026-08-12T04:43:15.619+0000] {dagbag.py:587} INFO - Filling up the DagBag from /home/airflow/.local/lib/python3.12/site-packages/airflow/example_dags/example_python_decorator.py
[2026-08-12T04:43:15.646+0000] {processor.py:925} INFO - DAG(s) 'example_python_decorator' retrieved from /home/airflow/.local/lib/python3.12/site-packages/airflow/example_dags/example_python_decorator.py
[2026-08-12T04:43:15.667+0000] {logging_mixin.py:190} INFO - [2026-08-12T04:43:15.667+0000] {dag.py:3211} INFO - Sync 1 DAGs
[2026-08-12T04:43:15.680+0000] {logging_mixin.py:190} INFO - [2026-08-12T04:43:15.679+0000] {dag.py:4138} INFO - Setting next_dagrun for example_python_decorator to None, run_after=None
[2026-08-12T04:43:15.698+0000] {processor.py:208} INFO - Processing /home/airflow/.local/lib/python3.12/site-packages/airflow/example_dags/example_python_decorator.py took 0.089 seconds
[2026-08-12T04:43:46.166+0000] {processor.py:186} INFO - Started process (PID=1408) to work on /home/airflow/.local/lib/python3.12/site-packages/airflow/example_dags/example_python_decorator.py
[2026-08-12T04:43:46.168+0000] {processor.py:914} INFO - Processing file /home/airflow/.local/lib/python3.12/site-packages/airflow/example_dags/example_python_decorator.py for tasks to queue
[2026-08-12T04:43:46.171+0000] {logging_mixin.py:190} INFO - [2026-08-12T04:43:46.171+0000] {dagbag.py:587} INFO - Filling up the DagBag from /home/airflow/.local/lib/python3.12/site-packages/airflow/example_dags/example_python_decorator.py
[2026-08-12T04:43:46.187+0000] {processor.py:925} INFO - DAG(s) 'example_python_decorator' retrieved from /home/airflow/.local/lib/python3.12/site-packages/airflow/example_dags/example_python_decorator.py
[2026-08-12T04:43:46.211+0000] {logging_mixin.py:190} INFO - [2026-08-12T04:43:46.210+0000] {dag.py:3211} INFO - Sync 1 DAGs
[2026-08-12T04:43:46.225+0000] {logging_mixin.py:190} INFO - [2026-08-12T04:43:46.225+0000] {dag.py:4138} INFO - Setting next_dagrun for example_python_decorator to None, run_after=None
[2026-08-12T04:43:46.247+0000] {processor.py:208} INFO - Processing /home/airflow/.local/lib/python3.12/site-packages/airflow/example_dags/example_python_decorator.py took 0.087 seconds
[2026-08-12T04:44:16.818+0000] {processor.py:186} INFO - Started process (PID=1470) to work on /home/airflow/.local/lib/python3.12/site-packages/airflow/example_dags/example_python_decorator.py
[2026-08-12T04:44:16.820+0000] {processor.py:914} INFO - Processing file /home/airflow/.local/lib/python3.12/site-packages/airflow/example_dags/example_python_decorator.py for tasks to queue
[2026-08-12T04:44:16.823+0000] {logging_mixin.py:190} INFO - [2026-08-12T04:44:16.823+0000] {dagbag.py:587} INFO - Filling up the DagBag from /home/airflow/.local/lib/python3.12/site-packages/airflow/example_dags/example_python_decorator.py
[2026-08-12T04:44:16.839+0000] {processor.py:925} INFO - DAG(s) 'example_python_decorator' retrieved from /home/airflow/.local/lib/python3.12/site-packages/airflow/example_dags/example_python_decorator.py
[2026-08-12T04:44:16.861+0000] {logging_mixin.py:190} INFO - [2026-08-12T04:44:16.861+0000] {dag.py:3211} INFO - Sync 1 DAGs
[2026-08-12T04:44:16.878+0000] {logging_mixin.py:190} INFO - [2026-08-12T04:44:16.878+0000] {dag.py:4138} INFO - Setting next_dagrun for example_python_decorator to None, run_after=None
[2026-08-12T04:44:16.896+0000] {processor.py:208} INFO - Processing /home/airflow/.local/lib/python3.12/site-packages/airflow/example_dags/example_python_decorator.py took 0.085 seconds
[2026-08-12T04:44:46.952+0000] {processor.py:186} INFO - Started process (PID=1533) to work on /home/airflow/.local/lib/python3.12/site-packages/airflow/example_dags/example_python_decorator.py
[2026-08-12T04:44:46.954+0000] {processor.py:914} INFO - Processing file /home/airflow/.local/lib/python3.12/site-packages/airflow/example_dags/example_python_decorator.py for tasks to queue
[2026-08-12T04:44:46.957+0000] {logging_mixin.py:190} INFO - [2026-08-12T04:44:46.957+0000] {dagbag.py:587} INFO - Filling up the DagBag from /home/airflow/.local/lib/python3.12/site-packages/airflow/example_dags/example_python_decorator.py
[2026-08-12T04:44:46.974+0000] {processor.py:925} INFO - DAG(s) 'example_python_decorator' retrieved from /home/airflow/.local/lib/python3.12/site-packages/airflow/example_dags/example_python_decorator.py
[2026-08-12T04:44:46.999+0000] {logging_mixin.py:190} INFO - [2026-08-12T04:44:46.999+0000] {dag.py:3211} INFO - Sync 1 DAGs
[2026-08-12T04:44:47.014+0000] {logging_mixin.py:190} INFO - [2026-08-12T04:44:47.013+0000] {dag.py:4138} INFO - Setting next_dagrun for example_python_decorator to None, run_after=None
[2026-08-12T04:44:47.034+0000] {processor.py:208} INFO - Processing /home/airflow/.local/lib/python3.12/site-packages/airflow/example_dags/example_python_decorator.py took 0.089 seconds
[2026-08-12T04:45:17.372+0000] {processor.py:186} INFO - Started process (PID=1595) to work on /home/airflow/.local/lib/python3.12/site-packages/airflow/example_dags/example_python_decorator.py
[2026-08-12T04:45:17.374+0000] {processor.py:914} INFO - Processing file /home/airflow/.local/lib/python3.12/site-packages/airflow/example_dags/example_python_decorator.py for tasks to queue
[2026-08-12T04:45:17.377+0000] {logging_mixin.py:190} INFO - [2026-08-12T04:45:17.377+0000] {dagbag.py:587} INFO - Filling up the DagBag from /home/airflow/.local/lib/python3.12/site-packages/airflow/example_dags/example_python_decorator.py
[2026-08-12T04:45:17.391+0000] {processor.py:925} INFO - DAG(s) 'example_python_decorator' retrieved from /home/airflow/.local/lib/python3.12/site-packages/airflow/example_dags/example_python_decorator.py
[2026-08-12T04:45:17.414+0000] {logging_mixin.py:190} INFO - [2026-08-12T04:45:17.414+0000] {dag.py:3211} INFO - Sync 1 DAGs
[2026-08-12T04:45:17.427+0000] {logging_mixin.py:190} INFO - [2026-08-12T04:45:17.426+0000] {dag.py:4138} INFO - Setting next_dagrun for example_python_decorator to None, run_after=None
[2026-08-12T04:45:17.448+0000] {processor.py:208} INFO - Processing /home/airflow/.local/lib/python3.12/site-packages/airflow/example_dags/example_python_decorator.py took 0.082 seconds
[2026-08-12T04:45:48.239+0000] {processor.py:186} INFO - Started process (PID=1657) to work on /home/airflow/.local/lib/python3.12/site-packages/airflow/example_dags/example_python_decorator.py
[2026-08-12T04:45:48.241+0000] {processor.py:914} INFO - Processing file /home/airflow/.local/lib/python3.12/site-packages/airflow/example_dags/example_python_decorator.py for tasks to queue
[2026-08-12T04:45:48.247+0000] {logging_mixin.py:190} INFO - [2026-08-12T04:45:48.246+0000] {dagbag.py:587} INFO - Filling up the DagBag from /home/airflow/.local/lib/python3.12/site-packages/airflow/example_dags/example_python_decorator.py
[2026-08-12T04:45:48.262+0000] {processor.py:925} INFO - DAG(s) 'example_python_decorator' retrieved from /home/airflow/.local/lib/python3.12/site-packages/airflow/example_dags/example_python_decorator.py
[2026-08-12T04:45:48.289+0000] {logging_mixin.py:190} INFO - [2026-08-12T04:45:48.288+0000] {dag.py:3211} INFO - Sync 1 DAGs
[2026-08-12T04:45:48.311+0000] {logging_mixin.py:190} INFO - [2026-08-12T04:45:48.311+0000] {dag.py:4138} INFO - Setting next_dagrun for example_python_decorator to None, run_after=None
[2026-08-12T04:45:48.338+0000] {processor.py:208} INFO - Processing /home/airflow/.local/lib/python3.12/site-packages/airflow/example_dags/example_python_decorator.py took 0.108 seconds
[2026-08-12T04:46:18.837+0000] {processor.py:186} INFO - Started process (PID=1719) to work on /home/airflow/.local/lib/python3.12/site-packages/airflow/example_dags/example_python_decorator.py
[2026-08-12T04:46:18.838+0000] {processor.py:914} INFO - Processing file /home/airflow/.local/lib/python3.12/site-packages/airflow/example_dags/example_python_decorator.py for tasks to queue
[2026-08-12T04:46:18.843+0000] {logging_mixin.py:190} INFO - [2026-08-12T04:46:18.842+0000] {dagbag.py:587} INFO - Filling up the DagBag from /home/airflow/.local/lib/python3.12/site-packages/airflow/example_dags/example_python_decorator.py
[2026-08-12T04:46:18.860+0000] {processor.py:925} INFO - DAG(s) 'example_python_decorator' retrieved from /home/airflow/.local/lib/python3.12/site-packages/airflow/example_dags/example_python_decorator.py
[2026-08-12T04:46:18.888+0000] {logging_mixin.py:190} INFO - [2026-08-12T04:46:18.888+0000] {dag.py:3211} INFO - Sync 1 DAGs
[2026-08-12T04:46:18.906+0000] {logging_mixin.py:190} INFO - [2026-08-12T04:46:18.905+0000] {dag.py:4138} INFO - Setting next_dagrun for example_python_decorator to None, run_after=None
[2026-08-12T04:46:18.934+0000] {processor.py:208} INFO - Processing /home/airflow/.local/lib/python3.12/site-packages/airflow/example_dags/example_python_decorator.py took 0.104 seconds
[2026-08-12T04:46:49.311+0000] {processor.py:186} INFO - Started process (PID=1781) to work on /home/airflow/.local/lib/python3.12/site-packages/airflow/example_dags/example_python_decorator.py
[2026-08-12T04:46:49.313+0000] {processor.py:914} INFO - Processing file /home/airflow/.local/lib/python3.12/site-packages/airflow/example_dags/example_python_decorator.py for tasks to queue
[2026-08-12T04:46:49.316+0000] {logging_mixin.py:190} INFO - [2026-08-12T04:46:49.316+0000] {dagbag.py:587} INFO - Filling up the DagBag from /home/airflow/.local/lib/python3.12/site-packages/airflow/example_dags/example_python_decorator.py
[2026-08-12T04:46:49.330+0000] {processor.py:925} INFO - DAG(s) 'example_python_decorator' retrieved from /home/airflow/.local/lib/python3.12/site-packages/airflow/example_dags/example_python_decorator.py
[2026-08-12T04:46:49.352+0000] {logging_mixin.py:190} INFO - [2026-08-12T04:46:49.352+0000] {dag.py:3211} INFO - Sync 1 DAGs
[2026-08-12T04:46:49.366+0000] {logging_mixin.py:190} INFO - [2026-08-12T04:46:49.366+0000] {dag.py:4138} INFO - Setting next_dagrun for example_python_decorator to None, run_after=None
[2026-08-12T04:46:49.384+0000] {processor.py:208} INFO - Processing /home/airflow/.local/lib/python3.12/site-packages/airflow/example_dags/example_python_decorator.py took 0.078 seconds
[2026-08-12T04:47:19.952+0000] {processor.py:186} INFO - Started process (PID=1843) to work on /home/airflow/.local/lib/python3.12/site-packages/airflow/example_dags/example_python_decorator.py
[2026-08-12T04:47:19.953+0000] {processor.py:914} INFO - Processing file /home/airflow/.local/lib/python3.12/site-packages/airflow/example_dags/example_python_decorator.py for tasks to queue
[2026-08-12T04:47:19.956+0000] {logging_mixin.py:190} INFO - [2026-08-12T04:47:19.956+0000] {dagbag.py:587} INFO - Filling up the DagBag from /home/airflow/.local/lib/python3.12/site-packages/airflow/example_dags/example_python_decorator.py
[2026-08-12T04:47:19.971+0000] {processor.py:925} INFO - DAG(s) 'example_python_decorator' retrieved from /home/airflow/.local/lib/python3.12/site-packages/airflow/example_dags/example_python_decorator.py
[2026-08-12T04:47:19.999+0000] {logging_mixin.py:190} INFO - [2026-08-12T04:47:19.999+0000] {dag.py:3211} INFO - Sync 1 DAGs
[2026-08-12T04:47:20.017+0000] {logging_mixin.py:190} INFO - [2026-08-12T04:47:20.017+0000] {dag.py:4138} INFO - Setting next_dagrun for example_python_decorator to None, run_after=None
[2026-08-12T04:47:20.038+0000] {processor.py:208} INFO - Processing /home/airflow/.local/lib/python3.12/site-packages/airflow/example_dags/example_python_decorator.py took 0.093 seconds
[2026-08-12T04:47:50.774+0000] {processor.py:186} INFO - Started process (PID=1905) to work on /home/airflow/.local/lib/python3.12/site-packages/airflow/example_dags/example_python_decorator.py
[2026-08-12T04:47:50.776+0000] {processor.py:914} INFO - Processing file /home/airflow/.local/lib/python3.12/site-packages/airflow/example_dags/example_python_decorator.py for tasks to queue
[2026-08-12T04:47:50.779+0000] {logging_mixin.py:190} INFO - [2026-08-12T04:47:50.779+0000] {dagbag.py:587} INFO - Filling up the DagBag from /home/airflow/.local/lib/python3.12/site-packages/airflow/example_dags/example_python_decorator.py
[2026-08-12T04:47:50.793+0000] {processor.py:925} INFO - DAG(s) 'example_python_decorator' retrieved from /home/airflow/.local/lib/python3.12/site-packages/airflow/example_dags/example_python_decorator.py
[2026-08-12T04:47:50.817+0000] {logging_mixin.py:190} INFO - [2026-08-12T04:47:50.817+0000] {dag.py:3211} INFO - Sync 1 DAGs
[2026-08-12T04:47:50.829+0000] {logging_mixin.py:190} INFO - [2026-08-12T04:47:50.829+0000] {dag.py:4138} INFO - Setting next_dagrun for example_python_decorator to None, run_after=None
[2026-08-12T04:47:50.850+0000] {processor.py:208} INFO - Processing /home/airflow/.local/lib/python3.12/site-packages/airflow/example_dags/example_python_decorator.py took 0.081 seconds
