[2026-08-12T04:30:48.419+0000] {processor.py:186} INFO - Started process (PID=83) to work on /home/airflow/.local/lib/python3.12/site-packages/airflow/example_dags/example_display_name.py
[2026-08-12T04:30:48.422+0000] {processor.py:914} INFO - Processing file /home/airflow/.local/lib/python3.12/site-packages/airflow/example_dags/example_display_name.py for tasks to queue
[2026-08-12T04:30:48.426+0000] {logging_mixin.py:190} INFO - [2026-08-12T04:30:48.426+0000] {dagbag.py:587} INFO - Filling up the DagBag from /home/airflow/.local/lib/python3.12/site-packages/airflow/example_dags/example_display_name.py
[2026-08-12T04:30:48.444+0000] {processor.py:925} INFO - DAG(s) 'example_display_name' retrieved from /home/airflow/.local/lib/python3.12/site-packages/airflow/example_dags/example_display_name.py
[2026-08-12T04:30:48.606+0000] {logging_mixin.py:190} INFO - [2026-08-12T04:30:48.605+0000] {override.py:1858} INFO - Created Permission View: can edit on DAG:example_display_name
[2026-08-12T04:30:48.619+0000] {logging_mixin.py:190} INFO - [2026-08-12T04:30:48.619+0000] {override.py:1858} INFO - Created Permission View: can delete on DAG:example_display_name
[2026-08-12T04:30:48.629+0000] {logging_mixin.py:190} INFO - [2026-08-12T04:30:48.628+0000] {override.py:1858} INFO - Created Permission View: can read on DAG:example_display_name
[2026-08-12T04:30:48.631+0000] {logging_mixin.py:190} INFO - [2026-08-12T04:30:48.630+0000] {dag.py:3211} INFO - Sync 1 DAGs
[2026-08-12T04:30:48.646+0000] {logging_mixin.py:190} INFO - [2026-08-12T04:30:48.646+0000] {dag.py:3234} INFO - Creating ORM DAG for example_display_name
[2026-08-12T04:30:48.649+0000] {logging_mixin.py:190} INFO - [2026-08-12T04:30:48.648+0000] {dag.py:4138} INFO - Setting next_dagrun for example_display_name to None, run_after=None
[2026-08-12T04:30:48.673+0000] {processor.py:208} INFO - Processing /home/airflow/.local/lib/python3.12/site-packages/airflow/example_dags/example_display_name.py took 0.264 seconds
[2026-08-12T04:31:18.738+0000] {processor.py:186} INFO - Started process (PID=144) to work on /home/airflow/.local/lib/python3.12/site-packages/airflow/example_dags/example_display_name.py
[2026-08-12T04:31:18.739+0000] {processor.py:914} INFO - Processing file /home/airflow/.local/lib/python3.12/site-packages/airflow/example_dags/example_display_name.py for tasks to queue
[2026-08-12T04:31:18.742+0000] {logging_mixin.py:190} INFO - [2026-08-12T04:31:18.742+0000] {dagbag.py:587} INFO - Filling up the DagBag from /home/airflow/.local/lib/python3.12/site-packages/airflow/example_dags/example_display_name.py
[2026-08-12T04:31:18.750+0000] {processor.py:925} INFO - DAG(s) 'example_display_name' retrieved from /home/airflow/.local/lib/python3.12/site-packages/airflow/example_dags/example_display_name.py
[2026-08-12T04:31:18.770+0000] {logging_mixin.py:190} INFO - [2026-08-12T04:31:18.770+0000] {dag.py:3211} INFO - Sync 1 DAGs
[2026-08-12T04:31:18.788+0000] {logging_mixin.py:190} INFO - [2026-08-12T04:31:18.787+0000] {dag.py:4138} INFO - Setting next_dagrun for example_display_name to None, run_after=None
[2026-08-12T04:31:18.808+0000] {processor.py:208} INFO - Processing /home/airflow/.local/lib/python3.12/site-packages/airflow/example_dags/example_display_name.py took 0.077 seconds
[2026-08-12T04:31:48.928+0000] {processor.py:186} INFO - Started process (PID=206) to work on /home/airflow/.local/lib/python3.12/site-packages/airflow/example_dags/example_display_name.py
[2026-08-12T04:31:48.929+0000] {processor.py:914} INFO - Processing file /home/airflow/.local/lib/python3.12/site-packages/airflow/example_dags/example_display_name.py for tasks to queue
[2026-08-12T04:31:48.932+0000] {logging_mixin.py:190} INFO - [2026-08-12T04:31:48.932+0000] {dagbag.py:587} INFO - Filling up the DagBag from /home/airflow/.local/lib/python3.12/site-packages/airflow/example_dags/example_display_name.py
[2026-08-12T04:31:48.939+0000] {processor.py:925} INFO - DAG(s) 'example_display_name' retrieved from /home/airflow/.local/lib/python3.12/site-packages/airflow/example_dags/example_display_name.py
[2026-08-12T04:31:48.959+0000] {logging_mixin.py:190} INFO - [2026-08-12T04:31:48.958+0000] {dag.py:3211} INFO - Sync 1 DAGs
[2026-08-12T04:31:48.972+0000] {logging_mixin.py:190} INFO - [2026-08-12T04:31:48.971+0000] {dag.py:4138} INFO - Setting next_dagrun for example_display_name to None, run_after=None
[2026-08-12T04:31:48.989+0000] {processor.py:208} INFO - Processing /home/airflow/.local/lib/python3.12/site-packages/airflow/example_dags/example_display_name.py took 0.066 seconds
[2026-08-12T04:33:02.693+0000] {processor.py:186} INFO - Started process (PID=80) to work on /home/airflow/.local/lib/python3.12/site-packages/airflow/example_dags/example_display_name.py
[2026-08-12T04:33:02.695+0000] {processor.py:914} INFO - Processing file /home/airflow/.local/lib/python3.12/site-packages/airflow/example_dags/example_display_name.py for tasks to queue
[2026-08-12T04:33:02.702+0000] {logging_mixin.py:190} INFO - [2026-08-12T04:33:02.701+0000] {dagbag.py:587} INFO - Filling up the DagBag from /home/airflow/.local/lib/python3.12/site-packages/airflow/example_dags/example_display_name.py
[2026-08-12T04:33:02.724+0000] {processor.py:925} INFO - DAG(s) 'example_display_name' retrieved from /home/airflow/.local/lib/python3.12/site-packages/airflow/example_dags/example_display_name.py
[2026-08-12T04:33:02.788+0000] {logging_mixin.py:190} INFO - [2026-08-12T04:33:02.788+0000] {dag.py:3211} INFO - Sync 1 DAGs
[2026-08-12T04:33:02.840+0000] {logging_mixin.py:190} INFO - [2026-08-12T04:33:02.839+0000] {dag.py:4138} INFO - Setting next_dagrun for example_display_name to None, run_after=None
[2026-08-12T04:33:02.894+0000] {processor.py:208} INFO - Processing /home/airflow/.local/lib/python3.12/site-packages/airflow/example_dags/example_display_name.py took 0.213 seconds
[2026-08-12T04:33:33.133+0000] {processor.py:186} INFO - Started process (PID=142) to work on /home/airflow/.local/lib/python3.12/site-packages/airflow/example_dags/example_display_name.py
[2026-08-12T04:33:33.135+0000] {processor.py:914} INFO - Processing file /home/airflow/.local/lib/python3.12/site-packages/airflow/example_dags/example_display_name.py for tasks to queue
[2026-08-12T04:33:33.142+0000] {logging_mixin.py:190} INFO - [2026-08-12T04:33:33.141+0000] {dagbag.py:587} INFO - Filling up the DagBag from /home/airflow/.local/lib/python3.12/site-packages/airflow/example_dags/example_display_name.py
[2026-08-12T04:33:33.157+0000] {processor.py:925} INFO - DAG(s) 'example_display_name' retrieved from /home/airflow/.local/lib/python3.12/site-packages/airflow/example_dags/example_display_name.py
[2026-08-12T04:33:33.185+0000] {logging_mixin.py:190} INFO - [2026-08-12T04:33:33.184+0000] {dag.py:3211} INFO - Sync 1 DAGs
[2026-08-12T04:33:33.205+0000] {logging_mixin.py:190} INFO - [2026-08-12T04:33:33.205+0000] {dag.py:4138} INFO - Setting next_dagrun for example_display_name to None, run_after=None
[2026-08-12T04:33:33.229+0000] {processor.py:208} INFO - Processing /home/airflow/.local/lib/python3.12/site-packages/airflow/example_dags/example_display_name.py took 0.103 seconds
[2026-08-12T04:34:03.305+0000] {processor.py:186} INFO - Started process (PID=204) to work on /home/airflow/.local/lib/python3.12/site-packages/airflow/example_dags/example_display_name.py
[2026-08-12T04:34:03.307+0000] {processor.py:914} INFO - Processing file /home/airflow/.local/lib/python3.12/site-packages/airflow/example_dags/example_display_name.py for tasks to queue
[2026-08-12T04:34:03.310+0000] {logging_mixin.py:190} INFO - [2026-08-12T04:34:03.310+0000] {dagbag.py:587} INFO - Filling up the DagBag from /home/airflow/.local/lib/python3.12/site-packages/airflow/example_dags/example_display_name.py
[2026-08-12T04:34:03.318+0000] {processor.py:925} INFO - DAG(s) 'example_display_name' retrieved from /home/airflow/.local/lib/python3.12/site-packages/airflow/example_dags/example_display_name.py
[2026-08-12T04:34:03.345+0000] {logging_mixin.py:190} INFO - [2026-08-12T04:34:03.345+0000] {dag.py:3211} INFO - Sync 1 DAGs
[2026-08-12T04:34:03.362+0000] {logging_mixin.py:190} INFO - [2026-08-12T04:34:03.362+0000] {dag.py:4138} INFO - Setting next_dagrun for example_display_name to None, run_after=None
[2026-08-12T04:34:03.384+0000] {processor.py:208} INFO - Processing /home/airflow/.local/lib/python3.12/site-packages/airflow/example_dags/example_display_name.py took 0.088 seconds
[2026-08-12T04:34:33.437+0000] {processor.py:186} INFO - Started process (PID=265) to work on /home/airflow/.local/lib/python3.12/site-packages/airflow/example_dags/example_display_name.py
[2026-08-12T04:34:33.440+0000] {processor.py:914} INFO - Processing file /home/airflow/.local/lib/python3.12/site-packages/airflow/example_dags/example_display_name.py for tasks to queue
[2026-08-12T04:34:33.443+0000] {logging_mixin.py:190} INFO - [2026-08-12T04:34:33.443+0000] {dagbag.py:587} INFO - Filling up the DagBag from /home/airflow/.local/lib/python3.12/site-packages/airflow/example_dags/example_display_name.py
[2026-08-12T04:34:33.453+0000] {processor.py:925} INFO - DAG(s) 'example_display_name' retrieved from /home/airflow/.local/lib/python3.12/site-packages/airflow/example_dags/example_display_name.py
[2026-08-12T04:34:33.479+0000] {logging_mixin.py:190} INFO - [2026-08-12T04:34:33.479+0000] {dag.py:3211} INFO - Sync 1 DAGs
[2026-08-12T04:34:33.496+0000] {logging_mixin.py:190} INFO - [2026-08-12T04:34:33.496+0000] {dag.py:4138} INFO - Setting next_dagrun for example_display_name to None, run_after=None
[2026-08-12T04:34:33.516+0000] {processor.py:208} INFO - Processing /home/airflow/.local/lib/python3.12/site-packages/airflow/example_dags/example_display_name.py took 0.087 seconds
[2026-08-12T04:35:03.607+0000] {processor.py:186} INFO - Started process (PID=327) to work on /home/airflow/.local/lib/python3.12/site-packages/airflow/example_dags/example_display_name.py
[2026-08-12T04:35:03.609+0000] {processor.py:914} INFO - Processing file /home/airflow/.local/lib/python3.12/site-packages/airflow/example_dags/example_display_name.py for tasks to queue
[2026-08-12T04:35:03.612+0000] {logging_mixin.py:190} INFO - [2026-08-12T04:35:03.612+0000] {dagbag.py:587} INFO - Filling up the DagBag from /home/airflow/.local/lib/python3.12/site-packages/airflow/example_dags/example_display_name.py
[2026-08-12T04:35:03.622+0000] {processor.py:925} INFO - DAG(s) 'example_display_name' retrieved from /home/airflow/.local/lib/python3.12/site-packages/airflow/example_dags/example_display_name.py
[2026-08-12T04:35:03.647+0000] {logging_mixin.py:190} INFO - [2026-08-12T04:35:03.647+0000] {dag.py:3211} INFO - Sync 1 DAGs
[2026-08-12T04:35:03.667+0000] {logging_mixin.py:190} INFO - [2026-08-12T04:35:03.667+0000] {dag.py:4138} INFO - Setting next_dagrun for example_display_name to None, run_after=None
[2026-08-12T04:35:03.691+0000] {processor.py:208} INFO - Processing /home/airflow/.local/lib/python3.12/site-packages/airflow/example_dags/example_display_name.py took 0.090 seconds
[2026-08-12T04:35:34.225+0000] {processor.py:186} INFO - Started process (PID=390) to work on /home/airflow/.local/lib/python3.12/site-packages/airflow/example_dags/example_display_name.py
[2026-08-12T04:35:34.227+0000] {processor.py:914} INFO - Processing file /home/airflow/.local/lib/python3.12/site-packages/airflow/example_dags/example_display_name.py for tasks to queue
[2026-08-12T04:35:34.230+0000] {logging_mixin.py:190} INFO - [2026-08-12T04:35:34.230+0000] {dagbag.py:587} INFO - Filling up the DagBag from /home/airflow/.local/lib/python3.12/site-packages/airflow/example_dags/example_display_name.py
[2026-08-12T04:35:34.242+0000] {processor.py:925} INFO - DAG(s) 'example_display_name' retrieved from /home/airflow/.local/lib/python3.12/site-packages/airflow/example_dags/example_display_name.py
[2026-08-12T04:35:34.265+0000] {logging_mixin.py:190} INFO - [2026-08-12T04:35:34.264+0000] {dag.py:3211} INFO - Sync 1 DAGs
[2026-08-12T04:35:34.285+0000] {logging_mixin.py:190} INFO - [2026-08-12T04:35:34.284+0000] {dag.py:4138} INFO - Setting next_dagrun for example_display_name to None, run_after=None
[2026-08-12T04:35:34.310+0000] {processor.py:208} INFO - Processing /home/airflow/.local/lib/python3.12/site-packages/airflow/example_dags/example_display_name.py took 0.094 seconds
[2026-08-12T04:36:04.643+0000] {processor.py:186} INFO - Started process (PID=452) to work on /home/airflow/.local/lib/python3.12/site-packages/airflow/example_dags/example_display_name.py
[2026-08-12T04:36:04.645+0000] {processor.py:914} INFO - Processing file /home/airflow/.local/lib/python3.12/site-packages/airflow/example_dags/example_display_name.py for tasks to queue
[2026-08-12T04:36:04.649+0000] {logging_mixin.py:190} INFO - [2026-08-12T04:36:04.649+0000] {dagbag.py:587} INFO - Filling up the DagBag from /home/airflow/.local/lib/python3.12/site-packages/airflow/example_dags/example_display_name.py
[2026-08-12T04:36:04.661+0000] {processor.py:925} INFO - DAG(s) 'example_display_name' retrieved from /home/airflow/.local/lib/python3.12/site-packages/airflow/example_dags/example_display_name.py
[2026-08-12T04:36:04.688+0000] {logging_mixin.py:190} INFO - [2026-08-12T04:36:04.688+0000] {dag.py:3211} INFO - Sync 1 DAGs
[2026-08-12T04:36:04.708+0000] {logging_mixin.py:190} INFO - [2026-08-12T04:36:04.708+0000] {dag.py:4138} INFO - Setting next_dagrun for example_display_name to None, run_after=None
[2026-08-12T04:36:04.732+0000] {processor.py:208} INFO - Processing /home/airflow/.local/lib/python3.12/site-packages/airflow/example_dags/example_display_name.py took 0.097 seconds
[2026-08-12T04:36:34.951+0000] {processor.py:186} INFO - Started process (PID=514) to work on /home/airflow/.local/lib/python3.12/site-packages/airflow/example_dags/example_display_name.py
[2026-08-12T04:36:34.953+0000] {processor.py:914} INFO - Processing file /home/airflow/.local/lib/python3.12/site-packages/airflow/example_dags/example_display_name.py for tasks to queue
[2026-08-12T04:36:34.956+0000] {logging_mixin.py:190} INFO - [2026-08-12T04:36:34.955+0000] {dagbag.py:587} INFO - Filling up the DagBag from /home/airflow/.local/lib/python3.12/site-packages/airflow/example_dags/example_display_name.py
[2026-08-12T04:36:34.963+0000] {processor.py:925} INFO - DAG(s) 'example_display_name' retrieved from /home/airflow/.local/lib/python3.12/site-packages/airflow/example_dags/example_display_name.py
[2026-08-12T04:36:34.984+0000] {logging_mixin.py:190} INFO - [2026-08-12T04:36:34.983+0000] {dag.py:3211} INFO - Sync 1 DAGs
[2026-08-12T04:36:35.000+0000] {logging_mixin.py:190} INFO - [2026-08-12T04:36:34.999+0000] {dag.py:4138} INFO - Setting next_dagrun for example_display_name to None, run_after=None
[2026-08-12T04:36:35.020+0000] {processor.py:208} INFO - Processing /home/airflow/.local/lib/python3.12/site-packages/airflow/example_dags/example_display_name.py took 0.074 seconds
[2026-08-12T04:37:05.377+0000] {processor.py:186} INFO - Started process (PID=576) to work on /home/airflow/.local/lib/python3.12/site-packages/airflow/example_dags/example_display_name.py
[2026-08-12T04:37:05.378+0000] {processor.py:914} INFO - Processing file /home/airflow/.local/lib/python3.12/site-packages/airflow/example_dags/example_display_name.py for tasks to queue
[2026-08-12T04:37:05.381+0000] {logging_mixin.py:190} INFO - [2026-08-12T04:37:05.381+0000] {dagbag.py:587} INFO - Filling up the DagBag from /home/airflow/.local/lib/python3.12/site-packages/airflow/example_dags/example_display_name.py
[2026-08-12T04:37:05.389+0000] {processor.py:925} INFO - DAG(s) 'example_display_name' retrieved from /home/airflow/.local/lib/python3.12/site-packages/airflow/example_dags/example_display_name.py
[2026-08-12T04:37:05.428+0000] {logging_mixin.py:190} INFO - [2026-08-12T04:37:05.427+0000] {dag.py:3211} INFO - Sync 1 DAGs
[2026-08-12T04:37:05.448+0000] {logging_mixin.py:190} INFO - [2026-08-12T04:37:05.447+0000] {dag.py:4138} INFO - Setting next_dagrun for example_display_name to None, run_after=None
[2026-08-12T04:37:05.470+0000] {processor.py:208} INFO - Processing /home/airflow/.local/lib/python3.12/site-packages/airflow/example_dags/example_display_name.py took 0.099 seconds
[2026-08-12T04:37:35.950+0000] {processor.py:186} INFO - Started process (PID=638) to work on /home/airflow/.local/lib/python3.12/site-packages/airflow/example_dags/example_display_name.py
[2026-08-12T04:37:35.952+0000] {processor.py:914} INFO - Processing file /home/airflow/.local/lib/python3.12/site-packages/airflow/example_dags/example_display_name.py for tasks to queue
[2026-08-12T04:37:35.955+0000] {logging_mixin.py:190} INFO - [2026-08-12T04:37:35.954+0000] {dagbag.py:587} INFO - Filling up the DagBag from /home/airflow/.local/lib/python3.12/site-packages/airflow/example_dags/example_display_name.py
[2026-08-12T04:37:35.963+0000] {processor.py:925} INFO - DAG(s) 'example_display_name' retrieved from /home/airflow/.local/lib/python3.12/site-packages/airflow/example_dags/example_display_name.py
[2026-08-12T04:37:35.986+0000] {logging_mixin.py:190} INFO - [2026-08-12T04:37:35.986+0000] {dag.py:3211} INFO - Sync 1 DAGs
[2026-08-12T04:37:36.006+0000] {logging_mixin.py:190} INFO - [2026-08-12T04:37:36.006+0000] {dag.py:4138} INFO - Setting next_dagrun for example_display_name to None, run_after=None
[2026-08-12T04:37:36.029+0000] {processor.py:208} INFO - Processing /home/airflow/.local/lib/python3.12/site-packages/airflow/example_dags/example_display_name.py took 0.084 seconds
[2026-08-12T04:38:06.586+0000] {processor.py:186} INFO - Started process (PID=700) to work on /home/airflow/.local/lib/python3.12/site-packages/airflow/example_dags/example_display_name.py
[2026-08-12T04:38:06.587+0000] {processor.py:914} INFO - Processing file /home/airflow/.local/lib/python3.12/site-packages/airflow/example_dags/example_display_name.py for tasks to queue
[2026-08-12T04:38:06.591+0000] {logging_mixin.py:190} INFO - [2026-08-12T04:38:06.591+0000] {dagbag.py:587} INFO - Filling up the DagBag from /home/airflow/.local/lib/python3.12/site-packages/airflow/example_dags/example_display_name.py
[2026-08-12T04:38:06.600+0000] {processor.py:925} INFO - DAG(s) 'example_display_name' retrieved from /home/airflow/.local/lib/python3.12/site-packages/airflow/example_dags/example_display_name.py
[2026-08-12T04:38:06.622+0000] {logging_mixin.py:190} INFO - [2026-08-12T04:38:06.621+0000] {dag.py:3211} INFO - Sync 1 DAGs
[2026-08-12T04:38:06.636+0000] {logging_mixin.py:190} INFO - [2026-08-12T04:38:06.636+0000] {dag.py:4138} INFO - Setting next_dagrun for example_display_name to None, run_after=None
[2026-08-12T04:38:06.658+0000] {processor.py:208} INFO - Processing /home/airflow/.local/lib/python3.12/site-packages/airflow/example_dags/example_display_name.py took 0.078 seconds
[2026-08-12T04:38:36.872+0000] {processor.py:186} INFO - Started process (PID=762) to work on /home/airflow/.local/lib/python3.12/site-packages/airflow/example_dags/example_display_name.py
[2026-08-12T04:38:36.874+0000] {processor.py:914} INFO - Processing file /home/airflow/.local/lib/python3.12/site-packages/airflow/example_dags/example_display_name.py for tasks to queue
[2026-08-12T04:38:36.878+0000] {logging_mixin.py:190} INFO - [2026-08-12T04:38:36.877+0000] {dagbag.py:587} INFO - Filling up the DagBag from /home/airflow/.local/lib/python3.12/site-packages/airflow/example_dags/example_display_name.py
[2026-08-12T04:38:36.888+0000] {processor.py:925} INFO - DAG(s) 'example_display_name' retrieved from /home/airflow/.local/lib/python3.12/site-packages/airflow/example_dags/example_display_name.py
[2026-08-12T04:38:36.914+0000] {logging_mixin.py:190} INFO - [2026-08-12T04:38:36.914+0000] {dag.py:3211} INFO - Sync 1 DAGs
[2026-08-12T04:38:36.929+0000] {logging_mixin.py:190} INFO - [2026-08-12T04:38:36.929+0000] {dag.py:4138} INFO - Setting next_dagrun for example_display_name to None, run_after=None
[2026-08-12T04:38:36.949+0000] {processor.py:208} INFO - Processing /home/airflow/.local/lib/python3.12/site-packages/airflow/example_dags/example_display_name.py took 0.084 seconds
[2026-08-12T04:39:07.400+0000] {processor.py:186} INFO - Started process (PID=824) to work on /home/airflow/.local/lib/python3.12/site-packages/airflow/example_dags/example_display_name.py
[2026-08-12T04:39:07.402+0000] {processor.py:914} INFO - Processing file /home/airflow/.local/lib/python3.12/site-packages/airflow/example_dags/example_display_name.py for tasks to queue
[2026-08-12T04:39:07.406+0000] {logging_mixin.py:190} INFO - [2026-08-12T04:39:07.405+0000] {dagbag.py:587} INFO - Filling up the DagBag from /home/airflow/.local/lib/python3.12/site-packages/airflow/example_dags/example_display_name.py
[2026-08-12T04:39:07.415+0000] {processor.py:925} INFO - DAG(s) 'example_display_name' retrieved from /home/airflow/.local/lib/python3.12/site-packages/airflow/example_dags/example_display_name.py
[2026-08-12T04:39:07.436+0000] {logging_mixin.py:190} INFO - [2026-08-12T04:39:07.436+0000] {dag.py:3211} INFO - Sync 1 DAGs
[2026-08-12T04:39:07.451+0000] {logging_mixin.py:190} INFO - [2026-08-12T04:39:07.450+0000] {dag.py:4138} INFO - Setting next_dagrun for example_display_name to None, run_after=None
[2026-08-12T04:39:07.471+0000] {processor.py:208} INFO - Processing /home/airflow/.local/lib/python3.12/site-packages/airflow/example_dags/example_display_name.py took 0.077 seconds
[2026-08-12T04:39:38.268+0000] {processor.py:186} INFO - Started process (PID=886) to work on /home/airflow/.local/lib/python3.12/site-packages/airflow/example_dags/example_display_name.py
[2026-08-12T04:39:38.270+0000] {processor.py:914} INFO - Processing file /home/airflow/.local/lib/python3.12/site-packages/airflow/example_dags/example_display_name.py for tasks to queue
[2026-08-12T04:39:38.273+0000] {logging_mixin.py:190} INFO - [2026-08-12T04:39:38.273+0000] {dagbag.py:587} INFO - Filling up the DagBag from /home/airflow/.local/lib/python3.12/site-packages/airflow/example_dags/example_display_name.py
[2026-08-12T04:39:38.281+0000] {processor.py:925} INFO - DAG(s) 'example_display_name' retrieved from /home/airflow/.local/lib/python3.12/site-packages/airflow/example_dags/example_display_name.py
[2026-08-12T04:39:38.303+0000] {logging_mixin.py:190} INFO - [2026-08-12T04:39:38.302+0000] {dag.py:3211} INFO - Sync 1 DAGs
[2026-08-12T04:39:38.319+0000] {logging_mixin.py:190} INFO - [2026-08-12T04:39:38.319+0000] {dag.py:4138} INFO - Setting next_dagrun for example_display_name to None, run_after=None
[2026-08-12T04:39:38.346+0000] {processor.py:208} INFO - Processing /home/airflow/.local/lib/python3.12/site-packages/airflow/example_dags/example_display_name.py took 0.082 seconds
[2026-08-12T04:40:08.838+0000] {processor.py:186} INFO - Started process (PID=948) to work on /home/airflow/.local/lib/python3.12/site-packages/airflow/example_dags/example_display_name.py
[2026-08-12T04:40:08.840+0000] {processor.py:914} INFO - Processing file /home/airflow/.local/lib/python3.12/site-packages/airflow/example_dags/example_display_name.py for tasks to queue
[2026-08-12T04:40:08.844+0000] {logging_mixin.py:190} INFO - [2026-08-12T04:40:08.844+0000] {dagbag.py:587} INFO - Filling up the DagBag from /home/airflow/.local/lib/python3.12/site-packages/airflow/example_dags/example_display_name.py
[2026-08-12T04:40:08.856+0000] {processor.py:925} INFO - DAG(s) 'example_display_name' retrieved from /home/airflow/.local/lib/python3.12/site-packages/airflow/example_dags/example_display_name.py
[2026-08-12T04:40:08.877+0000] {logging_mixin.py:190} INFO - [2026-08-12T04:40:08.877+0000] {dag.py:3211} INFO - Sync 1 DAGs
[2026-08-12T04:40:08.892+0000] {logging_mixin.py:190} INFO - [2026-08-12T04:40:08.891+0000] {dag.py:4138} INFO - Setting next_dagrun for example_display_name to None, run_after=None
[2026-08-12T04:40:08.912+0000] {processor.py:208} INFO - Processing /home/airflow/.local/lib/python3.12/site-packages/airflow/example_dags/example_display_name.py took 0.082 seconds
[2026-08-12T04:40:39.293+0000] {processor.py:186} INFO - Started process (PID=1010) to work on /home/airflow/.local/lib/python3.12/site-packages/airflow/example_dags/example_display_name.py
[2026-08-12T04:40:39.295+0000] {processor.py:914} INFO - Processing file /home/airflow/.local/lib/python3.12/site-packages/airflow/example_dags/example_display_name.py for tasks to queue
[2026-08-12T04:40:39.298+0000] {logging_mixin.py:190} INFO - [2026-08-12T04:40:39.297+0000] {dagbag.py:587} INFO - Filling up the DagBag from /home/airflow/.local/lib/python3.12/site-packages/airflow/example_dags/example_display_name.py
[2026-08-12T04:40:39.307+0000] {processor.py:925} INFO - DAG(s) 'example_display_name' retrieved from /home/airflow/.local/lib/python3.12/site-packages/airflow/example_dags/example_display_name.py
[2026-08-12T04:40:39.330+0000] {logging_mixin.py:190} INFO - [2026-08-12T04:40:39.330+0000] {dag.py:3211} INFO - Sync 1 DAGs
[2026-08-12T04:40:39.345+0000] {logging_mixin.py:190} INFO - [2026-08-12T04:40:39.345+0000] {dag.py:4138} INFO - Setting next_dagrun for example_display_name to None, run_after=None
[2026-08-12T04:40:39.365+0000] {processor.py:208} INFO - Processing /home/airflow/.local/lib/python3.12/site-packages/airflow/example_dags/example_display_name.py took 0.077 seconds
[2026-08-12T04:41:09.627+0000] {processor.py:186} INFO - Started process (PID=1072) to work on /home/airflow/.local/lib/python3.12/site-packages/airflow/example_dags/example_display_name.py
[2026-08-12T04:41:09.629+0000] {processor.py:914} INFO - Processing file /home/airflow/.local/lib/python3.12/site-packages/airflow/example_dags/example_display_name.py for tasks to queue
[2026-08-12T04:41:09.633+0000] {logging_mixin.py:190} INFO - [2026-08-12T04:41:09.633+0000] {dagbag.py:587} INFO - Filling up the DagBag from /home/airflow/.local/lib/python3.12/site-packages/airflow/example_dags/example_display_name.py
[2026-08-12T04:41:09.642+0000] {processor.py:925} INFO - DAG(s) 'example_display_name' retrieved from /home/airflow/.local/lib/python3.12/site-packages/airflow/example_dags/example_display_name.py
[2026-08-12T04:41:09.669+0000] {logging_mixin.py:190} INFO - [2026-08-12T04:41:09.668+0000] {dag.py:3211} INFO - Sync 1 DAGs
[2026-08-12T04:41:09.691+0000] {logging_mixin.py:190} INFO - [2026-08-12T04:41:09.691+0000] {dag.py:4138} INFO - Setting next_dagrun for example_display_name to None, run_after=None
[2026-08-12T04:41:09.724+0000] {processor.py:208} INFO - Processing /home/airflow/.local/lib/python3.12/site-packages/airflow/example_dags/example_display_name.py took 0.103 seconds
[2026-08-12T04:41:40.415+0000] {processor.py:186} INFO - Started process (PID=1134) to work on /home/airflow/.local/lib/python3.12/site-packages/airflow/example_dags/example_display_name.py
[2026-08-12T04:41:40.417+0000] {processor.py:914} INFO - Processing file /home/airflow/.local/lib/python3.12/site-packages/airflow/example_dags/example_display_name.py for tasks to queue
[2026-08-12T04:41:40.421+0000] {logging_mixin.py:190} INFO - [2026-08-12T04:41:40.420+0000] {dagbag.py:587} INFO - Filling up the DagBag from /home/airflow/.local/lib/python3.12/site-packages/airflow/example_dags/example_display_name.py
[2026-08-12T04:41:40.431+0000] {processor.py:925} INFO - DAG(s) 'example_display_name' retrieved from /home/airflow/.local/lib/python3.12/site-packages/airflow/example_dags/example_display_name.py
[2026-08-12T04:41:40.457+0000] {logging_mixin.py:190} INFO - [2026-08-12T04:41:40.456+0000] {dag.py:3211} INFO - Sync 1 DAGs
[2026-08-12T04:41:40.474+0000] {logging_mixin.py:190} INFO - [2026-08-12T04:41:40.473+0000] {dag.py:4138} INFO - Setting next_dagrun for example_display_name to None, run_after=None
[2026-08-12T04:41:40.494+0000] {processor.py:208} INFO - Processing /home/airflow/.local/lib/python3.12/site-packages/airflow/example_dags/example_display_name.py took 0.087 seconds
[2026-08-12T04:42:10.893+0000] {processor.py:186} INFO - Started process (PID=1196) to work on /home/airflow/.local/lib/python3.12/site-packages/airflow/example_dags/example_display_name.py
[2026-08-12T04:42:10.895+0000] {processor.py:914} INFO - Processing file /home/airflow/.local/lib/python3.12/site-packages/airflow/example_dags/example_display_name.py for tasks to queue
[2026-08-12T04:42:10.897+0000] {logging_mixin.py:190} INFO - [2026-08-12T04:42:10.897+0000] {dagbag.py:587} INFO - Filling up the DagBag from /home/airflow/.local/lib/python3.12/site-packages/airflow/example_dags/example_display_name.py
[2026-08-12T04:42:10.905+0000] {processor.py:925} INFO - DAG(s) 'example_display_name' retrieved from /home/airflow/.local/lib/python3.12/site-packages/airflow/example_dags/example_display_name.py
[2026-08-12T04:42:10.926+0000] {logging_mixin.py:190} INFO - [2026-08-12T04:42:10.926+0000] {dag.py:3211} INFO - Sync 1 DAGs
[2026-08-12T04:42:10.940+0000] {logging_mixin.py:190} INFO - [2026-08-12T04:42:10.940+0000] {dag.py:4138} INFO - Setting next_dagrun for example_display_name to None, run_after=None
[2026-08-12T04:42:10.960+0000] {processor.py:208} INFO - Processing /home/airflow/.local/lib/python3.12/site-packages/airflow/example_dags/example_display_name.py took 0.072 seconds
[2026-08-12T04:42:41.261+0000] {processor.py:186} INFO - Started process (PID=1258) to work on /home/airflow/.local/lib/python3.12/site-packages/airflow/example_dags/example_display_name.py
[2026-08-12T04:42:41.263+0000] {processor.py:914} INFO - Processing file /home/airflow/.local/lib/python3.12/site-packages/airflow/example_dags/example_display_name.py for tasks to queue
[2026-08-12T04:42:41.266+0000] {logging_mixin.py:190} INFO - [2026-08-12T04:42:41.266+0000] {dagbag.py:587} INFO - Filling up the DagBag from /home/airflow/.local/lib/python3.12/site-packages/airflow/example_dags/example_display_name.py
[2026-08-12T04:42:41.274+0000] {processor.py:925} INFO - DAG(s) 'example_display_name' retrieved from /home/airflow/.local/lib/python3.12/site-packages/airflow/example_dags/example_display_name.py
[2026-08-12T04:42:41.295+0000] {logging_mixin.py:190} INFO - [2026-08-12T04:42:41.295+0000] {dag.py:3211} INFO - Sync 1 DAGs
[2026-08-12T04:42:41.311+0000] {logging_mixin.py:190} INFO - [2026-08-12T04:42:41.311+0000] {dag.py:4138} INFO - Setting next_dagrun for example_display_name to None, run_after=None
[2026-08-12T04:42:41.335+0000] {processor.py:208} INFO - Processing /home/airflow/.local/lib/python3.12/site-packages/airflow/example_dags/example_display_name.py took 0.079 seconds
[2026-08-12T04:43:11.659+0000] {processor.py:186} INFO - Started process (PID=1320) to work on /home/airflow/.local/lib/python3.12/site-packages/airflow/example_dags/example_display_name.py
[2026-08-12T04:43:11.661+0000] {processor.py:914} INFO - Processing file /home/airflow/.local/lib/python3.12/site-packages/airflow/example_dags/example_display_name.py for tasks to queue
[2026-08-12T04:43:11.665+0000] {logging_mixin.py:190} INFO - [2026-08-12T04:43:11.664+0000] {dagbag.py:587} INFO - Filling up the DagBag from /home/airflow/.local/lib/python3.12/site-packages/airflow/example_dags/example_display_name.py
[2026-08-12T04:43:11.673+0000] {processor.py:925} INFO - DAG(s) 'example_display_name' retrieved from /home/airflow/.local/lib/python3.12/site-packages/airflow/example_dags/example_display_name.py
[2026-08-12T04:43:11.693+0000] {logging_mixin.py:190} INFO - [2026-08-12T04:43:11.693+0000] {dag.py:3211} INFO - Sync 1 DAGs
[2026-08-12T04:43:11.708+0000] {logging_mixin.py:190} INFO - [2026-08-12T04:43:11.708+0000] {dag.py:4138} INFO - Setting next_dagrun for example_display_name to None, run_after=None
[2026-08-12T04:43:11.728+0000] {processor.py:208} INFO - Processing /home/airflow/.local/lib/python3.12/site-packages/airflow/example_dags/example_display_name.py took 0.074 seconds
[2026-08-12T04:43:42.018+0000] {processor.py:186} INFO - Started process (PID=1382) to work on /home/airflow/.local/lib/python3.12/site-packages/airflow/example_dags/example_display_name.py
[2026-08-12T04:43:42.021+0000] {processor.py:914} INFO - Processing file /home/airflow/.local/lib/python3.12/site-packages/airflow/example_dags/example_display_name.py for tasks to queue
[2026-08-12T04:43:42.025+0000] {logging_mixin.py:190} INFO - [2026-08-12T04:43:42.025+0000] {dagbag.py:587} INFO - Filling up the DagBag from /home/airflow/.local/lib/python3.12/site-packages/airflow/example_dags/example_display_name.py
[2026-08-12T04:43:42.038+0000] {processor.py:925} INFO - DAG(s) 'example_display_name' retrieved from /home/airflow/.local/lib/python3.12/site-packages/airflow/example_dags/example_display_name.py
[2026-08-12T04:43:42.062+0000] {logging_mixin.py:190} INFO - [2026-08-12T04:43:42.062+0000] {dag.py:3211} INFO - Sync 1 DAGs
[2026-08-12T04:43:42.080+0000] {logging_mixin.py:190} INFO - [2026-08-12T04:43:42.079+0000] {dag.py:4138} INFO - Setting next_dagrun for example_display_name to None, run_after=None
[2026-08-12T04:43:42.102+0000] {processor.py:208} INFO - Processing /home/airflow/.local/lib/python3.12/site-packages/airflow/example_dags/example_display_name.py took 0.090 seconds
[2026-08-12T04:44:12.749+0000] {processor.py:186} INFO - Started process (PID=1444) to work on /home/airflow/.local/lib/python3.12/site-packages/airflow/example_dags/example_display_name.py
[2026-08-12T04:44:12.752+0000] {processor.py:914} INFO - Processing file /home/airflow/.local/lib/python3.12/site-packages/airflow/example_dags/example_display_name.py for tasks to queue
[2026-08-12T04:44:12.756+0000] {logging_mixin.py:190} INFO - [2026-08-12T04:44:12.755+0000] {dagbag.py:587} INFO - Filling up the DagBag from /home/airflow/.local/lib/python3.12/site-packages/airflow/example_dags/example_display_name.py
[2026-08-12T04:44:12.767+0000] {processor.py:925} INFO - DAG(s) 'example_display_name' retrieved from /home/airflow/.local/lib/python3.12/site-packages/airflow/example_dags/example_display_name.py
[2026-08-12T04:44:12.797+0000] {logging_mixin.py:190} INFO - [2026-08-12T04:44:12.796+0000] {dag.py:3211} INFO - Sync 1 DAGs
[2026-08-12T04:44:12.819+0000] {logging_mixin.py:190} INFO - [2026-08-12T04:44:12.819+0000] {dag.py:4138} INFO - Setting next_dagrun for example_display_name to None, run_after=None
[2026-08-12T04:44:12.847+0000] {processor.py:208} INFO - Processing /home/airflow/.local/lib/python3.12/site-packages/airflow/example_dags/example_display_name.py took 0.106 seconds
[2026-08-12T04:44:43.237+0000] {processor.py:186} INFO - Started process (PID=1507) to work on /home/airflow/.local/lib/python3.12/site-packages/airflow/example_dags/example_display_name.py
[2026-08-12T04:44:43.239+0000] {processor.py:914} INFO - Processing file /home/airflow/.local/lib/python3.12/site-packages/airflow/example_dags/example_display_name.py for tasks to queue
[2026-08-12T04:44:43.242+0000] {logging_mixin.py:190} INFO - [2026-08-12T04:44:43.242+0000] {dagbag.py:587} INFO - Filling up the DagBag from /home/airflow/.local/lib/python3.12/site-packages/airflow/example_dags/example_display_name.py
[2026-08-12T04:44:43.252+0000] {processor.py:925} INFO - DAG(s) 'example_display_name' retrieved from /home/airflow/.local/lib/python3.12/site-packages/airflow/example_dags/example_display_name.py
[2026-08-12T04:44:43.274+0000] {logging_mixin.py:190} INFO - [2026-08-12T04:44:43.274+0000] {dag.py:3211} INFO - Sync 1 DAGs
[2026-08-12T04:44:43.293+0000] {logging_mixin.py:190} INFO - [2026-08-12T04:44:43.293+0000] {dag.py:4138} INFO - Setting next_dagrun for example_display_name to None, run_after=None
[2026-08-12T04:44:43.315+0000] {processor.py:208} INFO - Processing /home/airflow/.local/lib/python3.12/site-packages/airflow/example_dags/example_display_name.py took 0.086 seconds
[2026-08-12T04:45:13.425+0000] {processor.py:186} INFO - Started process (PID=1569) to work on /home/airflow/.local/lib/python3.12/site-packages/airflow/example_dags/example_display_name.py
[2026-08-12T04:45:13.427+0000] {processor.py:914} INFO - Processing file /home/airflow/.local/lib/python3.12/site-packages/airflow/example_dags/example_display_name.py for tasks to queue
[2026-08-12T04:45:13.430+0000] {logging_mixin.py:190} INFO - [2026-08-12T04:45:13.430+0000] {dagbag.py:587} INFO - Filling up the DagBag from /home/airflow/.local/lib/python3.12/site-packages/airflow/example_dags/example_display_name.py
[2026-08-12T04:45:13.440+0000] {processor.py:925} INFO - DAG(s) 'example_display_name' retrieved from /home/airflow/.local/lib/python3.12/site-packages/airflow/example_dags/example_display_name.py
[2026-08-12T04:45:13.471+0000] {logging_mixin.py:190} INFO - [2026-08-12T04:45:13.471+0000] {dag.py:3211} INFO - Sync 1 DAGs
[2026-08-12T04:45:13.497+0000] {logging_mixin.py:190} INFO - [2026-08-12T04:45:13.496+0000] {dag.py:4138} INFO - Setting next_dagrun for example_display_name to None, run_after=None
[2026-08-12T04:45:13.528+0000] {processor.py:208} INFO - Processing /home/airflow/.local/lib/python3.12/site-packages/airflow/example_dags/example_display_name.py took 0.109 seconds
[2026-08-12T04:45:44.092+0000] {processor.py:186} INFO - Started process (PID=1631) to work on /home/airflow/.local/lib/python3.12/site-packages/airflow/example_dags/example_display_name.py
[2026-08-12T04:45:44.094+0000] {processor.py:914} INFO - Processing file /home/airflow/.local/lib/python3.12/site-packages/airflow/example_dags/example_display_name.py for tasks to queue
[2026-08-12T04:45:44.098+0000] {logging_mixin.py:190} INFO - [2026-08-12T04:45:44.097+0000] {dagbag.py:587} INFO - Filling up the DagBag from /home/airflow/.local/lib/python3.12/site-packages/airflow/example_dags/example_display_name.py
[2026-08-12T04:45:44.108+0000] {processor.py:925} INFO - DAG(s) 'example_display_name' retrieved from /home/airflow/.local/lib/python3.12/site-packages/airflow/example_dags/example_display_name.py
[2026-08-12T04:45:44.139+0000] {logging_mixin.py:190} INFO - [2026-08-12T04:45:44.139+0000] {dag.py:3211} INFO - Sync 1 DAGs
[2026-08-12T04:45:44.156+0000] {logging_mixin.py:190} INFO - [2026-08-12T04:45:44.156+0000] {dag.py:4138} INFO - Setting next_dagrun for example_display_name to None, run_after=None
[2026-08-12T04:45:44.178+0000] {processor.py:208} INFO - Processing /home/airflow/.local/lib/python3.12/site-packages/airflow/example_dags/example_display_name.py took 0.092 seconds
[2026-08-12T04:46:14.762+0000] {processor.py:186} INFO - Started process (PID=1693) to work on /home/airflow/.local/lib/python3.12/site-packages/airflow/example_dags/example_display_name.py
[2026-08-12T04:46:14.765+0000] {processor.py:914} INFO - Processing file /home/airflow/.local/lib/python3.12/site-packages/airflow/example_dags/example_display_name.py for tasks to queue
[2026-08-12T04:46:14.769+0000] {logging_mixin.py:190} INFO - [2026-08-12T04:46:14.769+0000] {dagbag.py:587} INFO - Filling up the DagBag from /home/airflow/.local/lib/python3.12/site-packages/airflow/example_dags/example_display_name.py
[2026-08-12T04:46:14.780+0000] {processor.py:925} INFO - DAG(s) 'example_display_name' retrieved from /home/airflow/.local/lib/python3.12/site-packages/airflow/example_dags/example_display_name.py
[2026-08-12T04:46:14.803+0000] {logging_mixin.py:190} INFO - [2026-08-12T04:46:14.803+0000] {dag.py:3211} INFO - Sync 1 DAGs
[2026-08-12T04:46:14.819+0000] {logging_mixin.py:190} INFO - [2026-08-12T04:46:14.819+0000] {dag.py:4138} INFO - Setting next_dagrun for example_display_name to None, run_after=None
[2026-08-12T04:46:14.842+0000] {processor.py:208} INFO - Processing /home/airflow/.local/lib/python3.12/site-packages/airflow/example_dags/example_display_name.py took 0.088 seconds
[2026-08-12T04:46:45.389+0000] {processor.py:186} INFO - Started process (PID=1755) to work on /home/airflow/.local/lib/python3.12/site-packages/airflow/example_dags/example_display_name.py
[2026-08-12T04:46:45.391+0000] {processor.py:914} INFO - Processing file /home/airflow/.local/lib/python3.12/site-packages/airflow/example_dags/example_display_name.py for tasks to queue
[2026-08-12T04:46:45.394+0000] {logging_mixin.py:190} INFO - [2026-08-12T04:46:45.393+0000] {dagbag.py:587} INFO - Filling up the DagBag from /home/airflow/.local/lib/python3.12/site-packages/airflow/example_dags/example_display_name.py
[2026-08-12T04:46:45.402+0000] {processor.py:925} INFO - DAG(s) 'example_display_name' retrieved from /home/airflow/.local/lib/python3.12/site-packages/airflow/example_dags/example_display_name.py
[2026-08-12T04:46:45.422+0000] {logging_mixin.py:190} INFO - [2026-08-12T04:46:45.422+0000] {dag.py:3211} INFO - Sync 1 DAGs
[2026-08-12T04:46:45.437+0000] {logging_mixin.py:190} INFO - [2026-08-12T04:46:45.437+0000] {dag.py:4138} INFO - Setting next_dagrun for example_display_name to None, run_after=None
[2026-08-12T04:46:45.456+0000] {processor.py:208} INFO - Processing /home/airflow/.local/lib/python3.12/site-packages/airflow/example_dags/example_display_name.py took 0.073 seconds
[2026-08-12T04:47:15.896+0000] {processor.py:186} INFO - Started process (PID=1817) to work on /home/airflow/.local/lib/python3.12/site-packages/airflow/example_dags/example_display_name.py
[2026-08-12T04:47:15.898+0000] {processor.py:914} INFO - Processing file /home/airflow/.local/lib/python3.12/site-packages/airflow/example_dags/example_display_name.py for tasks to queue
[2026-08-12T04:47:15.901+0000] {logging_mixin.py:190} INFO - [2026-08-12T04:47:15.900+0000] {dagbag.py:587} INFO - Filling up the DagBag from /home/airflow/.local/lib/python3.12/site-packages/airflow/example_dags/example_display_name.py
[2026-08-12T04:47:15.911+0000] {processor.py:925} INFO - DAG(s) 'example_display_name' retrieved from /home/airflow/.local/lib/python3.12/site-packages/airflow/example_dags/example_display_name.py
[2026-08-12T04:47:15.931+0000] {logging_mixin.py:190} INFO - [2026-08-12T04:47:15.931+0000] {dag.py:3211} INFO - Sync 1 DAGs
[2026-08-12T04:47:15.946+0000] {logging_mixin.py:190} INFO - [2026-08-12T04:47:15.946+0000] {dag.py:4138} INFO - Setting next_dagrun for example_display_name to None, run_after=None
[2026-08-12T04:47:15.968+0000] {processor.py:208} INFO - Processing /home/airflow/.local/lib/python3.12/site-packages/airflow/example_dags/example_display_name.py took 0.078 seconds
[2026-08-12T04:47:46.859+0000] {processor.py:186} INFO - Started process (PID=1879) to work on /home/airflow/.local/lib/python3.12/site-packages/airflow/example_dags/example_display_name.py
[2026-08-12T04:47:46.861+0000] {processor.py:914} INFO - Processing file /home/airflow/.local/lib/python3.12/site-packages/airflow/example_dags/example_display_name.py for tasks to queue
[2026-08-12T04:47:46.866+0000] {logging_mixin.py:190} INFO - [2026-08-12T04:47:46.865+0000] {dagbag.py:587} INFO - Filling up the DagBag from /home/airflow/.local/lib/python3.12/site-packages/airflow/example_dags/example_display_name.py
[2026-08-12T04:47:46.878+0000] {processor.py:925} INFO - DAG(s) 'example_display_name' retrieved from /home/airflow/.local/lib/python3.12/site-packages/airflow/example_dags/example_display_name.py
[2026-08-12T04:47:46.909+0000] {logging_mixin.py:190} INFO - [2026-08-12T04:47:46.909+0000] {dag.py:3211} INFO - Sync 1 DAGs
[2026-08-12T04:47:46.933+0000] {logging_mixin.py:190} INFO - [2026-08-12T04:47:46.932+0000] {dag.py:4138} INFO - Setting next_dagrun for example_display_name to None, run_after=None
[2026-08-12T04:47:46.958+0000] {processor.py:208} INFO - Processing /home/airflow/.local/lib/python3.12/site-packages/airflow/example_dags/example_display_name.py took 0.107 seconds
[2026-08-12T04:48:17.022+0000] {processor.py:186} INFO - Started process (PID=1941) to work on /home/airflow/.local/lib/python3.12/site-packages/airflow/example_dags/example_display_name.py
[2026-08-12T04:48:17.023+0000] {processor.py:914} INFO - Processing file /home/airflow/.local/lib/python3.12/site-packages/airflow/example_dags/example_display_name.py for tasks to queue
[2026-08-12T04:48:17.026+0000] {logging_mixin.py:190} INFO - [2026-08-12T04:48:17.026+0000] {dagbag.py:587} INFO - Filling up the DagBag from /home/airflow/.local/lib/python3.12/site-packages/airflow/example_dags/example_display_name.py
[2026-08-12T04:48:17.033+0000] {processor.py:925} INFO - DAG(s) 'example_display_name' retrieved from /home/airflow/.local/lib/python3.12/site-packages/airflow/example_dags/example_display_name.py
[2026-08-12T04:48:17.054+0000] {logging_mixin.py:190} INFO - [2026-08-12T04:48:17.054+0000] {dag.py:3211} INFO - Sync 1 DAGs
[2026-08-12T04:48:17.067+0000] {logging_mixin.py:190} INFO - [2026-08-12T04:48:17.067+0000] {dag.py:4138} INFO - Setting next_dagrun for example_display_name to None, run_after=None
[2026-08-12T04:48:17.088+0000] {processor.py:208} INFO - Processing /home/airflow/.local/lib/python3.12/site-packages/airflow/example_dags/example_display_name.py took 0.071 seconds
