[2026-08-12T04:30:47.216+0000] {processor.py:186} INFO - Started process (PID=79) to work on /home/airflow/.local/lib/python3.12/site-packages/airflow/example_dags/example_latest_only_with_trigger.py
[2026-08-12T04:30:47.219+0000] {processor.py:914} INFO - Processing file /home/airflow/.local/lib/python3.12/site-packages/airflow/example_dags/example_latest_only_with_trigger.py for tasks to queue
[2026-08-12T04:30:47.228+0000] {logging_mixin.py:190} INFO - [2026-08-12T04:30:47.227+0000] {dagbag.py:587} INFO - Filling up the DagBag from /home/airflow/.local/lib/python3.12/site-packages/airflow/example_dags/example_latest_only_with_trigger.py
[2026-08-12T04:30:47.266+0000] {processor.py:925} INFO - DAG(s) 'latest_only_with_trigger' retrieved from /home/airflow/.local/lib/python3.12/site-packages/airflow/example_dags/example_latest_only_with_trigger.py
[2026-08-12T04:30:47.735+0000] {logging_mixin.py:190} INFO - [2026-08-12T04:30:47.734+0000] {override.py:1858} INFO - Created Permission View: can edit on DAG:latest_only_with_trigger
[2026-08-12T04:30:47.768+0000] {logging_mixin.py:190} INFO - [2026-08-12T04:30:47.768+0000] {override.py:1858} INFO - Created Permission View: can delete on DAG:latest_only_with_trigger
[2026-08-12T04:30:47.785+0000] {logging_mixin.py:190} INFO - [2026-08-12T04:30:47.784+0000] {override.py:1858} INFO - Created Permission View: can read on DAG:latest_only_with_trigger
[2026-08-12T04:30:47.787+0000] {logging_mixin.py:190} INFO - [2026-08-12T04:30:47.787+0000] {dag.py:3211} INFO - Sync 1 DAGs
[2026-08-12T04:30:47.812+0000] {logging_mixin.py:190} INFO - [2026-08-12T04:30:47.812+0000] {dag.py:3234} INFO - Creating ORM DAG for latest_only_with_trigger
[2026-08-12T04:30:47.833+0000] {logging_mixin.py:190} INFO - [2026-08-12T04:30:47.832+0000] {dag.py:4138} INFO - Setting next_dagrun for latest_only_with_trigger to 2026-08-12 00:00:00+00:00, run_after=2026-08-12 04:00:00+00:00
[2026-08-12T04:30:47.879+0000] {processor.py:208} INFO - Processing /home/airflow/.local/lib/python3.12/site-packages/airflow/example_dags/example_latest_only_with_trigger.py took 0.681 seconds
[2026-08-12T04:31:18.356+0000] {processor.py:186} INFO - Started process (PID=141) to work on /home/airflow/.local/lib/python3.12/site-packages/airflow/example_dags/example_latest_only_with_trigger.py
[2026-08-12T04:31:18.358+0000] {processor.py:914} INFO - Processing file /home/airflow/.local/lib/python3.12/site-packages/airflow/example_dags/example_latest_only_with_trigger.py for tasks to queue
[2026-08-12T04:31:18.361+0000] {logging_mixin.py:190} INFO - [2026-08-12T04:31:18.361+0000] {dagbag.py:587} INFO - Filling up the DagBag from /home/airflow/.local/lib/python3.12/site-packages/airflow/example_dags/example_latest_only_with_trigger.py
[2026-08-12T04:31:18.373+0000] {processor.py:925} INFO - DAG(s) 'latest_only_with_trigger' retrieved from /home/airflow/.local/lib/python3.12/site-packages/airflow/example_dags/example_latest_only_with_trigger.py
[2026-08-12T04:31:18.404+0000] {logging_mixin.py:190} INFO - [2026-08-12T04:31:18.403+0000] {dag.py:3211} INFO - Sync 1 DAGs
[2026-08-12T04:31:18.433+0000] {logging_mixin.py:190} INFO - [2026-08-12T04:31:18.433+0000] {dag.py:4138} INFO - Setting next_dagrun for latest_only_with_trigger to 2026-08-12 00:00:00+00:00, run_after=2026-08-12 04:00:00+00:00
[2026-08-12T04:31:18.471+0000] {processor.py:208} INFO - Processing /home/airflow/.local/lib/python3.12/site-packages/airflow/example_dags/example_latest_only_with_trigger.py took 0.122 seconds
[2026-08-12T04:31:48.592+0000] {processor.py:186} INFO - Started process (PID=203) to work on /home/airflow/.local/lib/python3.12/site-packages/airflow/example_dags/example_latest_only_with_trigger.py
[2026-08-12T04:31:48.594+0000] {processor.py:914} INFO - Processing file /home/airflow/.local/lib/python3.12/site-packages/airflow/example_dags/example_latest_only_with_trigger.py for tasks to queue
[2026-08-12T04:31:48.598+0000] {logging_mixin.py:190} INFO - [2026-08-12T04:31:48.598+0000] {dagbag.py:587} INFO - Filling up the DagBag from /home/airflow/.local/lib/python3.12/site-packages/airflow/example_dags/example_latest_only_with_trigger.py
[2026-08-12T04:31:48.607+0000] {processor.py:925} INFO - DAG(s) 'latest_only_with_trigger' retrieved from /home/airflow/.local/lib/python3.12/site-packages/airflow/example_dags/example_latest_only_with_trigger.py
[2026-08-12T04:31:48.630+0000] {logging_mixin.py:190} INFO - [2026-08-12T04:31:48.630+0000] {dag.py:3211} INFO - Sync 1 DAGs
[2026-08-12T04:31:48.660+0000] {logging_mixin.py:190} INFO - [2026-08-12T04:31:48.659+0000] {dag.py:4138} INFO - Setting next_dagrun for latest_only_with_trigger to 2026-08-12 00:00:00+00:00, run_after=2026-08-12 04:00:00+00:00
[2026-08-12T04:31:48.684+0000] {processor.py:208} INFO - Processing /home/airflow/.local/lib/python3.12/site-packages/airflow/example_dags/example_latest_only_with_trigger.py took 0.101 seconds
[2026-08-12T04:33:01.933+0000] {processor.py:186} INFO - Started process (PID=76) to work on /home/airflow/.local/lib/python3.12/site-packages/airflow/example_dags/example_latest_only_with_trigger.py
[2026-08-12T04:33:01.936+0000] {processor.py:914} INFO - Processing file /home/airflow/.local/lib/python3.12/site-packages/airflow/example_dags/example_latest_only_with_trigger.py for tasks to queue
[2026-08-12T04:33:01.945+0000] {logging_mixin.py:190} INFO - [2026-08-12T04:33:01.943+0000] {dagbag.py:587} INFO - Filling up the DagBag from /home/airflow/.local/lib/python3.12/site-packages/airflow/example_dags/example_latest_only_with_trigger.py
[2026-08-12T04:33:01.963+0000] {processor.py:925} INFO - DAG(s) 'latest_only_with_trigger' retrieved from /home/airflow/.local/lib/python3.12/site-packages/airflow/example_dags/example_latest_only_with_trigger.py
[2026-08-12T04:33:02.029+0000] {logging_mixin.py:190} INFO - [2026-08-12T04:33:02.028+0000] {dag.py:3211} INFO - Sync 1 DAGs
[2026-08-12T04:33:02.082+0000] {logging_mixin.py:190} INFO - [2026-08-12T04:33:02.082+0000] {dag.py:4138} INFO - Setting next_dagrun for latest_only_with_trigger to 2026-08-12 00:00:00+00:00, run_after=2026-08-12 04:00:00+00:00
[2026-08-12T04:33:02.131+0000] {processor.py:208} INFO - Processing /home/airflow/.local/lib/python3.12/site-packages/airflow/example_dags/example_latest_only_with_trigger.py took 0.214 seconds
[2026-08-12T04:33:32.572+0000] {processor.py:186} INFO - Started process (PID=138) to work on /home/airflow/.local/lib/python3.12/site-packages/airflow/example_dags/example_latest_only_with_trigger.py
[2026-08-12T04:33:32.574+0000] {processor.py:914} INFO - Processing file /home/airflow/.local/lib/python3.12/site-packages/airflow/example_dags/example_latest_only_with_trigger.py for tasks to queue
[2026-08-12T04:33:32.578+0000] {logging_mixin.py:190} INFO - [2026-08-12T04:33:32.577+0000] {dagbag.py:587} INFO - Filling up the DagBag from /home/airflow/.local/lib/python3.12/site-packages/airflow/example_dags/example_latest_only_with_trigger.py
[2026-08-12T04:33:32.592+0000] {processor.py:925} INFO - DAG(s) 'latest_only_with_trigger' retrieved from /home/airflow/.local/lib/python3.12/site-packages/airflow/example_dags/example_latest_only_with_trigger.py
[2026-08-12T04:33:32.624+0000] {logging_mixin.py:190} INFO - [2026-08-12T04:33:32.624+0000] {dag.py:3211} INFO - Sync 1 DAGs
[2026-08-12T04:33:32.659+0000] {logging_mixin.py:190} INFO - [2026-08-12T04:33:32.659+0000] {dag.py:4138} INFO - Setting next_dagrun for latest_only_with_trigger to 2026-08-12 00:00:00+00:00, run_after=2026-08-12 04:00:00+00:00
[2026-08-12T04:33:32.685+0000] {processor.py:208} INFO - Processing /home/airflow/.local/lib/python3.12/site-packages/airflow/example_dags/example_latest_only_with_trigger.py took 0.122 seconds
[2026-08-12T04:34:02.896+0000] {processor.py:186} INFO - Started process (PID=200) to work on /home/airflow/.local/lib/python3.12/site-packages/airflow/example_dags/example_latest_only_with_trigger.py
[2026-08-12T04:34:02.898+0000] {processor.py:914} INFO - Processing file /home/airflow/.local/lib/python3.12/site-packages/airflow/example_dags/example_latest_only_with_trigger.py for tasks to queue
[2026-08-12T04:34:02.901+0000] {logging_mixin.py:190} INFO - [2026-08-12T04:34:02.900+0000] {dagbag.py:587} INFO - Filling up the DagBag from /home/airflow/.local/lib/python3.12/site-packages/airflow/example_dags/example_latest_only_with_trigger.py
[2026-08-12T04:34:02.915+0000] {processor.py:925} INFO - DAG(s) 'latest_only_with_trigger' retrieved from /home/airflow/.local/lib/python3.12/site-packages/airflow/example_dags/example_latest_only_with_trigger.py
[2026-08-12T04:34:02.945+0000] {logging_mixin.py:190} INFO - [2026-08-12T04:34:02.944+0000] {dag.py:3211} INFO - Sync 1 DAGs
[2026-08-12T04:34:02.976+0000] {logging_mixin.py:190} INFO - [2026-08-12T04:34:02.976+0000] {dag.py:4138} INFO - Setting next_dagrun for latest_only_with_trigger to 2026-08-12 00:00:00+00:00, run_after=2026-08-12 04:00:00+00:00
[2026-08-12T04:34:03.004+0000] {processor.py:208} INFO - Processing /home/airflow/.local/lib/python3.12/site-packages/airflow/example_dags/example_latest_only_with_trigger.py took 0.116 seconds
[2026-08-12T04:34:33.199+0000] {processor.py:186} INFO - Started process (PID=262) to work on /home/airflow/.local/lib/python3.12/site-packages/airflow/example_dags/example_latest_only_with_trigger.py
[2026-08-12T04:34:33.201+0000] {processor.py:914} INFO - Processing file /home/airflow/.local/lib/python3.12/site-packages/airflow/example_dags/example_latest_only_with_trigger.py for tasks to queue
[2026-08-12T04:34:33.206+0000] {logging_mixin.py:190} INFO - [2026-08-12T04:34:33.205+0000] {dagbag.py:587} INFO - Filling up the DagBag from /home/airflow/.local/lib/python3.12/site-packages/airflow/example_dags/example_latest_only_with_trigger.py
[2026-08-12T04:34:33.216+0000] {processor.py:925} INFO - DAG(s) 'latest_only_with_trigger' retrieved from /home/airflow/.local/lib/python3.12/site-packages/airflow/example_dags/example_latest_only_with_trigger.py
[2026-08-12T04:34:33.240+0000] {logging_mixin.py:190} INFO - [2026-08-12T04:34:33.240+0000] {dag.py:3211} INFO - Sync 1 DAGs
[2026-08-12T04:34:33.265+0000] {logging_mixin.py:190} INFO - [2026-08-12T04:34:33.265+0000] {dag.py:4138} INFO - Setting next_dagrun for latest_only_with_trigger to 2026-08-12 00:00:00+00:00, run_after=2026-08-12 04:00:00+00:00
[2026-08-12T04:34:33.287+0000] {processor.py:208} INFO - Processing /home/airflow/.local/lib/python3.12/site-packages/airflow/example_dags/example_latest_only_with_trigger.py took 0.094 seconds
[2026-08-12T04:35:03.454+0000] {processor.py:186} INFO - Started process (PID=324) to work on /home/airflow/.local/lib/python3.12/site-packages/airflow/example_dags/example_latest_only_with_trigger.py
[2026-08-12T04:35:03.456+0000] {processor.py:914} INFO - Processing file /home/airflow/.local/lib/python3.12/site-packages/airflow/example_dags/example_latest_only_with_trigger.py for tasks to queue
[2026-08-12T04:35:03.459+0000] {logging_mixin.py:190} INFO - [2026-08-12T04:35:03.459+0000] {dagbag.py:587} INFO - Filling up the DagBag from /home/airflow/.local/lib/python3.12/site-packages/airflow/example_dags/example_latest_only_with_trigger.py
[2026-08-12T04:35:03.468+0000] {processor.py:925} INFO - DAG(s) 'latest_only_with_trigger' retrieved from /home/airflow/.local/lib/python3.12/site-packages/airflow/example_dags/example_latest_only_with_trigger.py
[2026-08-12T04:35:03.491+0000] {logging_mixin.py:190} INFO - [2026-08-12T04:35:03.491+0000] {dag.py:3211} INFO - Sync 1 DAGs
[2026-08-12T04:35:03.515+0000] {logging_mixin.py:190} INFO - [2026-08-12T04:35:03.515+0000] {dag.py:4138} INFO - Setting next_dagrun for latest_only_with_trigger to 2026-08-12 00:00:00+00:00, run_after=2026-08-12 04:00:00+00:00
[2026-08-12T04:35:03.536+0000] {processor.py:208} INFO - Processing /home/airflow/.local/lib/python3.12/site-packages/airflow/example_dags/example_latest_only_with_trigger.py took 0.088 seconds
[2026-08-12T04:35:33.848+0000] {processor.py:186} INFO - Started process (PID=386) to work on /home/airflow/.local/lib/python3.12/site-packages/airflow/example_dags/example_latest_only_with_trigger.py
[2026-08-12T04:35:33.850+0000] {processor.py:914} INFO - Processing file /home/airflow/.local/lib/python3.12/site-packages/airflow/example_dags/example_latest_only_with_trigger.py for tasks to queue
[2026-08-12T04:35:33.854+0000] {logging_mixin.py:190} INFO - [2026-08-12T04:35:33.853+0000] {dagbag.py:587} INFO - Filling up the DagBag from /home/airflow/.local/lib/python3.12/site-packages/airflow/example_dags/example_latest_only_with_trigger.py
[2026-08-12T04:35:33.863+0000] {processor.py:925} INFO - DAG(s) 'latest_only_with_trigger' retrieved from /home/airflow/.local/lib/python3.12/site-packages/airflow/example_dags/example_latest_only_with_trigger.py
[2026-08-12T04:35:33.885+0000] {logging_mixin.py:190} INFO - [2026-08-12T04:35:33.885+0000] {dag.py:3211} INFO - Sync 1 DAGs
[2026-08-12T04:35:33.909+0000] {logging_mixin.py:190} INFO - [2026-08-12T04:35:33.909+0000] {dag.py:4138} INFO - Setting next_dagrun for latest_only_with_trigger to 2026-08-12 00:00:00+00:00, run_after=2026-08-12 04:00:00+00:00
[2026-08-12T04:35:33.930+0000] {processor.py:208} INFO - Processing /home/airflow/.local/lib/python3.12/site-packages/airflow/example_dags/example_latest_only_with_trigger.py took 0.088 seconds
[2026-08-12T04:36:04.211+0000] {processor.py:186} INFO - Started process (PID=448) to work on /home/airflow/.local/lib/python3.12/site-packages/airflow/example_dags/example_latest_only_with_trigger.py
[2026-08-12T04:36:04.213+0000] {processor.py:914} INFO - Processing file /home/airflow/.local/lib/python3.12/site-packages/airflow/example_dags/example_latest_only_with_trigger.py for tasks to queue
[2026-08-12T04:36:04.216+0000] {logging_mixin.py:190} INFO - [2026-08-12T04:36:04.216+0000] {dagbag.py:587} INFO - Filling up the DagBag from /home/airflow/.local/lib/python3.12/site-packages/airflow/example_dags/example_latest_only_with_trigger.py
[2026-08-12T04:36:04.225+0000] {processor.py:925} INFO - DAG(s) 'latest_only_with_trigger' retrieved from /home/airflow/.local/lib/python3.12/site-packages/airflow/example_dags/example_latest_only_with_trigger.py
[2026-08-12T04:36:04.248+0000] {logging_mixin.py:190} INFO - [2026-08-12T04:36:04.247+0000] {dag.py:3211} INFO - Sync 1 DAGs
[2026-08-12T04:36:04.270+0000] {logging_mixin.py:190} INFO - [2026-08-12T04:36:04.270+0000] {dag.py:4138} INFO - Setting next_dagrun for latest_only_with_trigger to 2026-08-12 00:00:00+00:00, run_after=2026-08-12 04:00:00+00:00
[2026-08-12T04:36:04.291+0000] {processor.py:208} INFO - Processing /home/airflow/.local/lib/python3.12/site-packages/airflow/example_dags/example_latest_only_with_trigger.py took 0.086 seconds
[2026-08-12T04:36:34.684+0000] {processor.py:186} INFO - Started process (PID=510) to work on /home/airflow/.local/lib/python3.12/site-packages/airflow/example_dags/example_latest_only_with_trigger.py
[2026-08-12T04:36:34.686+0000] {processor.py:914} INFO - Processing file /home/airflow/.local/lib/python3.12/site-packages/airflow/example_dags/example_latest_only_with_trigger.py for tasks to queue
[2026-08-12T04:36:34.691+0000] {logging_mixin.py:190} INFO - [2026-08-12T04:36:34.690+0000] {dagbag.py:587} INFO - Filling up the DagBag from /home/airflow/.local/lib/python3.12/site-packages/airflow/example_dags/example_latest_only_with_trigger.py
[2026-08-12T04:36:34.700+0000] {processor.py:925} INFO - DAG(s) 'latest_only_with_trigger' retrieved from /home/airflow/.local/lib/python3.12/site-packages/airflow/example_dags/example_latest_only_with_trigger.py
[2026-08-12T04:36:34.724+0000] {logging_mixin.py:190} INFO - [2026-08-12T04:36:34.724+0000] {dag.py:3211} INFO - Sync 1 DAGs
[2026-08-12T04:36:34.752+0000] {logging_mixin.py:190} INFO - [2026-08-12T04:36:34.752+0000] {dag.py:4138} INFO - Setting next_dagrun for latest_only_with_trigger to 2026-08-12 00:00:00+00:00, run_after=2026-08-12 04:00:00+00:00
[2026-08-12T04:36:34.783+0000] {processor.py:208} INFO - Processing /home/airflow/.local/lib/python3.12/site-packages/airflow/example_dags/example_latest_only_with_trigger.py took 0.106 seconds
[2026-08-12T04:37:05.151+0000] {processor.py:186} INFO - Started process (PID=572) to work on /home/airflow/.local/lib/python3.12/site-packages/airflow/example_dags/example_latest_only_with_trigger.py
[2026-08-12T04:37:05.153+0000] {processor.py:914} INFO - Processing file /home/airflow/.local/lib/python3.12/site-packages/airflow/example_dags/example_latest_only_with_trigger.py for tasks to queue
[2026-08-12T04:37:05.158+0000] {logging_mixin.py:190} INFO - [2026-08-12T04:37:05.157+0000] {dagbag.py:587} INFO - Filling up the DagBag from /home/airflow/.local/lib/python3.12/site-packages/airflow/example_dags/example_latest_only_with_trigger.py
[2026-08-12T04:37:05.170+0000] {processor.py:925} INFO - DAG(s) 'latest_only_with_trigger' retrieved from /home/airflow/.local/lib/python3.12/site-packages/airflow/example_dags/example_latest_only_with_trigger.py
[2026-08-12T04:37:05.197+0000] {logging_mixin.py:190} INFO - [2026-08-12T04:37:05.197+0000] {dag.py:3211} INFO - Sync 1 DAGs
[2026-08-12T04:37:05.222+0000] {logging_mixin.py:190} INFO - [2026-08-12T04:37:05.222+0000] {dag.py:4138} INFO - Setting next_dagrun for latest_only_with_trigger to 2026-08-12 00:00:00+00:00, run_after=2026-08-12 04:00:00+00:00
[2026-08-12T04:37:05.242+0000] {processor.py:208} INFO - Processing /home/airflow/.local/lib/python3.12/site-packages/airflow/example_dags/example_latest_only_with_trigger.py took 0.097 seconds
[2026-08-12T04:37:35.730+0000] {processor.py:186} INFO - Started process (PID=634) to work on /home/airflow/.local/lib/python3.12/site-packages/airflow/example_dags/example_latest_only_with_trigger.py
[2026-08-12T04:37:35.732+0000] {processor.py:914} INFO - Processing file /home/airflow/.local/lib/python3.12/site-packages/airflow/example_dags/example_latest_only_with_trigger.py for tasks to queue
[2026-08-12T04:37:35.735+0000] {logging_mixin.py:190} INFO - [2026-08-12T04:37:35.734+0000] {dagbag.py:587} INFO - Filling up the DagBag from /home/airflow/.local/lib/python3.12/site-packages/airflow/example_dags/example_latest_only_with_trigger.py
[2026-08-12T04:37:35.744+0000] {processor.py:925} INFO - DAG(s) 'latest_only_with_trigger' retrieved from /home/airflow/.local/lib/python3.12/site-packages/airflow/example_dags/example_latest_only_with_trigger.py
[2026-08-12T04:37:35.764+0000] {logging_mixin.py:190} INFO - [2026-08-12T04:37:35.764+0000] {dag.py:3211} INFO - Sync 1 DAGs
[2026-08-12T04:37:35.787+0000] {logging_mixin.py:190} INFO - [2026-08-12T04:37:35.787+0000] {dag.py:4138} INFO - Setting next_dagrun for latest_only_with_trigger to 2026-08-12 00:00:00+00:00, run_after=2026-08-12 04:00:00+00:00
[2026-08-12T04:37:35.809+0000] {processor.py:208} INFO - Processing /home/airflow/.local/lib/python3.12/site-packages/airflow/example_dags/example_latest_only_with_trigger.py took 0.084 seconds
[2026-08-12T04:38:06.361+0000] {processor.py:186} INFO - Started process (PID=696) to work on /home/airflow/.local/lib/python3.12/site-packages/airflow/example_dags/example_latest_only_with_trigger.py
[2026-08-12T04:38:06.362+0000] {processor.py:914} INFO - Processing file /home/airflow/.local/lib/python3.12/site-packages/airflow/example_dags/example_latest_only_with_trigger.py for tasks to queue
[2026-08-12T04:38:06.365+0000] {logging_mixin.py:190} INFO - [2026-08-12T04:38:06.365+0000] {dagbag.py:587} INFO - Filling up the DagBag from /home/airflow/.local/lib/python3.12/site-packages/airflow/example_dags/example_latest_only_with_trigger.py
[2026-08-12T04:38:06.374+0000] {processor.py:925} INFO - DAG(s) 'latest_only_with_trigger' retrieved from /home/airflow/.local/lib/python3.12/site-packages/airflow/example_dags/example_latest_only_with_trigger.py
[2026-08-12T04:38:06.395+0000] {logging_mixin.py:190} INFO - [2026-08-12T04:38:06.395+0000] {dag.py:3211} INFO - Sync 1 DAGs
[2026-08-12T04:38:06.420+0000] {logging_mixin.py:190} INFO - [2026-08-12T04:38:06.420+0000] {dag.py:4138} INFO - Setting next_dagrun for latest_only_with_trigger to 2026-08-12 00:00:00+00:00, run_after=2026-08-12 04:00:00+00:00
[2026-08-12T04:38:06.442+0000] {processor.py:208} INFO - Processing /home/airflow/.local/lib/python3.12/site-packages/airflow/example_dags/example_latest_only_with_trigger.py took 0.087 seconds
[2026-08-12T04:38:36.543+0000] {processor.py:186} INFO - Started process (PID=758) to work on /home/airflow/.local/lib/python3.12/site-packages/airflow/example_dags/example_latest_only_with_trigger.py
[2026-08-12T04:38:36.545+0000] {processor.py:914} INFO - Processing file /home/airflow/.local/lib/python3.12/site-packages/airflow/example_dags/example_latest_only_with_trigger.py for tasks to queue
[2026-08-12T04:38:36.548+0000] {logging_mixin.py:190} INFO - [2026-08-12T04:38:36.547+0000] {dagbag.py:587} INFO - Filling up the DagBag from /home/airflow/.local/lib/python3.12/site-packages/airflow/example_dags/example_latest_only_with_trigger.py
[2026-08-12T04:38:36.557+0000] {processor.py:925} INFO - DAG(s) 'latest_only_with_trigger' retrieved from /home/airflow/.local/lib/python3.12/site-packages/airflow/example_dags/example_latest_only_with_trigger.py
[2026-08-12T04:38:36.577+0000] {logging_mixin.py:190} INFO - [2026-08-12T04:38:36.576+0000] {dag.py:3211} INFO - Sync 1 DAGs
[2026-08-12T04:38:36.598+0000] {logging_mixin.py:190} INFO - [2026-08-12T04:38:36.598+0000] {dag.py:4138} INFO - Setting next_dagrun for latest_only_with_trigger to 2026-08-12 00:00:00+00:00, run_after=2026-08-12 04:00:00+00:00
[2026-08-12T04:38:36.618+0000] {processor.py:208} INFO - Processing /home/airflow/.local/lib/python3.12/site-packages/airflow/example_dags/example_latest_only_with_trigger.py took 0.082 seconds
[2026-08-12T04:39:07.044+0000] {processor.py:186} INFO - Started process (PID=820) to work on /home/airflow/.local/lib/python3.12/site-packages/airflow/example_dags/example_latest_only_with_trigger.py
[2026-08-12T04:39:07.045+0000] {processor.py:914} INFO - Processing file /home/airflow/.local/lib/python3.12/site-packages/airflow/example_dags/example_latest_only_with_trigger.py for tasks to queue
[2026-08-12T04:39:07.048+0000] {logging_mixin.py:190} INFO - [2026-08-12T04:39:07.047+0000] {dagbag.py:587} INFO - Filling up the DagBag from /home/airflow/.local/lib/python3.12/site-packages/airflow/example_dags/example_latest_only_with_trigger.py
[2026-08-12T04:39:07.054+0000] {processor.py:925} INFO - DAG(s) 'latest_only_with_trigger' retrieved from /home/airflow/.local/lib/python3.12/site-packages/airflow/example_dags/example_latest_only_with_trigger.py
[2026-08-12T04:39:07.078+0000] {logging_mixin.py:190} INFO - [2026-08-12T04:39:07.077+0000] {dag.py:3211} INFO - Sync 1 DAGs
[2026-08-12T04:39:07.100+0000] {logging_mixin.py:190} INFO - [2026-08-12T04:39:07.100+0000] {dag.py:4138} INFO - Setting next_dagrun for latest_only_with_trigger to 2026-08-12 00:00:00+00:00, run_after=2026-08-12 04:00:00+00:00
[2026-08-12T04:39:07.121+0000] {processor.py:208} INFO - Processing /home/airflow/.local/lib/python3.12/site-packages/airflow/example_dags/example_latest_only_with_trigger.py took 0.082 seconds
[2026-08-12T04:39:37.909+0000] {processor.py:186} INFO - Started process (PID=882) to work on /home/airflow/.local/lib/python3.12/site-packages/airflow/example_dags/example_latest_only_with_trigger.py
[2026-08-12T04:39:37.911+0000] {processor.py:914} INFO - Processing file /home/airflow/.local/lib/python3.12/site-packages/airflow/example_dags/example_latest_only_with_trigger.py for tasks to queue
[2026-08-12T04:39:37.914+0000] {logging_mixin.py:190} INFO - [2026-08-12T04:39:37.914+0000] {dagbag.py:587} INFO - Filling up the DagBag from /home/airflow/.local/lib/python3.12/site-packages/airflow/example_dags/example_latest_only_with_trigger.py
[2026-08-12T04:39:37.922+0000] {processor.py:925} INFO - DAG(s) 'latest_only_with_trigger' retrieved from /home/airflow/.local/lib/python3.12/site-packages/airflow/example_dags/example_latest_only_with_trigger.py
[2026-08-12T04:39:37.943+0000] {logging_mixin.py:190} INFO - [2026-08-12T04:39:37.943+0000] {dag.py:3211} INFO - Sync 1 DAGs
[2026-08-12T04:39:37.982+0000] {logging_mixin.py:190} INFO - [2026-08-12T04:39:37.981+0000] {dag.py:4138} INFO - Setting next_dagrun for latest_only_with_trigger to 2026-08-12 00:00:00+00:00, run_after=2026-08-12 04:00:00+00:00
[2026-08-12T04:39:38.021+0000] {processor.py:208} INFO - Processing /home/airflow/.local/lib/python3.12/site-packages/airflow/example_dags/example_latest_only_with_trigger.py took 0.116 seconds
[2026-08-12T04:40:08.482+0000] {processor.py:186} INFO - Started process (PID=944) to work on /home/airflow/.local/lib/python3.12/site-packages/airflow/example_dags/example_latest_only_with_trigger.py
[2026-08-12T04:40:08.483+0000] {processor.py:914} INFO - Processing file /home/airflow/.local/lib/python3.12/site-packages/airflow/example_dags/example_latest_only_with_trigger.py for tasks to queue
[2026-08-12T04:40:08.487+0000] {logging_mixin.py:190} INFO - [2026-08-12T04:40:08.486+0000] {dagbag.py:587} INFO - Filling up the DagBag from /home/airflow/.local/lib/python3.12/site-packages/airflow/example_dags/example_latest_only_with_trigger.py
[2026-08-12T04:40:08.496+0000] {processor.py:925} INFO - DAG(s) 'latest_only_with_trigger' retrieved from /home/airflow/.local/lib/python3.12/site-packages/airflow/example_dags/example_latest_only_with_trigger.py
[2026-08-12T04:40:08.520+0000] {logging_mixin.py:190} INFO - [2026-08-12T04:40:08.520+0000] {dag.py:3211} INFO - Sync 1 DAGs
[2026-08-12T04:40:08.544+0000] {logging_mixin.py:190} INFO - [2026-08-12T04:40:08.544+0000] {dag.py:4138} INFO - Setting next_dagrun for latest_only_with_trigger to 2026-08-12 00:00:00+00:00, run_after=2026-08-12 04:00:00+00:00
[2026-08-12T04:40:08.566+0000] {processor.py:208} INFO - Processing /home/airflow/.local/lib/python3.12/site-packages/airflow/example_dags/example_latest_only_with_trigger.py took 0.090 seconds
[2026-08-12T04:40:38.933+0000] {processor.py:186} INFO - Started process (PID=1006) to work on /home/airflow/.local/lib/python3.12/site-packages/airflow/example_dags/example_latest_only_with_trigger.py
[2026-08-12T04:40:38.935+0000] {processor.py:914} INFO - Processing file /home/airflow/.local/lib/python3.12/site-packages/airflow/example_dags/example_latest_only_with_trigger.py for tasks to queue
[2026-08-12T04:40:38.938+0000] {logging_mixin.py:190} INFO - [2026-08-12T04:40:38.937+0000] {dagbag.py:587} INFO - Filling up the DagBag from /home/airflow/.local/lib/python3.12/site-packages/airflow/example_dags/example_latest_only_with_trigger.py
[2026-08-12T04:40:38.945+0000] {processor.py:925} INFO - DAG(s) 'latest_only_with_trigger' retrieved from /home/airflow/.local/lib/python3.12/site-packages/airflow/example_dags/example_latest_only_with_trigger.py
[2026-08-12T04:40:38.966+0000] {logging_mixin.py:190} INFO - [2026-08-12T04:40:38.966+0000] {dag.py:3211} INFO - Sync 1 DAGs
[2026-08-12T04:40:38.986+0000] {logging_mixin.py:190} INFO - [2026-08-12T04:40:38.986+0000] {dag.py:4138} INFO - Setting next_dagrun for latest_only_with_trigger to 2026-08-12 00:00:00+00:00, run_after=2026-08-12 04:00:00+00:00
[2026-08-12T04:40:39.004+0000] {processor.py:208} INFO - Processing /home/airflow/.local/lib/python3.12/site-packages/airflow/example_dags/example_latest_only_with_trigger.py took 0.076 seconds
[2026-08-12T04:41:09.381+0000] {processor.py:186} INFO - Started process (PID=1068) to work on /home/airflow/.local/lib/python3.12/site-packages/airflow/example_dags/example_latest_only_with_trigger.py
[2026-08-12T04:41:09.382+0000] {processor.py:914} INFO - Processing file /home/airflow/.local/lib/python3.12/site-packages/airflow/example_dags/example_latest_only_with_trigger.py for tasks to queue
[2026-08-12T04:41:09.386+0000] {logging_mixin.py:190} INFO - [2026-08-12T04:41:09.386+0000] {dagbag.py:587} INFO - Filling up the DagBag from /home/airflow/.local/lib/python3.12/site-packages/airflow/example_dags/example_latest_only_with_trigger.py
[2026-08-12T04:41:09.395+0000] {processor.py:925} INFO - DAG(s) 'latest_only_with_trigger' retrieved from /home/airflow/.local/lib/python3.12/site-packages/airflow/example_dags/example_latest_only_with_trigger.py
[2026-08-12T04:41:09.419+0000] {logging_mixin.py:190} INFO - [2026-08-12T04:41:09.419+0000] {dag.py:3211} INFO - Sync 1 DAGs
[2026-08-12T04:41:09.452+0000] {logging_mixin.py:190} INFO - [2026-08-12T04:41:09.451+0000] {dag.py:4138} INFO - Setting next_dagrun for latest_only_with_trigger to 2026-08-12 00:00:00+00:00, run_after=2026-08-12 04:00:00+00:00
[2026-08-12T04:41:09.479+0000] {processor.py:208} INFO - Processing /home/airflow/.local/lib/python3.12/site-packages/airflow/example_dags/example_latest_only_with_trigger.py took 0.104 seconds
[2026-08-12T04:41:40.046+0000] {processor.py:186} INFO - Started process (PID=1130) to work on /home/airflow/.local/lib/python3.12/site-packages/airflow/example_dags/example_latest_only_with_trigger.py
[2026-08-12T04:41:40.048+0000] {processor.py:914} INFO - Processing file /home/airflow/.local/lib/python3.12/site-packages/airflow/example_dags/example_latest_only_with_trigger.py for tasks to queue
[2026-08-12T04:41:40.050+0000] {logging_mixin.py:190} INFO - [2026-08-12T04:41:40.050+0000] {dagbag.py:587} INFO - Filling up the DagBag from /home/airflow/.local/lib/python3.12/site-packages/airflow/example_dags/example_latest_only_with_trigger.py
[2026-08-12T04:41:40.058+0000] {processor.py:925} INFO - DAG(s) 'latest_only_with_trigger' retrieved from /home/airflow/.local/lib/python3.12/site-packages/airflow/example_dags/example_latest_only_with_trigger.py
[2026-08-12T04:41:40.078+0000] {logging_mixin.py:190} INFO - [2026-08-12T04:41:40.077+0000] {dag.py:3211} INFO - Sync 1 DAGs
[2026-08-12T04:41:40.098+0000] {logging_mixin.py:190} INFO - [2026-08-12T04:41:40.098+0000] {dag.py:4138} INFO - Setting next_dagrun for latest_only_with_trigger to 2026-08-12 00:00:00+00:00, run_after=2026-08-12 04:00:00+00:00
[2026-08-12T04:41:40.116+0000] {processor.py:208} INFO - Processing /home/airflow/.local/lib/python3.12/site-packages/airflow/example_dags/example_latest_only_with_trigger.py took 0.075 seconds
[2026-08-12T04:42:10.665+0000] {processor.py:186} INFO - Started process (PID=1192) to work on /home/airflow/.local/lib/python3.12/site-packages/airflow/example_dags/example_latest_only_with_trigger.py
[2026-08-12T04:42:10.667+0000] {processor.py:914} INFO - Processing file /home/airflow/.local/lib/python3.12/site-packages/airflow/example_dags/example_latest_only_with_trigger.py for tasks to queue
[2026-08-12T04:42:10.671+0000] {logging_mixin.py:190} INFO - [2026-08-12T04:42:10.670+0000] {dagbag.py:587} INFO - Filling up the DagBag from /home/airflow/.local/lib/python3.12/site-packages/airflow/example_dags/example_latest_only_with_trigger.py
[2026-08-12T04:42:10.680+0000] {processor.py:925} INFO - DAG(s) 'latest_only_with_trigger' retrieved from /home/airflow/.local/lib/python3.12/site-packages/airflow/example_dags/example_latest_only_with_trigger.py
[2026-08-12T04:42:10.701+0000] {logging_mixin.py:190} INFO - [2026-08-12T04:42:10.701+0000] {dag.py:3211} INFO - Sync 1 DAGs
[2026-08-12T04:42:10.731+0000] {logging_mixin.py:190} INFO - [2026-08-12T04:42:10.731+0000] {dag.py:4138} INFO - Setting next_dagrun for latest_only_with_trigger to 2026-08-12 00:00:00+00:00, run_after=2026-08-12 04:00:00+00:00
[2026-08-12T04:42:10.753+0000] {processor.py:208} INFO - Processing /home/airflow/.local/lib/python3.12/site-packages/airflow/example_dags/example_latest_only_with_trigger.py took 0.095 seconds
[2026-08-12T04:42:41.016+0000] {processor.py:186} INFO - Started process (PID=1254) to work on /home/airflow/.local/lib/python3.12/site-packages/airflow/example_dags/example_latest_only_with_trigger.py
[2026-08-12T04:42:41.018+0000] {processor.py:914} INFO - Processing file /home/airflow/.local/lib/python3.12/site-packages/airflow/example_dags/example_latest_only_with_trigger.py for tasks to queue
[2026-08-12T04:42:41.022+0000] {logging_mixin.py:190} INFO - [2026-08-12T04:42:41.021+0000] {dagbag.py:587} INFO - Filling up the DagBag from /home/airflow/.local/lib/python3.12/site-packages/airflow/example_dags/example_latest_only_with_trigger.py
[2026-08-12T04:42:41.032+0000] {processor.py:925} INFO - DAG(s) 'latest_only_with_trigger' retrieved from /home/airflow/.local/lib/python3.12/site-packages/airflow/example_dags/example_latest_only_with_trigger.py
[2026-08-12T04:42:41.056+0000] {logging_mixin.py:190} INFO - [2026-08-12T04:42:41.056+0000] {dag.py:3211} INFO - Sync 1 DAGs
[2026-08-12T04:42:41.084+0000] {logging_mixin.py:190} INFO - [2026-08-12T04:42:41.083+0000] {dag.py:4138} INFO - Setting next_dagrun for latest_only_with_trigger to 2026-08-12 00:00:00+00:00, run_after=2026-08-12 04:00:00+00:00
[2026-08-12T04:42:41.104+0000] {processor.py:208} INFO - Processing /home/airflow/.local/lib/python3.12/site-packages/airflow/example_dags/example_latest_only_with_trigger.py took 0.096 seconds
[2026-08-12T04:43:11.323+0000] {processor.py:186} INFO - Started process (PID=1316) to work on /home/airflow/.local/lib/python3.12/site-packages/airflow/example_dags/example_latest_only_with_trigger.py
[2026-08-12T04:43:11.324+0000] {processor.py:914} INFO - Processing file /home/airflow/.local/lib/python3.12/site-packages/airflow/example_dags/example_latest_only_with_trigger.py for tasks to queue
[2026-08-12T04:43:11.327+0000] {logging_mixin.py:190} INFO - [2026-08-12T04:43:11.327+0000] {dagbag.py:587} INFO - Filling up the DagBag from /home/airflow/.local/lib/python3.12/site-packages/airflow/example_dags/example_latest_only_with_trigger.py
[2026-08-12T04:43:11.334+0000] {processor.py:925} INFO - DAG(s) 'latest_only_with_trigger' retrieved from /home/airflow/.local/lib/python3.12/site-packages/airflow/example_dags/example_latest_only_with_trigger.py
[2026-08-12T04:43:11.353+0000] {logging_mixin.py:190} INFO - [2026-08-12T04:43:11.352+0000] {dag.py:3211} INFO - Sync 1 DAGs
[2026-08-12T04:43:11.373+0000] {logging_mixin.py:190} INFO - [2026-08-12T04:43:11.373+0000] {dag.py:4138} INFO - Setting next_dagrun for latest_only_with_trigger to 2026-08-12 00:00:00+00:00, run_after=2026-08-12 04:00:00+00:00
[2026-08-12T04:43:11.392+0000] {processor.py:208} INFO - Processing /home/airflow/.local/lib/python3.12/site-packages/airflow/example_dags/example_latest_only_with_trigger.py took 0.074 seconds
[2026-08-12T04:43:41.673+0000] {processor.py:186} INFO - Started process (PID=1378) to work on /home/airflow/.local/lib/python3.12/site-packages/airflow/example_dags/example_latest_only_with_trigger.py
[2026-08-12T04:43:41.674+0000] {processor.py:914} INFO - Processing file /home/airflow/.local/lib/python3.12/site-packages/airflow/example_dags/example_latest_only_with_trigger.py for tasks to queue
[2026-08-12T04:43:41.677+0000] {logging_mixin.py:190} INFO - [2026-08-12T04:43:41.677+0000] {dagbag.py:587} INFO - Filling up the DagBag from /home/airflow/.local/lib/python3.12/site-packages/airflow/example_dags/example_latest_only_with_trigger.py
[2026-08-12T04:43:41.685+0000] {processor.py:925} INFO - DAG(s) 'latest_only_with_trigger' retrieved from /home/airflow/.local/lib/python3.12/site-packages/airflow/example_dags/example_latest_only_with_trigger.py
[2026-08-12T04:43:41.705+0000] {logging_mixin.py:190} INFO - [2026-08-12T04:43:41.705+0000] {dag.py:3211} INFO - Sync 1 DAGs
[2026-08-12T04:43:41.729+0000] {logging_mixin.py:190} INFO - [2026-08-12T04:43:41.729+0000] {dag.py:4138} INFO - Setting next_dagrun for latest_only_with_trigger to 2026-08-12 00:00:00+00:00, run_after=2026-08-12 04:00:00+00:00
[2026-08-12T04:43:41.747+0000] {processor.py:208} INFO - Processing /home/airflow/.local/lib/python3.12/site-packages/airflow/example_dags/example_latest_only_with_trigger.py took 0.080 seconds
[2026-08-12T04:44:12.432+0000] {processor.py:186} INFO - Started process (PID=1440) to work on /home/airflow/.local/lib/python3.12/site-packages/airflow/example_dags/example_latest_only_with_trigger.py
[2026-08-12T04:44:12.435+0000] {processor.py:914} INFO - Processing file /home/airflow/.local/lib/python3.12/site-packages/airflow/example_dags/example_latest_only_with_trigger.py for tasks to queue
[2026-08-12T04:44:12.440+0000] {logging_mixin.py:190} INFO - [2026-08-12T04:44:12.440+0000] {dagbag.py:587} INFO - Filling up the DagBag from /home/airflow/.local/lib/python3.12/site-packages/airflow/example_dags/example_latest_only_with_trigger.py
[2026-08-12T04:44:12.454+0000] {processor.py:925} INFO - DAG(s) 'latest_only_with_trigger' retrieved from /home/airflow/.local/lib/python3.12/site-packages/airflow/example_dags/example_latest_only_with_trigger.py
[2026-08-12T04:44:12.489+0000] {logging_mixin.py:190} INFO - [2026-08-12T04:44:12.488+0000] {dag.py:3211} INFO - Sync 1 DAGs
[2026-08-12T04:44:12.533+0000] {logging_mixin.py:190} INFO - [2026-08-12T04:44:12.532+0000] {dag.py:4138} INFO - Setting next_dagrun for latest_only_with_trigger to 2026-08-12 00:00:00+00:00, run_after=2026-08-12 04:00:00+00:00
[2026-08-12T04:44:12.558+0000] {processor.py:208} INFO - Processing /home/airflow/.local/lib/python3.12/site-packages/airflow/example_dags/example_latest_only_with_trigger.py took 0.135 seconds
[2026-08-12T04:44:42.824+0000] {processor.py:186} INFO - Started process (PID=1503) to work on /home/airflow/.local/lib/python3.12/site-packages/airflow/example_dags/example_latest_only_with_trigger.py
[2026-08-12T04:44:42.826+0000] {processor.py:914} INFO - Processing file /home/airflow/.local/lib/python3.12/site-packages/airflow/example_dags/example_latest_only_with_trigger.py for tasks to queue
[2026-08-12T04:44:42.829+0000] {logging_mixin.py:190} INFO - [2026-08-12T04:44:42.828+0000] {dagbag.py:587} INFO - Filling up the DagBag from /home/airflow/.local/lib/python3.12/site-packages/airflow/example_dags/example_latest_only_with_trigger.py
[2026-08-12T04:44:42.837+0000] {processor.py:925} INFO - DAG(s) 'latest_only_with_trigger' retrieved from /home/airflow/.local/lib/python3.12/site-packages/airflow/example_dags/example_latest_only_with_trigger.py
[2026-08-12T04:44:42.859+0000] {logging_mixin.py:190} INFO - [2026-08-12T04:44:42.859+0000] {dag.py:3211} INFO - Sync 1 DAGs
[2026-08-12T04:44:42.880+0000] {logging_mixin.py:190} INFO - [2026-08-12T04:44:42.880+0000] {dag.py:4138} INFO - Setting next_dagrun for latest_only_with_trigger to 2026-08-12 00:00:00+00:00, run_after=2026-08-12 04:00:00+00:00
[2026-08-12T04:44:42.899+0000] {processor.py:208} INFO - Processing /home/airflow/.local/lib/python3.12/site-packages/airflow/example_dags/example_latest_only_with_trigger.py took 0.080 seconds
[2026-08-12T04:45:13.197+0000] {processor.py:186} INFO - Started process (PID=1565) to work on /home/airflow/.local/lib/python3.12/site-packages/airflow/example_dags/example_latest_only_with_trigger.py
[2026-08-12T04:45:13.200+0000] {processor.py:914} INFO - Processing file /home/airflow/.local/lib/python3.12/site-packages/airflow/example_dags/example_latest_only_with_trigger.py for tasks to queue
[2026-08-12T04:45:13.203+0000] {logging_mixin.py:190} INFO - [2026-08-12T04:45:13.203+0000] {dagbag.py:587} INFO - Filling up the DagBag from /home/airflow/.local/lib/python3.12/site-packages/airflow/example_dags/example_latest_only_with_trigger.py
[2026-08-12T04:45:13.211+0000] {processor.py:925} INFO - DAG(s) 'latest_only_with_trigger' retrieved from /home/airflow/.local/lib/python3.12/site-packages/airflow/example_dags/example_latest_only_with_trigger.py
[2026-08-12T04:45:13.231+0000] {logging_mixin.py:190} INFO - [2026-08-12T04:45:13.231+0000] {dag.py:3211} INFO - Sync 1 DAGs
[2026-08-12T04:45:13.253+0000] {logging_mixin.py:190} INFO - [2026-08-12T04:45:13.253+0000] {dag.py:4138} INFO - Setting next_dagrun for latest_only_with_trigger to 2026-08-12 00:00:00+00:00, run_after=2026-08-12 04:00:00+00:00
[2026-08-12T04:45:13.272+0000] {processor.py:208} INFO - Processing /home/airflow/.local/lib/python3.12/site-packages/airflow/example_dags/example_latest_only_with_trigger.py took 0.081 seconds
[2026-08-12T04:45:43.856+0000] {processor.py:186} INFO - Started process (PID=1627) to work on /home/airflow/.local/lib/python3.12/site-packages/airflow/example_dags/example_latest_only_with_trigger.py
[2026-08-12T04:45:43.858+0000] {processor.py:914} INFO - Processing file /home/airflow/.local/lib/python3.12/site-packages/airflow/example_dags/example_latest_only_with_trigger.py for tasks to queue
[2026-08-12T04:45:43.862+0000] {logging_mixin.py:190} INFO - [2026-08-12T04:45:43.861+0000] {dagbag.py:587} INFO - Filling up the DagBag from /home/airflow/.local/lib/python3.12/site-packages/airflow/example_dags/example_latest_only_with_trigger.py
[2026-08-12T04:45:43.870+0000] {processor.py:925} INFO - DAG(s) 'latest_only_with_trigger' retrieved from /home/airflow/.local/lib/python3.12/site-packages/airflow/example_dags/example_latest_only_with_trigger.py
[2026-08-12T04:45:43.888+0000] {logging_mixin.py:190} INFO - [2026-08-12T04:45:43.888+0000] {dag.py:3211} INFO - Sync 1 DAGs
[2026-08-12T04:45:43.912+0000] {logging_mixin.py:190} INFO - [2026-08-12T04:45:43.911+0000] {dag.py:4138} INFO - Setting next_dagrun for latest_only_with_trigger to 2026-08-12 00:00:00+00:00, run_after=2026-08-12 04:00:00+00:00
[2026-08-12T04:45:43.930+0000] {processor.py:208} INFO - Processing /home/airflow/.local/lib/python3.12/site-packages/airflow/example_dags/example_latest_only_with_trigger.py took 0.079 seconds
[2026-08-12T04:46:14.503+0000] {processor.py:186} INFO - Started process (PID=1689) to work on /home/airflow/.local/lib/python3.12/site-packages/airflow/example_dags/example_latest_only_with_trigger.py
[2026-08-12T04:46:14.505+0000] {processor.py:914} INFO - Processing file /home/airflow/.local/lib/python3.12/site-packages/airflow/example_dags/example_latest_only_with_trigger.py for tasks to queue
[2026-08-12T04:46:14.508+0000] {logging_mixin.py:190} INFO - [2026-08-12T04:46:14.508+0000] {dagbag.py:587} INFO - Filling up the DagBag from /home/airflow/.local/lib/python3.12/site-packages/airflow/example_dags/example_latest_only_with_trigger.py
[2026-08-12T04:46:14.518+0000] {processor.py:925} INFO - DAG(s) 'latest_only_with_trigger' retrieved from /home/airflow/.local/lib/python3.12/site-packages/airflow/example_dags/example_latest_only_with_trigger.py
[2026-08-12T04:46:14.542+0000] {logging_mixin.py:190} INFO - [2026-08-12T04:46:14.542+0000] {dag.py:3211} INFO - Sync 1 DAGs
[2026-08-12T04:46:14.571+0000] {logging_mixin.py:190} INFO - [2026-08-12T04:46:14.571+0000] {dag.py:4138} INFO - Setting next_dagrun for latest_only_with_trigger to 2026-08-12 00:00:00+00:00, run_after=2026-08-12 04:00:00+00:00
[2026-08-12T04:46:14.593+0000] {processor.py:208} INFO - Processing /home/airflow/.local/lib/python3.12/site-packages/airflow/example_dags/example_latest_only_with_trigger.py took 0.097 seconds
[2026-08-12T04:46:45.046+0000] {processor.py:186} INFO - Started process (PID=1751) to work on /home/airflow/.local/lib/python3.12/site-packages/airflow/example_dags/example_latest_only_with_trigger.py
[2026-08-12T04:46:45.048+0000] {processor.py:914} INFO - Processing file /home/airflow/.local/lib/python3.12/site-packages/airflow/example_dags/example_latest_only_with_trigger.py for tasks to queue
[2026-08-12T04:46:45.051+0000] {logging_mixin.py:190} INFO - [2026-08-12T04:46:45.051+0000] {dagbag.py:587} INFO - Filling up the DagBag from /home/airflow/.local/lib/python3.12/site-packages/airflow/example_dags/example_latest_only_with_trigger.py
[2026-08-12T04:46:45.060+0000] {processor.py:925} INFO - DAG(s) 'latest_only_with_trigger' retrieved from /home/airflow/.local/lib/python3.12/site-packages/airflow/example_dags/example_latest_only_with_trigger.py
[2026-08-12T04:46:45.088+0000] {logging_mixin.py:190} INFO - [2026-08-12T04:46:45.088+0000] {dag.py:3211} INFO - Sync 1 DAGs
[2026-08-12T04:46:45.119+0000] {logging_mixin.py:190} INFO - [2026-08-12T04:46:45.119+0000] {dag.py:4138} INFO - Setting next_dagrun for latest_only_with_trigger to 2026-08-12 00:00:00+00:00, run_after=2026-08-12 04:00:00+00:00
[2026-08-12T04:46:45.142+0000] {processor.py:208} INFO - Processing /home/airflow/.local/lib/python3.12/site-packages/airflow/example_dags/example_latest_only_with_trigger.py took 0.102 seconds
[2026-08-12T04:47:15.636+0000] {processor.py:186} INFO - Started process (PID=1813) to work on /home/airflow/.local/lib/python3.12/site-packages/airflow/example_dags/example_latest_only_with_trigger.py
[2026-08-12T04:47:15.638+0000] {processor.py:914} INFO - Processing file /home/airflow/.local/lib/python3.12/site-packages/airflow/example_dags/example_latest_only_with_trigger.py for tasks to queue
[2026-08-12T04:47:15.641+0000] {logging_mixin.py:190} INFO - [2026-08-12T04:47:15.641+0000] {dagbag.py:587} INFO - Filling up the DagBag from /home/airflow/.local/lib/python3.12/site-packages/airflow/example_dags/example_latest_only_with_trigger.py
[2026-08-12T04:47:15.652+0000] {processor.py:925} INFO - DAG(s) 'latest_only_with_trigger' retrieved from /home/airflow/.local/lib/python3.12/site-packages/airflow/example_dags/example_latest_only_with_trigger.py
[2026-08-12T04:47:15.686+0000] {logging_mixin.py:190} INFO - [2026-08-12T04:47:15.686+0000] {dag.py:3211} INFO - Sync 1 DAGs
[2026-08-12T04:47:15.719+0000] {logging_mixin.py:190} INFO - [2026-08-12T04:47:15.719+0000] {dag.py:4138} INFO - Setting next_dagrun for latest_only_with_trigger to 2026-08-12 00:00:00+00:00, run_after=2026-08-12 04:00:00+00:00
[2026-08-12T04:47:15.738+0000] {processor.py:208} INFO - Processing /home/airflow/.local/lib/python3.12/site-packages/airflow/example_dags/example_latest_only_with_trigger.py took 0.110 seconds
[2026-08-12T04:47:46.432+0000] {processor.py:186} INFO - Started process (PID=1875) to work on /home/airflow/.local/lib/python3.12/site-packages/airflow/example_dags/example_latest_only_with_trigger.py
[2026-08-12T04:47:46.434+0000] {processor.py:914} INFO - Processing file /home/airflow/.local/lib/python3.12/site-packages/airflow/example_dags/example_latest_only_with_trigger.py for tasks to queue
[2026-08-12T04:47:46.437+0000] {logging_mixin.py:190} INFO - [2026-08-12T04:47:46.437+0000] {dagbag.py:587} INFO - Filling up the DagBag from /home/airflow/.local/lib/python3.12/site-packages/airflow/example_dags/example_latest_only_with_trigger.py
[2026-08-12T04:47:46.448+0000] {processor.py:925} INFO - DAG(s) 'latest_only_with_trigger' retrieved from /home/airflow/.local/lib/python3.12/site-packages/airflow/example_dags/example_latest_only_with_trigger.py
[2026-08-12T04:47:46.479+0000] {logging_mixin.py:190} INFO - [2026-08-12T04:47:46.479+0000] {dag.py:3211} INFO - Sync 1 DAGs
[2026-08-12T04:47:46.533+0000] {logging_mixin.py:190} INFO - [2026-08-12T04:47:46.532+0000] {dag.py:4138} INFO - Setting next_dagrun for latest_only_with_trigger to 2026-08-12 00:00:00+00:00, run_after=2026-08-12 04:00:00+00:00
[2026-08-12T04:47:46.582+0000] {processor.py:208} INFO - Processing /home/airflow/.local/lib/python3.12/site-packages/airflow/example_dags/example_latest_only_with_trigger.py took 0.158 seconds
[2026-08-12T04:48:16.629+0000] {processor.py:186} INFO - Started process (PID=1937) to work on /home/airflow/.local/lib/python3.12/site-packages/airflow/example_dags/example_latest_only_with_trigger.py
[2026-08-12T04:48:16.632+0000] {processor.py:914} INFO - Processing file /home/airflow/.local/lib/python3.12/site-packages/airflow/example_dags/example_latest_only_with_trigger.py for tasks to queue
[2026-08-12T04:48:16.636+0000] {logging_mixin.py:190} INFO - [2026-08-12T04:48:16.635+0000] {dagbag.py:587} INFO - Filling up the DagBag from /home/airflow/.local/lib/python3.12/site-packages/airflow/example_dags/example_latest_only_with_trigger.py
[2026-08-12T04:48:16.646+0000] {processor.py:925} INFO - DAG(s) 'latest_only_with_trigger' retrieved from /home/airflow/.local/lib/python3.12/site-packages/airflow/example_dags/example_latest_only_with_trigger.py
[2026-08-12T04:48:16.673+0000] {logging_mixin.py:190} INFO - [2026-08-12T04:48:16.673+0000] {dag.py:3211} INFO - Sync 1 DAGs
[2026-08-12T04:48:16.709+0000] {logging_mixin.py:190} INFO - [2026-08-12T04:48:16.708+0000] {dag.py:4138} INFO - Setting next_dagrun for latest_only_with_trigger to 2026-08-12 00:00:00+00:00, run_after=2026-08-12 04:00:00+00:00
[2026-08-12T04:48:16.739+0000] {processor.py:208} INFO - Processing /home/airflow/.local/lib/python3.12/site-packages/airflow/example_dags/example_latest_only_with_trigger.py took 0.116 seconds
[2026-08-12T04:48:46.816+0000] {processor.py:186} INFO - Started process (PID=1999) to work on /home/airflow/.local/lib/python3.12/site-packages/airflow/example_dags/example_latest_only_with_trigger.py
[2026-08-12T04:48:46.817+0000] {processor.py:914} INFO - Processing file /home/airflow/.local/lib/python3.12/site-packages/airflow/example_dags/example_latest_only_with_trigger.py for tasks to queue
[2026-08-12T04:48:46.820+0000] {logging_mixin.py:190} INFO - [2026-08-12T04:48:46.820+0000] {dagbag.py:587} INFO - Filling up the DagBag from /home/airflow/.local/lib/python3.12/site-packages/airflow/example_dags/example_latest_only_with_trigger.py
[2026-08-12T04:48:46.828+0000] {processor.py:925} INFO - DAG(s) 'latest_only_with_trigger' retrieved from /home/airflow/.local/lib/python3.12/site-packages/airflow/example_dags/example_latest_only_with_trigger.py
[2026-08-12T04:48:46.850+0000] {logging_mixin.py:190} INFO - [2026-08-12T04:48:46.850+0000] {dag.py:3211} INFO - Sync 1 DAGs
[2026-08-12T04:48:46.871+0000] {logging_mixin.py:190} INFO - [2026-08-12T04:48:46.871+0000] {dag.py:4138} INFO - Setting next_dagrun for latest_only_with_trigger to 2026-08-12 00:00:00+00:00, run_after=2026-08-12 04:00:00+00:00
[2026-08-12T04:48:46.891+0000] {processor.py:208} INFO - Processing /home/airflow/.local/lib/python3.12/site-packages/airflow/example_dags/example_latest_only_with_trigger.py took 0.081 seconds
