[2026-08-12T04:30:55.089+0000] {processor.py:186} INFO - Started process (PID=113) to work on /home/airflow/.local/lib/python3.12/site-packages/airflow/example_dags/example_dataset_alias.py
[2026-08-12T04:30:55.094+0000] {processor.py:914} INFO - Processing file /home/airflow/.local/lib/python3.12/site-packages/airflow/example_dags/example_dataset_alias.py for tasks to queue
[2026-08-12T04:30:55.115+0000] {logging_mixin.py:190} INFO - [2026-08-12T04:30:55.107+0000] {dagbag.py:587} INFO - Filling up the DagBag from /home/airflow/.local/lib/python3.12/site-packages/airflow/example_dags/example_dataset_alias.py
[2026-08-12T04:30:55.654+0000] {processor.py:925} INFO - DAG(s) 'dataset_s3_bucket_producer', 'dataset_alias_example_alias_consumer', 'dataset_s3_bucket_consumer', 'dataset_alias_example_alias_producer' retrieved from /home/airflow/.local/lib/python3.12/site-packages/airflow/example_dags/example_dataset_alias.py
[2026-08-12T04:30:55.896+0000] {logging_mixin.py:190} INFO - [2026-08-12T04:30:55.895+0000] {override.py:1858} INFO - Created Permission View: can edit on DAG:dataset_s3_bucket_producer
[2026-08-12T04:30:55.913+0000] {logging_mixin.py:190} INFO - [2026-08-12T04:30:55.913+0000] {override.py:1858} INFO - Created Permission View: can delete on DAG:dataset_s3_bucket_producer
[2026-08-12T04:30:55.929+0000] {logging_mixin.py:190} INFO - [2026-08-12T04:30:55.928+0000] {override.py:1858} INFO - Created Permission View: can read on DAG:dataset_s3_bucket_producer
[2026-08-12T04:30:55.953+0000] {logging_mixin.py:190} INFO - [2026-08-12T04:30:55.952+0000] {override.py:1858} INFO - Created Permission View: can edit on DAG:dataset_alias_example_alias_consumer
[2026-08-12T04:30:55.967+0000] {logging_mixin.py:190} INFO - [2026-08-12T04:30:55.965+0000] {override.py:1858} INFO - Created Permission View: can delete on DAG:dataset_alias_example_alias_consumer
[2026-08-12T04:30:55.978+0000] {logging_mixin.py:190} INFO - [2026-08-12T04:30:55.978+0000] {override.py:1858} INFO - Created Permission View: can read on DAG:dataset_alias_example_alias_consumer
[2026-08-12T04:30:55.997+0000] {logging_mixin.py:190} INFO - [2026-08-12T04:30:55.997+0000] {override.py:1858} INFO - Created Permission View: can edit on DAG:dataset_s3_bucket_consumer
[2026-08-12T04:30:56.009+0000] {logging_mixin.py:190} INFO - [2026-08-12T04:30:56.009+0000] {override.py:1858} INFO - Created Permission View: can delete on DAG:dataset_s3_bucket_consumer
[2026-08-12T04:30:56.021+0000] {logging_mixin.py:190} INFO - [2026-08-12T04:30:56.021+0000] {override.py:1858} INFO - Created Permission View: can read on DAG:dataset_s3_bucket_consumer
[2026-08-12T04:30:56.050+0000] {logging_mixin.py:190} INFO - [2026-08-12T04:30:56.049+0000] {override.py:1858} INFO - Created Permission View: can edit on DAG:dataset_alias_example_alias_producer
[2026-08-12T04:30:56.061+0000] {logging_mixin.py:190} INFO - [2026-08-12T04:30:56.061+0000] {override.py:1858} INFO - Created Permission View: can delete on DAG:dataset_alias_example_alias_producer
[2026-08-12T04:30:56.074+0000] {logging_mixin.py:190} INFO - [2026-08-12T04:30:56.074+0000] {override.py:1858} INFO - Created Permission View: can read on DAG:dataset_alias_example_alias_producer
[2026-08-12T04:30:56.076+0000] {logging_mixin.py:190} INFO - [2026-08-12T04:30:56.076+0000] {dag.py:3211} INFO - Sync 4 DAGs
[2026-08-12T04:30:56.121+0000] {logging_mixin.py:190} INFO - [2026-08-12T04:30:56.120+0000] {dag.py:3234} INFO - Creating ORM DAG for dataset_alias_example_alias_producer
[2026-08-12T04:30:56.125+0000] {logging_mixin.py:190} INFO - [2026-08-12T04:30:56.125+0000] {dag.py:3234} INFO - Creating ORM DAG for dataset_s3_bucket_consumer
[2026-08-12T04:30:56.128+0000] {logging_mixin.py:190} INFO - [2026-08-12T04:30:56.128+0000] {dag.py:3234} INFO - Creating ORM DAG for dataset_alias_example_alias_consumer
[2026-08-12T04:30:56.131+0000] {logging_mixin.py:190} INFO - [2026-08-12T04:30:56.130+0000] {dag.py:3234} INFO - Creating ORM DAG for dataset_s3_bucket_producer
[2026-08-12T04:30:56.168+0000] {logging_mixin.py:190} INFO - [2026-08-12T04:30:56.167+0000] {dag.py:4138} INFO - Setting next_dagrun for dataset_alias_example_alias_consumer to None, run_after=None
[2026-08-12T04:30:56.174+0000] {logging_mixin.py:190} INFO - [2026-08-12T04:30:56.174+0000] {dag.py:4138} INFO - Setting next_dagrun for dataset_alias_example_alias_producer to None, run_after=None
[2026-08-12T04:30:56.177+0000] {logging_mixin.py:190} INFO - [2026-08-12T04:30:56.177+0000] {dag.py:4138} INFO - Setting next_dagrun for dataset_s3_bucket_consumer to None, run_after=None
[2026-08-12T04:30:56.181+0000] {logging_mixin.py:190} INFO - [2026-08-12T04:30:56.180+0000] {dag.py:4138} INFO - Setting next_dagrun for dataset_s3_bucket_producer to None, run_after=None
[2026-08-12T04:30:56.299+0000] {processor.py:208} INFO - Processing /home/airflow/.local/lib/python3.12/site-packages/airflow/example_dags/example_dataset_alias.py took 1.215 seconds
[2026-08-12T04:31:27.073+0000] {processor.py:186} INFO - Started process (PID=176) to work on /home/airflow/.local/lib/python3.12/site-packages/airflow/example_dags/example_dataset_alias.py
[2026-08-12T04:31:27.075+0000] {processor.py:914} INFO - Processing file /home/airflow/.local/lib/python3.12/site-packages/airflow/example_dags/example_dataset_alias.py for tasks to queue
[2026-08-12T04:31:27.079+0000] {logging_mixin.py:190} INFO - [2026-08-12T04:31:27.079+0000] {dagbag.py:587} INFO - Filling up the DagBag from /home/airflow/.local/lib/python3.12/site-packages/airflow/example_dags/example_dataset_alias.py
[2026-08-12T04:31:27.244+0000] {processor.py:925} INFO - DAG(s) 'dataset_s3_bucket_producer', 'dataset_alias_example_alias_producer', 'dataset_alias_example_alias_consumer', 'dataset_s3_bucket_consumer' retrieved from /home/airflow/.local/lib/python3.12/site-packages/airflow/example_dags/example_dataset_alias.py
[2026-08-12T04:31:27.269+0000] {logging_mixin.py:190} INFO - [2026-08-12T04:31:27.269+0000] {dag.py:3211} INFO - Sync 4 DAGs
[2026-08-12T04:31:27.297+0000] {logging_mixin.py:190} INFO - [2026-08-12T04:31:27.297+0000] {dag.py:4138} INFO - Setting next_dagrun for dataset_alias_example_alias_consumer to None, run_after=None
[2026-08-12T04:31:27.301+0000] {logging_mixin.py:190} INFO - [2026-08-12T04:31:27.301+0000] {dag.py:4138} INFO - Setting next_dagrun for dataset_alias_example_alias_producer to None, run_after=None
[2026-08-12T04:31:27.303+0000] {logging_mixin.py:190} INFO - [2026-08-12T04:31:27.303+0000] {dag.py:4138} INFO - Setting next_dagrun for dataset_s3_bucket_consumer to None, run_after=None
[2026-08-12T04:31:27.305+0000] {logging_mixin.py:190} INFO - [2026-08-12T04:31:27.305+0000] {dag.py:4138} INFO - Setting next_dagrun for dataset_s3_bucket_producer to None, run_after=None
[2026-08-12T04:31:27.329+0000] {processor.py:208} INFO - Processing /home/airflow/.local/lib/python3.12/site-packages/airflow/example_dags/example_dataset_alias.py took 0.265 seconds
[2026-08-12T04:31:57.415+0000] {processor.py:186} INFO - Started process (PID=240) to work on /home/airflow/.local/lib/python3.12/site-packages/airflow/example_dags/example_dataset_alias.py
[2026-08-12T04:31:57.417+0000] {processor.py:914} INFO - Processing file /home/airflow/.local/lib/python3.12/site-packages/airflow/example_dags/example_dataset_alias.py for tasks to queue
[2026-08-12T04:31:57.421+0000] {logging_mixin.py:190} INFO - [2026-08-12T04:31:57.421+0000] {dagbag.py:587} INFO - Filling up the DagBag from /home/airflow/.local/lib/python3.12/site-packages/airflow/example_dags/example_dataset_alias.py
[2026-08-12T04:31:57.580+0000] {processor.py:925} INFO - DAG(s) 'dataset_alias_example_alias_producer', 'dataset_s3_bucket_consumer', 'dataset_s3_bucket_producer', 'dataset_alias_example_alias_consumer' retrieved from /home/airflow/.local/lib/python3.12/site-packages/airflow/example_dags/example_dataset_alias.py
[2026-08-12T04:31:57.603+0000] {logging_mixin.py:190} INFO - [2026-08-12T04:31:57.603+0000] {dag.py:3211} INFO - Sync 4 DAGs
[2026-08-12T04:31:57.624+0000] {logging_mixin.py:190} INFO - [2026-08-12T04:31:57.624+0000] {dag.py:4138} INFO - Setting next_dagrun for dataset_alias_example_alias_consumer to None, run_after=None
[2026-08-12T04:31:57.628+0000] {logging_mixin.py:190} INFO - [2026-08-12T04:31:57.628+0000] {dag.py:4138} INFO - Setting next_dagrun for dataset_alias_example_alias_producer to None, run_after=None
[2026-08-12T04:31:57.630+0000] {logging_mixin.py:190} INFO - [2026-08-12T04:31:57.630+0000] {dag.py:4138} INFO - Setting next_dagrun for dataset_s3_bucket_consumer to None, run_after=None
[2026-08-12T04:31:57.633+0000] {logging_mixin.py:190} INFO - [2026-08-12T04:31:57.632+0000] {dag.py:4138} INFO - Setting next_dagrun for dataset_s3_bucket_producer to None, run_after=None
[2026-08-12T04:31:57.655+0000] {processor.py:208} INFO - Processing /home/airflow/.local/lib/python3.12/site-packages/airflow/example_dags/example_dataset_alias.py took 0.247 seconds
[2026-08-12T04:33:06.571+0000] {processor.py:186} INFO - Started process (PID=110) to work on /home/airflow/.local/lib/python3.12/site-packages/airflow/example_dags/example_dataset_alias.py
[2026-08-12T04:33:06.572+0000] {processor.py:914} INFO - Processing file /home/airflow/.local/lib/python3.12/site-packages/airflow/example_dags/example_dataset_alias.py for tasks to queue
[2026-08-12T04:33:06.576+0000] {logging_mixin.py:190} INFO - [2026-08-12T04:33:06.575+0000] {dagbag.py:587} INFO - Filling up the DagBag from /home/airflow/.local/lib/python3.12/site-packages/airflow/example_dags/example_dataset_alias.py
[2026-08-12T04:33:06.750+0000] {processor.py:925} INFO - DAG(s) 'dataset_alias_example_alias_consumer', 'dataset_alias_example_alias_producer', 'dataset_s3_bucket_producer', 'dataset_s3_bucket_consumer' retrieved from /home/airflow/.local/lib/python3.12/site-packages/airflow/example_dags/example_dataset_alias.py
[2026-08-12T04:33:06.772+0000] {logging_mixin.py:190} INFO - [2026-08-12T04:33:06.772+0000] {dag.py:3211} INFO - Sync 4 DAGs
[2026-08-12T04:33:06.795+0000] {logging_mixin.py:190} INFO - [2026-08-12T04:33:06.795+0000] {dag.py:4138} INFO - Setting next_dagrun for dataset_alias_example_alias_consumer to None, run_after=None
[2026-08-12T04:33:06.799+0000] {logging_mixin.py:190} INFO - [2026-08-12T04:33:06.798+0000] {dag.py:4138} INFO - Setting next_dagrun for dataset_alias_example_alias_producer to None, run_after=None
[2026-08-12T04:33:06.801+0000] {logging_mixin.py:190} INFO - [2026-08-12T04:33:06.801+0000] {dag.py:4138} INFO - Setting next_dagrun for dataset_s3_bucket_consumer to None, run_after=None
[2026-08-12T04:33:06.803+0000] {logging_mixin.py:190} INFO - [2026-08-12T04:33:06.803+0000] {dag.py:4138} INFO - Setting next_dagrun for dataset_s3_bucket_producer to None, run_after=None
[2026-08-12T04:33:06.841+0000] {processor.py:208} INFO - Processing /home/airflow/.local/lib/python3.12/site-packages/airflow/example_dags/example_dataset_alias.py took 0.276 seconds
[2026-08-12T04:33:36.946+0000] {processor.py:186} INFO - Started process (PID=172) to work on /home/airflow/.local/lib/python3.12/site-packages/airflow/example_dags/example_dataset_alias.py
[2026-08-12T04:33:36.948+0000] {processor.py:914} INFO - Processing file /home/airflow/.local/lib/python3.12/site-packages/airflow/example_dags/example_dataset_alias.py for tasks to queue
[2026-08-12T04:33:36.952+0000] {logging_mixin.py:190} INFO - [2026-08-12T04:33:36.952+0000] {dagbag.py:587} INFO - Filling up the DagBag from /home/airflow/.local/lib/python3.12/site-packages/airflow/example_dags/example_dataset_alias.py
[2026-08-12T04:33:37.130+0000] {processor.py:925} INFO - DAG(s) 'dataset_s3_bucket_producer', 'dataset_alias_example_alias_consumer', 'dataset_s3_bucket_consumer', 'dataset_alias_example_alias_producer' retrieved from /home/airflow/.local/lib/python3.12/site-packages/airflow/example_dags/example_dataset_alias.py
[2026-08-12T04:33:37.163+0000] {logging_mixin.py:190} INFO - [2026-08-12T04:33:37.162+0000] {dag.py:3211} INFO - Sync 4 DAGs
[2026-08-12T04:33:37.190+0000] {logging_mixin.py:190} INFO - [2026-08-12T04:33:37.190+0000] {dag.py:4138} INFO - Setting next_dagrun for dataset_alias_example_alias_consumer to None, run_after=None
[2026-08-12T04:33:37.194+0000] {logging_mixin.py:190} INFO - [2026-08-12T04:33:37.194+0000] {dag.py:4138} INFO - Setting next_dagrun for dataset_alias_example_alias_producer to None, run_after=None
[2026-08-12T04:33:37.198+0000] {logging_mixin.py:190} INFO - [2026-08-12T04:33:37.197+0000] {dag.py:4138} INFO - Setting next_dagrun for dataset_s3_bucket_consumer to None, run_after=None
[2026-08-12T04:33:37.200+0000] {logging_mixin.py:190} INFO - [2026-08-12T04:33:37.200+0000] {dag.py:4138} INFO - Setting next_dagrun for dataset_s3_bucket_producer to None, run_after=None
[2026-08-12T04:33:37.233+0000] {processor.py:208} INFO - Processing /home/airflow/.local/lib/python3.12/site-packages/airflow/example_dags/example_dataset_alias.py took 0.295 seconds
[2026-08-12T04:34:07.343+0000] {processor.py:186} INFO - Started process (PID=234) to work on /home/airflow/.local/lib/python3.12/site-packages/airflow/example_dags/example_dataset_alias.py
[2026-08-12T04:34:07.344+0000] {processor.py:914} INFO - Processing file /home/airflow/.local/lib/python3.12/site-packages/airflow/example_dags/example_dataset_alias.py for tasks to queue
[2026-08-12T04:34:07.347+0000] {logging_mixin.py:190} INFO - [2026-08-12T04:34:07.347+0000] {dagbag.py:587} INFO - Filling up the DagBag from /home/airflow/.local/lib/python3.12/site-packages/airflow/example_dags/example_dataset_alias.py
[2026-08-12T04:34:07.485+0000] {processor.py:925} INFO - DAG(s) 'dataset_alias_example_alias_producer', 'dataset_s3_bucket_consumer', 'dataset_s3_bucket_producer', 'dataset_alias_example_alias_consumer' retrieved from /home/airflow/.local/lib/python3.12/site-packages/airflow/example_dags/example_dataset_alias.py
[2026-08-12T04:34:07.507+0000] {logging_mixin.py:190} INFO - [2026-08-12T04:34:07.506+0000] {dag.py:3211} INFO - Sync 4 DAGs
[2026-08-12T04:34:07.529+0000] {logging_mixin.py:190} INFO - [2026-08-12T04:34:07.529+0000] {dag.py:4138} INFO - Setting next_dagrun for dataset_alias_example_alias_consumer to None, run_after=None
[2026-08-12T04:34:07.532+0000] {logging_mixin.py:190} INFO - [2026-08-12T04:34:07.532+0000] {dag.py:4138} INFO - Setting next_dagrun for dataset_alias_example_alias_producer to None, run_after=None
[2026-08-12T04:34:07.535+0000] {logging_mixin.py:190} INFO - [2026-08-12T04:34:07.535+0000] {dag.py:4138} INFO - Setting next_dagrun for dataset_s3_bucket_consumer to None, run_after=None
[2026-08-12T04:34:07.537+0000] {logging_mixin.py:190} INFO - [2026-08-12T04:34:07.537+0000] {dag.py:4138} INFO - Setting next_dagrun for dataset_s3_bucket_producer to None, run_after=None
[2026-08-12T04:34:07.564+0000] {processor.py:208} INFO - Processing /home/airflow/.local/lib/python3.12/site-packages/airflow/example_dags/example_dataset_alias.py took 0.227 seconds
[2026-08-12T04:34:37.792+0000] {processor.py:186} INFO - Started process (PID=296) to work on /home/airflow/.local/lib/python3.12/site-packages/airflow/example_dags/example_dataset_alias.py
[2026-08-12T04:34:37.794+0000] {processor.py:914} INFO - Processing file /home/airflow/.local/lib/python3.12/site-packages/airflow/example_dags/example_dataset_alias.py for tasks to queue
[2026-08-12T04:34:37.800+0000] {logging_mixin.py:190} INFO - [2026-08-12T04:34:37.798+0000] {dagbag.py:587} INFO - Filling up the DagBag from /home/airflow/.local/lib/python3.12/site-packages/airflow/example_dags/example_dataset_alias.py
[2026-08-12T04:34:38.057+0000] {processor.py:925} INFO - DAG(s) 'dataset_s3_bucket_producer', 'dataset_s3_bucket_consumer', 'dataset_alias_example_alias_producer', 'dataset_alias_example_alias_consumer' retrieved from /home/airflow/.local/lib/python3.12/site-packages/airflow/example_dags/example_dataset_alias.py
[2026-08-12T04:34:38.077+0000] {logging_mixin.py:190} INFO - [2026-08-12T04:34:38.077+0000] {dag.py:3211} INFO - Sync 4 DAGs
[2026-08-12T04:34:38.098+0000] {logging_mixin.py:190} INFO - [2026-08-12T04:34:38.098+0000] {dag.py:4138} INFO - Setting next_dagrun for dataset_alias_example_alias_consumer to None, run_after=None
[2026-08-12T04:34:38.102+0000] {logging_mixin.py:190} INFO - [2026-08-12T04:34:38.102+0000] {dag.py:4138} INFO - Setting next_dagrun for dataset_alias_example_alias_producer to None, run_after=None
[2026-08-12T04:34:38.104+0000] {logging_mixin.py:190} INFO - [2026-08-12T04:34:38.104+0000] {dag.py:4138} INFO - Setting next_dagrun for dataset_s3_bucket_consumer to None, run_after=None
[2026-08-12T04:34:38.106+0000] {logging_mixin.py:190} INFO - [2026-08-12T04:34:38.106+0000] {dag.py:4138} INFO - Setting next_dagrun for dataset_s3_bucket_producer to None, run_after=None
[2026-08-12T04:34:38.130+0000] {processor.py:208} INFO - Processing /home/airflow/.local/lib/python3.12/site-packages/airflow/example_dags/example_dataset_alias.py took 0.347 seconds
[2026-08-12T04:35:08.299+0000] {processor.py:186} INFO - Started process (PID=358) to work on /home/airflow/.local/lib/python3.12/site-packages/airflow/example_dags/example_dataset_alias.py
[2026-08-12T04:35:08.301+0000] {processor.py:914} INFO - Processing file /home/airflow/.local/lib/python3.12/site-packages/airflow/example_dags/example_dataset_alias.py for tasks to queue
[2026-08-12T04:35:08.306+0000] {logging_mixin.py:190} INFO - [2026-08-12T04:35:08.305+0000] {dagbag.py:587} INFO - Filling up the DagBag from /home/airflow/.local/lib/python3.12/site-packages/airflow/example_dags/example_dataset_alias.py
[2026-08-12T04:35:08.468+0000] {processor.py:925} INFO - DAG(s) 'dataset_alias_example_alias_producer', 'dataset_s3_bucket_consumer', 'dataset_s3_bucket_producer', 'dataset_alias_example_alias_consumer' retrieved from /home/airflow/.local/lib/python3.12/site-packages/airflow/example_dags/example_dataset_alias.py
[2026-08-12T04:35:08.493+0000] {logging_mixin.py:190} INFO - [2026-08-12T04:35:08.493+0000] {dag.py:3211} INFO - Sync 4 DAGs
[2026-08-12T04:35:08.517+0000] {logging_mixin.py:190} INFO - [2026-08-12T04:35:08.517+0000] {dag.py:4138} INFO - Setting next_dagrun for dataset_alias_example_alias_consumer to None, run_after=None
[2026-08-12T04:35:08.523+0000] {logging_mixin.py:190} INFO - [2026-08-12T04:35:08.523+0000] {dag.py:4138} INFO - Setting next_dagrun for dataset_alias_example_alias_producer to None, run_after=None
[2026-08-12T04:35:08.526+0000] {logging_mixin.py:190} INFO - [2026-08-12T04:35:08.525+0000] {dag.py:4138} INFO - Setting next_dagrun for dataset_s3_bucket_consumer to None, run_after=None
[2026-08-12T04:35:08.528+0000] {logging_mixin.py:190} INFO - [2026-08-12T04:35:08.528+0000] {dag.py:4138} INFO - Setting next_dagrun for dataset_s3_bucket_producer to None, run_after=None
[2026-08-12T04:35:08.554+0000] {processor.py:208} INFO - Processing /home/airflow/.local/lib/python3.12/site-packages/airflow/example_dags/example_dataset_alias.py took 0.262 seconds
[2026-08-12T04:35:38.620+0000] {processor.py:186} INFO - Started process (PID=420) to work on /home/airflow/.local/lib/python3.12/site-packages/airflow/example_dags/example_dataset_alias.py
[2026-08-12T04:35:38.622+0000] {processor.py:914} INFO - Processing file /home/airflow/.local/lib/python3.12/site-packages/airflow/example_dags/example_dataset_alias.py for tasks to queue
[2026-08-12T04:35:38.625+0000] {logging_mixin.py:190} INFO - [2026-08-12T04:35:38.625+0000] {dagbag.py:587} INFO - Filling up the DagBag from /home/airflow/.local/lib/python3.12/site-packages/airflow/example_dags/example_dataset_alias.py
[2026-08-12T04:35:38.777+0000] {processor.py:925} INFO - DAG(s) 'dataset_s3_bucket_producer', 'dataset_alias_example_alias_consumer', 'dataset_s3_bucket_consumer', 'dataset_alias_example_alias_producer' retrieved from /home/airflow/.local/lib/python3.12/site-packages/airflow/example_dags/example_dataset_alias.py
[2026-08-12T04:35:38.804+0000] {logging_mixin.py:190} INFO - [2026-08-12T04:35:38.804+0000] {dag.py:3211} INFO - Sync 4 DAGs
[2026-08-12T04:35:38.829+0000] {logging_mixin.py:190} INFO - [2026-08-12T04:35:38.829+0000] {dag.py:4138} INFO - Setting next_dagrun for dataset_alias_example_alias_consumer to None, run_after=None
[2026-08-12T04:35:38.834+0000] {logging_mixin.py:190} INFO - [2026-08-12T04:35:38.834+0000] {dag.py:4138} INFO - Setting next_dagrun for dataset_alias_example_alias_producer to None, run_after=None
[2026-08-12T04:35:38.838+0000] {logging_mixin.py:190} INFO - [2026-08-12T04:35:38.837+0000] {dag.py:4138} INFO - Setting next_dagrun for dataset_s3_bucket_consumer to None, run_after=None
[2026-08-12T04:35:38.841+0000] {logging_mixin.py:190} INFO - [2026-08-12T04:35:38.840+0000] {dag.py:4138} INFO - Setting next_dagrun for dataset_s3_bucket_producer to None, run_after=None
[2026-08-12T04:35:38.875+0000] {processor.py:208} INFO - Processing /home/airflow/.local/lib/python3.12/site-packages/airflow/example_dags/example_dataset_alias.py took 0.261 seconds
[2026-08-12T04:36:09.044+0000] {processor.py:186} INFO - Started process (PID=483) to work on /home/airflow/.local/lib/python3.12/site-packages/airflow/example_dags/example_dataset_alias.py
[2026-08-12T04:36:09.046+0000] {processor.py:914} INFO - Processing file /home/airflow/.local/lib/python3.12/site-packages/airflow/example_dags/example_dataset_alias.py for tasks to queue
[2026-08-12T04:36:09.049+0000] {logging_mixin.py:190} INFO - [2026-08-12T04:36:09.048+0000] {dagbag.py:587} INFO - Filling up the DagBag from /home/airflow/.local/lib/python3.12/site-packages/airflow/example_dags/example_dataset_alias.py
[2026-08-12T04:36:09.199+0000] {processor.py:925} INFO - DAG(s) 'dataset_s3_bucket_consumer', 'dataset_alias_example_alias_producer', 'dataset_s3_bucket_producer', 'dataset_alias_example_alias_consumer' retrieved from /home/airflow/.local/lib/python3.12/site-packages/airflow/example_dags/example_dataset_alias.py
[2026-08-12T04:36:09.223+0000] {logging_mixin.py:190} INFO - [2026-08-12T04:36:09.222+0000] {dag.py:3211} INFO - Sync 4 DAGs
[2026-08-12T04:36:09.247+0000] {logging_mixin.py:190} INFO - [2026-08-12T04:36:09.247+0000] {dag.py:4138} INFO - Setting next_dagrun for dataset_alias_example_alias_consumer to None, run_after=None
[2026-08-12T04:36:09.251+0000] {logging_mixin.py:190} INFO - [2026-08-12T04:36:09.251+0000] {dag.py:4138} INFO - Setting next_dagrun for dataset_alias_example_alias_producer to None, run_after=None
[2026-08-12T04:36:09.253+0000] {logging_mixin.py:190} INFO - [2026-08-12T04:36:09.253+0000] {dag.py:4138} INFO - Setting next_dagrun for dataset_s3_bucket_consumer to None, run_after=None
[2026-08-12T04:36:09.256+0000] {logging_mixin.py:190} INFO - [2026-08-12T04:36:09.256+0000] {dag.py:4138} INFO - Setting next_dagrun for dataset_s3_bucket_producer to None, run_after=None
[2026-08-12T04:36:09.282+0000] {processor.py:208} INFO - Processing /home/airflow/.local/lib/python3.12/site-packages/airflow/example_dags/example_dataset_alias.py took 0.245 seconds
[2026-08-12T04:36:40.233+0000] {processor.py:186} INFO - Started process (PID=544) to work on /home/airflow/.local/lib/python3.12/site-packages/airflow/example_dags/example_dataset_alias.py
[2026-08-12T04:36:40.235+0000] {processor.py:914} INFO - Processing file /home/airflow/.local/lib/python3.12/site-packages/airflow/example_dags/example_dataset_alias.py for tasks to queue
[2026-08-12T04:36:40.239+0000] {logging_mixin.py:190} INFO - [2026-08-12T04:36:40.238+0000] {dagbag.py:587} INFO - Filling up the DagBag from /home/airflow/.local/lib/python3.12/site-packages/airflow/example_dags/example_dataset_alias.py
[2026-08-12T04:36:40.462+0000] {processor.py:925} INFO - DAG(s) 'dataset_s3_bucket_producer', 'dataset_alias_example_alias_producer', 'dataset_alias_example_alias_consumer', 'dataset_s3_bucket_consumer' retrieved from /home/airflow/.local/lib/python3.12/site-packages/airflow/example_dags/example_dataset_alias.py
[2026-08-12T04:36:40.494+0000] {logging_mixin.py:190} INFO - [2026-08-12T04:36:40.493+0000] {dag.py:3211} INFO - Sync 4 DAGs
[2026-08-12T04:36:40.525+0000] {logging_mixin.py:190} INFO - [2026-08-12T04:36:40.525+0000] {dag.py:4138} INFO - Setting next_dagrun for dataset_alias_example_alias_consumer to None, run_after=None
[2026-08-12T04:36:40.529+0000] {logging_mixin.py:190} INFO - [2026-08-12T04:36:40.529+0000] {dag.py:4138} INFO - Setting next_dagrun for dataset_alias_example_alias_producer to None, run_after=None
[2026-08-12T04:36:40.533+0000] {logging_mixin.py:190} INFO - [2026-08-12T04:36:40.533+0000] {dag.py:4138} INFO - Setting next_dagrun for dataset_s3_bucket_consumer to None, run_after=None
[2026-08-12T04:36:40.537+0000] {logging_mixin.py:190} INFO - [2026-08-12T04:36:40.536+0000] {dag.py:4138} INFO - Setting next_dagrun for dataset_s3_bucket_producer to None, run_after=None
[2026-08-12T04:36:40.567+0000] {processor.py:208} INFO - Processing /home/airflow/.local/lib/python3.12/site-packages/airflow/example_dags/example_dataset_alias.py took 0.343 seconds
[2026-08-12T04:37:11.220+0000] {processor.py:186} INFO - Started process (PID=606) to work on /home/airflow/.local/lib/python3.12/site-packages/airflow/example_dags/example_dataset_alias.py
[2026-08-12T04:37:11.222+0000] {processor.py:914} INFO - Processing file /home/airflow/.local/lib/python3.12/site-packages/airflow/example_dags/example_dataset_alias.py for tasks to queue
[2026-08-12T04:37:11.226+0000] {logging_mixin.py:190} INFO - [2026-08-12T04:37:11.226+0000] {dagbag.py:587} INFO - Filling up the DagBag from /home/airflow/.local/lib/python3.12/site-packages/airflow/example_dags/example_dataset_alias.py
[2026-08-12T04:37:11.394+0000] {processor.py:925} INFO - DAG(s) 'dataset_alias_example_alias_producer', 'dataset_alias_example_alias_consumer', 'dataset_s3_bucket_consumer', 'dataset_s3_bucket_producer' retrieved from /home/airflow/.local/lib/python3.12/site-packages/airflow/example_dags/example_dataset_alias.py
[2026-08-12T04:37:11.426+0000] {logging_mixin.py:190} INFO - [2026-08-12T04:37:11.426+0000] {dag.py:3211} INFO - Sync 4 DAGs
[2026-08-12T04:37:11.449+0000] {logging_mixin.py:190} INFO - [2026-08-12T04:37:11.449+0000] {dag.py:4138} INFO - Setting next_dagrun for dataset_alias_example_alias_consumer to None, run_after=None
[2026-08-12T04:37:11.453+0000] {logging_mixin.py:190} INFO - [2026-08-12T04:37:11.452+0000] {dag.py:4138} INFO - Setting next_dagrun for dataset_alias_example_alias_producer to None, run_after=None
[2026-08-12T04:37:11.455+0000] {logging_mixin.py:190} INFO - [2026-08-12T04:37:11.455+0000] {dag.py:4138} INFO - Setting next_dagrun for dataset_s3_bucket_consumer to None, run_after=None
[2026-08-12T04:37:11.458+0000] {logging_mixin.py:190} INFO - [2026-08-12T04:37:11.457+0000] {dag.py:4138} INFO - Setting next_dagrun for dataset_s3_bucket_producer to None, run_after=None
[2026-08-12T04:37:11.480+0000] {processor.py:208} INFO - Processing /home/airflow/.local/lib/python3.12/site-packages/airflow/example_dags/example_dataset_alias.py took 0.267 seconds
[2026-08-12T04:37:41.903+0000] {processor.py:186} INFO - Started process (PID=669) to work on /home/airflow/.local/lib/python3.12/site-packages/airflow/example_dags/example_dataset_alias.py
[2026-08-12T04:37:41.905+0000] {processor.py:914} INFO - Processing file /home/airflow/.local/lib/python3.12/site-packages/airflow/example_dags/example_dataset_alias.py for tasks to queue
[2026-08-12T04:37:41.908+0000] {logging_mixin.py:190} INFO - [2026-08-12T04:37:41.907+0000] {dagbag.py:587} INFO - Filling up the DagBag from /home/airflow/.local/lib/python3.12/site-packages/airflow/example_dags/example_dataset_alias.py
[2026-08-12T04:37:42.075+0000] {processor.py:925} INFO - DAG(s) 'dataset_s3_bucket_consumer', 'dataset_s3_bucket_producer', 'dataset_alias_example_alias_producer', 'dataset_alias_example_alias_consumer' retrieved from /home/airflow/.local/lib/python3.12/site-packages/airflow/example_dags/example_dataset_alias.py
[2026-08-12T04:37:42.101+0000] {logging_mixin.py:190} INFO - [2026-08-12T04:37:42.100+0000] {dag.py:3211} INFO - Sync 4 DAGs
[2026-08-12T04:37:42.125+0000] {logging_mixin.py:190} INFO - [2026-08-12T04:37:42.125+0000] {dag.py:4138} INFO - Setting next_dagrun for dataset_alias_example_alias_consumer to None, run_after=None
[2026-08-12T04:37:42.129+0000] {logging_mixin.py:190} INFO - [2026-08-12T04:37:42.129+0000] {dag.py:4138} INFO - Setting next_dagrun for dataset_alias_example_alias_producer to None, run_after=None
[2026-08-12T04:37:42.132+0000] {logging_mixin.py:190} INFO - [2026-08-12T04:37:42.131+0000] {dag.py:4138} INFO - Setting next_dagrun for dataset_s3_bucket_consumer to None, run_after=None
[2026-08-12T04:37:42.134+0000] {logging_mixin.py:190} INFO - [2026-08-12T04:37:42.134+0000] {dag.py:4138} INFO - Setting next_dagrun for dataset_s3_bucket_producer to None, run_after=None
[2026-08-12T04:37:42.158+0000] {processor.py:208} INFO - Processing /home/airflow/.local/lib/python3.12/site-packages/airflow/example_dags/example_dataset_alias.py took 0.261 seconds
[2026-08-12T04:38:12.956+0000] {processor.py:186} INFO - Started process (PID=730) to work on /home/airflow/.local/lib/python3.12/site-packages/airflow/example_dags/example_dataset_alias.py
[2026-08-12T04:38:12.958+0000] {processor.py:914} INFO - Processing file /home/airflow/.local/lib/python3.12/site-packages/airflow/example_dags/example_dataset_alias.py for tasks to queue
[2026-08-12T04:38:12.961+0000] {logging_mixin.py:190} INFO - [2026-08-12T04:38:12.961+0000] {dagbag.py:587} INFO - Filling up the DagBag from /home/airflow/.local/lib/python3.12/site-packages/airflow/example_dags/example_dataset_alias.py
[2026-08-12T04:38:13.130+0000] {processor.py:925} INFO - DAG(s) 'dataset_s3_bucket_producer', 'dataset_alias_example_alias_producer', 'dataset_s3_bucket_consumer', 'dataset_alias_example_alias_consumer' retrieved from /home/airflow/.local/lib/python3.12/site-packages/airflow/example_dags/example_dataset_alias.py
[2026-08-12T04:38:13.153+0000] {logging_mixin.py:190} INFO - [2026-08-12T04:38:13.152+0000] {dag.py:3211} INFO - Sync 4 DAGs
[2026-08-12T04:38:13.178+0000] {logging_mixin.py:190} INFO - [2026-08-12T04:38:13.178+0000] {dag.py:4138} INFO - Setting next_dagrun for dataset_alias_example_alias_consumer to None, run_after=None
[2026-08-12T04:38:13.181+0000] {logging_mixin.py:190} INFO - [2026-08-12T04:38:13.181+0000] {dag.py:4138} INFO - Setting next_dagrun for dataset_alias_example_alias_producer to None, run_after=None
[2026-08-12T04:38:13.184+0000] {logging_mixin.py:190} INFO - [2026-08-12T04:38:13.183+0000] {dag.py:4138} INFO - Setting next_dagrun for dataset_s3_bucket_consumer to None, run_after=None
[2026-08-12T04:38:13.186+0000] {logging_mixin.py:190} INFO - [2026-08-12T04:38:13.186+0000] {dag.py:4138} INFO - Setting next_dagrun for dataset_s3_bucket_producer to None, run_after=None
[2026-08-12T04:38:13.207+0000] {processor.py:208} INFO - Processing /home/airflow/.local/lib/python3.12/site-packages/airflow/example_dags/example_dataset_alias.py took 0.257 seconds
[2026-08-12T04:38:43.525+0000] {processor.py:186} INFO - Started process (PID=793) to work on /home/airflow/.local/lib/python3.12/site-packages/airflow/example_dags/example_dataset_alias.py
[2026-08-12T04:38:43.527+0000] {processor.py:914} INFO - Processing file /home/airflow/.local/lib/python3.12/site-packages/airflow/example_dags/example_dataset_alias.py for tasks to queue
[2026-08-12T04:38:43.530+0000] {logging_mixin.py:190} INFO - [2026-08-12T04:38:43.530+0000] {dagbag.py:587} INFO - Filling up the DagBag from /home/airflow/.local/lib/python3.12/site-packages/airflow/example_dags/example_dataset_alias.py
[2026-08-12T04:38:43.693+0000] {processor.py:925} INFO - DAG(s) 'dataset_s3_bucket_producer', 'dataset_alias_example_alias_producer', 'dataset_s3_bucket_consumer', 'dataset_alias_example_alias_consumer' retrieved from /home/airflow/.local/lib/python3.12/site-packages/airflow/example_dags/example_dataset_alias.py
[2026-08-12T04:38:43.714+0000] {logging_mixin.py:190} INFO - [2026-08-12T04:38:43.714+0000] {dag.py:3211} INFO - Sync 4 DAGs
[2026-08-12T04:38:43.735+0000] {logging_mixin.py:190} INFO - [2026-08-12T04:38:43.735+0000] {dag.py:4138} INFO - Setting next_dagrun for dataset_alias_example_alias_consumer to None, run_after=None
[2026-08-12T04:38:43.739+0000] {logging_mixin.py:190} INFO - [2026-08-12T04:38:43.738+0000] {dag.py:4138} INFO - Setting next_dagrun for dataset_alias_example_alias_producer to None, run_after=None
[2026-08-12T04:38:43.741+0000] {logging_mixin.py:190} INFO - [2026-08-12T04:38:43.741+0000] {dag.py:4138} INFO - Setting next_dagrun for dataset_s3_bucket_consumer to None, run_after=None
[2026-08-12T04:38:43.743+0000] {logging_mixin.py:190} INFO - [2026-08-12T04:38:43.743+0000] {dag.py:4138} INFO - Setting next_dagrun for dataset_s3_bucket_producer to None, run_after=None
[2026-08-12T04:38:43.765+0000] {processor.py:208} INFO - Processing /home/airflow/.local/lib/python3.12/site-packages/airflow/example_dags/example_dataset_alias.py took 0.247 seconds
[2026-08-12T04:39:14.203+0000] {processor.py:186} INFO - Started process (PID=854) to work on /home/airflow/.local/lib/python3.12/site-packages/airflow/example_dags/example_dataset_alias.py
[2026-08-12T04:39:14.205+0000] {processor.py:914} INFO - Processing file /home/airflow/.local/lib/python3.12/site-packages/airflow/example_dags/example_dataset_alias.py for tasks to queue
[2026-08-12T04:39:14.209+0000] {logging_mixin.py:190} INFO - [2026-08-12T04:39:14.209+0000] {dagbag.py:587} INFO - Filling up the DagBag from /home/airflow/.local/lib/python3.12/site-packages/airflow/example_dags/example_dataset_alias.py
[2026-08-12T04:39:14.387+0000] {processor.py:925} INFO - DAG(s) 'dataset_alias_example_alias_consumer', 'dataset_alias_example_alias_producer', 'dataset_s3_bucket_consumer', 'dataset_s3_bucket_producer' retrieved from /home/airflow/.local/lib/python3.12/site-packages/airflow/example_dags/example_dataset_alias.py
[2026-08-12T04:39:14.414+0000] {logging_mixin.py:190} INFO - [2026-08-12T04:39:14.413+0000] {dag.py:3211} INFO - Sync 4 DAGs
[2026-08-12T04:39:14.438+0000] {logging_mixin.py:190} INFO - [2026-08-12T04:39:14.437+0000] {dag.py:4138} INFO - Setting next_dagrun for dataset_alias_example_alias_consumer to None, run_after=None
[2026-08-12T04:39:14.442+0000] {logging_mixin.py:190} INFO - [2026-08-12T04:39:14.441+0000] {dag.py:4138} INFO - Setting next_dagrun for dataset_alias_example_alias_producer to None, run_after=None
[2026-08-12T04:39:14.444+0000] {logging_mixin.py:190} INFO - [2026-08-12T04:39:14.444+0000] {dag.py:4138} INFO - Setting next_dagrun for dataset_s3_bucket_consumer to None, run_after=None
[2026-08-12T04:39:14.447+0000] {logging_mixin.py:190} INFO - [2026-08-12T04:39:14.447+0000] {dag.py:4138} INFO - Setting next_dagrun for dataset_s3_bucket_producer to None, run_after=None
[2026-08-12T04:39:14.477+0000] {processor.py:208} INFO - Processing /home/airflow/.local/lib/python3.12/site-packages/airflow/example_dags/example_dataset_alias.py took 0.282 seconds
[2026-08-12T04:39:44.607+0000] {processor.py:186} INFO - Started process (PID=916) to work on /home/airflow/.local/lib/python3.12/site-packages/airflow/example_dags/example_dataset_alias.py
[2026-08-12T04:39:44.608+0000] {processor.py:914} INFO - Processing file /home/airflow/.local/lib/python3.12/site-packages/airflow/example_dags/example_dataset_alias.py for tasks to queue
[2026-08-12T04:39:44.612+0000] {logging_mixin.py:190} INFO - [2026-08-12T04:39:44.611+0000] {dagbag.py:587} INFO - Filling up the DagBag from /home/airflow/.local/lib/python3.12/site-packages/airflow/example_dags/example_dataset_alias.py
[2026-08-12T04:39:44.759+0000] {processor.py:925} INFO - DAG(s) 'dataset_alias_example_alias_consumer', 'dataset_s3_bucket_producer', 'dataset_alias_example_alias_producer', 'dataset_s3_bucket_consumer' retrieved from /home/airflow/.local/lib/python3.12/site-packages/airflow/example_dags/example_dataset_alias.py
[2026-08-12T04:39:44.784+0000] {logging_mixin.py:190} INFO - [2026-08-12T04:39:44.783+0000] {dag.py:3211} INFO - Sync 4 DAGs
[2026-08-12T04:39:44.806+0000] {logging_mixin.py:190} INFO - [2026-08-12T04:39:44.806+0000] {dag.py:4138} INFO - Setting next_dagrun for dataset_alias_example_alias_consumer to None, run_after=None
[2026-08-12T04:39:44.810+0000] {logging_mixin.py:190} INFO - [2026-08-12T04:39:44.810+0000] {dag.py:4138} INFO - Setting next_dagrun for dataset_alias_example_alias_producer to None, run_after=None
[2026-08-12T04:39:44.812+0000] {logging_mixin.py:190} INFO - [2026-08-12T04:39:44.812+0000] {dag.py:4138} INFO - Setting next_dagrun for dataset_s3_bucket_consumer to None, run_after=None
[2026-08-12T04:39:44.814+0000] {logging_mixin.py:190} INFO - [2026-08-12T04:39:44.814+0000] {dag.py:4138} INFO - Setting next_dagrun for dataset_s3_bucket_producer to None, run_after=None
[2026-08-12T04:39:44.839+0000] {processor.py:208} INFO - Processing /home/airflow/.local/lib/python3.12/site-packages/airflow/example_dags/example_dataset_alias.py took 0.239 seconds
[2026-08-12T04:40:15.223+0000] {processor.py:186} INFO - Started process (PID=978) to work on /home/airflow/.local/lib/python3.12/site-packages/airflow/example_dags/example_dataset_alias.py
[2026-08-12T04:40:15.225+0000] {processor.py:914} INFO - Processing file /home/airflow/.local/lib/python3.12/site-packages/airflow/example_dags/example_dataset_alias.py for tasks to queue
[2026-08-12T04:40:15.228+0000] {logging_mixin.py:190} INFO - [2026-08-12T04:40:15.228+0000] {dagbag.py:587} INFO - Filling up the DagBag from /home/airflow/.local/lib/python3.12/site-packages/airflow/example_dags/example_dataset_alias.py
[2026-08-12T04:40:15.403+0000] {processor.py:925} INFO - DAG(s) 'dataset_alias_example_alias_consumer', 'dataset_alias_example_alias_producer', 'dataset_s3_bucket_consumer', 'dataset_s3_bucket_producer' retrieved from /home/airflow/.local/lib/python3.12/site-packages/airflow/example_dags/example_dataset_alias.py
[2026-08-12T04:40:15.430+0000] {logging_mixin.py:190} INFO - [2026-08-12T04:40:15.430+0000] {dag.py:3211} INFO - Sync 4 DAGs
[2026-08-12T04:40:15.452+0000] {logging_mixin.py:190} INFO - [2026-08-12T04:40:15.452+0000] {dag.py:4138} INFO - Setting next_dagrun for dataset_alias_example_alias_consumer to None, run_after=None
[2026-08-12T04:40:15.456+0000] {logging_mixin.py:190} INFO - [2026-08-12T04:40:15.455+0000] {dag.py:4138} INFO - Setting next_dagrun for dataset_alias_example_alias_producer to None, run_after=None
[2026-08-12T04:40:15.458+0000] {logging_mixin.py:190} INFO - [2026-08-12T04:40:15.458+0000] {dag.py:4138} INFO - Setting next_dagrun for dataset_s3_bucket_consumer to None, run_after=None
[2026-08-12T04:40:15.460+0000] {logging_mixin.py:190} INFO - [2026-08-12T04:40:15.460+0000] {dag.py:4138} INFO - Setting next_dagrun for dataset_s3_bucket_producer to None, run_after=None
[2026-08-12T04:40:15.483+0000] {processor.py:208} INFO - Processing /home/airflow/.local/lib/python3.12/site-packages/airflow/example_dags/example_dataset_alias.py took 0.266 seconds
[2026-08-12T04:40:45.648+0000] {processor.py:186} INFO - Started process (PID=1040) to work on /home/airflow/.local/lib/python3.12/site-packages/airflow/example_dags/example_dataset_alias.py
[2026-08-12T04:40:45.650+0000] {processor.py:914} INFO - Processing file /home/airflow/.local/lib/python3.12/site-packages/airflow/example_dags/example_dataset_alias.py for tasks to queue
[2026-08-12T04:40:45.653+0000] {logging_mixin.py:190} INFO - [2026-08-12T04:40:45.653+0000] {dagbag.py:587} INFO - Filling up the DagBag from /home/airflow/.local/lib/python3.12/site-packages/airflow/example_dags/example_dataset_alias.py
[2026-08-12T04:40:45.818+0000] {processor.py:925} INFO - DAG(s) 'dataset_s3_bucket_consumer', 'dataset_s3_bucket_producer', 'dataset_alias_example_alias_producer', 'dataset_alias_example_alias_consumer' retrieved from /home/airflow/.local/lib/python3.12/site-packages/airflow/example_dags/example_dataset_alias.py
[2026-08-12T04:40:45.843+0000] {logging_mixin.py:190} INFO - [2026-08-12T04:40:45.843+0000] {dag.py:3211} INFO - Sync 4 DAGs
[2026-08-12T04:40:45.865+0000] {logging_mixin.py:190} INFO - [2026-08-12T04:40:45.865+0000] {dag.py:4138} INFO - Setting next_dagrun for dataset_alias_example_alias_consumer to None, run_after=None
[2026-08-12T04:40:45.869+0000] {logging_mixin.py:190} INFO - [2026-08-12T04:40:45.869+0000] {dag.py:4138} INFO - Setting next_dagrun for dataset_alias_example_alias_producer to None, run_after=None
[2026-08-12T04:40:45.871+0000] {logging_mixin.py:190} INFO - [2026-08-12T04:40:45.871+0000] {dag.py:4138} INFO - Setting next_dagrun for dataset_s3_bucket_consumer to None, run_after=None
[2026-08-12T04:40:45.873+0000] {logging_mixin.py:190} INFO - [2026-08-12T04:40:45.873+0000] {dag.py:4138} INFO - Setting next_dagrun for dataset_s3_bucket_producer to None, run_after=None
[2026-08-12T04:40:45.900+0000] {processor.py:208} INFO - Processing /home/airflow/.local/lib/python3.12/site-packages/airflow/example_dags/example_dataset_alias.py took 0.259 seconds
[2026-08-12T04:41:16.162+0000] {processor.py:186} INFO - Started process (PID=1102) to work on /home/airflow/.local/lib/python3.12/site-packages/airflow/example_dags/example_dataset_alias.py
[2026-08-12T04:41:16.163+0000] {processor.py:914} INFO - Processing file /home/airflow/.local/lib/python3.12/site-packages/airflow/example_dags/example_dataset_alias.py for tasks to queue
[2026-08-12T04:41:16.167+0000] {logging_mixin.py:190} INFO - [2026-08-12T04:41:16.166+0000] {dagbag.py:587} INFO - Filling up the DagBag from /home/airflow/.local/lib/python3.12/site-packages/airflow/example_dags/example_dataset_alias.py
[2026-08-12T04:41:16.313+0000] {processor.py:925} INFO - DAG(s) 'dataset_alias_example_alias_consumer', 'dataset_s3_bucket_producer', 'dataset_alias_example_alias_producer', 'dataset_s3_bucket_consumer' retrieved from /home/airflow/.local/lib/python3.12/site-packages/airflow/example_dags/example_dataset_alias.py
[2026-08-12T04:41:16.340+0000] {logging_mixin.py:190} INFO - [2026-08-12T04:41:16.340+0000] {dag.py:3211} INFO - Sync 4 DAGs
[2026-08-12T04:41:16.365+0000] {logging_mixin.py:190} INFO - [2026-08-12T04:41:16.364+0000] {dag.py:4138} INFO - Setting next_dagrun for dataset_alias_example_alias_consumer to None, run_after=None
[2026-08-12T04:41:16.368+0000] {logging_mixin.py:190} INFO - [2026-08-12T04:41:16.368+0000] {dag.py:4138} INFO - Setting next_dagrun for dataset_alias_example_alias_producer to None, run_after=None
[2026-08-12T04:41:16.371+0000] {logging_mixin.py:190} INFO - [2026-08-12T04:41:16.370+0000] {dag.py:4138} INFO - Setting next_dagrun for dataset_s3_bucket_consumer to None, run_after=None
[2026-08-12T04:41:16.373+0000] {logging_mixin.py:190} INFO - [2026-08-12T04:41:16.373+0000] {dag.py:4138} INFO - Setting next_dagrun for dataset_s3_bucket_producer to None, run_after=None
[2026-08-12T04:41:16.398+0000] {processor.py:208} INFO - Processing /home/airflow/.local/lib/python3.12/site-packages/airflow/example_dags/example_dataset_alias.py took 0.243 seconds
[2026-08-12T04:41:46.778+0000] {processor.py:186} INFO - Started process (PID=1164) to work on /home/airflow/.local/lib/python3.12/site-packages/airflow/example_dags/example_dataset_alias.py
[2026-08-12T04:41:46.780+0000] {processor.py:914} INFO - Processing file /home/airflow/.local/lib/python3.12/site-packages/airflow/example_dags/example_dataset_alias.py for tasks to queue
[2026-08-12T04:41:46.782+0000] {logging_mixin.py:190} INFO - [2026-08-12T04:41:46.782+0000] {dagbag.py:587} INFO - Filling up the DagBag from /home/airflow/.local/lib/python3.12/site-packages/airflow/example_dags/example_dataset_alias.py
[2026-08-12T04:41:46.963+0000] {processor.py:925} INFO - DAG(s) 'dataset_alias_example_alias_consumer', 'dataset_s3_bucket_consumer', 'dataset_alias_example_alias_producer', 'dataset_s3_bucket_producer' retrieved from /home/airflow/.local/lib/python3.12/site-packages/airflow/example_dags/example_dataset_alias.py
[2026-08-12T04:41:46.995+0000] {logging_mixin.py:190} INFO - [2026-08-12T04:41:46.995+0000] {dag.py:3211} INFO - Sync 4 DAGs
[2026-08-12T04:41:47.026+0000] {logging_mixin.py:190} INFO - [2026-08-12T04:41:47.026+0000] {dag.py:4138} INFO - Setting next_dagrun for dataset_alias_example_alias_consumer to None, run_after=None
[2026-08-12T04:41:47.030+0000] {logging_mixin.py:190} INFO - [2026-08-12T04:41:47.030+0000] {dag.py:4138} INFO - Setting next_dagrun for dataset_alias_example_alias_producer to None, run_after=None
[2026-08-12T04:41:47.033+0000] {logging_mixin.py:190} INFO - [2026-08-12T04:41:47.033+0000] {dag.py:4138} INFO - Setting next_dagrun for dataset_s3_bucket_consumer to None, run_after=None
[2026-08-12T04:41:47.036+0000] {logging_mixin.py:190} INFO - [2026-08-12T04:41:47.036+0000] {dag.py:4138} INFO - Setting next_dagrun for dataset_s3_bucket_producer to None, run_after=None
[2026-08-12T04:41:47.062+0000] {processor.py:208} INFO - Processing /home/airflow/.local/lib/python3.12/site-packages/airflow/example_dags/example_dataset_alias.py took 0.289 seconds
[2026-08-12T04:42:17.260+0000] {processor.py:186} INFO - Started process (PID=1226) to work on /home/airflow/.local/lib/python3.12/site-packages/airflow/example_dags/example_dataset_alias.py
[2026-08-12T04:42:17.262+0000] {processor.py:914} INFO - Processing file /home/airflow/.local/lib/python3.12/site-packages/airflow/example_dags/example_dataset_alias.py for tasks to queue
[2026-08-12T04:42:17.266+0000] {logging_mixin.py:190} INFO - [2026-08-12T04:42:17.266+0000] {dagbag.py:587} INFO - Filling up the DagBag from /home/airflow/.local/lib/python3.12/site-packages/airflow/example_dags/example_dataset_alias.py
[2026-08-12T04:42:17.436+0000] {processor.py:925} INFO - DAG(s) 'dataset_alias_example_alias_producer', 'dataset_s3_bucket_producer', 'dataset_s3_bucket_consumer', 'dataset_alias_example_alias_consumer' retrieved from /home/airflow/.local/lib/python3.12/site-packages/airflow/example_dags/example_dataset_alias.py
[2026-08-12T04:42:17.463+0000] {logging_mixin.py:190} INFO - [2026-08-12T04:42:17.463+0000] {dag.py:3211} INFO - Sync 4 DAGs
[2026-08-12T04:42:17.491+0000] {logging_mixin.py:190} INFO - [2026-08-12T04:42:17.491+0000] {dag.py:4138} INFO - Setting next_dagrun for dataset_alias_example_alias_consumer to None, run_after=None
[2026-08-12T04:42:17.495+0000] {logging_mixin.py:190} INFO - [2026-08-12T04:42:17.495+0000] {dag.py:4138} INFO - Setting next_dagrun for dataset_alias_example_alias_producer to None, run_after=None
[2026-08-12T04:42:17.498+0000] {logging_mixin.py:190} INFO - [2026-08-12T04:42:17.498+0000] {dag.py:4138} INFO - Setting next_dagrun for dataset_s3_bucket_consumer to None, run_after=None
[2026-08-12T04:42:17.500+0000] {logging_mixin.py:190} INFO - [2026-08-12T04:42:17.500+0000] {dag.py:4138} INFO - Setting next_dagrun for dataset_s3_bucket_producer to None, run_after=None
[2026-08-12T04:42:17.528+0000] {processor.py:208} INFO - Processing /home/airflow/.local/lib/python3.12/site-packages/airflow/example_dags/example_dataset_alias.py took 0.274 seconds
[2026-08-12T04:42:47.591+0000] {processor.py:186} INFO - Started process (PID=1288) to work on /home/airflow/.local/lib/python3.12/site-packages/airflow/example_dags/example_dataset_alias.py
[2026-08-12T04:42:47.593+0000] {processor.py:914} INFO - Processing file /home/airflow/.local/lib/python3.12/site-packages/airflow/example_dags/example_dataset_alias.py for tasks to queue
[2026-08-12T04:42:47.596+0000] {logging_mixin.py:190} INFO - [2026-08-12T04:42:47.596+0000] {dagbag.py:587} INFO - Filling up the DagBag from /home/airflow/.local/lib/python3.12/site-packages/airflow/example_dags/example_dataset_alias.py
[2026-08-12T04:42:47.782+0000] {processor.py:925} INFO - DAG(s) 'dataset_s3_bucket_consumer', 'dataset_alias_example_alias_consumer', 'dataset_s3_bucket_producer', 'dataset_alias_example_alias_producer' retrieved from /home/airflow/.local/lib/python3.12/site-packages/airflow/example_dags/example_dataset_alias.py
[2026-08-12T04:42:47.810+0000] {logging_mixin.py:190} INFO - [2026-08-12T04:42:47.810+0000] {dag.py:3211} INFO - Sync 4 DAGs
[2026-08-12T04:42:47.835+0000] {logging_mixin.py:190} INFO - [2026-08-12T04:42:47.835+0000] {dag.py:4138} INFO - Setting next_dagrun for dataset_alias_example_alias_consumer to None, run_after=None
[2026-08-12T04:42:47.840+0000] {logging_mixin.py:190} INFO - [2026-08-12T04:42:47.840+0000] {dag.py:4138} INFO - Setting next_dagrun for dataset_alias_example_alias_producer to None, run_after=None
[2026-08-12T04:42:47.843+0000] {logging_mixin.py:190} INFO - [2026-08-12T04:42:47.842+0000] {dag.py:4138} INFO - Setting next_dagrun for dataset_s3_bucket_consumer to None, run_after=None
[2026-08-12T04:42:47.845+0000] {logging_mixin.py:190} INFO - [2026-08-12T04:42:47.845+0000] {dag.py:4138} INFO - Setting next_dagrun for dataset_s3_bucket_producer to None, run_after=None
[2026-08-12T04:42:47.874+0000] {processor.py:208} INFO - Processing /home/airflow/.local/lib/python3.12/site-packages/airflow/example_dags/example_dataset_alias.py took 0.289 seconds
[2026-08-12T04:43:17.915+0000] {processor.py:186} INFO - Started process (PID=1350) to work on /home/airflow/.local/lib/python3.12/site-packages/airflow/example_dags/example_dataset_alias.py
[2026-08-12T04:43:17.916+0000] {processor.py:914} INFO - Processing file /home/airflow/.local/lib/python3.12/site-packages/airflow/example_dags/example_dataset_alias.py for tasks to queue
[2026-08-12T04:43:17.920+0000] {logging_mixin.py:190} INFO - [2026-08-12T04:43:17.919+0000] {dagbag.py:587} INFO - Filling up the DagBag from /home/airflow/.local/lib/python3.12/site-packages/airflow/example_dags/example_dataset_alias.py
[2026-08-12T04:43:18.058+0000] {processor.py:925} INFO - DAG(s) 'dataset_s3_bucket_consumer', 'dataset_alias_example_alias_producer', 'dataset_alias_example_alias_consumer', 'dataset_s3_bucket_producer' retrieved from /home/airflow/.local/lib/python3.12/site-packages/airflow/example_dags/example_dataset_alias.py
[2026-08-12T04:43:18.082+0000] {logging_mixin.py:190} INFO - [2026-08-12T04:43:18.081+0000] {dag.py:3211} INFO - Sync 4 DAGs
[2026-08-12T04:43:18.120+0000] {logging_mixin.py:190} INFO - [2026-08-12T04:43:18.120+0000] {dag.py:4138} INFO - Setting next_dagrun for dataset_alias_example_alias_consumer to None, run_after=None
[2026-08-12T04:43:18.125+0000] {logging_mixin.py:190} INFO - [2026-08-12T04:43:18.125+0000] {dag.py:4138} INFO - Setting next_dagrun for dataset_alias_example_alias_producer to None, run_after=None
[2026-08-12T04:43:18.128+0000] {logging_mixin.py:190} INFO - [2026-08-12T04:43:18.128+0000] {dag.py:4138} INFO - Setting next_dagrun for dataset_s3_bucket_consumer to None, run_after=None
[2026-08-12T04:43:18.131+0000] {logging_mixin.py:190} INFO - [2026-08-12T04:43:18.131+0000] {dag.py:4138} INFO - Setting next_dagrun for dataset_s3_bucket_producer to None, run_after=None
[2026-08-12T04:43:18.178+0000] {processor.py:208} INFO - Processing /home/airflow/.local/lib/python3.12/site-packages/airflow/example_dags/example_dataset_alias.py took 0.268 seconds
[2026-08-12T04:43:48.596+0000] {processor.py:186} INFO - Started process (PID=1412) to work on /home/airflow/.local/lib/python3.12/site-packages/airflow/example_dags/example_dataset_alias.py
[2026-08-12T04:43:48.597+0000] {processor.py:914} INFO - Processing file /home/airflow/.local/lib/python3.12/site-packages/airflow/example_dags/example_dataset_alias.py for tasks to queue
[2026-08-12T04:43:48.601+0000] {logging_mixin.py:190} INFO - [2026-08-12T04:43:48.600+0000] {dagbag.py:587} INFO - Filling up the DagBag from /home/airflow/.local/lib/python3.12/site-packages/airflow/example_dags/example_dataset_alias.py
[2026-08-12T04:43:48.755+0000] {processor.py:925} INFO - DAG(s) 'dataset_s3_bucket_producer', 'dataset_alias_example_alias_producer', 'dataset_s3_bucket_consumer', 'dataset_alias_example_alias_consumer' retrieved from /home/airflow/.local/lib/python3.12/site-packages/airflow/example_dags/example_dataset_alias.py
[2026-08-12T04:43:48.778+0000] {logging_mixin.py:190} INFO - [2026-08-12T04:43:48.777+0000] {dag.py:3211} INFO - Sync 4 DAGs
[2026-08-12T04:43:48.808+0000] {logging_mixin.py:190} INFO - [2026-08-12T04:43:48.807+0000] {dag.py:4138} INFO - Setting next_dagrun for dataset_alias_example_alias_consumer to None, run_after=None
[2026-08-12T04:43:48.812+0000] {logging_mixin.py:190} INFO - [2026-08-12T04:43:48.811+0000] {dag.py:4138} INFO - Setting next_dagrun for dataset_alias_example_alias_producer to None, run_after=None
[2026-08-12T04:43:48.815+0000] {logging_mixin.py:190} INFO - [2026-08-12T04:43:48.814+0000] {dag.py:4138} INFO - Setting next_dagrun for dataset_s3_bucket_consumer to None, run_after=None
[2026-08-12T04:43:48.817+0000] {logging_mixin.py:190} INFO - [2026-08-12T04:43:48.817+0000] {dag.py:4138} INFO - Setting next_dagrun for dataset_s3_bucket_producer to None, run_after=None
[2026-08-12T04:43:48.839+0000] {processor.py:208} INFO - Processing /home/airflow/.local/lib/python3.12/site-packages/airflow/example_dags/example_dataset_alias.py took 0.249 seconds
[2026-08-12T04:44:19.231+0000] {processor.py:186} INFO - Started process (PID=1475) to work on /home/airflow/.local/lib/python3.12/site-packages/airflow/example_dags/example_dataset_alias.py
[2026-08-12T04:44:19.233+0000] {processor.py:914} INFO - Processing file /home/airflow/.local/lib/python3.12/site-packages/airflow/example_dags/example_dataset_alias.py for tasks to queue
[2026-08-12T04:44:19.236+0000] {logging_mixin.py:190} INFO - [2026-08-12T04:44:19.236+0000] {dagbag.py:587} INFO - Filling up the DagBag from /home/airflow/.local/lib/python3.12/site-packages/airflow/example_dags/example_dataset_alias.py
[2026-08-12T04:44:19.414+0000] {processor.py:925} INFO - DAG(s) 'dataset_s3_bucket_producer', 'dataset_alias_example_alias_consumer', 'dataset_s3_bucket_consumer', 'dataset_alias_example_alias_producer' retrieved from /home/airflow/.local/lib/python3.12/site-packages/airflow/example_dags/example_dataset_alias.py
[2026-08-12T04:44:19.439+0000] {logging_mixin.py:190} INFO - [2026-08-12T04:44:19.439+0000] {dag.py:3211} INFO - Sync 4 DAGs
[2026-08-12T04:44:19.462+0000] {logging_mixin.py:190} INFO - [2026-08-12T04:44:19.462+0000] {dag.py:4138} INFO - Setting next_dagrun for dataset_alias_example_alias_consumer to None, run_after=None
[2026-08-12T04:44:19.466+0000] {logging_mixin.py:190} INFO - [2026-08-12T04:44:19.465+0000] {dag.py:4138} INFO - Setting next_dagrun for dataset_alias_example_alias_producer to None, run_after=None
[2026-08-12T04:44:19.468+0000] {logging_mixin.py:190} INFO - [2026-08-12T04:44:19.467+0000] {dag.py:4138} INFO - Setting next_dagrun for dataset_s3_bucket_consumer to None, run_after=None
[2026-08-12T04:44:19.470+0000] {logging_mixin.py:190} INFO - [2026-08-12T04:44:19.470+0000] {dag.py:4138} INFO - Setting next_dagrun for dataset_s3_bucket_producer to None, run_after=None
[2026-08-12T04:44:19.492+0000] {processor.py:208} INFO - Processing /home/airflow/.local/lib/python3.12/site-packages/airflow/example_dags/example_dataset_alias.py took 0.269 seconds
[2026-08-12T04:44:50.473+0000] {processor.py:186} INFO - Started process (PID=1537) to work on /home/airflow/.local/lib/python3.12/site-packages/airflow/example_dags/example_dataset_alias.py
[2026-08-12T04:44:50.474+0000] {processor.py:914} INFO - Processing file /home/airflow/.local/lib/python3.12/site-packages/airflow/example_dags/example_dataset_alias.py for tasks to queue
[2026-08-12T04:44:50.477+0000] {logging_mixin.py:190} INFO - [2026-08-12T04:44:50.477+0000] {dagbag.py:587} INFO - Filling up the DagBag from /home/airflow/.local/lib/python3.12/site-packages/airflow/example_dags/example_dataset_alias.py
[2026-08-12T04:44:50.647+0000] {processor.py:925} INFO - DAG(s) 'dataset_alias_example_alias_producer', 'dataset_s3_bucket_producer', 'dataset_s3_bucket_consumer', 'dataset_alias_example_alias_consumer' retrieved from /home/airflow/.local/lib/python3.12/site-packages/airflow/example_dags/example_dataset_alias.py
[2026-08-12T04:44:50.675+0000] {logging_mixin.py:190} INFO - [2026-08-12T04:44:50.675+0000] {dag.py:3211} INFO - Sync 4 DAGs
[2026-08-12T04:44:50.700+0000] {logging_mixin.py:190} INFO - [2026-08-12T04:44:50.700+0000] {dag.py:4138} INFO - Setting next_dagrun for dataset_alias_example_alias_consumer to None, run_after=None
[2026-08-12T04:44:50.704+0000] {logging_mixin.py:190} INFO - [2026-08-12T04:44:50.703+0000] {dag.py:4138} INFO - Setting next_dagrun for dataset_alias_example_alias_producer to None, run_after=None
[2026-08-12T04:44:50.706+0000] {logging_mixin.py:190} INFO - [2026-08-12T04:44:50.706+0000] {dag.py:4138} INFO - Setting next_dagrun for dataset_s3_bucket_consumer to None, run_after=None
[2026-08-12T04:44:50.708+0000] {logging_mixin.py:190} INFO - [2026-08-12T04:44:50.708+0000] {dag.py:4138} INFO - Setting next_dagrun for dataset_s3_bucket_producer to None, run_after=None
[2026-08-12T04:44:50.738+0000] {processor.py:208} INFO - Processing /home/airflow/.local/lib/python3.12/site-packages/airflow/example_dags/example_dataset_alias.py took 0.271 seconds
[2026-08-12T04:45:20.972+0000] {processor.py:186} INFO - Started process (PID=1599) to work on /home/airflow/.local/lib/python3.12/site-packages/airflow/example_dags/example_dataset_alias.py
[2026-08-12T04:45:20.974+0000] {processor.py:914} INFO - Processing file /home/airflow/.local/lib/python3.12/site-packages/airflow/example_dags/example_dataset_alias.py for tasks to queue
[2026-08-12T04:45:20.977+0000] {logging_mixin.py:190} INFO - [2026-08-12T04:45:20.977+0000] {dagbag.py:587} INFO - Filling up the DagBag from /home/airflow/.local/lib/python3.12/site-packages/airflow/example_dags/example_dataset_alias.py
[2026-08-12T04:45:21.130+0000] {processor.py:925} INFO - DAG(s) 'dataset_s3_bucket_producer', 'dataset_alias_example_alias_consumer', 'dataset_alias_example_alias_producer', 'dataset_s3_bucket_consumer' retrieved from /home/airflow/.local/lib/python3.12/site-packages/airflow/example_dags/example_dataset_alias.py
[2026-08-12T04:45:21.151+0000] {logging_mixin.py:190} INFO - [2026-08-12T04:45:21.151+0000] {dag.py:3211} INFO - Sync 4 DAGs
[2026-08-12T04:45:21.174+0000] {logging_mixin.py:190} INFO - [2026-08-12T04:45:21.173+0000] {dag.py:4138} INFO - Setting next_dagrun for dataset_alias_example_alias_consumer to None, run_after=None
[2026-08-12T04:45:21.177+0000] {logging_mixin.py:190} INFO - [2026-08-12T04:45:21.177+0000] {dag.py:4138} INFO - Setting next_dagrun for dataset_alias_example_alias_producer to None, run_after=None
[2026-08-12T04:45:21.180+0000] {logging_mixin.py:190} INFO - [2026-08-12T04:45:21.179+0000] {dag.py:4138} INFO - Setting next_dagrun for dataset_s3_bucket_consumer to None, run_after=None
[2026-08-12T04:45:21.182+0000] {logging_mixin.py:190} INFO - [2026-08-12T04:45:21.182+0000] {dag.py:4138} INFO - Setting next_dagrun for dataset_s3_bucket_producer to None, run_after=None
[2026-08-12T04:45:21.205+0000] {processor.py:208} INFO - Processing /home/airflow/.local/lib/python3.12/site-packages/airflow/example_dags/example_dataset_alias.py took 0.239 seconds
[2026-08-12T04:45:51.704+0000] {processor.py:186} INFO - Started process (PID=1661) to work on /home/airflow/.local/lib/python3.12/site-packages/airflow/example_dags/example_dataset_alias.py
[2026-08-12T04:45:51.706+0000] {processor.py:914} INFO - Processing file /home/airflow/.local/lib/python3.12/site-packages/airflow/example_dags/example_dataset_alias.py for tasks to queue
[2026-08-12T04:45:51.710+0000] {logging_mixin.py:190} INFO - [2026-08-12T04:45:51.710+0000] {dagbag.py:587} INFO - Filling up the DagBag from /home/airflow/.local/lib/python3.12/site-packages/airflow/example_dags/example_dataset_alias.py
[2026-08-12T04:45:51.883+0000] {processor.py:925} INFO - DAG(s) 'dataset_s3_bucket_producer', 'dataset_alias_example_alias_producer', 'dataset_s3_bucket_consumer', 'dataset_alias_example_alias_consumer' retrieved from /home/airflow/.local/lib/python3.12/site-packages/airflow/example_dags/example_dataset_alias.py
[2026-08-12T04:45:51.906+0000] {logging_mixin.py:190} INFO - [2026-08-12T04:45:51.906+0000] {dag.py:3211} INFO - Sync 4 DAGs
[2026-08-12T04:45:51.930+0000] {logging_mixin.py:190} INFO - [2026-08-12T04:45:51.930+0000] {dag.py:4138} INFO - Setting next_dagrun for dataset_alias_example_alias_consumer to None, run_after=None
[2026-08-12T04:45:51.933+0000] {logging_mixin.py:190} INFO - [2026-08-12T04:45:51.933+0000] {dag.py:4138} INFO - Setting next_dagrun for dataset_alias_example_alias_producer to None, run_after=None
[2026-08-12T04:45:51.935+0000] {logging_mixin.py:190} INFO - [2026-08-12T04:45:51.935+0000] {dag.py:4138} INFO - Setting next_dagrun for dataset_s3_bucket_consumer to None, run_after=None
[2026-08-12T04:45:51.937+0000] {logging_mixin.py:190} INFO - [2026-08-12T04:45:51.937+0000] {dag.py:4138} INFO - Setting next_dagrun for dataset_s3_bucket_producer to None, run_after=None
[2026-08-12T04:45:51.959+0000] {processor.py:208} INFO - Processing /home/airflow/.local/lib/python3.12/site-packages/airflow/example_dags/example_dataset_alias.py took 0.263 seconds
[2026-08-12T04:46:22.330+0000] {processor.py:186} INFO - Started process (PID=1723) to work on /home/airflow/.local/lib/python3.12/site-packages/airflow/example_dags/example_dataset_alias.py
[2026-08-12T04:46:22.332+0000] {processor.py:914} INFO - Processing file /home/airflow/.local/lib/python3.12/site-packages/airflow/example_dags/example_dataset_alias.py for tasks to queue
[2026-08-12T04:46:22.336+0000] {logging_mixin.py:190} INFO - [2026-08-12T04:46:22.336+0000] {dagbag.py:587} INFO - Filling up the DagBag from /home/airflow/.local/lib/python3.12/site-packages/airflow/example_dags/example_dataset_alias.py
[2026-08-12T04:46:22.530+0000] {processor.py:925} INFO - DAG(s) 'dataset_s3_bucket_consumer', 'dataset_s3_bucket_producer', 'dataset_alias_example_alias_consumer', 'dataset_alias_example_alias_producer' retrieved from /home/airflow/.local/lib/python3.12/site-packages/airflow/example_dags/example_dataset_alias.py
[2026-08-12T04:46:22.557+0000] {logging_mixin.py:190} INFO - [2026-08-12T04:46:22.557+0000] {dag.py:3211} INFO - Sync 4 DAGs
[2026-08-12T04:46:22.580+0000] {logging_mixin.py:190} INFO - [2026-08-12T04:46:22.579+0000] {dag.py:4138} INFO - Setting next_dagrun for dataset_alias_example_alias_consumer to None, run_after=None
[2026-08-12T04:46:22.584+0000] {logging_mixin.py:190} INFO - [2026-08-12T04:46:22.583+0000] {dag.py:4138} INFO - Setting next_dagrun for dataset_alias_example_alias_producer to None, run_after=None
[2026-08-12T04:46:22.586+0000] {logging_mixin.py:190} INFO - [2026-08-12T04:46:22.586+0000] {dag.py:4138} INFO - Setting next_dagrun for dataset_s3_bucket_consumer to None, run_after=None
[2026-08-12T04:46:22.588+0000] {logging_mixin.py:190} INFO - [2026-08-12T04:46:22.588+0000] {dag.py:4138} INFO - Setting next_dagrun for dataset_s3_bucket_producer to None, run_after=None
[2026-08-12T04:46:22.614+0000] {processor.py:208} INFO - Processing /home/airflow/.local/lib/python3.12/site-packages/airflow/example_dags/example_dataset_alias.py took 0.292 seconds
[2026-08-12T04:46:52.778+0000] {processor.py:186} INFO - Started process (PID=1785) to work on /home/airflow/.local/lib/python3.12/site-packages/airflow/example_dags/example_dataset_alias.py
[2026-08-12T04:46:52.779+0000] {processor.py:914} INFO - Processing file /home/airflow/.local/lib/python3.12/site-packages/airflow/example_dags/example_dataset_alias.py for tasks to queue
[2026-08-12T04:46:52.782+0000] {logging_mixin.py:190} INFO - [2026-08-12T04:46:52.782+0000] {dagbag.py:587} INFO - Filling up the DagBag from /home/airflow/.local/lib/python3.12/site-packages/airflow/example_dags/example_dataset_alias.py
[2026-08-12T04:46:52.930+0000] {processor.py:925} INFO - DAG(s) 'dataset_alias_example_alias_producer', 'dataset_alias_example_alias_consumer', 'dataset_s3_bucket_consumer', 'dataset_s3_bucket_producer' retrieved from /home/airflow/.local/lib/python3.12/site-packages/airflow/example_dags/example_dataset_alias.py
[2026-08-12T04:46:52.954+0000] {logging_mixin.py:190} INFO - [2026-08-12T04:46:52.954+0000] {dag.py:3211} INFO - Sync 4 DAGs
[2026-08-12T04:46:52.981+0000] {logging_mixin.py:190} INFO - [2026-08-12T04:46:52.981+0000] {dag.py:4138} INFO - Setting next_dagrun for dataset_alias_example_alias_consumer to None, run_after=None
[2026-08-12T04:46:52.985+0000] {logging_mixin.py:190} INFO - [2026-08-12T04:46:52.984+0000] {dag.py:4138} INFO - Setting next_dagrun for dataset_alias_example_alias_producer to None, run_after=None
[2026-08-12T04:46:52.987+0000] {logging_mixin.py:190} INFO - [2026-08-12T04:46:52.987+0000] {dag.py:4138} INFO - Setting next_dagrun for dataset_s3_bucket_consumer to None, run_after=None
[2026-08-12T04:46:52.989+0000] {logging_mixin.py:190} INFO - [2026-08-12T04:46:52.989+0000] {dag.py:4138} INFO - Setting next_dagrun for dataset_s3_bucket_producer to None, run_after=None
[2026-08-12T04:46:53.018+0000] {processor.py:208} INFO - Processing /home/airflow/.local/lib/python3.12/site-packages/airflow/example_dags/example_dataset_alias.py took 0.246 seconds
[2026-08-12T04:47:23.716+0000] {processor.py:186} INFO - Started process (PID=1848) to work on /home/airflow/.local/lib/python3.12/site-packages/airflow/example_dags/example_dataset_alias.py
[2026-08-12T04:47:23.719+0000] {processor.py:914} INFO - Processing file /home/airflow/.local/lib/python3.12/site-packages/airflow/example_dags/example_dataset_alias.py for tasks to queue
[2026-08-12T04:47:23.722+0000] {logging_mixin.py:190} INFO - [2026-08-12T04:47:23.722+0000] {dagbag.py:587} INFO - Filling up the DagBag from /home/airflow/.local/lib/python3.12/site-packages/airflow/example_dags/example_dataset_alias.py
[2026-08-12T04:47:23.902+0000] {processor.py:925} INFO - DAG(s) 'dataset_s3_bucket_consumer', 'dataset_s3_bucket_producer', 'dataset_alias_example_alias_consumer', 'dataset_alias_example_alias_producer' retrieved from /home/airflow/.local/lib/python3.12/site-packages/airflow/example_dags/example_dataset_alias.py
[2026-08-12T04:47:23.936+0000] {logging_mixin.py:190} INFO - [2026-08-12T04:47:23.936+0000] {dag.py:3211} INFO - Sync 4 DAGs
[2026-08-12T04:47:24.160+0000] {logging_mixin.py:190} INFO - [2026-08-12T04:47:24.160+0000] {dag.py:4138} INFO - Setting next_dagrun for dataset_alias_example_alias_consumer to None, run_after=None
[2026-08-12T04:47:24.164+0000] {logging_mixin.py:190} INFO - [2026-08-12T04:47:24.164+0000] {dag.py:4138} INFO - Setting next_dagrun for dataset_alias_example_alias_producer to None, run_after=None
[2026-08-12T04:47:24.167+0000] {logging_mixin.py:190} INFO - [2026-08-12T04:47:24.167+0000] {dag.py:4138} INFO - Setting next_dagrun for dataset_s3_bucket_consumer to None, run_after=None
[2026-08-12T04:47:24.170+0000] {logging_mixin.py:190} INFO - [2026-08-12T04:47:24.169+0000] {dag.py:4138} INFO - Setting next_dagrun for dataset_s3_bucket_producer to None, run_after=None
[2026-08-12T04:47:24.193+0000] {processor.py:208} INFO - Processing /home/airflow/.local/lib/python3.12/site-packages/airflow/example_dags/example_dataset_alias.py took 0.484 seconds
[2026-08-12T04:47:54.431+0000] {processor.py:186} INFO - Started process (PID=1910) to work on /home/airflow/.local/lib/python3.12/site-packages/airflow/example_dags/example_dataset_alias.py
[2026-08-12T04:47:54.433+0000] {processor.py:914} INFO - Processing file /home/airflow/.local/lib/python3.12/site-packages/airflow/example_dags/example_dataset_alias.py for tasks to queue
[2026-08-12T04:47:54.435+0000] {logging_mixin.py:190} INFO - [2026-08-12T04:47:54.435+0000] {dagbag.py:587} INFO - Filling up the DagBag from /home/airflow/.local/lib/python3.12/site-packages/airflow/example_dags/example_dataset_alias.py
[2026-08-12T04:47:54.620+0000] {processor.py:925} INFO - DAG(s) 'dataset_s3_bucket_consumer', 'dataset_alias_example_alias_consumer', 'dataset_alias_example_alias_producer', 'dataset_s3_bucket_producer' retrieved from /home/airflow/.local/lib/python3.12/site-packages/airflow/example_dags/example_dataset_alias.py
[2026-08-12T04:47:54.654+0000] {logging_mixin.py:190} INFO - [2026-08-12T04:47:54.654+0000] {dag.py:3211} INFO - Sync 4 DAGs
[2026-08-12T04:47:54.681+0000] {logging_mixin.py:190} INFO - [2026-08-12T04:47:54.681+0000] {dag.py:4138} INFO - Setting next_dagrun for dataset_alias_example_alias_consumer to None, run_after=None
[2026-08-12T04:47:54.685+0000] {logging_mixin.py:190} INFO - [2026-08-12T04:47:54.685+0000] {dag.py:4138} INFO - Setting next_dagrun for dataset_alias_example_alias_producer to None, run_after=None
[2026-08-12T04:47:54.688+0000] {logging_mixin.py:190} INFO - [2026-08-12T04:47:54.688+0000] {dag.py:4138} INFO - Setting next_dagrun for dataset_s3_bucket_consumer to None, run_after=None
[2026-08-12T04:47:54.690+0000] {logging_mixin.py:190} INFO - [2026-08-12T04:47:54.690+0000] {dag.py:4138} INFO - Setting next_dagrun for dataset_s3_bucket_producer to None, run_after=None
[2026-08-12T04:47:54.944+0000] {processor.py:208} INFO - Processing /home/airflow/.local/lib/python3.12/site-packages/airflow/example_dags/example_dataset_alias.py took 0.520 seconds
[2026-08-12T04:48:25.255+0000] {processor.py:186} INFO - Started process (PID=1973) to work on /home/airflow/.local/lib/python3.12/site-packages/airflow/example_dags/example_dataset_alias.py
[2026-08-12T04:48:25.257+0000] {processor.py:914} INFO - Processing file /home/airflow/.local/lib/python3.12/site-packages/airflow/example_dags/example_dataset_alias.py for tasks to queue
[2026-08-12T04:48:25.260+0000] {logging_mixin.py:190} INFO - [2026-08-12T04:48:25.260+0000] {dagbag.py:587} INFO - Filling up the DagBag from /home/airflow/.local/lib/python3.12/site-packages/airflow/example_dags/example_dataset_alias.py
[2026-08-12T04:48:25.410+0000] {processor.py:925} INFO - DAG(s) 'dataset_s3_bucket_producer', 'dataset_alias_example_alias_consumer', 'dataset_s3_bucket_consumer', 'dataset_alias_example_alias_producer' retrieved from /home/airflow/.local/lib/python3.12/site-packages/airflow/example_dags/example_dataset_alias.py
[2026-08-12T04:48:25.431+0000] {logging_mixin.py:190} INFO - [2026-08-12T04:48:25.431+0000] {dag.py:3211} INFO - Sync 4 DAGs
[2026-08-12T04:48:25.452+0000] {logging_mixin.py:190} INFO - [2026-08-12T04:48:25.452+0000] {dag.py:4138} INFO - Setting next_dagrun for dataset_alias_example_alias_consumer to None, run_after=None
[2026-08-12T04:48:25.455+0000] {logging_mixin.py:190} INFO - [2026-08-12T04:48:25.455+0000] {dag.py:4138} INFO - Setting next_dagrun for dataset_alias_example_alias_producer to None, run_after=None
[2026-08-12T04:48:25.458+0000] {logging_mixin.py:190} INFO - [2026-08-12T04:48:25.458+0000] {dag.py:4138} INFO - Setting next_dagrun for dataset_s3_bucket_consumer to None, run_after=None
[2026-08-12T04:48:25.460+0000] {logging_mixin.py:190} INFO - [2026-08-12T04:48:25.460+0000] {dag.py:4138} INFO - Setting next_dagrun for dataset_s3_bucket_producer to None, run_after=None
[2026-08-12T04:48:25.689+0000] {processor.py:208} INFO - Processing /home/airflow/.local/lib/python3.12/site-packages/airflow/example_dags/example_dataset_alias.py took 0.442 seconds
[2026-08-12T04:48:56.327+0000] {processor.py:186} INFO - Started process (PID=2038) to work on /home/airflow/.local/lib/python3.12/site-packages/airflow/example_dags/example_dataset_alias.py
[2026-08-12T04:48:56.329+0000] {processor.py:914} INFO - Processing file /home/airflow/.local/lib/python3.12/site-packages/airflow/example_dags/example_dataset_alias.py for tasks to queue
[2026-08-12T04:48:56.332+0000] {logging_mixin.py:190} INFO - [2026-08-12T04:48:56.332+0000] {dagbag.py:587} INFO - Filling up the DagBag from /home/airflow/.local/lib/python3.12/site-packages/airflow/example_dags/example_dataset_alias.py
[2026-08-12T04:48:56.552+0000] {processor.py:925} INFO - DAG(s) 'dataset_s3_bucket_producer', 'dataset_alias_example_alias_consumer', 'dataset_s3_bucket_consumer', 'dataset_alias_example_alias_producer' retrieved from /home/airflow/.local/lib/python3.12/site-packages/airflow/example_dags/example_dataset_alias.py
[2026-08-12T04:48:56.581+0000] {logging_mixin.py:190} INFO - [2026-08-12T04:48:56.580+0000] {dag.py:3211} INFO - Sync 4 DAGs
[2026-08-12T04:48:56.609+0000] {logging_mixin.py:190} INFO - [2026-08-12T04:48:56.608+0000] {dag.py:4138} INFO - Setting next_dagrun for dataset_alias_example_alias_consumer to None, run_after=None
[2026-08-12T04:48:56.612+0000] {logging_mixin.py:190} INFO - [2026-08-12T04:48:56.612+0000] {dag.py:4138} INFO - Setting next_dagrun for dataset_alias_example_alias_producer to None, run_after=None
[2026-08-12T04:48:56.614+0000] {logging_mixin.py:190} INFO - [2026-08-12T04:48:56.614+0000] {dag.py:4138} INFO - Setting next_dagrun for dataset_s3_bucket_consumer to None, run_after=None
[2026-08-12T04:48:56.616+0000] {logging_mixin.py:190} INFO - [2026-08-12T04:48:56.616+0000] {dag.py:4138} INFO - Setting next_dagrun for dataset_s3_bucket_producer to None, run_after=None
[2026-08-12T04:48:56.647+0000] {processor.py:208} INFO - Processing /home/airflow/.local/lib/python3.12/site-packages/airflow/example_dags/example_dataset_alias.py took 0.329 seconds
