[2026-08-12T04:30:49.394+0000] {processor.py:186} INFO - Started process (PID=88) to work on /home/airflow/.local/lib/python3.12/site-packages/airflow/example_dags/example_time_delta_sensor_async.py
[2026-08-12T04:30:49.397+0000] {processor.py:914} INFO - Processing file /home/airflow/.local/lib/python3.12/site-packages/airflow/example_dags/example_time_delta_sensor_async.py for tasks to queue
[2026-08-12T04:30:49.404+0000] {logging_mixin.py:190} INFO - [2026-08-12T04:30:49.403+0000] {dagbag.py:587} INFO - Filling up the DagBag from /home/airflow/.local/lib/python3.12/site-packages/airflow/example_dags/example_time_delta_sensor_async.py
[2026-08-12T04:30:49.421+0000] {processor.py:925} INFO - DAG(s) 'example_time_delta_sensor_async' retrieved from /home/airflow/.local/lib/python3.12/site-packages/airflow/example_dags/example_time_delta_sensor_async.py
[2026-08-12T04:30:49.610+0000] {logging_mixin.py:190} INFO - [2026-08-12T04:30:49.610+0000] {override.py:1858} INFO - Created Permission View: can edit on DAG:example_time_delta_sensor_async
[2026-08-12T04:30:49.624+0000] {logging_mixin.py:190} INFO - [2026-08-12T04:30:49.624+0000] {override.py:1858} INFO - Created Permission View: can delete on DAG:example_time_delta_sensor_async
[2026-08-12T04:30:49.635+0000] {logging_mixin.py:190} INFO - [2026-08-12T04:30:49.634+0000] {override.py:1858} INFO - Created Permission View: can read on DAG:example_time_delta_sensor_async
[2026-08-12T04:30:49.636+0000] {logging_mixin.py:190} INFO - [2026-08-12T04:30:49.636+0000] {dag.py:3211} INFO - Sync 1 DAGs
[2026-08-12T04:30:49.653+0000] {logging_mixin.py:190} INFO - [2026-08-12T04:30:49.653+0000] {dag.py:3234} INFO - Creating ORM DAG for example_time_delta_sensor_async
[2026-08-12T04:30:49.655+0000] {logging_mixin.py:190} INFO - [2026-08-12T04:30:49.655+0000] {dag.py:4138} INFO - Setting next_dagrun for example_time_delta_sensor_async to None, run_after=None
[2026-08-12T04:30:49.681+0000] {processor.py:208} INFO - Processing /home/airflow/.local/lib/python3.12/site-packages/airflow/example_dags/example_time_delta_sensor_async.py took 0.298 seconds
[2026-08-12T04:31:20.108+0000] {processor.py:186} INFO - Started process (PID=150) to work on /home/airflow/.local/lib/python3.12/site-packages/airflow/example_dags/example_time_delta_sensor_async.py
[2026-08-12T04:31:20.110+0000] {processor.py:914} INFO - Processing file /home/airflow/.local/lib/python3.12/site-packages/airflow/example_dags/example_time_delta_sensor_async.py for tasks to queue
[2026-08-12T04:31:20.113+0000] {logging_mixin.py:190} INFO - [2026-08-12T04:31:20.113+0000] {dagbag.py:587} INFO - Filling up the DagBag from /home/airflow/.local/lib/python3.12/site-packages/airflow/example_dags/example_time_delta_sensor_async.py
[2026-08-12T04:31:20.119+0000] {processor.py:925} INFO - DAG(s) 'example_time_delta_sensor_async' retrieved from /home/airflow/.local/lib/python3.12/site-packages/airflow/example_dags/example_time_delta_sensor_async.py
[2026-08-12T04:31:20.140+0000] {logging_mixin.py:190} INFO - [2026-08-12T04:31:20.139+0000] {dag.py:3211} INFO - Sync 1 DAGs
[2026-08-12T04:31:20.155+0000] {logging_mixin.py:190} INFO - [2026-08-12T04:31:20.155+0000] {dag.py:4138} INFO - Setting next_dagrun for example_time_delta_sensor_async to None, run_after=None
[2026-08-12T04:31:20.175+0000] {processor.py:208} INFO - Processing /home/airflow/.local/lib/python3.12/site-packages/airflow/example_dags/example_time_delta_sensor_async.py took 0.072 seconds
[2026-08-12T04:31:50.277+0000] {processor.py:186} INFO - Started process (PID=211) to work on /home/airflow/.local/lib/python3.12/site-packages/airflow/example_dags/example_time_delta_sensor_async.py
[2026-08-12T04:31:50.279+0000] {processor.py:914} INFO - Processing file /home/airflow/.local/lib/python3.12/site-packages/airflow/example_dags/example_time_delta_sensor_async.py for tasks to queue
[2026-08-12T04:31:50.281+0000] {logging_mixin.py:190} INFO - [2026-08-12T04:31:50.281+0000] {dagbag.py:587} INFO - Filling up the DagBag from /home/airflow/.local/lib/python3.12/site-packages/airflow/example_dags/example_time_delta_sensor_async.py
[2026-08-12T04:31:50.288+0000] {processor.py:925} INFO - DAG(s) 'example_time_delta_sensor_async' retrieved from /home/airflow/.local/lib/python3.12/site-packages/airflow/example_dags/example_time_delta_sensor_async.py
[2026-08-12T04:31:50.306+0000] {logging_mixin.py:190} INFO - [2026-08-12T04:31:50.306+0000] {dag.py:3211} INFO - Sync 1 DAGs
[2026-08-12T04:31:50.318+0000] {logging_mixin.py:190} INFO - [2026-08-12T04:31:50.318+0000] {dag.py:4138} INFO - Setting next_dagrun for example_time_delta_sensor_async to None, run_after=None
[2026-08-12T04:31:50.336+0000] {processor.py:208} INFO - Processing /home/airflow/.local/lib/python3.12/site-packages/airflow/example_dags/example_time_delta_sensor_async.py took 0.064 seconds
[2026-08-12T04:33:03.380+0000] {processor.py:186} INFO - Started process (PID=85) to work on /home/airflow/.local/lib/python3.12/site-packages/airflow/example_dags/example_time_delta_sensor_async.py
[2026-08-12T04:33:03.383+0000] {processor.py:914} INFO - Processing file /home/airflow/.local/lib/python3.12/site-packages/airflow/example_dags/example_time_delta_sensor_async.py for tasks to queue
[2026-08-12T04:33:03.391+0000] {logging_mixin.py:190} INFO - [2026-08-12T04:33:03.390+0000] {dagbag.py:587} INFO - Filling up the DagBag from /home/airflow/.local/lib/python3.12/site-packages/airflow/example_dags/example_time_delta_sensor_async.py
[2026-08-12T04:33:03.412+0000] {processor.py:925} INFO - DAG(s) 'example_time_delta_sensor_async' retrieved from /home/airflow/.local/lib/python3.12/site-packages/airflow/example_dags/example_time_delta_sensor_async.py
[2026-08-12T04:33:03.496+0000] {logging_mixin.py:190} INFO - [2026-08-12T04:33:03.496+0000] {dag.py:3211} INFO - Sync 1 DAGs
[2026-08-12T04:33:03.546+0000] {logging_mixin.py:190} INFO - [2026-08-12T04:33:03.545+0000] {dag.py:4138} INFO - Setting next_dagrun for example_time_delta_sensor_async to None, run_after=None
[2026-08-12T04:33:03.599+0000] {processor.py:208} INFO - Processing /home/airflow/.local/lib/python3.12/site-packages/airflow/example_dags/example_time_delta_sensor_async.py took 0.230 seconds
[2026-08-12T04:33:33.654+0000] {processor.py:186} INFO - Started process (PID=146) to work on /home/airflow/.local/lib/python3.12/site-packages/airflow/example_dags/example_time_delta_sensor_async.py
[2026-08-12T04:33:33.656+0000] {processor.py:914} INFO - Processing file /home/airflow/.local/lib/python3.12/site-packages/airflow/example_dags/example_time_delta_sensor_async.py for tasks to queue
[2026-08-12T04:33:33.661+0000] {logging_mixin.py:190} INFO - [2026-08-12T04:33:33.660+0000] {dagbag.py:587} INFO - Filling up the DagBag from /home/airflow/.local/lib/python3.12/site-packages/airflow/example_dags/example_time_delta_sensor_async.py
[2026-08-12T04:33:33.673+0000] {processor.py:925} INFO - DAG(s) 'example_time_delta_sensor_async' retrieved from /home/airflow/.local/lib/python3.12/site-packages/airflow/example_dags/example_time_delta_sensor_async.py
[2026-08-12T04:33:33.701+0000] {logging_mixin.py:190} INFO - [2026-08-12T04:33:33.700+0000] {dag.py:3211} INFO - Sync 1 DAGs
[2026-08-12T04:33:33.718+0000] {logging_mixin.py:190} INFO - [2026-08-12T04:33:33.718+0000] {dag.py:4138} INFO - Setting next_dagrun for example_time_delta_sensor_async to None, run_after=None
[2026-08-12T04:33:33.750+0000] {processor.py:208} INFO - Processing /home/airflow/.local/lib/python3.12/site-packages/airflow/example_dags/example_time_delta_sensor_async.py took 0.103 seconds
[2026-08-12T04:34:03.855+0000] {processor.py:186} INFO - Started process (PID=208) to work on /home/airflow/.local/lib/python3.12/site-packages/airflow/example_dags/example_time_delta_sensor_async.py
[2026-08-12T04:34:03.857+0000] {processor.py:914} INFO - Processing file /home/airflow/.local/lib/python3.12/site-packages/airflow/example_dags/example_time_delta_sensor_async.py for tasks to queue
[2026-08-12T04:34:03.861+0000] {logging_mixin.py:190} INFO - [2026-08-12T04:34:03.861+0000] {dagbag.py:587} INFO - Filling up the DagBag from /home/airflow/.local/lib/python3.12/site-packages/airflow/example_dags/example_time_delta_sensor_async.py
[2026-08-12T04:34:03.874+0000] {processor.py:925} INFO - DAG(s) 'example_time_delta_sensor_async' retrieved from /home/airflow/.local/lib/python3.12/site-packages/airflow/example_dags/example_time_delta_sensor_async.py
[2026-08-12T04:34:03.900+0000] {logging_mixin.py:190} INFO - [2026-08-12T04:34:03.899+0000] {dag.py:3211} INFO - Sync 1 DAGs
[2026-08-12T04:34:03.916+0000] {logging_mixin.py:190} INFO - [2026-08-12T04:34:03.915+0000] {dag.py:4138} INFO - Setting next_dagrun for example_time_delta_sensor_async to None, run_after=None
[2026-08-12T04:34:03.940+0000] {processor.py:208} INFO - Processing /home/airflow/.local/lib/python3.12/site-packages/airflow/example_dags/example_time_delta_sensor_async.py took 0.093 seconds
[2026-08-12T04:34:34.848+0000] {processor.py:186} INFO - Started process (PID=270) to work on /home/airflow/.local/lib/python3.12/site-packages/airflow/example_dags/example_time_delta_sensor_async.py
[2026-08-12T04:34:34.850+0000] {processor.py:914} INFO - Processing file /home/airflow/.local/lib/python3.12/site-packages/airflow/example_dags/example_time_delta_sensor_async.py for tasks to queue
[2026-08-12T04:34:34.853+0000] {logging_mixin.py:190} INFO - [2026-08-12T04:34:34.853+0000] {dagbag.py:587} INFO - Filling up the DagBag from /home/airflow/.local/lib/python3.12/site-packages/airflow/example_dags/example_time_delta_sensor_async.py
[2026-08-12T04:34:34.870+0000] {processor.py:925} INFO - DAG(s) 'example_time_delta_sensor_async' retrieved from /home/airflow/.local/lib/python3.12/site-packages/airflow/example_dags/example_time_delta_sensor_async.py
[2026-08-12T04:34:34.902+0000] {logging_mixin.py:190} INFO - [2026-08-12T04:34:34.902+0000] {dag.py:3211} INFO - Sync 1 DAGs
[2026-08-12T04:34:34.929+0000] {logging_mixin.py:190} INFO - [2026-08-12T04:34:34.929+0000] {dag.py:4138} INFO - Setting next_dagrun for example_time_delta_sensor_async to None, run_after=None
[2026-08-12T04:34:34.954+0000] {processor.py:208} INFO - Processing /home/airflow/.local/lib/python3.12/site-packages/airflow/example_dags/example_time_delta_sensor_async.py took 0.115 seconds
[2026-08-12T04:35:05.036+0000] {processor.py:186} INFO - Started process (PID=332) to work on /home/airflow/.local/lib/python3.12/site-packages/airflow/example_dags/example_time_delta_sensor_async.py
[2026-08-12T04:35:05.038+0000] {processor.py:914} INFO - Processing file /home/airflow/.local/lib/python3.12/site-packages/airflow/example_dags/example_time_delta_sensor_async.py for tasks to queue
[2026-08-12T04:35:05.041+0000] {logging_mixin.py:190} INFO - [2026-08-12T04:35:05.041+0000] {dagbag.py:587} INFO - Filling up the DagBag from /home/airflow/.local/lib/python3.12/site-packages/airflow/example_dags/example_time_delta_sensor_async.py
[2026-08-12T04:35:05.048+0000] {processor.py:925} INFO - DAG(s) 'example_time_delta_sensor_async' retrieved from /home/airflow/.local/lib/python3.12/site-packages/airflow/example_dags/example_time_delta_sensor_async.py
[2026-08-12T04:35:05.068+0000] {logging_mixin.py:190} INFO - [2026-08-12T04:35:05.068+0000] {dag.py:3211} INFO - Sync 1 DAGs
[2026-08-12T04:35:05.082+0000] {logging_mixin.py:190} INFO - [2026-08-12T04:35:05.082+0000] {dag.py:4138} INFO - Setting next_dagrun for example_time_delta_sensor_async to None, run_after=None
[2026-08-12T04:35:05.113+0000] {processor.py:208} INFO - Processing /home/airflow/.local/lib/python3.12/site-packages/airflow/example_dags/example_time_delta_sensor_async.py took 0.082 seconds
[2026-08-12T04:35:35.479+0000] {processor.py:186} INFO - Started process (PID=394) to work on /home/airflow/.local/lib/python3.12/site-packages/airflow/example_dags/example_time_delta_sensor_async.py
[2026-08-12T04:35:35.481+0000] {processor.py:914} INFO - Processing file /home/airflow/.local/lib/python3.12/site-packages/airflow/example_dags/example_time_delta_sensor_async.py for tasks to queue
[2026-08-12T04:35:35.483+0000] {logging_mixin.py:190} INFO - [2026-08-12T04:35:35.483+0000] {dagbag.py:587} INFO - Filling up the DagBag from /home/airflow/.local/lib/python3.12/site-packages/airflow/example_dags/example_time_delta_sensor_async.py
[2026-08-12T04:35:35.490+0000] {processor.py:925} INFO - DAG(s) 'example_time_delta_sensor_async' retrieved from /home/airflow/.local/lib/python3.12/site-packages/airflow/example_dags/example_time_delta_sensor_async.py
[2026-08-12T04:35:35.510+0000] {logging_mixin.py:190} INFO - [2026-08-12T04:35:35.510+0000] {dag.py:3211} INFO - Sync 1 DAGs
[2026-08-12T04:35:35.523+0000] {logging_mixin.py:190} INFO - [2026-08-12T04:35:35.523+0000] {dag.py:4138} INFO - Setting next_dagrun for example_time_delta_sensor_async to None, run_after=None
[2026-08-12T04:35:35.542+0000] {processor.py:208} INFO - Processing /home/airflow/.local/lib/python3.12/site-packages/airflow/example_dags/example_time_delta_sensor_async.py took 0.068 seconds
[2026-08-12T04:36:05.913+0000] {processor.py:186} INFO - Started process (PID=456) to work on /home/airflow/.local/lib/python3.12/site-packages/airflow/example_dags/example_time_delta_sensor_async.py
[2026-08-12T04:36:05.915+0000] {processor.py:914} INFO - Processing file /home/airflow/.local/lib/python3.12/site-packages/airflow/example_dags/example_time_delta_sensor_async.py for tasks to queue
[2026-08-12T04:36:05.917+0000] {logging_mixin.py:190} INFO - [2026-08-12T04:36:05.917+0000] {dagbag.py:587} INFO - Filling up the DagBag from /home/airflow/.local/lib/python3.12/site-packages/airflow/example_dags/example_time_delta_sensor_async.py
[2026-08-12T04:36:05.923+0000] {processor.py:925} INFO - DAG(s) 'example_time_delta_sensor_async' retrieved from /home/airflow/.local/lib/python3.12/site-packages/airflow/example_dags/example_time_delta_sensor_async.py
[2026-08-12T04:36:05.950+0000] {logging_mixin.py:190} INFO - [2026-08-12T04:36:05.949+0000] {dag.py:3211} INFO - Sync 1 DAGs
[2026-08-12T04:36:05.967+0000] {logging_mixin.py:190} INFO - [2026-08-12T04:36:05.967+0000] {dag.py:4138} INFO - Setting next_dagrun for example_time_delta_sensor_async to None, run_after=None
[2026-08-12T04:36:05.994+0000] {processor.py:208} INFO - Processing /home/airflow/.local/lib/python3.12/site-packages/airflow/example_dags/example_time_delta_sensor_async.py took 0.086 seconds
[2026-08-12T04:36:36.196+0000] {processor.py:186} INFO - Started process (PID=518) to work on /home/airflow/.local/lib/python3.12/site-packages/airflow/example_dags/example_time_delta_sensor_async.py
[2026-08-12T04:36:36.198+0000] {processor.py:914} INFO - Processing file /home/airflow/.local/lib/python3.12/site-packages/airflow/example_dags/example_time_delta_sensor_async.py for tasks to queue
[2026-08-12T04:36:36.200+0000] {logging_mixin.py:190} INFO - [2026-08-12T04:36:36.200+0000] {dagbag.py:587} INFO - Filling up the DagBag from /home/airflow/.local/lib/python3.12/site-packages/airflow/example_dags/example_time_delta_sensor_async.py
[2026-08-12T04:36:36.207+0000] {processor.py:925} INFO - DAG(s) 'example_time_delta_sensor_async' retrieved from /home/airflow/.local/lib/python3.12/site-packages/airflow/example_dags/example_time_delta_sensor_async.py
[2026-08-12T04:36:36.228+0000] {logging_mixin.py:190} INFO - [2026-08-12T04:36:36.228+0000] {dag.py:3211} INFO - Sync 1 DAGs
[2026-08-12T04:36:36.241+0000] {logging_mixin.py:190} INFO - [2026-08-12T04:36:36.241+0000] {dag.py:4138} INFO - Setting next_dagrun for example_time_delta_sensor_async to None, run_after=None
[2026-08-12T04:36:36.267+0000] {processor.py:208} INFO - Processing /home/airflow/.local/lib/python3.12/site-packages/airflow/example_dags/example_time_delta_sensor_async.py took 0.076 seconds
[2026-08-12T04:37:06.657+0000] {processor.py:186} INFO - Started process (PID=580) to work on /home/airflow/.local/lib/python3.12/site-packages/airflow/example_dags/example_time_delta_sensor_async.py
[2026-08-12T04:37:06.658+0000] {processor.py:914} INFO - Processing file /home/airflow/.local/lib/python3.12/site-packages/airflow/example_dags/example_time_delta_sensor_async.py for tasks to queue
[2026-08-12T04:37:06.661+0000] {logging_mixin.py:190} INFO - [2026-08-12T04:37:06.661+0000] {dagbag.py:587} INFO - Filling up the DagBag from /home/airflow/.local/lib/python3.12/site-packages/airflow/example_dags/example_time_delta_sensor_async.py
[2026-08-12T04:37:06.668+0000] {processor.py:925} INFO - DAG(s) 'example_time_delta_sensor_async' retrieved from /home/airflow/.local/lib/python3.12/site-packages/airflow/example_dags/example_time_delta_sensor_async.py
[2026-08-12T04:37:06.688+0000] {logging_mixin.py:190} INFO - [2026-08-12T04:37:06.688+0000] {dag.py:3211} INFO - Sync 1 DAGs
[2026-08-12T04:37:06.702+0000] {logging_mixin.py:190} INFO - [2026-08-12T04:37:06.702+0000] {dag.py:4138} INFO - Setting next_dagrun for example_time_delta_sensor_async to None, run_after=None
[2026-08-12T04:37:06.720+0000] {processor.py:208} INFO - Processing /home/airflow/.local/lib/python3.12/site-packages/airflow/example_dags/example_time_delta_sensor_async.py took 0.068 seconds
[2026-08-12T04:37:37.245+0000] {processor.py:186} INFO - Started process (PID=642) to work on /home/airflow/.local/lib/python3.12/site-packages/airflow/example_dags/example_time_delta_sensor_async.py
[2026-08-12T04:37:37.248+0000] {processor.py:914} INFO - Processing file /home/airflow/.local/lib/python3.12/site-packages/airflow/example_dags/example_time_delta_sensor_async.py for tasks to queue
[2026-08-12T04:37:37.251+0000] {logging_mixin.py:190} INFO - [2026-08-12T04:37:37.250+0000] {dagbag.py:587} INFO - Filling up the DagBag from /home/airflow/.local/lib/python3.12/site-packages/airflow/example_dags/example_time_delta_sensor_async.py
[2026-08-12T04:37:37.260+0000] {processor.py:925} INFO - DAG(s) 'example_time_delta_sensor_async' retrieved from /home/airflow/.local/lib/python3.12/site-packages/airflow/example_dags/example_time_delta_sensor_async.py
[2026-08-12T04:37:37.285+0000] {logging_mixin.py:190} INFO - [2026-08-12T04:37:37.284+0000] {dag.py:3211} INFO - Sync 1 DAGs
[2026-08-12T04:37:37.304+0000] {logging_mixin.py:190} INFO - [2026-08-12T04:37:37.303+0000] {dag.py:4138} INFO - Setting next_dagrun for example_time_delta_sensor_async to None, run_after=None
[2026-08-12T04:37:37.331+0000] {processor.py:208} INFO - Processing /home/airflow/.local/lib/python3.12/site-packages/airflow/example_dags/example_time_delta_sensor_async.py took 0.095 seconds
[2026-08-12T04:38:07.848+0000] {processor.py:186} INFO - Started process (PID=704) to work on /home/airflow/.local/lib/python3.12/site-packages/airflow/example_dags/example_time_delta_sensor_async.py
[2026-08-12T04:38:07.849+0000] {processor.py:914} INFO - Processing file /home/airflow/.local/lib/python3.12/site-packages/airflow/example_dags/example_time_delta_sensor_async.py for tasks to queue
[2026-08-12T04:38:07.852+0000] {logging_mixin.py:190} INFO - [2026-08-12T04:38:07.852+0000] {dagbag.py:587} INFO - Filling up the DagBag from /home/airflow/.local/lib/python3.12/site-packages/airflow/example_dags/example_time_delta_sensor_async.py
[2026-08-12T04:38:07.861+0000] {processor.py:925} INFO - DAG(s) 'example_time_delta_sensor_async' retrieved from /home/airflow/.local/lib/python3.12/site-packages/airflow/example_dags/example_time_delta_sensor_async.py
[2026-08-12T04:38:07.890+0000] {logging_mixin.py:190} INFO - [2026-08-12T04:38:07.890+0000] {dag.py:3211} INFO - Sync 1 DAGs
[2026-08-12T04:38:07.913+0000] {logging_mixin.py:190} INFO - [2026-08-12T04:38:07.913+0000] {dag.py:4138} INFO - Setting next_dagrun for example_time_delta_sensor_async to None, run_after=None
[2026-08-12T04:38:07.961+0000] {processor.py:208} INFO - Processing /home/airflow/.local/lib/python3.12/site-packages/airflow/example_dags/example_time_delta_sensor_async.py took 0.119 seconds
[2026-08-12T04:38:38.231+0000] {processor.py:186} INFO - Started process (PID=766) to work on /home/airflow/.local/lib/python3.12/site-packages/airflow/example_dags/example_time_delta_sensor_async.py
[2026-08-12T04:38:38.232+0000] {processor.py:914} INFO - Processing file /home/airflow/.local/lib/python3.12/site-packages/airflow/example_dags/example_time_delta_sensor_async.py for tasks to queue
[2026-08-12T04:38:38.235+0000] {logging_mixin.py:190} INFO - [2026-08-12T04:38:38.235+0000] {dagbag.py:587} INFO - Filling up the DagBag from /home/airflow/.local/lib/python3.12/site-packages/airflow/example_dags/example_time_delta_sensor_async.py
[2026-08-12T04:38:38.243+0000] {processor.py:925} INFO - DAG(s) 'example_time_delta_sensor_async' retrieved from /home/airflow/.local/lib/python3.12/site-packages/airflow/example_dags/example_time_delta_sensor_async.py
[2026-08-12T04:38:38.264+0000] {logging_mixin.py:190} INFO - [2026-08-12T04:38:38.264+0000] {dag.py:3211} INFO - Sync 1 DAGs
[2026-08-12T04:38:38.278+0000] {logging_mixin.py:190} INFO - [2026-08-12T04:38:38.277+0000] {dag.py:4138} INFO - Setting next_dagrun for example_time_delta_sensor_async to None, run_after=None
[2026-08-12T04:38:38.297+0000] {processor.py:208} INFO - Processing /home/airflow/.local/lib/python3.12/site-packages/airflow/example_dags/example_time_delta_sensor_async.py took 0.072 seconds
[2026-08-12T04:39:08.664+0000] {processor.py:186} INFO - Started process (PID=828) to work on /home/airflow/.local/lib/python3.12/site-packages/airflow/example_dags/example_time_delta_sensor_async.py
[2026-08-12T04:39:08.666+0000] {processor.py:914} INFO - Processing file /home/airflow/.local/lib/python3.12/site-packages/airflow/example_dags/example_time_delta_sensor_async.py for tasks to queue
[2026-08-12T04:39:08.670+0000] {logging_mixin.py:190} INFO - [2026-08-12T04:39:08.669+0000] {dagbag.py:587} INFO - Filling up the DagBag from /home/airflow/.local/lib/python3.12/site-packages/airflow/example_dags/example_time_delta_sensor_async.py
[2026-08-12T04:39:08.678+0000] {processor.py:925} INFO - DAG(s) 'example_time_delta_sensor_async' retrieved from /home/airflow/.local/lib/python3.12/site-packages/airflow/example_dags/example_time_delta_sensor_async.py
[2026-08-12T04:39:08.709+0000] {logging_mixin.py:190} INFO - [2026-08-12T04:39:08.708+0000] {dag.py:3211} INFO - Sync 1 DAGs
[2026-08-12T04:39:08.723+0000] {logging_mixin.py:190} INFO - [2026-08-12T04:39:08.722+0000] {dag.py:4138} INFO - Setting next_dagrun for example_time_delta_sensor_async to None, run_after=None
[2026-08-12T04:39:08.748+0000] {processor.py:208} INFO - Processing /home/airflow/.local/lib/python3.12/site-packages/airflow/example_dags/example_time_delta_sensor_async.py took 0.093 seconds
[2026-08-12T04:39:39.558+0000] {processor.py:186} INFO - Started process (PID=890) to work on /home/airflow/.local/lib/python3.12/site-packages/airflow/example_dags/example_time_delta_sensor_async.py
[2026-08-12T04:39:39.560+0000] {processor.py:914} INFO - Processing file /home/airflow/.local/lib/python3.12/site-packages/airflow/example_dags/example_time_delta_sensor_async.py for tasks to queue
[2026-08-12T04:39:39.564+0000] {logging_mixin.py:190} INFO - [2026-08-12T04:39:39.563+0000] {dagbag.py:587} INFO - Filling up the DagBag from /home/airflow/.local/lib/python3.12/site-packages/airflow/example_dags/example_time_delta_sensor_async.py
[2026-08-12T04:39:39.572+0000] {processor.py:925} INFO - DAG(s) 'example_time_delta_sensor_async' retrieved from /home/airflow/.local/lib/python3.12/site-packages/airflow/example_dags/example_time_delta_sensor_async.py
[2026-08-12T04:39:39.594+0000] {logging_mixin.py:190} INFO - [2026-08-12T04:39:39.593+0000] {dag.py:3211} INFO - Sync 1 DAGs
[2026-08-12T04:39:39.607+0000] {logging_mixin.py:190} INFO - [2026-08-12T04:39:39.606+0000] {dag.py:4138} INFO - Setting next_dagrun for example_time_delta_sensor_async to None, run_after=None
[2026-08-12T04:39:39.626+0000] {processor.py:208} INFO - Processing /home/airflow/.local/lib/python3.12/site-packages/airflow/example_dags/example_time_delta_sensor_async.py took 0.074 seconds
[2026-08-12T04:40:10.121+0000] {processor.py:186} INFO - Started process (PID=952) to work on /home/airflow/.local/lib/python3.12/site-packages/airflow/example_dags/example_time_delta_sensor_async.py
[2026-08-12T04:40:10.122+0000] {processor.py:914} INFO - Processing file /home/airflow/.local/lib/python3.12/site-packages/airflow/example_dags/example_time_delta_sensor_async.py for tasks to queue
[2026-08-12T04:40:10.126+0000] {logging_mixin.py:190} INFO - [2026-08-12T04:40:10.125+0000] {dagbag.py:587} INFO - Filling up the DagBag from /home/airflow/.local/lib/python3.12/site-packages/airflow/example_dags/example_time_delta_sensor_async.py
[2026-08-12T04:40:10.134+0000] {processor.py:925} INFO - DAG(s) 'example_time_delta_sensor_async' retrieved from /home/airflow/.local/lib/python3.12/site-packages/airflow/example_dags/example_time_delta_sensor_async.py
[2026-08-12T04:40:10.156+0000] {logging_mixin.py:190} INFO - [2026-08-12T04:40:10.156+0000] {dag.py:3211} INFO - Sync 1 DAGs
[2026-08-12T04:40:10.185+0000] {logging_mixin.py:190} INFO - [2026-08-12T04:40:10.182+0000] {dag.py:4138} INFO - Setting next_dagrun for example_time_delta_sensor_async to None, run_after=None
[2026-08-12T04:40:10.222+0000] {processor.py:208} INFO - Processing /home/airflow/.local/lib/python3.12/site-packages/airflow/example_dags/example_time_delta_sensor_async.py took 0.108 seconds
[2026-08-12T04:40:40.569+0000] {processor.py:186} INFO - Started process (PID=1014) to work on /home/airflow/.local/lib/python3.12/site-packages/airflow/example_dags/example_time_delta_sensor_async.py
[2026-08-12T04:40:40.570+0000] {processor.py:914} INFO - Processing file /home/airflow/.local/lib/python3.12/site-packages/airflow/example_dags/example_time_delta_sensor_async.py for tasks to queue
[2026-08-12T04:40:40.573+0000] {logging_mixin.py:190} INFO - [2026-08-12T04:40:40.573+0000] {dagbag.py:587} INFO - Filling up the DagBag from /home/airflow/.local/lib/python3.12/site-packages/airflow/example_dags/example_time_delta_sensor_async.py
[2026-08-12T04:40:40.580+0000] {processor.py:925} INFO - DAG(s) 'example_time_delta_sensor_async' retrieved from /home/airflow/.local/lib/python3.12/site-packages/airflow/example_dags/example_time_delta_sensor_async.py
[2026-08-12T04:40:40.601+0000] {logging_mixin.py:190} INFO - [2026-08-12T04:40:40.601+0000] {dag.py:3211} INFO - Sync 1 DAGs
[2026-08-12T04:40:40.616+0000] {logging_mixin.py:190} INFO - [2026-08-12T04:40:40.616+0000] {dag.py:4138} INFO - Setting next_dagrun for example_time_delta_sensor_async to None, run_after=None
[2026-08-12T04:40:40.638+0000] {processor.py:208} INFO - Processing /home/airflow/.local/lib/python3.12/site-packages/airflow/example_dags/example_time_delta_sensor_async.py took 0.075 seconds
[2026-08-12T04:41:10.918+0000] {processor.py:186} INFO - Started process (PID=1076) to work on /home/airflow/.local/lib/python3.12/site-packages/airflow/example_dags/example_time_delta_sensor_async.py
[2026-08-12T04:41:10.920+0000] {processor.py:914} INFO - Processing file /home/airflow/.local/lib/python3.12/site-packages/airflow/example_dags/example_time_delta_sensor_async.py for tasks to queue
[2026-08-12T04:41:10.923+0000] {logging_mixin.py:190} INFO - [2026-08-12T04:41:10.923+0000] {dagbag.py:587} INFO - Filling up the DagBag from /home/airflow/.local/lib/python3.12/site-packages/airflow/example_dags/example_time_delta_sensor_async.py
[2026-08-12T04:41:10.930+0000] {processor.py:925} INFO - DAG(s) 'example_time_delta_sensor_async' retrieved from /home/airflow/.local/lib/python3.12/site-packages/airflow/example_dags/example_time_delta_sensor_async.py
[2026-08-12T04:41:10.948+0000] {logging_mixin.py:190} INFO - [2026-08-12T04:41:10.948+0000] {dag.py:3211} INFO - Sync 1 DAGs
[2026-08-12T04:41:10.960+0000] {logging_mixin.py:190} INFO - [2026-08-12T04:41:10.960+0000] {dag.py:4138} INFO - Setting next_dagrun for example_time_delta_sensor_async to None, run_after=None
[2026-08-12T04:41:10.978+0000] {processor.py:208} INFO - Processing /home/airflow/.local/lib/python3.12/site-packages/airflow/example_dags/example_time_delta_sensor_async.py took 0.065 seconds
[2026-08-12T04:41:41.668+0000] {processor.py:186} INFO - Started process (PID=1138) to work on /home/airflow/.local/lib/python3.12/site-packages/airflow/example_dags/example_time_delta_sensor_async.py
[2026-08-12T04:41:41.670+0000] {processor.py:914} INFO - Processing file /home/airflow/.local/lib/python3.12/site-packages/airflow/example_dags/example_time_delta_sensor_async.py for tasks to queue
[2026-08-12T04:41:41.673+0000] {logging_mixin.py:190} INFO - [2026-08-12T04:41:41.673+0000] {dagbag.py:587} INFO - Filling up the DagBag from /home/airflow/.local/lib/python3.12/site-packages/airflow/example_dags/example_time_delta_sensor_async.py
[2026-08-12T04:41:41.680+0000] {processor.py:925} INFO - DAG(s) 'example_time_delta_sensor_async' retrieved from /home/airflow/.local/lib/python3.12/site-packages/airflow/example_dags/example_time_delta_sensor_async.py
[2026-08-12T04:41:41.700+0000] {logging_mixin.py:190} INFO - [2026-08-12T04:41:41.700+0000] {dag.py:3211} INFO - Sync 1 DAGs
[2026-08-12T04:41:41.714+0000] {logging_mixin.py:190} INFO - [2026-08-12T04:41:41.714+0000] {dag.py:4138} INFO - Setting next_dagrun for example_time_delta_sensor_async to None, run_after=None
[2026-08-12T04:41:41.734+0000] {processor.py:208} INFO - Processing /home/airflow/.local/lib/python3.12/site-packages/airflow/example_dags/example_time_delta_sensor_async.py took 0.071 seconds
[2026-08-12T04:42:12.180+0000] {processor.py:186} INFO - Started process (PID=1200) to work on /home/airflow/.local/lib/python3.12/site-packages/airflow/example_dags/example_time_delta_sensor_async.py
[2026-08-12T04:42:12.183+0000] {processor.py:914} INFO - Processing file /home/airflow/.local/lib/python3.12/site-packages/airflow/example_dags/example_time_delta_sensor_async.py for tasks to queue
[2026-08-12T04:42:12.186+0000] {logging_mixin.py:190} INFO - [2026-08-12T04:42:12.186+0000] {dagbag.py:587} INFO - Filling up the DagBag from /home/airflow/.local/lib/python3.12/site-packages/airflow/example_dags/example_time_delta_sensor_async.py
[2026-08-12T04:42:12.194+0000] {processor.py:925} INFO - DAG(s) 'example_time_delta_sensor_async' retrieved from /home/airflow/.local/lib/python3.12/site-packages/airflow/example_dags/example_time_delta_sensor_async.py
[2026-08-12T04:42:12.216+0000] {logging_mixin.py:190} INFO - [2026-08-12T04:42:12.216+0000] {dag.py:3211} INFO - Sync 1 DAGs
[2026-08-12T04:42:12.232+0000] {logging_mixin.py:190} INFO - [2026-08-12T04:42:12.232+0000] {dag.py:4138} INFO - Setting next_dagrun for example_time_delta_sensor_async to None, run_after=None
[2026-08-12T04:42:12.252+0000] {processor.py:208} INFO - Processing /home/airflow/.local/lib/python3.12/site-packages/airflow/example_dags/example_time_delta_sensor_async.py took 0.078 seconds
[2026-08-12T04:42:42.561+0000] {processor.py:186} INFO - Started process (PID=1262) to work on /home/airflow/.local/lib/python3.12/site-packages/airflow/example_dags/example_time_delta_sensor_async.py
[2026-08-12T04:42:42.563+0000] {processor.py:914} INFO - Processing file /home/airflow/.local/lib/python3.12/site-packages/airflow/example_dags/example_time_delta_sensor_async.py for tasks to queue
[2026-08-12T04:42:42.567+0000] {logging_mixin.py:190} INFO - [2026-08-12T04:42:42.566+0000] {dagbag.py:587} INFO - Filling up the DagBag from /home/airflow/.local/lib/python3.12/site-packages/airflow/example_dags/example_time_delta_sensor_async.py
[2026-08-12T04:42:42.576+0000] {processor.py:925} INFO - DAG(s) 'example_time_delta_sensor_async' retrieved from /home/airflow/.local/lib/python3.12/site-packages/airflow/example_dags/example_time_delta_sensor_async.py
[2026-08-12T04:42:42.599+0000] {logging_mixin.py:190} INFO - [2026-08-12T04:42:42.599+0000] {dag.py:3211} INFO - Sync 1 DAGs
[2026-08-12T04:42:42.613+0000] {logging_mixin.py:190} INFO - [2026-08-12T04:42:42.612+0000] {dag.py:4138} INFO - Setting next_dagrun for example_time_delta_sensor_async to None, run_after=None
[2026-08-12T04:42:42.631+0000] {processor.py:208} INFO - Processing /home/airflow/.local/lib/python3.12/site-packages/airflow/example_dags/example_time_delta_sensor_async.py took 0.076 seconds
[2026-08-12T04:43:12.919+0000] {processor.py:186} INFO - Started process (PID=1324) to work on /home/airflow/.local/lib/python3.12/site-packages/airflow/example_dags/example_time_delta_sensor_async.py
[2026-08-12T04:43:12.921+0000] {processor.py:914} INFO - Processing file /home/airflow/.local/lib/python3.12/site-packages/airflow/example_dags/example_time_delta_sensor_async.py for tasks to queue
[2026-08-12T04:43:12.925+0000] {logging_mixin.py:190} INFO - [2026-08-12T04:43:12.924+0000] {dagbag.py:587} INFO - Filling up the DagBag from /home/airflow/.local/lib/python3.12/site-packages/airflow/example_dags/example_time_delta_sensor_async.py
[2026-08-12T04:43:12.934+0000] {processor.py:925} INFO - DAG(s) 'example_time_delta_sensor_async' retrieved from /home/airflow/.local/lib/python3.12/site-packages/airflow/example_dags/example_time_delta_sensor_async.py
[2026-08-12T04:43:12.955+0000] {logging_mixin.py:190} INFO - [2026-08-12T04:43:12.955+0000] {dag.py:3211} INFO - Sync 1 DAGs
[2026-08-12T04:43:12.976+0000] {logging_mixin.py:190} INFO - [2026-08-12T04:43:12.976+0000] {dag.py:4138} INFO - Setting next_dagrun for example_time_delta_sensor_async to None, run_after=None
[2026-08-12T04:43:12.998+0000] {processor.py:208} INFO - Processing /home/airflow/.local/lib/python3.12/site-packages/airflow/example_dags/example_time_delta_sensor_async.py took 0.084 seconds
[2026-08-12T04:43:43.296+0000] {processor.py:186} INFO - Started process (PID=1386) to work on /home/airflow/.local/lib/python3.12/site-packages/airflow/example_dags/example_time_delta_sensor_async.py
[2026-08-12T04:43:43.298+0000] {processor.py:914} INFO - Processing file /home/airflow/.local/lib/python3.12/site-packages/airflow/example_dags/example_time_delta_sensor_async.py for tasks to queue
[2026-08-12T04:43:43.301+0000] {logging_mixin.py:190} INFO - [2026-08-12T04:43:43.300+0000] {dagbag.py:587} INFO - Filling up the DagBag from /home/airflow/.local/lib/python3.12/site-packages/airflow/example_dags/example_time_delta_sensor_async.py
[2026-08-12T04:43:43.310+0000] {processor.py:925} INFO - DAG(s) 'example_time_delta_sensor_async' retrieved from /home/airflow/.local/lib/python3.12/site-packages/airflow/example_dags/example_time_delta_sensor_async.py
[2026-08-12T04:43:43.331+0000] {logging_mixin.py:190} INFO - [2026-08-12T04:43:43.331+0000] {dag.py:3211} INFO - Sync 1 DAGs
[2026-08-12T04:43:43.345+0000] {logging_mixin.py:190} INFO - [2026-08-12T04:43:43.345+0000] {dag.py:4138} INFO - Setting next_dagrun for example_time_delta_sensor_async to None, run_after=None
[2026-08-12T04:43:43.367+0000] {processor.py:208} INFO - Processing /home/airflow/.local/lib/python3.12/site-packages/airflow/example_dags/example_time_delta_sensor_async.py took 0.077 seconds
[2026-08-12T04:44:14.046+0000] {processor.py:186} INFO - Started process (PID=1448) to work on /home/airflow/.local/lib/python3.12/site-packages/airflow/example_dags/example_time_delta_sensor_async.py
[2026-08-12T04:44:14.048+0000] {processor.py:914} INFO - Processing file /home/airflow/.local/lib/python3.12/site-packages/airflow/example_dags/example_time_delta_sensor_async.py for tasks to queue
[2026-08-12T04:44:14.051+0000] {logging_mixin.py:190} INFO - [2026-08-12T04:44:14.051+0000] {dagbag.py:587} INFO - Filling up the DagBag from /home/airflow/.local/lib/python3.12/site-packages/airflow/example_dags/example_time_delta_sensor_async.py
[2026-08-12T04:44:14.060+0000] {processor.py:925} INFO - DAG(s) 'example_time_delta_sensor_async' retrieved from /home/airflow/.local/lib/python3.12/site-packages/airflow/example_dags/example_time_delta_sensor_async.py
[2026-08-12T04:44:14.091+0000] {logging_mixin.py:190} INFO - [2026-08-12T04:44:14.090+0000] {dag.py:3211} INFO - Sync 1 DAGs
[2026-08-12T04:44:14.120+0000] {logging_mixin.py:190} INFO - [2026-08-12T04:44:14.118+0000] {dag.py:4138} INFO - Setting next_dagrun for example_time_delta_sensor_async to None, run_after=None
[2026-08-12T04:44:14.158+0000] {processor.py:208} INFO - Processing /home/airflow/.local/lib/python3.12/site-packages/airflow/example_dags/example_time_delta_sensor_async.py took 0.118 seconds
[2026-08-12T04:44:44.504+0000] {processor.py:186} INFO - Started process (PID=1511) to work on /home/airflow/.local/lib/python3.12/site-packages/airflow/example_dags/example_time_delta_sensor_async.py
[2026-08-12T04:44:44.506+0000] {processor.py:914} INFO - Processing file /home/airflow/.local/lib/python3.12/site-packages/airflow/example_dags/example_time_delta_sensor_async.py for tasks to queue
[2026-08-12T04:44:44.509+0000] {logging_mixin.py:190} INFO - [2026-08-12T04:44:44.509+0000] {dagbag.py:587} INFO - Filling up the DagBag from /home/airflow/.local/lib/python3.12/site-packages/airflow/example_dags/example_time_delta_sensor_async.py
[2026-08-12T04:44:44.517+0000] {processor.py:925} INFO - DAG(s) 'example_time_delta_sensor_async' retrieved from /home/airflow/.local/lib/python3.12/site-packages/airflow/example_dags/example_time_delta_sensor_async.py
[2026-08-12T04:44:44.537+0000] {logging_mixin.py:190} INFO - [2026-08-12T04:44:44.537+0000] {dag.py:3211} INFO - Sync 1 DAGs
[2026-08-12T04:44:44.550+0000] {logging_mixin.py:190} INFO - [2026-08-12T04:44:44.550+0000] {dag.py:4138} INFO - Setting next_dagrun for example_time_delta_sensor_async to None, run_after=None
[2026-08-12T04:44:44.567+0000] {processor.py:208} INFO - Processing /home/airflow/.local/lib/python3.12/site-packages/airflow/example_dags/example_time_delta_sensor_async.py took 0.069 seconds
[2026-08-12T04:45:14.903+0000] {processor.py:186} INFO - Started process (PID=1573) to work on /home/airflow/.local/lib/python3.12/site-packages/airflow/example_dags/example_time_delta_sensor_async.py
[2026-08-12T04:45:14.905+0000] {processor.py:914} INFO - Processing file /home/airflow/.local/lib/python3.12/site-packages/airflow/example_dags/example_time_delta_sensor_async.py for tasks to queue
[2026-08-12T04:45:14.908+0000] {logging_mixin.py:190} INFO - [2026-08-12T04:45:14.907+0000] {dagbag.py:587} INFO - Filling up the DagBag from /home/airflow/.local/lib/python3.12/site-packages/airflow/example_dags/example_time_delta_sensor_async.py
[2026-08-12T04:45:14.915+0000] {processor.py:925} INFO - DAG(s) 'example_time_delta_sensor_async' retrieved from /home/airflow/.local/lib/python3.12/site-packages/airflow/example_dags/example_time_delta_sensor_async.py
[2026-08-12T04:45:14.947+0000] {logging_mixin.py:190} INFO - [2026-08-12T04:45:14.946+0000] {dag.py:3211} INFO - Sync 1 DAGs
[2026-08-12T04:45:14.974+0000] {logging_mixin.py:190} INFO - [2026-08-12T04:45:14.973+0000] {dag.py:4138} INFO - Setting next_dagrun for example_time_delta_sensor_async to None, run_after=None
[2026-08-12T04:45:14.996+0000] {processor.py:208} INFO - Processing /home/airflow/.local/lib/python3.12/site-packages/airflow/example_dags/example_time_delta_sensor_async.py took 0.100 seconds
[2026-08-12T04:45:45.390+0000] {processor.py:186} INFO - Started process (PID=1635) to work on /home/airflow/.local/lib/python3.12/site-packages/airflow/example_dags/example_time_delta_sensor_async.py
[2026-08-12T04:45:45.391+0000] {processor.py:914} INFO - Processing file /home/airflow/.local/lib/python3.12/site-packages/airflow/example_dags/example_time_delta_sensor_async.py for tasks to queue
[2026-08-12T04:45:45.394+0000] {logging_mixin.py:190} INFO - [2026-08-12T04:45:45.394+0000] {dagbag.py:587} INFO - Filling up the DagBag from /home/airflow/.local/lib/python3.12/site-packages/airflow/example_dags/example_time_delta_sensor_async.py
[2026-08-12T04:45:45.401+0000] {processor.py:925} INFO - DAG(s) 'example_time_delta_sensor_async' retrieved from /home/airflow/.local/lib/python3.12/site-packages/airflow/example_dags/example_time_delta_sensor_async.py
[2026-08-12T04:45:45.420+0000] {logging_mixin.py:190} INFO - [2026-08-12T04:45:45.420+0000] {dag.py:3211} INFO - Sync 1 DAGs
[2026-08-12T04:45:45.433+0000] {logging_mixin.py:190} INFO - [2026-08-12T04:45:45.433+0000] {dag.py:4138} INFO - Setting next_dagrun for example_time_delta_sensor_async to None, run_after=None
[2026-08-12T04:45:45.453+0000] {processor.py:208} INFO - Processing /home/airflow/.local/lib/python3.12/site-packages/airflow/example_dags/example_time_delta_sensor_async.py took 0.068 seconds
[2026-08-12T04:46:16.068+0000] {processor.py:186} INFO - Started process (PID=1697) to work on /home/airflow/.local/lib/python3.12/site-packages/airflow/example_dags/example_time_delta_sensor_async.py
[2026-08-12T04:46:16.070+0000] {processor.py:914} INFO - Processing file /home/airflow/.local/lib/python3.12/site-packages/airflow/example_dags/example_time_delta_sensor_async.py for tasks to queue
[2026-08-12T04:46:16.073+0000] {logging_mixin.py:190} INFO - [2026-08-12T04:46:16.073+0000] {dagbag.py:587} INFO - Filling up the DagBag from /home/airflow/.local/lib/python3.12/site-packages/airflow/example_dags/example_time_delta_sensor_async.py
[2026-08-12T04:46:16.081+0000] {processor.py:925} INFO - DAG(s) 'example_time_delta_sensor_async' retrieved from /home/airflow/.local/lib/python3.12/site-packages/airflow/example_dags/example_time_delta_sensor_async.py
[2026-08-12T04:46:16.109+0000] {logging_mixin.py:190} INFO - [2026-08-12T04:46:16.109+0000] {dag.py:3211} INFO - Sync 1 DAGs
[2026-08-12T04:46:16.126+0000] {logging_mixin.py:190} INFO - [2026-08-12T04:46:16.125+0000] {dag.py:4138} INFO - Setting next_dagrun for example_time_delta_sensor_async to None, run_after=None
[2026-08-12T04:46:16.145+0000] {processor.py:208} INFO - Processing /home/airflow/.local/lib/python3.12/site-packages/airflow/example_dags/example_time_delta_sensor_async.py took 0.083 seconds
[2026-08-12T04:46:46.626+0000] {processor.py:186} INFO - Started process (PID=1759) to work on /home/airflow/.local/lib/python3.12/site-packages/airflow/example_dags/example_time_delta_sensor_async.py
[2026-08-12T04:46:46.628+0000] {processor.py:914} INFO - Processing file /home/airflow/.local/lib/python3.12/site-packages/airflow/example_dags/example_time_delta_sensor_async.py for tasks to queue
[2026-08-12T04:46:46.631+0000] {logging_mixin.py:190} INFO - [2026-08-12T04:46:46.630+0000] {dagbag.py:587} INFO - Filling up the DagBag from /home/airflow/.local/lib/python3.12/site-packages/airflow/example_dags/example_time_delta_sensor_async.py
[2026-08-12T04:46:46.637+0000] {processor.py:925} INFO - DAG(s) 'example_time_delta_sensor_async' retrieved from /home/airflow/.local/lib/python3.12/site-packages/airflow/example_dags/example_time_delta_sensor_async.py
[2026-08-12T04:46:46.655+0000] {logging_mixin.py:190} INFO - [2026-08-12T04:46:46.655+0000] {dag.py:3211} INFO - Sync 1 DAGs
[2026-08-12T04:46:46.669+0000] {logging_mixin.py:190} INFO - [2026-08-12T04:46:46.669+0000] {dag.py:4138} INFO - Setting next_dagrun for example_time_delta_sensor_async to None, run_after=None
[2026-08-12T04:46:46.687+0000] {processor.py:208} INFO - Processing /home/airflow/.local/lib/python3.12/site-packages/airflow/example_dags/example_time_delta_sensor_async.py took 0.066 seconds
[2026-08-12T04:47:17.187+0000] {processor.py:186} INFO - Started process (PID=1821) to work on /home/airflow/.local/lib/python3.12/site-packages/airflow/example_dags/example_time_delta_sensor_async.py
[2026-08-12T04:47:17.188+0000] {processor.py:914} INFO - Processing file /home/airflow/.local/lib/python3.12/site-packages/airflow/example_dags/example_time_delta_sensor_async.py for tasks to queue
[2026-08-12T04:47:17.191+0000] {logging_mixin.py:190} INFO - [2026-08-12T04:47:17.191+0000] {dagbag.py:587} INFO - Filling up the DagBag from /home/airflow/.local/lib/python3.12/site-packages/airflow/example_dags/example_time_delta_sensor_async.py
[2026-08-12T04:47:17.198+0000] {processor.py:925} INFO - DAG(s) 'example_time_delta_sensor_async' retrieved from /home/airflow/.local/lib/python3.12/site-packages/airflow/example_dags/example_time_delta_sensor_async.py
[2026-08-12T04:47:17.218+0000] {logging_mixin.py:190} INFO - [2026-08-12T04:47:17.218+0000] {dag.py:3211} INFO - Sync 1 DAGs
[2026-08-12T04:47:17.235+0000] {logging_mixin.py:190} INFO - [2026-08-12T04:47:17.234+0000] {dag.py:4138} INFO - Setting next_dagrun for example_time_delta_sensor_async to None, run_after=None
[2026-08-12T04:47:17.314+0000] {processor.py:208} INFO - Processing /home/airflow/.local/lib/python3.12/site-packages/airflow/example_dags/example_time_delta_sensor_async.py took 0.133 seconds
[2026-08-12T04:47:48.192+0000] {processor.py:186} INFO - Started process (PID=1883) to work on /home/airflow/.local/lib/python3.12/site-packages/airflow/example_dags/example_time_delta_sensor_async.py
[2026-08-12T04:47:48.194+0000] {processor.py:914} INFO - Processing file /home/airflow/.local/lib/python3.12/site-packages/airflow/example_dags/example_time_delta_sensor_async.py for tasks to queue
[2026-08-12T04:47:48.197+0000] {logging_mixin.py:190} INFO - [2026-08-12T04:47:48.197+0000] {dagbag.py:587} INFO - Filling up the DagBag from /home/airflow/.local/lib/python3.12/site-packages/airflow/example_dags/example_time_delta_sensor_async.py
[2026-08-12T04:47:48.205+0000] {processor.py:925} INFO - DAG(s) 'example_time_delta_sensor_async' retrieved from /home/airflow/.local/lib/python3.12/site-packages/airflow/example_dags/example_time_delta_sensor_async.py
[2026-08-12T04:47:48.228+0000] {logging_mixin.py:190} INFO - [2026-08-12T04:47:48.228+0000] {dag.py:3211} INFO - Sync 1 DAGs
[2026-08-12T04:47:48.244+0000] {logging_mixin.py:190} INFO - [2026-08-12T04:47:48.244+0000] {dag.py:4138} INFO - Setting next_dagrun for example_time_delta_sensor_async to None, run_after=None
[2026-08-12T04:47:48.263+0000] {processor.py:208} INFO - Processing /home/airflow/.local/lib/python3.12/site-packages/airflow/example_dags/example_time_delta_sensor_async.py took 0.077 seconds
[2026-08-12T04:48:18.425+0000] {processor.py:186} INFO - Started process (PID=1946) to work on /home/airflow/.local/lib/python3.12/site-packages/airflow/example_dags/example_time_delta_sensor_async.py
[2026-08-12T04:48:18.427+0000] {processor.py:914} INFO - Processing file /home/airflow/.local/lib/python3.12/site-packages/airflow/example_dags/example_time_delta_sensor_async.py for tasks to queue
[2026-08-12T04:48:18.432+0000] {logging_mixin.py:190} INFO - [2026-08-12T04:48:18.431+0000] {dagbag.py:587} INFO - Filling up the DagBag from /home/airflow/.local/lib/python3.12/site-packages/airflow/example_dags/example_time_delta_sensor_async.py
[2026-08-12T04:48:18.443+0000] {processor.py:925} INFO - DAG(s) 'example_time_delta_sensor_async' retrieved from /home/airflow/.local/lib/python3.12/site-packages/airflow/example_dags/example_time_delta_sensor_async.py
[2026-08-12T04:48:18.473+0000] {logging_mixin.py:190} INFO - [2026-08-12T04:48:18.473+0000] {dag.py:3211} INFO - Sync 1 DAGs
[2026-08-12T04:48:18.496+0000] {logging_mixin.py:190} INFO - [2026-08-12T04:48:18.495+0000] {dag.py:4138} INFO - Setting next_dagrun for example_time_delta_sensor_async to None, run_after=None
[2026-08-12T04:48:18.524+0000] {processor.py:208} INFO - Processing /home/airflow/.local/lib/python3.12/site-packages/airflow/example_dags/example_time_delta_sensor_async.py took 0.110 seconds
